# filtered by seat W2: 7086 lines in full, 526 kept (dropped: per-declaration axiom receipts, every one at or below [propext, Quot.sound] (checked before dropping); the command, every error and the exit line are kept)
$ cd /Users/pooks/Dev/lean4-effect4-seat-W2
$ python3 scripts/generate.py --only derived
# started 2026-10-01T23:15:35Z (LEAN_NUM_THREADS=1)
+ lake env lean -DwarningAsError=true -M4096 --run tools/Effect4Gen/Driver.lean --commands
+ lake build Tools.GeneratedStamp
Build completed successfully (2 jobs).
+ lake build Effect4.Store.Domain.Canonical
Build completed successfully (28 jobs).
+ lake env lean -DwarningAsError=true -M 4096 --run tools/Effect4Gen/Main.lean --group Json --imports Effect4.Store.Domain.Canonical --out /var/folders/_2/d22zd5lj2_v9xrps05xl2sr80000gn/T/effect4-generate-k0j8q43a/src/Effect4/Store/Domain/Derived/Json.lean --append tools/Effect4Gen/guards/json.lean Effect4.Float64 Effect4.Json --header-out src/Effect4/Store/Domain/Derived/Json.lean
+ lake build Effect4.Store.Domain.Derived.Json
ℹ [29/29] Replayed Effect4.Store.Domain.Derived.Json
Build completed successfully (29 jobs).
+ lake build Tools.GeneratedStamp
Build completed successfully (2 jobs).
+ lake build Effect4.Store.Domain.Derived.Json
ℹ [29/29] Replayed Effect4.Store.Domain.Derived.Json
Build completed successfully (29 jobs).
+ lake env lean -DwarningAsError=true -M 4096 --run tools/Effect4Gen/Main.lean --group Schema --imports Effect4.Store.Domain.Derived.Json --out /var/folders/_2/d22zd5lj2_v9xrps05xl2sr80000gn/T/effect4-generate-k0j8q43a/src/Effect4/Store/Domain/Derived/Schema.lean --append tools/Effect4Gen/guards/schema.lean Effect4.ReferenceKey Effect4.GlobalSymbolKey Effect4.AnnotationEntry Effect4.LiteralValue Effect4.EnumValue Effect4.EnumEntry Effect4.PropertyKey Effect4.RepresentationAnnotation Effect4.UnionMode Effect4.Representation Effect4.ReferenceEntry Effect4.Document Effect4.MultiDocument --header-out src/Effect4/Store/Domain/Derived/Schema.lean
+ lake build Effect4.Store.Domain.Derived.Schema
ℹ [29/30] Replayed Effect4.Store.Domain.Derived.Json
ℹ [30/30] Replayed Effect4.Store.Domain.Derived.Schema
Build completed successfully (30 jobs).
+ lake build Tools.GeneratedStamp
Build completed successfully (2 jobs).
+ lake build Effect4.Program.Native
ℹ [18/41] Replayed Effect4.Program.AtomInventory
ℹ [25/41] Replayed Effect4.Program.NodeLenses
ℹ [26/41] Replayed Effect4.Program.Fold
Build completed successfully (41 jobs).
+ lake build Effect4.Store.Domain.Canonical
Build completed successfully (28 jobs).
+ lake build Effect4.Store.Domain.RowCanonical
Build completed successfully (31 jobs).
+ lake env lean -DwarningAsError=true -M 4096 --run tools/Effect4Gen/Main.lean --group Program --imports Effect4.Program.Native,Effect4.Store.Domain.Canonical,Effect4.Store.Domain.RowCanonical --out /var/folders/_2/d22zd5lj2_v9xrps05xl2sr80000gn/T/effect4-generate-k0j8q43a/src/Effect4/Store/Domain/Derived/Program.lean --append tools/Effect4Gen/guards/program.lean Effect4.Program.Lit Effect4.Machine.FnName Effect4.FinalizerStrategy Effect4.Supervision.MaskMode Effect4.Supervision.ObserverMode Effect4.Program.Decision Effect4.Program.NativeOp Effect4.Supervision.ForkOptions Effect4.Program.Term Effect4.Program.CauseTerm Effect4.ServiceName Effect4.ServiceTypeCode Effect4.ServiceKey Effect4.Program.Ty Effect4.Program.Eff@Effect4.Program.NativeOp Effect4.Program.RowKind Effect4.Program.RowShape Effect4.Program.Registration Effect4.Program.Row Effect4.Program.EffTy --header-out src/Effect4/Store/Domain/Derived/Program.lean
+ lake build Effect4.Store.Domain.Derived.Program
ℹ [18/66] Replayed Effect4.Program.AtomInventory
ℹ [25/66] Replayed Effect4.Program.NodeLenses
ℹ [26/66] Replayed Effect4.Program.Fold
ℹ [66/66] Replayed Effect4.Store.Domain.Derived.Program
Build completed successfully (66 jobs).
+ lake build Tools.GeneratedStamp
Build completed successfully (2 jobs).
+ lake build Effect4.Store.Domain.Pin
Build completed successfully (16 jobs).
+ lake build Effect4.Store.Domain.Node
Build completed successfully (29 jobs).
+ lake env lean -DwarningAsError=true -M 4096 --run tools/Effect4Gen/Main.lean --group Pin --imports Effect4.Store.Domain.Pin,Effect4.Store.Domain.Node --out /var/folders/_2/d22zd5lj2_v9xrps05xl2sr80000gn/T/effect4-generate-k0j8q43a/src/Effect4/Store/Domain/PinDerived.lean --append tools/Effect4Gen/guards/pin.lean --kind Effect4.Store.Pin=source --kind Effect4.Store.Tree=tree Effect4.Store.PinRole Effect4.Store.Pin Effect4.Store.Tree --header-out src/Effect4/Store/Domain/PinDerived.lean
+ lake build Effect4.Store.Domain.PinDerived
ℹ [31/31] Replayed Effect4.Store.Domain.PinDerived
Build completed successfully (31 jobs).
+ lake build Tools.GeneratedStamp
Build completed successfully (2 jobs).
+ lake build Effect4.Api.Frontier
ℹ [18/45] Replayed Effect4.Program.AtomInventory
ℹ [25/45] Replayed Effect4.Program.NodeLenses
ℹ [26/45] Replayed Effect4.Program.Fold
Build completed successfully (45 jobs).
+ lake build Effect4.Store.Domain.Canonical
Build completed successfully (28 jobs).
+ lake build Effect4.Store.Domain.Clock
Build completed successfully (31 jobs).
+ lake env lean -DwarningAsError=true -M 4096 --run tools/Effect4Gen/Main.lean --group Api --imports Effect4.Api.Frontier,Effect4.Store.Domain.Canonical,Effect4.Store.Domain.Clock --out /var/folders/_2/d22zd5lj2_v9xrps05xl2sr80000gn/T/effect4-generate-k0j8q43a/src/Effect4/Api/Derived.lean --append tools/Effect4Gen/guards/api.lean Effect4.FiberId Effect4.Api.HostProtocol.Key Effect4.Machine.Exhaustion Effect4.Api.FrontierReason --header-out src/Effect4/Api/Derived.lean
+ lake build Effect4.Api.Derived
ℹ [18/70] Replayed Effect4.Program.AtomInventory
ℹ [25/70] Replayed Effect4.Program.NodeLenses
ℹ [26/70] Replayed Effect4.Program.Fold
ℹ [70/70] Replayed Effect4.Api.Derived
Build completed successfully (70 jobs).
+ lake build Tools.GeneratedStamp
Build completed successfully (2 jobs).
+ lake build Effect4.Store.Domain.Canonical
Build completed successfully (28 jobs).
+ lake env lean -DwarningAsError=true -M 4096 --run tools/Effect4Gen/Main.lean --group Value --imports Effect4.Store.Domain.Canonical --out /var/folders/_2/d22zd5lj2_v9xrps05xl2sr80000gn/T/effect4-generate-k0j8q43a/src/Effect4/Store/Domain/Derived/Value.lean --append tools/Effect4Gen/guards/value.lean Effect4.Store.Val Effect4.Store.Kind Effect4.Store.Shape Effect4.Store.ShapeDoc --header-out src/Effect4/Store/Domain/Derived/Value.lean
+ lake build Effect4.Store.Domain.Derived.Value
ℹ [29/29] Replayed Effect4.Store.Domain.Derived.Value
Build completed successfully (29 jobs).
+ lake build Tools.GeneratedStamp
Build completed successfully (2 jobs).
+ lake build Effect4.Api
ℹ [18/111] Replayed Effect4.Program.AtomInventory
ℹ [25/111] Replayed Effect4.Program.NodeLenses
ℹ [26/111] Replayed Effect4.Program.Fold
ℹ [76/111] Replayed Effect4.Api.Derived
ℹ [81/111] Replayed Effect4.Store.Domain.Derived.Program
ℹ [103/111] Replayed Effect4.Schema.Fold
Build completed successfully (111 jobs).
+ lake build Effect4.Api.HostSession
ℹ [18/113] Replayed Effect4.Program.AtomInventory
ℹ [25/113] Replayed Effect4.Program.NodeLenses
ℹ [26/113] Replayed Effect4.Program.Fold
ℹ [76/113] Replayed Effect4.Api.Derived
ℹ [81/113] Replayed Effect4.Store.Domain.Derived.Program
ℹ [103/113] Replayed Effect4.Schema.Fold
Build completed successfully (113 jobs).
+ lake build Effect4.Store.Domain.Derived.Program
ℹ [18/66] Replayed Effect4.Program.AtomInventory
ℹ [25/66] Replayed Effect4.Program.NodeLenses
ℹ [26/66] Replayed Effect4.Program.Fold
ℹ [66/66] Replayed Effect4.Store.Domain.Derived.Program
Build completed successfully (66 jobs).
+ lake env lean -DwarningAsError=true -M 4096 --run tools/Effect4Gen/Main.lean --group Refusals --imports Effect4.Api,Effect4.Api.HostSession,Effect4.Store.Domain.Derived.Program --out /var/folders/_2/d22zd5lj2_v9xrps05xl2sr80000gn/T/effect4-generate-k0j8q43a/src/Effect4/Api/RefusalsDerived.lean --append tools/Effect4Gen/guards/refusals.lean Effect4.Program.TableRefusal Effect4.Program.AdmitRefusal Effect4.Program.Authoring.Reason Effect4.Program.Authoring.Refusal Effect4.Program.TypeReason Effect4.Program.TypeRefusal Effect4.Api.AuthorRefusal Effect4.Program.PrintRefusal Effect4.Program.ReadRefusal --header-out src/Effect4/Api/RefusalsDerived.lean
+ lake build Effect4.Api.RefusalsDerived
ℹ [18/114] Replayed Effect4.Program.AtomInventory
ℹ [25/114] Replayed Effect4.Program.NodeLenses
ℹ [26/114] Replayed Effect4.Program.Fold
ℹ [76/114] Replayed Effect4.Api.Derived
ℹ [81/114] Replayed Effect4.Store.Domain.Derived.Program
ℹ [103/114] Replayed Effect4.Schema.Fold
ℹ [114/114] Replayed Effect4.Api.RefusalsDerived
Build completed successfully (114 jobs).
+ lake build Tools.GeneratedStamp
Build completed successfully (2 jobs).
+ lake build Effect4.Api.Runner
ℹ [18/114] Replayed Effect4.Program.AtomInventory
ℹ [25/114] Replayed Effect4.Program.NodeLenses
ℹ [26/114] Replayed Effect4.Program.Fold
ℹ [76/114] Replayed Effect4.Api.Derived
ℹ [81/114] Replayed Effect4.Store.Domain.Derived.Program
ℹ [103/114] Replayed Effect4.Schema.Fold
Build completed successfully (114 jobs).
+ lake build Effect4.Store.Domain.Derived.Value
ℹ [29/29] Replayed Effect4.Store.Domain.Derived.Value
Build completed successfully (29 jobs).
+ lake build Effect4.Store.Domain.AnnotationsCanonical
Build completed successfully (33 jobs).
+ lake build Effect4.Store.Domain.Clock
Build completed successfully (31 jobs).
+ lake build Effect4.Store.Domain.Derived.Program
ℹ [18/66] Replayed Effect4.Program.AtomInventory
ℹ [25/66] Replayed Effect4.Program.NodeLenses
ℹ [26/66] Replayed Effect4.Program.Fold
ℹ [66/66] Replayed Effect4.Store.Domain.Derived.Program
Build completed successfully (66 jobs).
+ lake build Effect4.Api.Derived
ℹ [18/70] Replayed Effect4.Program.AtomInventory
ℹ [25/70] Replayed Effect4.Program.NodeLenses
ℹ [26/70] Replayed Effect4.Program.Fold
ℹ [70/70] Replayed Effect4.Api.Derived
Build completed successfully (70 jobs).
+ lake build Effect4.Api.RefusalsDerived
ℹ [18/114] Replayed Effect4.Program.AtomInventory
ℹ [25/114] Replayed Effect4.Program.NodeLenses
ℹ [26/114] Replayed Effect4.Program.Fold
ℹ [76/114] Replayed Effect4.Api.Derived
ℹ [81/114] Replayed Effect4.Store.Domain.Derived.Program
ℹ [103/114] Replayed Effect4.Schema.Fold
ℹ [114/114] Replayed Effect4.Api.RefusalsDerived
Build completed successfully (114 jobs).
+ lake build Effect4.Run
ℹ [18/118] Replayed Effect4.Program.AtomInventory
ℹ [25/118] Replayed Effect4.Program.NodeLenses
ℹ [26/118] Replayed Effect4.Program.Fold
ℹ [76/118] Replayed Effect4.Api.Derived
ℹ [81/118] Replayed Effect4.Store.Domain.Derived.Program
ℹ [103/118] Replayed Effect4.Schema.Fold
Build completed successfully (118 jobs).
+ lake env lean -DwarningAsError=true -M 4096 --run tools/Effect4Gen/Main.lean --group Runner --imports Effect4.Api.Runner,Effect4.Store.Domain.Derived.Value,Effect4.Store.Domain.AnnotationsCanonical,Effect4.Store.Domain.Clock,Effect4.Store.Domain.Derived.Program,Effect4.Api.Derived,Effect4.Api.RefusalsDerived,Effect4.Run --out /var/folders/_2/d22zd5lj2_v9xrps05xl2sr80000gn/T/effect4-generate-k0j8q43a/src/Effect4/Api/RunnerDerived.lean --append tools/Effect4Gen/guards/runner.lean Effect4.Machine.RefKey Effect4.Machine.Err Effect4.Machine.Defect Effect4.Reason@Effect4.Machine.Err@Effect4.Machine.Defect@Effect4.FiberId@Unit Effect4.Cause@Effect4.Machine.Err@Effect4.Machine.Defect@Effect4.FiberId@Unit Effect4.Exit@Effect4.Store.Val@Effect4.Machine.Err@Effect4.Machine.Defect@Effect4.FiberId@Unit Effect4.Machine.Completion@Effect4.Store.Val@Effect4.Machine.Err@Effect4.Machine.Defect@Effect4.FiberId@Unit Effect4.Machine.RunDecision@Effect4.Program.EffName@Effect4.Program.EffThunk@Effect4.Store.Val@Effect4.Machine.Err@Effect4.Machine.Defect@Effect4.FiberId@Unit Effect4.Api.HostSession.Header Effect4.Api.HostSession.Call Effect4.Api.HostSession.Reply Effect4.Api.HostSession.Refusal Effect4.Api.HostSession.Phase Effect4.Api.Runner.Command Effect4.Api.HostProtocol.State Effect4.Machine.Stuck Effect4.Api.Outcome Effect4.Program.Await Effect4.Api.FiberStatus Effect4.Run.Observation --header-out src/Effect4/Api/RunnerDerived.lean
+ lake build Effect4.Api.RunnerDerived
ℹ [18/122] Replayed Effect4.Program.AtomInventory
ℹ [25/122] Replayed Effect4.Program.NodeLenses
ℹ [26/122] Replayed Effect4.Program.Fold
ℹ [76/122] Replayed Effect4.Api.Derived
ℹ [81/122] Replayed Effect4.Store.Domain.Derived.Program
ℹ [103/122] Replayed Effect4.Schema.Fold
ℹ [115/122] Replayed Effect4.Store.Domain.Derived.Value
ℹ [117/122] Replayed Effect4.Api.RefusalsDerived
ℹ [122/122] Replayed Effect4.Api.RunnerDerived
Build completed successfully (122 jobs).
+ lake build Tools.GeneratedStamp
Build completed successfully (2 jobs).
+ lake build Effect4.Program.Eff
Build completed successfully (20 jobs).
+ lake build Effect4.Program.Ty
Build completed successfully (4 jobs).
+ lake env lean -DwarningAsError=true -M 4096 --run tools/Effect4Gen/Fold.lean --group Fold --imports Effect4.Program.Eff,Effect4.Program.Ty --out /var/folders/_2/d22zd5lj2_v9xrps05xl2sr80000gn/T/effect4-generate-k0j8q43a/src/Effect4/Program/Fold.lean --append tools/Effect4Gen/guards/fold.lean Effect4.Program.Ty Effect4.Program.Term Effect4.Program.CauseTerm Effect4.Program.Eff --header-out src/Effect4/Program/Fold.lean
+ lake build Effect4.Program.Fold
ℹ [21/21] Replayed Effect4.Program.Fold
Build completed successfully (21 jobs).
+ lake build Tools.GeneratedStamp
Build completed successfully (2 jobs).
+ lake build Effect4.Laws.Program.Folds.Ty
ℹ [22/58] Replayed Effect4.Program.Fold
ℹ [23/58] Replayed Effect4.Program.AtomInventory
ℹ [27/58] Replayed Effect4.Program.NodeLenses
ℹ [58/58] Replayed Effect4.Laws.Program.Folds.Ty
info: src/Effect4/Laws/Program/Folds/Ty.lean:23:0: fold_of: Effect4.Program.Ty.renderRaw.eq_cata : ∀ (a : Ty), a.renderRaw = cata_ty Ty.renderRaw.alg a
info: src/Effect4/Laws/Program/Folds/Ty.lean:23:0: fold_of: Effect4.Program.Ty.renderRaw.alg : TyAlgebra fun fam => TyFam.rec String fam
info: src/Effect4/Laws/Program/Folds/Ty.lean:24:0: fold_of: Effect4.Program.Ty.members.eq_cata : ∀ (a : Ty), a.members = (cata_ty Ty.members.alg a).snd
info: src/Effect4/Laws/Program/Folds/Ty.lean:24:0: fold_of (paramorphism: the carrier pairs the value): Effect4.Program.Ty.members.alg : TyAlgebra fun fam =>
  TyFam.rec (Ty × List Ty) fam
info: src/Effect4/Laws/Program/Folds/Ty.lean:25:0: fold_of: Effect4.Program.Ty.key.eq_cata : ∀ (a : Ty), a.key = cata_ty Ty.key.alg a
info: src/Effect4/Laws/Program/Folds/Ty.lean:25:0: fold_of: Effect4.Program.Ty.key.alg : TyAlgebra fun fam => TyFam.rec (List Nat) fam
info: src/Effect4/Laws/Program/Folds/Ty.lean:26:0: fold_of: Effect4.Program.Ty.isNever.eq_cata : ∀ (a : Ty), a.isNever = cata_ty Ty.isNever.alg a
info: src/Effect4/Laws/Program/Folds/Ty.lean:26:0: fold_of: Effect4.Program.Ty.isNever.alg : TyAlgebra fun fam => TyFam.rec Bool fam
info: src/Effect4/Laws/Program/Folds/Ty.lean:27:0: fold_of: Effect4.Program.Ty.isMember.eq_cata : ∀ (a : Ty), a.isMember = cata_ty Ty.isMember.alg a
info: src/Effect4/Laws/Program/Folds/Ty.lean:27:0: fold_of: Effect4.Program.Ty.isMember.alg : TyAlgebra fun fam => TyFam.rec Bool fam
info: src/Effect4/Laws/Program/Folds/Ty.lean:28:0: fold_of: Effect4.Program.Ty.normalize.eq_cata : ∀ (a : Ty), a.normalize = cata_ty Ty.normalize.alg a
info: src/Effect4/Laws/Program/Folds/Ty.lean:28:0: fold_of: Effect4.Program.Ty.normalize.alg : TyAlgebra fun fam => TyFam.rec Ty fam
info: src/Effect4/Laws/Program/Folds/Ty.lean:29:0: fold_of: Effect4.Program.isTagTy.eq_cata : ∀ (a : Ty), isTagTy a = cata_ty isTagTy.alg a
info: src/Effect4/Laws/Program/Folds/Ty.lean:29:0: fold_of: Effect4.Program.isTagTy.alg : TyAlgebra fun fam => TyFam.rec Bool fam
info: src/Effect4/Laws/Program/Folds/Ty.lean:30:0: fold_of: Effect4.Program.rawSupportedErrTy.eq_cata : ∀ (a : Ty),
  rawSupportedErrTy a = (cata_ty rawSupportedErrTy.alg a).snd
info: src/Effect4/Laws/Program/Folds/Ty.lean:30:0: fold_of (paramorphism: the carrier pairs the value): Effect4.Program.rawSupportedErrTy.alg : TyAlgebra fun fam =>
  TyFam.rec (Ty × Bool) fam
info: src/Effect4/Laws/Program/Folds/Ty.lean:31:0: fold_of: Effect4.Program.NativeAtom.projectProduct.eq_cata : ∀ (second : Bool) (a : Ty),
  NativeAtom.projectProduct second a = (cata_ty (NativeAtom.projectProduct.alg second) a).snd
info: src/Effect4/Laws/Program/Folds/Ty.lean:31:0: fold_of (paramorphism: the carrier pairs the value): Effect4.Program.NativeAtom.projectProduct.alg : Bool →
  TyAlgebra fun fam => TyFam.rec (Ty × Option Ty) fam
info: src/Effect4/Laws/Program/Folds/Ty.lean:32:0: fold_of: Effect4.Program.findInt.eq_cata : ∀ (pos : Path) (a : Ty), findInt pos a = cata_ty findInt.alg a pos
info: src/Effect4/Laws/Program/Folds/Ty.lean:32:0: fold_of: Effect4.Program.findInt.alg : TyAlgebra fun fam => TyFam.rec (Path → Option Path) fam
info: src/Effect4/Laws/Program/Folds/Ty.lean:33:0: fold_of: Effect4.Program.Val.hasTy.eq_cata : ∀ (v : Machine.Val) (ty : Ty) (allocated : optParam (List String) []),
  Val.hasTy v ty allocated = (cata_ty Val.hasTy.alg ty).snd v allocated
info: src/Effect4/Laws/Program/Folds/Ty.lean:33:0: fold_of (paramorphism: the carrier pairs the value): Effect4.Program.Val.hasTy.alg : TyAlgebra fun fam =>
  TyFam.rec (Ty × (Machine.Val → List String → Bool)) fam
info: src/Effect4/Laws/Program/Folds/Ty.lean:34:0: fold_of: Effect4.Schema.Bridge.schema.eq_cata : ∀ (a : Ty), Schema.Bridge.schema a = cata_ty Schema.Bridge.schema.alg a
info: src/Effect4/Laws/Program/Folds/Ty.lean:34:0: fold_of: Effect4.Schema.Bridge.schema.alg : TyAlgebra fun fam => TyFam.rec Representation fam
info: src/Effect4/Laws/Program/Folds/Ty.lean:35:0: fold_of: Effect4.Schema.Codec.layout.eq_cata : ∀ (a : Ty),
  Schema.Codec.layout a = (cata_ty Schema.Codec.layout.alg a).snd
info: src/Effect4/Laws/Program/Folds/Ty.lean:35:0: fold_of (paramorphism: the carrier pairs the value): Effect4.Schema.Codec.layout.alg : TyAlgebra fun fam =>
  TyFam.rec (Ty × Ty) fam
info: src/Effect4/Laws/Program/Folds/Ty.lean:36:0: fold_of: Effect4.Schema.Codec.isSupported.eq_cata : ∀ (a : Ty),
  Schema.Codec.isSupported a = cata_ty Schema.Codec.isSupported.alg a
info: src/Effect4/Laws/Program/Folds/Ty.lean:36:0: fold_of: Effect4.Schema.Codec.isSupported.alg : TyAlgebra fun fam => TyFam.rec Bool fam
info: src/Effect4/Laws/Program/Folds/Ty.lean:37:0: fold_of: Effect4.Schema.Codec.encodeRaw.eq_cata : ∀ (a : Ty) (a_1 : Machine.Val),
  Schema.Codec.encodeRaw a a_1 = (cata_ty Schema.Codec.encodeRaw.alg a).snd a_1
info: src/Effect4/Laws/Program/Folds/Ty.lean:37:0: fold_of (paramorphism: the carrier pairs the value): Effect4.Schema.Codec.encodeRaw.alg : TyAlgebra fun fam =>
  TyFam.rec (Ty × (Machine.Val → Option Json)) fam
info: src/Effect4/Laws/Program/Folds/Ty.lean:38:0: fold_of: Effect4.Schema.Codec.decodeRaw.eq_cata : ∀ (a : Ty) (a_1 : Json),
  Schema.Codec.decodeRaw a a_1 = (cata_ty Schema.Codec.decodeRaw.alg a).snd a_1
info: src/Effect4/Laws/Program/Folds/Ty.lean:38:0: fold_of (paramorphism: the carrier pairs the value): Effect4.Schema.Codec.decodeRaw.alg : TyAlgebra fun fam =>
  TyFam.rec (Ty × (Json → Option Machine.Val)) fam
Build completed successfully (58 jobs).
+ lake build Effect4.Laws.Auto.RuleSets
Build completed successfully (170 jobs).
+ lake env lean -DwarningAsError=true -M 4096 --run tools/Effect4Gen/View.lean --group TyView --imports Effect4.Laws.Program.Folds.Ty,Effect4.Laws.Auto.RuleSets --out /var/folders/_2/d22zd5lj2_v9xrps05xl2sr80000gn/T/effect4-generate-k0j8q43a/src/Effect4/Laws/Program/TyView.lean --append tools/Effect4Gen/guards/tyview.lean Effect4.Program.Ty --header-out src/Effect4/Laws/Program/TyView.lean
+ lake build Effect4.Laws.Program.TyView
ℹ [21/127] Replayed Effect4.Program.Fold
ℹ [22/127] Replayed Effect4.Program.AtomInventory
ℹ [26/127] Replayed Effect4.Program.NodeLenses
ℹ [57/127] Replayed Effect4.Laws.Program.Folds.Ty
info: src/Effect4/Laws/Program/Folds/Ty.lean:23:0: fold_of: Effect4.Program.Ty.renderRaw.eq_cata : ∀ (a : Ty), a.renderRaw = cata_ty Ty.renderRaw.alg a
info: src/Effect4/Laws/Program/Folds/Ty.lean:23:0: fold_of: Effect4.Program.Ty.renderRaw.alg : TyAlgebra fun fam => TyFam.rec String fam
info: src/Effect4/Laws/Program/Folds/Ty.lean:24:0: fold_of: Effect4.Program.Ty.members.eq_cata : ∀ (a : Ty), a.members = (cata_ty Ty.members.alg a).snd
info: src/Effect4/Laws/Program/Folds/Ty.lean:24:0: fold_of (paramorphism: the carrier pairs the value): Effect4.Program.Ty.members.alg : TyAlgebra fun fam =>
  TyFam.rec (Ty × List Ty) fam
info: src/Effect4/Laws/Program/Folds/Ty.lean:25:0: fold_of: Effect4.Program.Ty.key.eq_cata : ∀ (a : Ty), a.key = cata_ty Ty.key.alg a
info: src/Effect4/Laws/Program/Folds/Ty.lean:25:0: fold_of: Effect4.Program.Ty.key.alg : TyAlgebra fun fam => TyFam.rec (List Nat) fam
info: src/Effect4/Laws/Program/Folds/Ty.lean:26:0: fold_of: Effect4.Program.Ty.isNever.eq_cata : ∀ (a : Ty), a.isNever = cata_ty Ty.isNever.alg a
info: src/Effect4/Laws/Program/Folds/Ty.lean:26:0: fold_of: Effect4.Program.Ty.isNever.alg : TyAlgebra fun fam => TyFam.rec Bool fam
info: src/Effect4/Laws/Program/Folds/Ty.lean:27:0: fold_of: Effect4.Program.Ty.isMember.eq_cata : ∀ (a : Ty), a.isMember = cata_ty Ty.isMember.alg a
info: src/Effect4/Laws/Program/Folds/Ty.lean:27:0: fold_of: Effect4.Program.Ty.isMember.alg : TyAlgebra fun fam => TyFam.rec Bool fam
info: src/Effect4/Laws/Program/Folds/Ty.lean:28:0: fold_of: Effect4.Program.Ty.normalize.eq_cata : ∀ (a : Ty), a.normalize = cata_ty Ty.normalize.alg a
info: src/Effect4/Laws/Program/Folds/Ty.lean:28:0: fold_of: Effect4.Program.Ty.normalize.alg : TyAlgebra fun fam => TyFam.rec Ty fam
info: src/Effect4/Laws/Program/Folds/Ty.lean:29:0: fold_of: Effect4.Program.isTagTy.eq_cata : ∀ (a : Ty), isTagTy a = cata_ty isTagTy.alg a
info: src/Effect4/Laws/Program/Folds/Ty.lean:29:0: fold_of: Effect4.Program.isTagTy.alg : TyAlgebra fun fam => TyFam.rec Bool fam
info: src/Effect4/Laws/Program/Folds/Ty.lean:30:0: fold_of: Effect4.Program.rawSupportedErrTy.eq_cata : ∀ (a : Ty),
  rawSupportedErrTy a = (cata_ty rawSupportedErrTy.alg a).snd
info: src/Effect4/Laws/Program/Folds/Ty.lean:30:0: fold_of (paramorphism: the carrier pairs the value): Effect4.Program.rawSupportedErrTy.alg : TyAlgebra fun fam =>
  TyFam.rec (Ty × Bool) fam
info: src/Effect4/Laws/Program/Folds/Ty.lean:31:0: fold_of: Effect4.Program.NativeAtom.projectProduct.eq_cata : ∀ (second : Bool) (a : Ty),
  NativeAtom.projectProduct second a = (cata_ty (NativeAtom.projectProduct.alg second) a).snd
info: src/Effect4/Laws/Program/Folds/Ty.lean:31:0: fold_of (paramorphism: the carrier pairs the value): Effect4.Program.NativeAtom.projectProduct.alg : Bool →
  TyAlgebra fun fam => TyFam.rec (Ty × Option Ty) fam
info: src/Effect4/Laws/Program/Folds/Ty.lean:32:0: fold_of: Effect4.Program.findInt.eq_cata : ∀ (pos : Path) (a : Ty), findInt pos a = cata_ty findInt.alg a pos
info: src/Effect4/Laws/Program/Folds/Ty.lean:32:0: fold_of: Effect4.Program.findInt.alg : TyAlgebra fun fam => TyFam.rec (Path → Option Path) fam
info: src/Effect4/Laws/Program/Folds/Ty.lean:33:0: fold_of: Effect4.Program.Val.hasTy.eq_cata : ∀ (v : Machine.Val) (ty : Ty) (allocated : optParam (List String) []),
  Val.hasTy v ty allocated = (cata_ty Val.hasTy.alg ty).snd v allocated
info: src/Effect4/Laws/Program/Folds/Ty.lean:33:0: fold_of (paramorphism: the carrier pairs the value): Effect4.Program.Val.hasTy.alg : TyAlgebra fun fam =>
  TyFam.rec (Ty × (Machine.Val → List String → Bool)) fam
info: src/Effect4/Laws/Program/Folds/Ty.lean:34:0: fold_of: Effect4.Schema.Bridge.schema.eq_cata : ∀ (a : Ty), Schema.Bridge.schema a = cata_ty Schema.Bridge.schema.alg a
info: src/Effect4/Laws/Program/Folds/Ty.lean:34:0: fold_of: Effect4.Schema.Bridge.schema.alg : TyAlgebra fun fam => TyFam.rec Representation fam
info: src/Effect4/Laws/Program/Folds/Ty.lean:35:0: fold_of: Effect4.Schema.Codec.layout.eq_cata : ∀ (a : Ty),
  Schema.Codec.layout a = (cata_ty Schema.Codec.layout.alg a).snd
info: src/Effect4/Laws/Program/Folds/Ty.lean:35:0: fold_of (paramorphism: the carrier pairs the value): Effect4.Schema.Codec.layout.alg : TyAlgebra fun fam =>
  TyFam.rec (Ty × Ty) fam
info: src/Effect4/Laws/Program/Folds/Ty.lean:36:0: fold_of: Effect4.Schema.Codec.isSupported.eq_cata : ∀ (a : Ty),
  Schema.Codec.isSupported a = cata_ty Schema.Codec.isSupported.alg a
info: src/Effect4/Laws/Program/Folds/Ty.lean:36:0: fold_of: Effect4.Schema.Codec.isSupported.alg : TyAlgebra fun fam => TyFam.rec Bool fam
info: src/Effect4/Laws/Program/Folds/Ty.lean:37:0: fold_of: Effect4.Schema.Codec.encodeRaw.eq_cata : ∀ (a : Ty) (a_1 : Machine.Val),
  Schema.Codec.encodeRaw a a_1 = (cata_ty Schema.Codec.encodeRaw.alg a).snd a_1
info: src/Effect4/Laws/Program/Folds/Ty.lean:37:0: fold_of (paramorphism: the carrier pairs the value): Effect4.Schema.Codec.encodeRaw.alg : TyAlgebra fun fam =>
  TyFam.rec (Ty × (Machine.Val → Option Json)) fam
info: src/Effect4/Laws/Program/Folds/Ty.lean:38:0: fold_of: Effect4.Schema.Codec.decodeRaw.eq_cata : ∀ (a : Ty) (a_1 : Json),
  Schema.Codec.decodeRaw a a_1 = (cata_ty Schema.Codec.decodeRaw.alg a).snd a_1
info: src/Effect4/Laws/Program/Folds/Ty.lean:38:0: fold_of (paramorphism: the carrier pairs the value): Effect4.Schema.Codec.decodeRaw.alg : TyAlgebra fun fam =>
  TyFam.rec (Ty × (Json → Option Machine.Val)) fam
Build completed successfully (228 jobs).
+ lake build Tools.GeneratedStamp
Build completed successfully (2 jobs).
+ lake build Effect4.Store.Carrier.Val
Build completed successfully (4 jobs).
+ lake env lean -DwarningAsError=true -M 4096 --run tools/Effect4Gen/Fold.lean --group ValFold --imports Effect4.Store.Carrier.Val --out /var/folders/_2/d22zd5lj2_v9xrps05xl2sr80000gn/T/effect4-generate-k0j8q43a/src/Effect4/Store/Carrier/Fold.lean Effect4.Store.Val --header-out src/Effect4/Store/Carrier/Fold.lean
+ lake build Effect4.Store.Carrier.Fold
ℹ [5/5] Replayed Effect4.Store.Carrier.Fold
Build completed successfully (5 jobs).
+ lake build Tools.GeneratedStamp
Build completed successfully (2 jobs).
+ lake build Effect4.Schema.Representation
Build completed successfully (4 jobs).
+ lake env lean -DwarningAsError=true -M 4096 --run tools/Effect4Gen/Fold.lean --group SchemaFold --imports Effect4.Schema.Representation --out /var/folders/_2/d22zd5lj2_v9xrps05xl2sr80000gn/T/effect4-generate-k0j8q43a/src/Effect4/Schema/Fold.lean --append tools/Effect4Gen/guards/schemafold.lean Effect4.Representation --header-out src/Effect4/Schema/Fold.lean
+ lake build Effect4.Schema.Fold
ℹ [5/5] Replayed Effect4.Schema.Fold
Build completed successfully (5 jobs).
+ lake build Tools.GeneratedStamp
Build completed successfully (2 jobs).
+ lake build Effect4.Program.Fold
ℹ [21/21] Replayed Effect4.Program.Fold
Build completed successfully (21 jobs).
+ lake env lean -DwarningAsError=true -M 4096 --run tools/Effect4Gen/LayerView.lean --group LayerView --imports Effect4.Program.Fold --out /var/folders/_2/d22zd5lj2_v9xrps05xl2sr80000gn/T/effect4-generate-k0j8q43a/src/Effect4/Program/LayerView.lean --append tools/Effect4Gen/guards/layerview.lean Effect4.Program.Eff --header-out src/Effect4/Program/LayerView.lean
+ lake build Effect4.Program.LayerView
ℹ [21/22] Replayed Effect4.Program.Fold
Build completed successfully (22 jobs).
+ lake build Tools.GeneratedStamp
Build completed successfully (2 jobs).
+ lake build Effect4.Program.Node
Build completed successfully (21 jobs).
+ lake env lean -DwarningAsError=true -M 4096 --run tools/Effect4Gen/Authoring.lean --group NodeLenses --imports Effect4.Program.Node --out /var/folders/_2/d22zd5lj2_v9xrps05xl2sr80000gn/T/effect4-generate-k0j8q43a/src/Effect4/Program/NodeLenses.lean --append tools/Effect4Gen/guards/nodelenses.lean Effect4.Program.Eff --header-out src/Effect4/Program/NodeLenses.lean
+ lake build Effect4.Program.NodeLenses
ℹ [22/22] Replayed Effect4.Program.NodeLenses
Build completed successfully (22 jobs).
+ lake build Tools.GeneratedStamp
Build completed successfully (2 jobs).
+ lake build Effect4.Program.Refs
ℹ [22/24] Replayed Effect4.Program.NodeLenses
ℹ [23/24] Replayed Effect4.Program.Fold
Build completed successfully (24 jobs).
+ lake env lean -DwarningAsError=true -M 4096 --run tools/Effect4Gen/Authoring.lean --group Binders --imports Effect4.Program.Refs --out /var/folders/_2/d22zd5lj2_v9xrps05xl2sr80000gn/T/effect4-generate-k0j8q43a/src/Effect4/Program/Binders.lean --append tools/Effect4Gen/guards/binders.lean Effect4.Program.Eff --header-out src/Effect4/Program/Binders.lean
+ lake build Effect4.Program.Binders
ℹ [22/25] Replayed Effect4.Program.NodeLenses
ℹ [23/25] Replayed Effect4.Program.Fold
ℹ [25/25] Replayed Effect4.Program.Binders
Build completed successfully (25 jobs).
+ lake build Tools.GeneratedStamp
Build completed successfully (2 jobs).
+ lake build Effect4.Program.Fold
ℹ [21/21] Replayed Effect4.Program.Fold
Build completed successfully (21 jobs).
+ lake build Effect4.Program.Refs
ℹ [22/24] Replayed Effect4.Program.NodeLenses
ℹ [23/24] Replayed Effect4.Program.Fold
Build completed successfully (24 jobs).
+ lake env lean -DwarningAsError=true -M 4096 --run tools/Effect4Gen/Authoring.lean --group Scoped --imports Effect4.Program.Fold,Effect4.Program.Refs --out /var/folders/_2/d22zd5lj2_v9xrps05xl2sr80000gn/T/effect4-generate-k0j8q43a/src/Effect4/Program/Scoped.lean --append tools/Effect4Gen/guards/scoped.lean Effect4.Program.Eff --header-out src/Effect4/Program/Scoped.lean
+ lake build Effect4.Program.Scoped
ℹ [21/25] Replayed Effect4.Program.Fold
ℹ [23/25] Replayed Effect4.Program.NodeLenses
ℹ [25/25] Replayed Effect4.Program.Scoped
Build completed successfully (25 jobs).
+ lake build Tools.GeneratedStamp
Build completed successfully (2 jobs).
+ lake build Effect4.Program.Authoring
ℹ [22/42] Replayed Effect4.Program.NodeLenses
ℹ [23/42] Replayed Effect4.Program.Fold
ℹ [25/42] Replayed Effect4.Program.AtomInventory
Build completed successfully (42 jobs).
+ lake env lean -DwarningAsError=true -M 4096 --run tools/Effect4Gen/Authoring.lean --group Authoring --imports Effect4.Program.Authoring --out /var/folders/_2/d22zd5lj2_v9xrps05xl2sr80000gn/T/effect4-generate-k0j8q43a/src/Effect4/Program/Authoring/Lifts.lean --append tools/Effect4Gen/guards/authoring.lean Effect4.Program.Eff --header-out src/Effect4/Program/Authoring/Lifts.lean
+ lake build Effect4.Program.Authoring.Lifts
ℹ [22/43] Replayed Effect4.Program.NodeLenses
ℹ [23/43] Replayed Effect4.Program.Fold
ℹ [25/43] Replayed Effect4.Program.AtomInventory
ℹ [43/43] Replayed Effect4.Program.Authoring.Lifts
Build completed successfully (43 jobs).
+ lake build Tools.GeneratedStamp
Build completed successfully (2 jobs).
+ lake build Effect4.Program.Authoring.Lifts
ℹ [22/43] Replayed Effect4.Program.NodeLenses
ℹ [23/43] Replayed Effect4.Program.Fold
ℹ [25/43] Replayed Effect4.Program.AtomInventory
ℹ [43/43] Replayed Effect4.Program.Authoring.Lifts
Build completed successfully (43 jobs).
+ lake env lean -DwarningAsError=true -M 4096 --run tools/Effect4Gen/Rows.lean --group Rows --imports Effect4.Program.Authoring.Lifts --out /var/folders/_2/d22zd5lj2_v9xrps05xl2sr80000gn/T/effect4-generate-k0j8q43a/src/Effect4/Program/Authoring/Rows.lean --append tools/Effect4Gen/guards/rows.lean --header-out src/Effect4/Program/Authoring/Rows.lean
+ lake build Effect4.Program.Authoring.Rows
ℹ [22/44] Replayed Effect4.Program.NodeLenses
ℹ [23/44] Replayed Effect4.Program.Fold
ℹ [25/44] Replayed Effect4.Program.AtomInventory
ℹ [43/44] Replayed Effect4.Program.Authoring.Lifts
ℹ [44/44] Replayed Effect4.Program.Authoring.Rows
Build completed successfully (44 jobs).
+ lake build Tools.GeneratedStamp
Build completed successfully (2 jobs).
+ lake build Effect4.Machine.Term
Build completed successfully (14 jobs).
+ lake env lean -DwarningAsError=true -M 4096 --run tools/Effect4Gen/Atoms.lean --group AtomInventory --imports Effect4.Machine.Term --out /var/folders/_2/d22zd5lj2_v9xrps05xl2sr80000gn/T/effect4-generate-k0j8q43a/src/Effect4/Program/AtomInventory.lean --append tools/Effect4Gen/guards/atominventory.lean --header-out src/Effect4/Program/AtomInventory.lean
+ lake build Effect4.Program.AtomInventory
ℹ [15/15] Replayed Effect4.Program.AtomInventory
Build completed successfully (15 jobs).
+ lake build Tools.GeneratedStamp
Build completed successfully (2 jobs).
+ lake build Effect4.Program.NativeAtom
ℹ [18/19] Replayed Effect4.Program.AtomInventory
Build completed successfully (19 jobs).
+ lake env lean -DwarningAsError=true -M 4096 --run tools/Effect4Gen/PreludeAtoms.lean --group PreludeAtoms --imports Effect4.Program.NativeAtom --out /var/folders/_2/d22zd5lj2_v9xrps05xl2sr80000gn/T/effect4-generate-k0j8q43a/harness/truth/prelude-atoms.gen.ts --header-out harness/truth/prelude-atoms.gen.ts
+ lake build Tools.GeneratedStamp
Build completed successfully (2 jobs).
+ lake build Effect4.Program.Authoring.Lifts
ℹ [22/43] Replayed Effect4.Program.NodeLenses
ℹ [23/43] Replayed Effect4.Program.Fold
ℹ [25/43] Replayed Effect4.Program.AtomInventory
ℹ [43/43] Replayed Effect4.Program.Authoring.Lifts
Build completed successfully (43 jobs).
+ lake build Effect4.Program.Authoring.Sugar
ℹ [22/45] Replayed Effect4.Program.NodeLenses
ℹ [23/45] Replayed Effect4.Program.Fold
ℹ [25/45] Replayed Effect4.Program.AtomInventory
ℹ [43/45] Replayed Effect4.Program.Authoring.Lifts
ℹ [44/45] Replayed Effect4.Program.Authoring.Rows
Build completed successfully (45 jobs).
+ lake build Effect4.Codegen.Forms
ℹ [26/59] Replayed Effect4.Program.NodeLenses
ℹ [27/59] Replayed Effect4.Program.Fold
ℹ [50/59] Replayed Effect4.Program.AtomInventory
Build completed successfully (59 jobs).
+ lake env lean -DwarningAsError=true -M 4096 --run tools/Effect4Gen/Forms.lean --group Forms --imports Effect4.Program.Authoring.Lifts,Effect4.Program.Authoring.Sugar,Effect4.Codegen.Forms --out /var/folders/_2/d22zd5lj2_v9xrps05xl2sr80000gn/T/effect4-generate-k0j8q43a/src/Effect4/Codegen/Authoring/Forms.lean --header-out src/Effect4/Codegen/Authoring/Forms.lean
+ lake build Effect4.Codegen.Authoring.Forms
ℹ [22/64] Replayed Effect4.Program.NodeLenses
ℹ [23/64] Replayed Effect4.Program.Fold
ℹ [25/64] Replayed Effect4.Program.AtomInventory
ℹ [43/64] Replayed Effect4.Program.Authoring.Lifts
ℹ [44/64] Replayed Effect4.Program.Authoring.Rows
ℹ [64/64] Replayed Effect4.Codegen.Authoring.Forms
Build completed successfully (64 jobs).
+ lake build Tools.GeneratedStamp
Build completed successfully (2 jobs).
+ lake build Effect4.Laws.Program.Authoring
ℹ [20/107] Replayed Effect4.Program.Fold
ℹ [22/107] Replayed Effect4.Program.NodeLenses
ℹ [24/107] Replayed Effect4.Program.Scoped
ℹ [25/107] Replayed Effect4.Program.Binders
ℹ [26/107] Replayed Effect4.Program.AtomInventory
Build completed successfully (215 jobs).
+ lake build Effect4.Program.Authoring.Lifts
ℹ [22/43] Replayed Effect4.Program.NodeLenses
ℹ [23/43] Replayed Effect4.Program.Fold
ℹ [25/43] Replayed Effect4.Program.AtomInventory
ℹ [43/43] Replayed Effect4.Program.Authoring.Lifts
Build completed successfully (43 jobs).
+ lake env lean -DwarningAsError=true -M 4096 --run tools/Effect4Gen/Authoring.lean --group ScopedLaws --imports Effect4.Laws.Program.Authoring,Effect4.Program.Authoring.Lifts --out /var/folders/_2/d22zd5lj2_v9xrps05xl2sr80000gn/T/effect4-generate-k0j8q43a/src/Effect4/Laws/Program/Authoring/Lifts.lean --append tools/Effect4Gen/guards/scopedlaws.lean Effect4.Program.Eff --header-out src/Effect4/Laws/Program/Authoring/Lifts.lean
+ lake build Effect4.Laws.Program.Authoring.Lifts
ℹ [21/217] Replayed Effect4.Program.Fold
ℹ [23/217] Replayed Effect4.Program.NodeLenses
ℹ [25/217] Replayed Effect4.Program.Scoped
ℹ [26/217] Replayed Effect4.Program.Binders
ℹ [27/217] Replayed Effect4.Program.AtomInventory
ℹ [216/217] Replayed Effect4.Program.Authoring.Lifts
ℹ [217/217] Replayed Effect4.Laws.Program.Authoring.Lifts
Build completed successfully (217 jobs).
+ lake build Tools.GeneratedStamp
Build completed successfully (2 jobs).
+ lake build Effect4.Laws.Program.Authoring.Lifts
ℹ [21/217] Replayed Effect4.Program.Fold
ℹ [23/217] Replayed Effect4.Program.NodeLenses
ℹ [25/217] Replayed Effect4.Program.Scoped
ℹ [26/217] Replayed Effect4.Program.Binders
ℹ [27/217] Replayed Effect4.Program.AtomInventory
ℹ [216/217] Replayed Effect4.Program.Authoring.Lifts
ℹ [217/217] Replayed Effect4.Laws.Program.Authoring.Lifts
Build completed successfully (217 jobs).
+ lake build Effect4.Program.Authoring.Rows
ℹ [22/44] Replayed Effect4.Program.NodeLenses
ℹ [23/44] Replayed Effect4.Program.Fold
ℹ [25/44] Replayed Effect4.Program.AtomInventory
ℹ [43/44] Replayed Effect4.Program.Authoring.Lifts
ℹ [44/44] Replayed Effect4.Program.Authoring.Rows
Build completed successfully (44 jobs).
+ lake env lean -DwarningAsError=true -M 4096 --run tools/Effect4Gen/Rows.lean --group RowsLaws --imports Effect4.Laws.Program.Authoring.Lifts,Effect4.Program.Authoring.Rows --out /var/folders/_2/d22zd5lj2_v9xrps05xl2sr80000gn/T/effect4-generate-k0j8q43a/src/Effect4/Laws/Program/Authoring/Rows.lean --append tools/Effect4Gen/guards/rowslaws.lean --header-out src/Effect4/Laws/Program/Authoring/Rows.lean
+ lake build Effect4.Laws.Program.Authoring.Rows
ℹ [21/219] Replayed Effect4.Program.Fold
ℹ [23/219] Replayed Effect4.Program.NodeLenses
ℹ [25/219] Replayed Effect4.Program.Scoped
ℹ [26/219] Replayed Effect4.Program.Binders
ℹ [27/219] Replayed Effect4.Program.AtomInventory
ℹ [216/219] Replayed Effect4.Program.Authoring.Lifts
ℹ [217/219] Replayed Effect4.Laws.Program.Authoring.Lifts
ℹ [218/219] Replayed Effect4.Program.Authoring.Rows
ℹ [219/219] Replayed Effect4.Laws.Program.Authoring.Rows
Build completed successfully (219 jobs).
+ lake build Tools.GeneratedStamp
Build completed successfully (2 jobs).
+ lake build Effect4.Laws.Program.Authoring.Lifts
ℹ [21/217] Replayed Effect4.Program.Fold
ℹ [23/217] Replayed Effect4.Program.NodeLenses
ℹ [25/217] Replayed Effect4.Program.Scoped
ℹ [26/217] Replayed Effect4.Program.Binders
ℹ [27/217] Replayed Effect4.Program.AtomInventory
ℹ [216/217] Replayed Effect4.Program.Authoring.Lifts
ℹ [217/217] Replayed Effect4.Laws.Program.Authoring.Lifts
Build completed successfully (217 jobs).
+ lake build Effect4.Laws.Program.Authoring.Sugar
ℹ [21/221] Replayed Effect4.Program.Fold
ℹ [23/221] Replayed Effect4.Program.NodeLenses
ℹ [25/221] Replayed Effect4.Program.Scoped
ℹ [26/221] Replayed Effect4.Program.Binders
ℹ [27/221] Replayed Effect4.Program.AtomInventory
ℹ [216/221] Replayed Effect4.Program.Authoring.Lifts
ℹ [217/221] Replayed Effect4.Laws.Program.Authoring.Lifts
ℹ [218/221] Replayed Effect4.Program.Authoring.Rows
ℹ [219/221] Replayed Effect4.Laws.Program.Authoring.Rows
Build completed successfully (221 jobs).
+ lake build Effect4.Codegen.Authoring.Forms
ℹ [22/64] Replayed Effect4.Program.NodeLenses
ℹ [23/64] Replayed Effect4.Program.Fold
ℹ [25/64] Replayed Effect4.Program.AtomInventory
ℹ [43/64] Replayed Effect4.Program.Authoring.Lifts
ℹ [44/64] Replayed Effect4.Program.Authoring.Rows
ℹ [64/64] Replayed Effect4.Codegen.Authoring.Forms
Build completed successfully (64 jobs).
+ lake build Effect4.Codegen.Forms
ℹ [26/59] Replayed Effect4.Program.NodeLenses
ℹ [27/59] Replayed Effect4.Program.Fold
ℹ [50/59] Replayed Effect4.Program.AtomInventory
Build completed successfully (59 jobs).
+ lake env lean -DwarningAsError=true -M 4096 --run tools/Effect4Gen/Forms.lean --group FormsLaws --imports Effect4.Laws.Program.Authoring.Lifts,Effect4.Laws.Program.Authoring.Sugar,Effect4.Codegen.Authoring.Forms,Effect4.Codegen.Forms --out /var/folders/_2/d22zd5lj2_v9xrps05xl2sr80000gn/T/effect4-generate-k0j8q43a/src/Effect4/Laws/Program/Authoring/Forms.lean --header-out src/Effect4/Laws/Program/Authoring/Forms.lean
+ lake build Effect4.Laws.Program.Authoring.Forms
ℹ [21/241] Replayed Effect4.Program.Fold
ℹ [23/241] Replayed Effect4.Program.NodeLenses
ℹ [25/241] Replayed Effect4.Program.Scoped
ℹ [26/241] Replayed Effect4.Program.Binders
ℹ [27/241] Replayed Effect4.Program.AtomInventory
ℹ [216/241] Replayed Effect4.Program.Authoring.Lifts
ℹ [217/241] Replayed Effect4.Laws.Program.Authoring.Lifts
ℹ [218/241] Replayed Effect4.Program.Authoring.Rows
ℹ [219/241] Replayed Effect4.Laws.Program.Authoring.Rows
ℹ [240/241] Replayed Effect4.Codegen.Authoring.Forms
ℹ [241/241] Replayed Effect4.Laws.Program.Authoring.Forms
Build completed successfully (241 jobs).
PASS generate: requested producers ran in dependency order
# exit=0 seconds=116
