'DefinitiveSchemaScout.validateAnnotations' depends on axioms: [propext]
'DefinitiveSchemaScout.validateFilter' depends on axioms: [propext]
'DefinitiveSchemaScout.processProperties' depends on axioms: [propext]
'DefinitiveSchemaScout.toReadableSchema' depends on axioms: [propext]
'FinalSchemaAudit.child_error_preserved' depends on axioms: [propext]
'FinalSchemaAudit.empty_children_normalized' depends on axioms: [propext]
'FinalSchemaAudit.nonempty_children_refused' depends on axioms: [propext]
'FinalSchemaAudit.duplicate_refused' depends on axioms: [propext]
'FinalSchemaAudit.semantic_object_annotation_refused' depends on axioms: [propext]
'FinalSchemaAudit.check_disabling_annotation_refused' depends on axioms: [propext]
'DefinitiveSchemaScout.validateFilter' depends on axioms: [propext]
'DefinitiveSchemaScout.processProperties' depends on axioms: [propext]
'DefinitiveSchemaScout.toReadableSchema' depends on axioms: [propext]
EXPR_NAT:Schema.Natural
EXPR_INT:Schema.Int
EXPR_NUMBER:Schema.Number
EXPR_NESTED:Schema.Struct({ "user": Schema.Struct({ "age": Schema.Natural, "name": Schema.String }) })
EXPR_UNIQUE:Schema.Struct({ "a": Schema.Number, "b": Schema.String })
EXPR_DUP:REFUSED
EXPR_CHECK_CHILD:REFUSED
EXPR_MODIFIER:Schema.Struct({ "a-b": Schema.optionalKey(Schema.mutableKey(Schema.String)) })
EXPR_ESCAPE:Schema.Struct({ "x\"\n\\y": Schema.String })
EXPR_ANNOT_ERROR:REFUSED
EXPR_ANNOT_PRESERVE:REFUSED
EXPR_ANNOT_DISABLE:REFUSED
EXPR_DOC_STRING:Schema.String
EXPR_DOC_PROPERTY:Schema.Struct({ "child": Schema.String })
EXPR_DOC_ELEMENT:Schema.Tuple([Schema.String])
EXPR_DOC_FILTER:Schema.Int
EXPR_TUPLE:Schema.Tuple([Schema.String])
EXPR_ARRAY:Schema.Array(Schema.String)
EXPR_UNION:Schema.Union([Schema.String, Schema.Number])
