src/Effect4/Laws/Machine/Clauses.lean:2123:0: Effect4.Machine.M1OriginClauses: 0 open, 10 proved, 10 total; ceiling 0
src/Effect4/Laws/Machine/Approximation.lean:1693:0: Effect4.Machine.M1OriginApproximation: 0 open, 2 proved, 2 total; ceiling 0
src/Effect4/Laws/Machine/CompletionData.lean:61:0: Effect4.Machine.M1.OwedMapWanted: 0 open, 4 proved, 4 total; ceiling 0
src/Effect4/Laws/Machine/CompletionData.lean:98:0: Effect4.Machine.M1.Core: 0 open, 5 proved, 5 total; ceiling 0
src/Effect4/Laws/Machine/CompletionData.lean:113:0: Effect4.Machine.M1.CompletionSupport: 0 open, 2 proved, 2 total; ceiling 0
src/Effect4/Laws/Machine/Arena.lean:249:0: Effect4.Machine.ArenaObligations: 0 open, 10 proved, 10 total; ceiling 0
src/Effect4/Laws/Machine/Arena.lean:252:0: Effect4.Machine.ArenaSupportWanted: 0 open, 3 proved, 3 total; ceiling 0
src/Effect4/Laws/Machine/RefKernel.lean:236:0: Effect4.Machine.RefKernelObligations: 0 open, 2 proved, 2 total; ceiling 0
src/Effect4/Laws/Machine/RefKernel.lean:349:0: Effect4.Machine.ArenaObligations: 0 open, 14 proved, 14 total; ceiling 0
src/Effect4/Laws/Machine/RefKernel.lean:352:0: Effect4.Machine.M1.RefKernelSupport: 0 open, 1 proved, 1 total; ceiling 0
src/Effect4/Laws/Program/Agreement.lean:1941:0: Effect4.Program.Agreement.M1Origin: 0 open, 1 proved, 1 total; ceiling 0
src/Effect4/Laws/Machine/StoresLaws.lean:2238:0: Effect4.Machine.M1.StoresLaws: 0 open, 5 proved, 5 total; ceiling 0
src/Effect4/Laws/Machine/Behaviour.lean:119:0: Effect4.Machine.M1Trace: 0 open, 1 proved, 1 total; ceiling 0
src/Effect4/Laws/Machine/Witnesses.lean:1488:0: Effect4.Machine.Witnesses.M1Witnesses: 0 open, 1 proved, 1 total; ceiling 0
src/Effect4/Laws/Machine/Book.lean:1312:0: Effect4.Machine.M1OriginBook: 0 open, 2 proved, 2 total; ceiling 0
src/Effect4/Laws/Machine/Clock.lean:23:0: Effect4.ClockMillis.M1: 0 open, 3 proved, 3 total; ceiling 0
src/Effect4/Laws/Machine/Clock.lean:81:0: Effect4.Machine.TimerStore.M1Clock: 0 open, 17 proved, 17 total; ceiling 0
src/Effect4/Laws/Machine/Clock.lean:116:0: Effect4.ClockMillis.M1Decimal: 0 open, 5 proved, 5 total; ceiling 0
src/Effect4/Laws/Machine/Clock.lean:132:0: Effect4.Store.ClockCanonical.M1: 0 open, 3 proved, 3 total; ceiling 0
src/Effect4/Laws/Program/Guard/RaceSites.lean:480:0: Effect4.Program.Guard.M1Origin: 0 open, 1 proved, 1 total; ceiling 0
src/Effect4/Laws/Program/Agreement/Machine.lean:1943:0: Effect4.Program.Agreement.M1Quiet: 0 open, 1 proved, 1 total; ceiling 0
src/Effect4/Laws/Program/Guard/Core.lean:3816:0: Effect4.Program.Guard.M1: 0 open, 4 proved, 4 total; ceiling 0
src/Effect4/Laws/Program/Guard/Core.lean:3824:0: Effect4.Program.Guard.M1Completion: 0 open, 2 proved, 2 total; ceiling 0
src/Effect4/Laws/Program/Guard/Core.lean:3827:0: Effect4.Program.Guard.M1Clock: 0 open, 4 proved, 4 total; ceiling 0
src/Effect4/Laws/Program/Guard/Core.lean:3832:0: Effect4.Program.Guard.M1Origin: 0 open, 18 proved, 18 total; ceiling 0
src/Effect4/Laws/Program/Guard/Single.lean:499:0: Effect4.Program.Guard.SingleGuard.M1Clock: 0 open, 5 proved, 5 total; ceiling 0
src/Effect4/Laws/Program/Simulation/Hooks.lean:729:0: Effect4.Program.Sched.M1Hooks: 0 open, 4 proved, 4 total; ceiling 0
src/Effect4/Laws/Program/Simulation/Fibers.lean:538:0: Effect4.Program.Sched.M1OriginFibers: 0 open, 6 proved, 6 total; ceiling 0
src/Effect4/Laws/Program/Simulation/Deliver.lean:653:0: Effect4.Program.Sched.M1Deliver: 0 open, 1 proved, 1 total; ceiling 0
src/Effect4/Laws/Program/Simulation/Actions.lean:833:0: Effect4.Program.Sched.M1Actions: 0 open, 1 proved, 1 total; ceiling 0
src/Effect4/Laws/Program/Simulation/Actions.lean:834:0: Effect4.Program.Sched.M1Origin: 0 open, 10 proved, 10 total; ceiling 0
src/Effect4/Laws/Program/Simulation/Evaluate.lean:1037:0: Effect4.Program.Sched.M1Evaluate: 0 open, 2 proved, 2 total; ceiling 0
src/Effect4/Laws/Api/Supervision.lean:1019:0: Effect4.Api.M1Origin: 0 open, 18 proved, 18 total; ceiling 0
src/Effect4/Laws/Api/Supervision.lean:1020:0: Effect4.Api.M1Trace: 0 open, 2 proved, 2 total; ceiling 0
src/Effect4/Laws/Program/Simulation/Pending.lean:295:0: Effect4.Program.Sched.M1PendingOrigin: 0 open, 4 proved, 4 total; ceiling 0
src/Effect4/Laws/Program/Typed/ProtocolObligations.lean:63:0: Effect4.Laws.Effects.D12: 0 open, 8 proved, 8 total; ceiling 0
src/Effect4/Laws/Program/Simulation/Drive.lean:1146:0: Effect4.Program.Sched.M1Clock: 0 open, 5 proved, 5 total; ceiling 0
src/Effect4/Laws/Program/Simulation/Drive.lean:1147:0: Effect4.Program.Sched.M1Drive: 0 open, 7 proved, 7 total; ceiling 0
src/Effect4/Laws/Machine/Refinement.lean:117:0: Effect4.Machine.Refinement.CompositionObligations: 0 open, 2 proved, 2 total; ceiling 0
src/Effect4/Laws/Machine/Refinement.lean:290:0: Effect4.Machine.M1.CellMapWanted: 0 open, 1 proved, 1 total; ceiling 0
src/Effect4/Laws/Machine/Refinement.lean:292:0: Effect4.Machine.M1.DeferredWanted: 0 open, 14 proved, 14 total; ceiling 0
src/Effect4/Laws/Machine/Refinement.lean:729:0: Effect4.Machine.M1.DeferredImageSupportWanted: 0 open, 3 proved, 3 total; ceiling 0
src/Effect4/Laws/Machine/Refinement.lean:732:0: Effect4.Machine.M1.DeferredWanted: 0 open, 30 proved, 30 total; ceiling 0
src/Effect4/Laws/Machine/Refinement.lean:735:0: Effect4.Machine.ArenaObligations: 0 open, 15 proved, 15 total; ceiling 0
src/Effect4/Laws/Program/Guard/Handshake.lean:30:0: Effect4.Program.Guard.M4Handshake: 1 open, 0 proved, 1 total; ceiling 1
Test/Api/TraceOrigin.lean:924:0: Effect4.Api.TraceFacts.M1Trace: 0 open, 3 proved, 3 total; ceiling 0
Test/Api/TraceOrigin.lean:931:0: Effect4.Api.M1Trace: 0 open, 15 proved, 15 total; ceiling 0
src/Effect4/Laws/Machine/Handles.lean:6750:0: Effect4.Machine.M1.Handles: 0 open, 9 proved, 9 total; ceiling 0
src/Effect4/Laws/Machine/Handles.lean:6751:0: Effect4.Machine.M1.DeferredWanted: 0 open, 1 proved, 1 total; ceiling 0
src/Effect4/Laws/Machine/Handles.lean:6752:0: Effect4.Machine.M1Origin: 0 open, 9 proved, 9 total; ceiling 0
src/Effect4/Laws/Program/Typed/World.lean:782:0: Effect4.Program.Typed.WorldControlWanted: 0 open, 5 proved, 5 total; ceiling 0
src/Effect4/Laws/Program/Typed/World.lean:783:0: Effect4.Program.Typed.WorldWanted: 0 open, 20 proved, 20 total; ceiling 0
src/Effect4/Laws/Run.lean:906:0: Effect4.Run.M1Trace: 0 open, 1 proved, 1 total; ceiling 0
src/Effect4/Laws/Program/Typed/ForkSource.lean:116:0: Effect4.Program.Typed.M2ForkSourceWanted: 0 open, 2 proved, 2 total; ceiling 0
src/Effect4/Laws/Program/Typed/Validity.lean:229:0: Effect4.Program.Typed.M2Validity: 0 open, 15 proved, 15 total; ceiling 0
src/Effect4/Laws/Program/Guard/FrameOwned.lean:904:0: Effect4.Program.Guard.FrameOwned.M1: 0 open, 7 proved, 7 total; ceiling 0
src/Effect4/Laws/Program/Guard/FrameOwned.lean:907:0: Effect4.Program.Guard.FrameOwned.M1Origin: 0 open, 1 proved, 1 total; ceiling 0
src/Effect4/Laws/Program/Guard/FrameOwned.lean:910:0: Effect4.Program.Guard.FrameOwned.M1Hooks: 0 open, 2 proved, 2 total; ceiling 0
src/Effect4/Laws/Program/Guard/FrameOwned.lean:913:0: Effect4.Program.Guard.FrameOwned.M1Results: 0 open, 2 proved, 2 total; ceiling 0
src/Effect4/Laws/Program/Guard/NativeState.lean:644:0: Effect4.Program.Guard.NativeState.M1: 0 open, 6 proved, 6 total; ceiling 0
src/Effect4/Laws/Program/Guard/NativeState.lean:648:0: Effect4.Program.Guard.NativeState.M1Origin: 0 open, 2 proved, 2 total; ceiling 0
src/Effect4/Laws/Program/Guard/NativeState.lean:652:0: Effect4.Program.Guard.NativeState.M1Results: 0 open, 2 proved, 2 total; ceiling 0
src/Effect4/Laws/Program/Typed/Residual.lean:445:0: Effect4.Program.Typed.M3aAdmissionObligations: 0 open, 2 proved, 2 total; ceiling 0
src/Effect4/Laws/Program/Typed/Residual.lean:447:0: Effect4.Program.Typed.M3aResidualObligations: 0 open, 4 proved, 4 total; ceiling 0
src/Effect4/Laws/Program/Typed/Residual.lean:456:0: Effect4.Program.Typed.M3bWorld: 1 open, 2 proved, 3 total; ceiling 1
src/Effect4/Laws/Program/Guard/NativeStateLinks.lean:341:0: Effect4.Program.Guard.NativeStateLinks.M1Origin: 0 open, 2 proved, 2 total; ceiling 0
src/Effect4/Laws/Program/Typed/Stack.lean:465:0: Effect4.Program.Typed.M4Stack: 0 open, 4 proved, 4 total; ceiling 0
src/Effect4/Laws/Program/Typed/Stack.lean:467:0: Effect4.Program.Typed.M5Hooks: 0 open, 1 proved, 1 total; ceiling 0
src/Effect4/Laws/Program/Guard/OuterDriver.lean:421:0: Effect4.Program.Guard.OuterDriver.M1Clock: 0 open, 9 proved, 9 total; ceiling 0
src/Effect4/Laws/Program/Typed/Assembly.lean:361:0: Effect4.Program.Typed.M3bAssembly: 1 open, 1 proved, 2 total; ceiling 1
src/Effect4/Laws/Program/Typed/Assembly.lean:383:0: Effect4.Program.Typed.M6Ledger: 20 open, 0 proved, 20 total; ceiling 20
src/Effect4/Laws.lean:144:0: Effect4.Machine.M1.DeferredWanted: 0 open, 31 proved, 31 total; ceiling 0
src/Effect4/Laws.lean:146:0: Effect4.Machine.M1Clock: 0 open, 6 proved, 6 total; ceiling 0
