#own_code Effect4.Program.Ty: rule (i)/(ii) counts over takers whose own code destructs the family (folds excluded): [(one-level/one-level,
  70),
 (structural/structural, 26),
 (wf/wf, 1)]
one-level	one-level	Effect4.Codegen.PrintLeaf	Effect4.Program.methodArgsRow.match_1.splitter [private]	famBrec=false anyBrec=false wfFix=false famMeasure=false self=false
one-level	one-level	Effect4.Laws.Program.Admit	Effect4.Program.externalValue.match_1.splitter [private]	famBrec=false anyBrec=false wfFix=false famMeasure=false self=false
one-level	one-level	Effect4.Laws.Program.Admits	Effect4.Program.Ty.sub.match_1.splitter [private]	famBrec=false anyBrec=false wfFix=false famMeasure=false self=false
one-level	one-level	Effect4.Laws.Program.Admits	Effect4.Program.cata_ty.match_1.splitter [private]	famBrec=false anyBrec=false wfFix=false famMeasure=false self=false
one-level	one-level	Effect4.Laws.Program.Decision	Effect4.Program.Decision.arms.match_1.splitter [private]	famBrec=false anyBrec=false wfFix=false famMeasure=false self=false
one-level	one-level	Effect4.Laws.Program.Decision	Effect4.Program.Ty.isTagged.match_1.splitter [private]	famBrec=false anyBrec=false wfFix=false famMeasure=false self=false
one-level	one-level	Effect4.Laws.Program.Decision	Effect4.Program.Ty.taggedColumn.match_1.splitter [private]	famBrec=false anyBrec=false wfFix=false famMeasure=false self=false
one-level	one-level	Effect4.Laws.Program.ErrorQueries	Effect4.Program.Val.hasTy.match_40.splitter [private]	famBrec=false anyBrec=false wfFix=false famMeasure=false self=false
one-level	one-level	Effect4.Laws.Program.ErrorQueries	Effect4.Program.causeInputError?.match_1.splitter [private]	famBrec=false anyBrec=false wfFix=false famMeasure=false self=false
one-level	one-level	Effect4.Laws.Program.Folds.Ty	Effect4.Program.NativeAtom.projectProduct.match_1.splitter [private]	famBrec=false anyBrec=false wfFix=false famMeasure=false self=false
one-level	one-level	Effect4.Laws.Program.Folds.Ty	Effect4.Program.Ty.renderRaw.match_1.splitter [private]	famBrec=false anyBrec=false wfFix=false famMeasure=false self=false
one-level	one-level	Effect4.Laws.Program.Folds.Ty	Effect4.Program.Val.hasTy.match_40.splitter [private]	famBrec=false anyBrec=false wfFix=false famMeasure=false self=false
one-level	one-level	Effect4.Laws.Program.Folds.Ty	Effect4.Program.findInt.match_1.splitter [private]	famBrec=false anyBrec=false wfFix=false famMeasure=false self=false
one-level	one-level	Effect4.Laws.Program.Folds.Ty	Effect4.Program.isTagTy.match_1.splitter [private]	famBrec=false anyBrec=false wfFix=false famMeasure=false self=false
one-level	one-level	Effect4.Laws.Program.Folds.Ty	Effect4.Schema.Bridge.schema.match_1.splitter [private]	famBrec=false anyBrec=false wfFix=false famMeasure=false self=false
one-level	one-level	Effect4.Laws.Program.Folds.Ty	Effect4.Schema.Codec.decodeRaw.match_3.splitter [private]	famBrec=false anyBrec=false wfFix=false famMeasure=false self=false
one-level	one-level	Effect4.Laws.Program.Folds.Ty	Effect4.Schema.Codec.encodeRaw.match_1.splitter [private]	famBrec=false anyBrec=false wfFix=false famMeasure=false self=false
one-level	one-level	Effect4.Laws.Program.Folds.Ty	Effect4.Schema.Codec.isSupported.match_1.splitter [private]	famBrec=false anyBrec=false wfFix=false famMeasure=false self=false
one-level	one-level	Effect4.Laws.Program.Folds.Ty	Effect4.Schema.Codec.layout.match_1.splitter [private]	famBrec=false anyBrec=false wfFix=false famMeasure=false self=false
one-level	one-level	Effect4.Laws.Program.Residual	Effect4.Program.Ty.isTagged.match_1.splitter [private]	famBrec=false anyBrec=false wfFix=false famMeasure=false self=false
one-level	one-level	Effect4.Laws.Program.Template	Effect4.Program.Ty.infer.match_3.splitter [private]	famBrec=false anyBrec=false wfFix=false famMeasure=false self=false
one-level	one-level	Effect4.Laws.Program.Template	Effect4.Program.Ty.instantiate.match_1.splitter [private]	famBrec=false anyBrec=false wfFix=false famMeasure=false self=false
one-level	one-level	Effect4.Laws.Program.Template	Effect4.Program.Ty.templateAdmissible.match_1.splitter [private]	famBrec=false anyBrec=false wfFix=false famMeasure=false self=false
one-level	one-level	Effect4.Laws.Program.Template	Effect4.Program.Ty.varsOf.match_1.splitter [private]	famBrec=false anyBrec=false wfFix=false famMeasure=false self=false
one-level	one-level	Effect4.Laws.Program.TyView	Effect4.Program.Ty.args.match_1.splitter [private]	famBrec=false anyBrec=false wfFix=false famMeasure=false self=false
one-level	one-level	Effect4.Laws.Program.TyView	Effect4.Program.Ty.sameHead.match_1.splitter [private]	famBrec=false anyBrec=false wfFix=false famMeasure=false self=false
one-level	one-level	Effect4.Laws.Program.TyView	Effect4.Program.Ty.sub.match_1.splitter [private]	famBrec=false anyBrec=false wfFix=false famMeasure=false self=false
one-level	one-level	Effect4.Laws.Program.TypeAlgebra	Effect4.Program.Ty.OrderProof.normal_children.match_1.splitter [private]	famBrec=false anyBrec=false wfFix=false famMeasure=false self=false
one-level	one-level	Effect4.Laws.Program.TypeAlgebra	Effect4.Program.Ty.args.match_1.splitter [private]	famBrec=false anyBrec=false wfFix=false famMeasure=false self=false
one-level	one-level	Effect4.Laws.Program.TypeAlgebra	Effect4.Program.Ty.sub.match_1.splitter [private]	famBrec=false anyBrec=false wfFix=false famMeasure=false self=false
one-level	one-level	Effect4.Laws.Program.TypeAlgebra	Effect4.Program.Val.hasTy.match_40.splitter [private]	famBrec=false anyBrec=false wfFix=false famMeasure=false self=false
one-level	one-level	Effect4.Laws.Program.Typed	Effect4.Program.NativeAtom.projectProduct.match_1.splitter [private]	famBrec=false anyBrec=false wfFix=false famMeasure=false self=false
one-level	one-level	Effect4.Laws.Program.Typed.Membership	Effect4.Program.Typed.Fits.match_25.splitter [private]	famBrec=false anyBrec=false wfFix=false famMeasure=false self=false
one-level	one-level	Effect4.Laws.Program.Typed.Membership	Effect4.Program.Typed.FlatFits.match_16.splitter [private]	famBrec=false anyBrec=false wfFix=false famMeasure=false self=false
one-level	one-level	Effect4.Laws.Program.Typing.CheckInversion	Effect4.Program.Checker.exitOf?.match_1.splitter [private]	famBrec=false anyBrec=false wfFix=false famMeasure=false self=false
one-level	one-level	Effect4.Laws.Program.Typing.CheckInversion	Effect4.Program.Checker.listOf?.match_1.splitter [private]	famBrec=false anyBrec=false wfFix=false famMeasure=false self=false
one-level	one-level	Effect4.Laws.Schema.Codec	Effect4.Program.Val.hasTy.match_40.splitter [private]	famBrec=false anyBrec=false wfFix=false famMeasure=false self=false
one-level	one-level	Effect4.Laws.Schema.Codec	Effect4.Schema.Codec.decodeRaw.match_3.splitter [private]	famBrec=false anyBrec=false wfFix=false famMeasure=false self=false
one-level	one-level	Effect4.Laws.Schema.Codec	Effect4.Schema.Codec.encodeRaw.match_1.splitter [private]	famBrec=false anyBrec=false wfFix=false famMeasure=false self=false
one-level	one-level	Effect4.Laws.Schema.Codec	Effect4.Schema.Codec.layout.match_1.splitter [private]	famBrec=false anyBrec=false wfFix=false famMeasure=false self=false
one-level	one-level	Effect4.Program.Decision	Effect4.Program.Decision.arms.match_1.splitter [private]	famBrec=false anyBrec=false wfFix=false famMeasure=false self=false
one-level	one-level	Effect4.Program.Eff	Effect4.Program.rawSupportedErrTy.match_1.splitter [private]	famBrec=false anyBrec=false wfFix=false famMeasure=false self=false
one-level	one-level	Effect4.Program.Fold	Effect4.Program.cata_ty.match_1.splitter [private]	famBrec=false anyBrec=false wfFix=false famMeasure=false self=false
one-level	one-level	Effect4.Program.Ty	Effect4.Program.Ty.factors.match_1.splitter [private]	famBrec=false anyBrec=false wfFix=false famMeasure=false self=false
one-level	one-level	Effect4.Program.Ty	Effect4.Program.Ty.isFactor.match_1.splitter [private]	famBrec=false anyBrec=false wfFix=false famMeasure=false self=false
one-level	one-level	Effect4.Program.Ty	Effect4.Program.Ty.isMember.match_1.splitter [private]	famBrec=false anyBrec=false wfFix=false famMeasure=false self=false
one-level	one-level	Effect4.Program.Ty	Effect4.Program.Ty.key.match_1.splitter [private]	famBrec=false anyBrec=false wfFix=false famMeasure=false self=false
one-level	one-level	Effect4.Program.Ty	Effect4.Program.Ty.members.match_1.splitter [private]	famBrec=false anyBrec=false wfFix=false famMeasure=false self=false
one-level	one-level	Effect4.Program.Ty	Effect4.Program.Ty.normalize.match_1.splitter [private]	famBrec=false anyBrec=false wfFix=false famMeasure=false self=false
one-level	one-level	Effect4.Program.Ty	Effect4.Program.Ty.sub.match_1.splitter [private]	famBrec=false anyBrec=false wfFix=false famMeasure=false self=false
one-level	one-level	Effect4.Schema.Bridge	Effect4.Program.Ty.closed.match_1.splitter [private]	famBrec=false anyBrec=false wfFix=false famMeasure=false self=false
one-level	one-level	Effect4.Store.Domain.Derived.Program	Effect4.Store.ProgramGen.TyC.toValTy.match_1.splitter [private]	famBrec=false anyBrec=false wfFix=false famMeasure=false self=false
structural	structural	Effect4.Codegen.Types	Effect4.Codegen.Types.ofNormalized [private]	famBrec=true anyBrec=true wfFix=false famMeasure=false self=false
wf	wf	Effect4.Program.Ty	Effect4.Program.Ty.sub	famBrec=false anyBrec=false wfFix=true famMeasure=true self=false
#own_code Effect4.Program.Eff: rule (i)/(ii) counts over takers whose own code destructs the family (folds excluded): [(structural/structural,
  65),
 (one-level/one-level, 120),
 (one-level/wf, 4),
 (one-level/structural, 1)]
one-level	one-level	Effect4.Codegen.Read	Effect4.Program.addReceiver.match_1.splitter [private]	famBrec=false anyBrec=false wfFix=false famMeasure=false self=false
one-level	one-level	Effect4.Laws.Api.Supervision	Effect4.Program.actionAt.entrants.match_1.splitter [private]	famBrec=false anyBrec=false wfFix=false famMeasure=false self=false
one-level	one-level	Effect4.Laws.Codegen.ReadPrint	Effect4.Program.view_eff.match_1.splitter [private]	famBrec=false anyBrec=false wfFix=false famMeasure=false self=false
one-level	one-level	Effect4.Laws.Program.Agreement	Effect4.Program.Agreement.depth.match_1.splitter [private]	famBrec=false anyBrec=false wfFix=false famMeasure=false self=false
one-level	one-level	Effect4.Laws.Program.Agreement	Effect4.Program.Agreement.steps.match_1.splitter [private]	famBrec=false anyBrec=false wfFix=false famMeasure=false self=false
one-level	one-level	Effect4.Laws.Program.Agreement	Effect4.Program.compileEff.match_16.splitter [private]	famBrec=false anyBrec=false wfFix=false famMeasure=false self=false
one-level	one-level	Effect4.Laws.Program.Agreement	Effect4.Program.compileLayer.match_1.splitter [private]	famBrec=false anyBrec=false wfFix=false famMeasure=false self=false
one-level	one-level	Effect4.Laws.Program.Agreement.Loop	Effect4.Program.Agreement.depthB.match_1.splitter [private]	famBrec=false anyBrec=false wfFix=false famMeasure=false self=false
one-level	one-level	Effect4.Laws.Program.Denote	Effect4.Program.Denote.Straight.match_4.splitter [private]	famBrec=false anyBrec=false wfFix=false famMeasure=false self=false
one-level	one-level	Effect4.Laws.Program.Denote	Effect4.Program.Denote.denote.match_12.splitter [private]	famBrec=false anyBrec=false wfFix=false famMeasure=false self=false
one-level	one-level	Effect4.Laws.Program.Denote	Effect4.Program.Eff.suspendDecided.match_1.splitter [private]	famBrec=false anyBrec=false wfFix=false famMeasure=false self=false
one-level	one-level	Effect4.Laws.Program.DenoteB	Effect4.Program.Denote.Looped.match_4.splitter [private]	famBrec=false anyBrec=false wfFix=false famMeasure=false self=false
one-level	one-level	Effect4.Laws.Program.DenoteB	Effect4.Program.Denote.denoteB.match_5.splitter [private]	famBrec=false anyBrec=false wfFix=false famMeasure=false self=false
one-level	one-level	Effect4.Laws.Program.DenoteR	Effect4.Program.Sched.denoteEffBody.match_5.splitter [private]	famBrec=false anyBrec=false wfFix=false famMeasure=false self=false
one-level	one-level	Effect4.Laws.Program.DenoteR	Effect4.Program.Sched.denoteLayerBody.match_4.splitter [private]	famBrec=false anyBrec=false wfFix=false famMeasure=false self=false
one-level	one-level	Effect4.Laws.Program.DenoteR	Effect4.Program.Sched.inlineYield.match_12.splitter [private]	famBrec=false anyBrec=false wfFix=false famMeasure=false self=false
one-level	one-level	Effect4.Laws.Program.Folds.Checker	Effect4.Program.Checker.check.match_5.splitter [private]	famBrec=false anyBrec=false wfFix=false famMeasure=false self=false
one-level	one-level	Effect4.Laws.Program.Folds.Checker	Effect4.Program.Checker.checkAction.match_3.splitter [private]	famBrec=false anyBrec=false wfFix=false famMeasure=false self=false
one-level	one-level	Effect4.Laws.Program.Folds.Checker	Effect4.Program.Checker.checkEffs.match_1.splitter [private]	famBrec=false anyBrec=false wfFix=false famMeasure=false self=false
one-level	one-level	Effect4.Laws.Program.Folds.Checker	Effect4.Program.Checker.checkLayer.match_1.splitter [private]	famBrec=false anyBrec=false wfFix=false famMeasure=false self=false
one-level	one-level	Effect4.Laws.Program.Folds.Checker	Effect4.Program.Checker.checkLayers.match_1.splitter [private]	famBrec=false anyBrec=false wfFix=false famMeasure=false self=false
one-level	one-level	Effect4.Laws.Program.Folds.Checker	Effect4.Program.Checker.checkStmt.match_1.splitter [private]	famBrec=false anyBrec=false wfFix=false famMeasure=false self=false
one-level	one-level	Effect4.Laws.Program.Folds.Checker	Effect4.Program.Checker.checkStmts.match_3.splitter [private]	famBrec=false anyBrec=false wfFix=false famMeasure=false self=false
one-level	one-level	Effect4.Laws.Program.Folds.Projections	Effect4.Program.Effs.toList.match_1.splitter [private]	famBrec=false anyBrec=false wfFix=false famMeasure=false self=false
one-level	one-level	Effect4.Laws.Program.Folds.Projections	Effect4.Program.LayerTerms.toList.match_1.splitter [private]	famBrec=false anyBrec=false wfFix=false famMeasure=false self=false
one-level	one-level	Effect4.Laws.Program.Folds.Projections	Effect4.Program.Stmts.toList.match_1.splitter [private]	famBrec=false anyBrec=false wfFix=false famMeasure=false self=false
one-level	one-level	Effect4.Laws.Program.Folds.Provision	Effect4.Program.Provision.build.match_1.splitter [private]	famBrec=false anyBrec=false wfFix=false famMeasure=false self=false
one-level	one-level	Effect4.Laws.Program.Folds.Provision	Effect4.Program.Provision.buildAll.match_1.splitter [private]	famBrec=false anyBrec=false wfFix=false famMeasure=false self=false
one-level	one-level	Effect4.Laws.Program.Folds.Provision	Effect4.Program.Provision.docsLayer.match_1.splitter [private]	famBrec=false anyBrec=false wfFix=false famMeasure=false self=false
one-level	one-level	Effect4.Laws.Program.Folds.Provision	Effect4.Program.Provision.docsLayers.match_1.splitter [private]	famBrec=false anyBrec=false wfFix=false famMeasure=false self=false
one-level	one-level	Effect4.Laws.Program.Folds.Straight	Effect4.Program.Denote.Straight.match_4.splitter [private]	famBrec=false anyBrec=false wfFix=false famMeasure=false self=false
one-level	one-level	Effect4.Laws.Program.Guard.RaceSites	Effect4.Program.actionAt.entrants.match_1.splitter [private]	famBrec=false anyBrec=false wfFix=false famMeasure=false self=false
one-level	one-level	Effect4.Laws.Program.Guard.RaceSites	Effect4.Program.actionAt.match_17.splitter [private]	famBrec=false anyBrec=false wfFix=false famMeasure=false self=false
one-level	one-level	Effect4.Laws.Program.Guard.RaceSites	Effect4.Program.compileEff.match_16.splitter [private]	famBrec=false anyBrec=false wfFix=false famMeasure=false self=false
one-level	one-level	Effect4.Laws.Program.Guard.RaceSites	Effect4.Program.compileLayer.match_1.splitter [private]	famBrec=false anyBrec=false wfFix=false famMeasure=false self=false
one-level	one-level	Effect4.Laws.Program.Guard.RaceSites	Effect4.Program.resolveLayer.resolveLayerTerm.match_5.splitter [private]	famBrec=false anyBrec=false wfFix=false famMeasure=false self=false
one-level	one-level	Effect4.Laws.Program.Guard.RaceSites	Effect4.Program.runStmts.match_8.splitter [private]	famBrec=false anyBrec=false wfFix=false famMeasure=false self=false
one-level	one-level	Effect4.Laws.Program.Handles.Layer	Effect4.Program.actionAt.entrants.match_1.splitter [private]	famBrec=false anyBrec=false wfFix=false famMeasure=false self=false
one-level	one-level	Effect4.Laws.Program.Handles.Layer	Effect4.Program.actionAt.match_17.splitter [private]	famBrec=false anyBrec=false wfFix=false famMeasure=false self=false
one-level	one-level	Effect4.Laws.Program.Handles.Layer	Effect4.Program.resolveLayer.resolveLayerTerm.match_5.splitter [private]	famBrec=false anyBrec=false wfFix=false famMeasure=false self=false
one-level	one-level	Effect4.Laws.Program.Handles.Layer	Effect4.Program.runStmts.match_8.splitter [private]	famBrec=false anyBrec=false wfFix=false famMeasure=false self=false
one-level	one-level	Effect4.Laws.Program.InterpR	Effect4.Program.Sched.walkR.match_10.splitter [private]	famBrec=false anyBrec=false wfFix=false famMeasure=false self=false
one-level	one-level	Effect4.Laws.Program.Intro.Weight	Effect4.Program.Sched.entrantPoints.match_1.splitter [private]	famBrec=false anyBrec=false wfFix=false famMeasure=false self=false
one-level	one-level	Effect4.Laws.Program.Intro.Weight	Effect4.Program.actionAt.entrants.match_1.splitter [private]	famBrec=false anyBrec=false wfFix=false famMeasure=false self=false
one-level	one-level	Effect4.Laws.Program.Invocation	Effect4.Program.compileEff.match_16.splitter [private]	famBrec=false anyBrec=false wfFix=false famMeasure=false self=false
one-level	one-level	Effect4.Laws.Program.LoopSound	Effect4.Program.Denote.denoteBWith.match_5.splitter [private]	famBrec=false anyBrec=false wfFix=false famMeasure=false self=false
one-level	one-level	Effect4.Laws.Program.MeaningSound	Effect4.Program.Denote.denoteWith.match_14.splitter [private]	famBrec=false anyBrec=false wfFix=false famMeasure=false self=false
one-level	one-level	Effect4.Laws.Program.ReferenceTyping	Effect4.Program.LayerTerm.refSite.match_1.splitter [private]	famBrec=false anyBrec=false wfFix=false famMeasure=false self=false
one-level	one-level	Effect4.Laws.Program.ReferenceTyping	Effect4.Program.cata_action.match_1.splitter [private]	famBrec=false anyBrec=false wfFix=false famMeasure=false self=false
one-level	one-level	Effect4.Laws.Program.ReferenceTyping	Effect4.Program.cata_eff.match_1.splitter [private]	famBrec=false anyBrec=false wfFix=false famMeasure=false self=false
one-level	one-level	Effect4.Laws.Program.ReferenceTyping	Effect4.Program.cata_effs.match_1.splitter [private]	famBrec=false anyBrec=false wfFix=false famMeasure=false self=false
one-level	one-level	Effect4.Laws.Program.ReferenceTyping	Effect4.Program.cata_layer.match_1.splitter [private]	famBrec=false anyBrec=false wfFix=false famMeasure=false self=false
one-level	one-level	Effect4.Laws.Program.ReferenceTyping	Effect4.Program.cata_layers.match_1.splitter [private]	famBrec=false anyBrec=false wfFix=false famMeasure=false self=false
one-level	one-level	Effect4.Laws.Program.ReferenceTyping	Effect4.Program.cata_stmt.match_1.splitter [private]	famBrec=false anyBrec=false wfFix=false famMeasure=false self=false
one-level	one-level	Effect4.Laws.Program.ReferenceTyping	Effect4.Program.cata_stmts.match_1.splitter [private]	famBrec=false anyBrec=false wfFix=false famMeasure=false self=false
one-level	one-level	Effect4.Laws.Program.Typing.CheckInversion	Effect4.Program.Checker.check.match_5.splitter [private]	famBrec=false anyBrec=false wfFix=false famMeasure=false self=false
one-level	one-level	Effect4.Laws.Program.Typing.CheckInversion	Effect4.Program.Checker.checkAction.match_3.splitter [private]	famBrec=false anyBrec=false wfFix=false famMeasure=false self=false
one-level	one-level	Effect4.Laws.Program.Typing.CheckInversion	Effect4.Program.Checker.checkEffs.match_1.splitter [private]	famBrec=false anyBrec=false wfFix=false famMeasure=false self=false
one-level	one-level	Effect4.Laws.Program.Typing.CheckInversion	Effect4.Program.Checker.checkLayer.match_1.splitter [private]	famBrec=false anyBrec=false wfFix=false famMeasure=false self=false
one-level	one-level	Effect4.Laws.Program.Typing.CheckInversion	Effect4.Program.Checker.checkLayers.match_1.splitter [private]	famBrec=false anyBrec=false wfFix=false famMeasure=false self=false
one-level	one-level	Effect4.Laws.Program.Typing.CheckInversion	Effect4.Program.Checker.checkStmt.match_1.splitter [private]	famBrec=false anyBrec=false wfFix=false famMeasure=false self=false
one-level	one-level	Effect4.Laws.Program.Typing.CheckInversion	Effect4.Program.Checker.checkStmts.match_3.splitter [private]	famBrec=false anyBrec=false wfFix=false famMeasure=false self=false
one-level	one-level	Effect4.Program.Compile	Effect4.Program.runStmts.match_8.splitter [private]	famBrec=false anyBrec=false wfFix=false famMeasure=false self=false
one-level	one-level	Effect4.Program.Fold	Effect4.Program.cata_action.match_1.splitter [private]	famBrec=false anyBrec=false wfFix=false famMeasure=false self=false
one-level	one-level	Effect4.Program.Fold	Effect4.Program.cata_eff.match_1.splitter [private]	famBrec=false anyBrec=false wfFix=false famMeasure=false self=false
one-level	one-level	Effect4.Program.Fold	Effect4.Program.cata_effs.match_1.splitter [private]	famBrec=false anyBrec=false wfFix=false famMeasure=false self=false
one-level	one-level	Effect4.Program.Fold	Effect4.Program.cata_layer.match_1.splitter [private]	famBrec=false anyBrec=false wfFix=false famMeasure=false self=false
one-level	one-level	Effect4.Program.Fold	Effect4.Program.cata_layers.match_1.splitter [private]	famBrec=false anyBrec=false wfFix=false famMeasure=false self=false
one-level	one-level	Effect4.Program.Fold	Effect4.Program.cata_stmt.match_1.splitter [private]	famBrec=false anyBrec=false wfFix=false famMeasure=false self=false
one-level	one-level	Effect4.Program.Fold	Effect4.Program.cata_stmts.match_1.splitter [private]	famBrec=false anyBrec=false wfFix=false famMeasure=false self=false
one-level	one-level	Effect4.Program.Typing	Effect4.Program.Checker.check.match_5.splitter [private]	famBrec=false anyBrec=false wfFix=false famMeasure=false self=false
one-level	one-level	Effect4.Program.Typing	Effect4.Program.Checker.checkAction.match_3.splitter [private]	famBrec=false anyBrec=false wfFix=false famMeasure=false self=false
one-level	one-level	Effect4.Program.Typing	Effect4.Program.Checker.checkEffs.match_1.splitter [private]	famBrec=false anyBrec=false wfFix=false famMeasure=false self=false
one-level	one-level	Effect4.Program.Typing	Effect4.Program.Checker.checkStmt.match_1.splitter [private]	famBrec=false anyBrec=false wfFix=false famMeasure=false self=false
one-level	one-level	Effect4.Program.Typing	Effect4.Program.Checker.checkStmts.match_3.splitter [private]	famBrec=false anyBrec=false wfFix=false famMeasure=false self=false
one-level	one-level	Effect4.Program.Typing.Agreement	Effect4.Program.Checker.checkLayers.match_1.splitter [private]	famBrec=false anyBrec=false wfFix=false famMeasure=false self=false
one-level	one-level	Effect4.Store.Domain.Derived.Program	Effect4.Store.ProgramGen.EffC.toValActionTerm.match_1.splitter [private]	famBrec=false anyBrec=false wfFix=false famMeasure=false self=false
one-level	one-level	Effect4.Store.Domain.Derived.Program	Effect4.Store.ProgramGen.EffC.toValEff.match_1.splitter [private]	famBrec=false anyBrec=false wfFix=false famMeasure=false self=false
one-level	one-level	Effect4.Store.Domain.Derived.Program	Effect4.Store.ProgramGen.EffC.toValEffs.match_1.splitter [private]	famBrec=false anyBrec=false wfFix=false famMeasure=false self=false
one-level	one-level	Effect4.Store.Domain.Derived.Program	Effect4.Store.ProgramGen.EffC.toValLayerTerm.match_1.splitter [private]	famBrec=false anyBrec=false wfFix=false famMeasure=false self=false
one-level	one-level	Effect4.Store.Domain.Derived.Program	Effect4.Store.ProgramGen.EffC.toValLayerTerms.match_1.splitter [private]	famBrec=false anyBrec=false wfFix=false famMeasure=false self=false
one-level	one-level	Effect4.Store.Domain.Derived.Program	Effect4.Store.ProgramGen.EffC.toValStmt.match_1.splitter [private]	famBrec=false anyBrec=false wfFix=false famMeasure=false self=false
one-level	one-level	Effect4.Store.Domain.Derived.Program	Effect4.Store.ProgramGen.EffC.toValStmts.match_1.splitter [private]	famBrec=false anyBrec=false wfFix=false famMeasure=false self=false
one-level	structural	Effect4.Program.Compile	Effect4.Program.loopExit	famBrec=false anyBrec=true wfFix=false famMeasure=false self=false
one-level	wf	Effect4.Laws.Program.InterpR	Effect4.Program.Sched.walkR	famBrec=false anyBrec=false wfFix=true famMeasure=false self=false
one-level	wf	Effect4.Laws.Program.InterpR	Effect4.Program.Sched.walkR.yieldOf	famBrec=false anyBrec=false wfFix=true famMeasure=false self=false
one-level	wf	Effect4.Program.Compile	Effect4.Program.runStmts	famBrec=false anyBrec=false wfFix=true famMeasure=false self=false
one-level	wf	Effect4.Program.Compile	Effect4.Program.runStmts.yieldOf	famBrec=false anyBrec=false wfFix=true famMeasure=false self=false
#own_code Effect4.Program.Term: rule (i)/(ii) counts over takers whose own code destructs the family (folds excluded): [(one-level/one-level,
  30),
 (structural/structural, 20)]
one-level	one-level	Effect4.Codegen.PrintLeaf	Effect4.Program.pairArgs?.match_1.splitter [private]	famBrec=false anyBrec=false wfFix=false famMeasure=false self=false
one-level	one-level	Effect4.Codegen.Read	Effect4.Program.Term.scoped.match_1.splitter [private]	famBrec=false anyBrec=false wfFix=false famMeasure=false self=false
one-level	one-level	Effect4.Codegen.Read	Effect4.Program.Terms.names?.match_1.splitter [private]	famBrec=false anyBrec=false wfFix=false famMeasure=false self=false
one-level	one-level	Effect4.Codegen.Read	Effect4.Program.Terms.toList.match_1.splitter [private]	famBrec=false anyBrec=false wfFix=false famMeasure=false self=false
one-level	one-level	Effect4.Codegen.Read	Effect4.Program.noRow.match_1.splitter [private]	famBrec=false anyBrec=false wfFix=false famMeasure=false self=false
one-level	one-level	Effect4.Codegen.Read	Effect4.Program.pairArgs?.match_1.splitter [private]	famBrec=false anyBrec=false wfFix=false famMeasure=false self=false
one-level	one-level	Effect4.Codegen.Read	Effect4.Program.printTerm.match_1.splitter [private]	famBrec=false anyBrec=false wfFix=false famMeasure=false self=false
one-level	one-level	Effect4.Codegen.Read	Effect4.Program.printTerms.match_1.splitter [private]	famBrec=false anyBrec=false wfFix=false famMeasure=false self=false
one-level	one-level	Effect4.Codegen.Read	Effect4.Program.readLiteral.match_1.splitter [private]	famBrec=false anyBrec=false wfFix=false famMeasure=false self=false
one-level	one-level	Effect4.Codegen.Read	Effect4.Program.tupleRequestReadable.match_1.splitter [private]	famBrec=false anyBrec=false wfFix=false famMeasure=false self=false
one-level	one-level	Effect4.Laws.Program.Authoring	Effect4.Program.Term.scoped.match_1.splitter [private]	famBrec=false anyBrec=false wfFix=false famMeasure=false self=false
one-level	one-level	Effect4.Laws.Program.Authoring	Effect4.Program.Terms.toList.match_1.splitter [private]	famBrec=false anyBrec=false wfFix=false famMeasure=false self=false
one-level	one-level	Effect4.Laws.Program.Folds.Term	Effect4.Program.Term.scoped.match_1.splitter [private]	famBrec=false anyBrec=false wfFix=false famMeasure=false self=false
one-level	one-level	Effect4.Laws.Program.Folds.Term	Effect4.Program.Terms.toList.match_1.splitter [private]	famBrec=false anyBrec=false wfFix=false famMeasure=false self=false
one-level	one-level	Effect4.Laws.Program.Residual	Effect4.Program.Term.scoped.match_1.splitter [private]	famBrec=false anyBrec=false wfFix=false famMeasure=false self=false
one-level	one-level	Effect4.Laws.Program.Residual	Effect4.Program.Terms.toList.match_1.splitter [private]	famBrec=false anyBrec=false wfFix=false famMeasure=false self=false
one-level	one-level	Effect4.Laws.Program.Residual	Effect4.Program.tagTest?.match_1.splitter [private]	famBrec=false anyBrec=false wfFix=false famMeasure=false self=false
one-level	one-level	Effect4.Program.Eff	Effect4.Program.Term.weaken.match_1.splitter [private]	famBrec=false anyBrec=false wfFix=false famMeasure=false self=false
one-level	one-level	Effect4.Program.Fold	Effect4.Program.cata_term.match_1.splitter [private]	famBrec=false anyBrec=false wfFix=false famMeasure=false self=false
one-level	one-level	Effect4.Program.Fold	Effect4.Program.cata_terms.match_1.splitter [private]	famBrec=false anyBrec=false wfFix=false famMeasure=false self=false
one-level	one-level	Effect4.Program.Typing.Rules	Effect4.Program.Terms.weaken.match_1.splitter [private]	famBrec=false anyBrec=false wfFix=false famMeasure=false self=false
one-level	one-level	Effect4.Program.Typing.Rules	Effect4.Program.argTy.match_1.splitter [private]	famBrec=false anyBrec=false wfFix=false famMeasure=false self=false
one-level	one-level	Effect4.Program.Typing.Rules	Effect4.Program.argsTy.match_1.splitter [private]	famBrec=false anyBrec=false wfFix=false famMeasure=false self=false
one-level	one-level	Effect4.Program.Typing.Rules	Effect4.Program.tagTest?.match_1.splitter [private]	famBrec=false anyBrec=false wfFix=false famMeasure=false self=false
one-level	one-level	Effect4.Store.Domain.Derived.Program	Effect4.Store.ProgramGen.TermC.toValTerm.match_1.splitter [private]	famBrec=false anyBrec=false wfFix=false famMeasure=false self=false
one-level	one-level	Effect4.Store.Domain.Derived.Program	Effect4.Store.ProgramGen.TermC.toValTerms.match_1.splitter [private]	famBrec=false anyBrec=false wfFix=false famMeasure=false self=false
#own_code Effect4.Representation: rule (i)/(ii) counts over takers whose own code destructs the family (folds excluded): [(one-level/one-level,
  11),
 (structural/structural, 5),
 (wf/wf, 2)]
one-level	one-level	Effect4.Schema.Fold	Effect4.cata_check.match_1.splitter [private]	famBrec=false anyBrec=false wfFix=false famMeasure=false self=false
one-level	one-level	Effect4.Schema.Fold	Effect4.cata_representation.match_1.splitter [private]	famBrec=false anyBrec=false wfFix=false famMeasure=false self=false
one-level	one-level	Effect4.Schema.Representation	Effect4.Check.beq.match_1.splitter [private]	famBrec=false anyBrec=false wfFix=false famMeasure=false self=false
one-level	one-level	Effect4.Schema.Representation	Effect4.Representation.beq.match_1.splitter [private]	famBrec=false anyBrec=false wfFix=false famMeasure=false self=false
one-level	one-level	Effect4.Store.Domain.Derived.Schema	Effect4.Store.SchemaGen.RepresentationC.toValCheck.match_1.splitter [private]	famBrec=false anyBrec=false wfFix=false famMeasure=false self=false
one-level	one-level	Effect4.Store.Domain.Derived.Schema	Effect4.Store.SchemaGen.RepresentationC.toValRepresentation.match_1.splitter [private]	famBrec=false anyBrec=false wfFix=false famMeasure=false self=false
wf	wf	Effect4.Schema.Representation	Effect4.Check.beq [private]	famBrec=false anyBrec=false wfFix=true famMeasure=true self=false
wf	wf	Effect4.Schema.Representation	Effect4.Representation.beq [private]	famBrec=false anyBrec=false wfFix=true famMeasure=true self=false
#own_code Effect4.Store.Val: rule (i)/(ii) counts over takers whose own code destructs the family (folds excluded): [(one-level/one-level,
  347),
 (structural/structural, 43),
 (one-level/structural, 3)]
one-level	one-level	Effect4.Api.Derived	Effect4.Store.ApiGen.ExhaustionC.ofVal.match_1.splitter [private]	famBrec=false anyBrec=false wfFix=false famMeasure=false self=false
one-level	one-level	Effect4.Api.Derived	Effect4.Store.ApiGen.FiberIdC.ofVal.match_4.splitter [private]	famBrec=false anyBrec=false wfFix=false famMeasure=false self=false
one-level	one-level	Effect4.Api.Derived	Effect4.Store.ApiGen.FrontierReasonC.ofVal.match_3.splitter [private]	famBrec=false anyBrec=false wfFix=false famMeasure=false self=false
one-level	one-level	Effect4.Api.Derived	Effect4.Store.ApiGen.KeyC.ofVal.match_3.splitter [private]	famBrec=false anyBrec=false wfFix=false famMeasure=false self=false
one-level	one-level	Effect4.Api.RunnerDerived	Effect4.Store.RunnerGen.AdmitRefusalC.ofVal.match_1.splitter [private]	famBrec=false anyBrec=false wfFix=false famMeasure=false self=false
one-level	one-level	Effect4.Api.RunnerDerived	Effect4.Store.RunnerGen.CallC.ofVal.match_3.splitter [private]	famBrec=false anyBrec=false wfFix=false famMeasure=false self=false
one-level	one-level	Effect4.Api.RunnerDerived	Effect4.Store.RunnerGen.CommandC.ofVal.match_3.splitter [private]	famBrec=false anyBrec=false wfFix=false famMeasure=false self=false
one-level	one-level	Effect4.Api.RunnerDerived	Effect4.Store.RunnerGen.DefectC.ofVal.match_1.splitter [private]	famBrec=false anyBrec=false wfFix=false famMeasure=false self=false
one-level	one-level	Effect4.Api.RunnerDerived	Effect4.Store.RunnerGen.ErrC.ofVal.match_3.splitter [private]	famBrec=false anyBrec=false wfFix=false famMeasure=false self=false
one-level	one-level	Effect4.Api.RunnerDerived	Effect4.Store.RunnerGen.ExitC.ofVal.match_1.splitter [private]	famBrec=false anyBrec=false wfFix=false famMeasure=false self=false
one-level	one-level	Effect4.Api.RunnerDerived	Effect4.Store.RunnerGen.HeaderC.ofVal.match_3.splitter [private]	famBrec=false anyBrec=false wfFix=false famMeasure=false self=false
one-level	one-level	Effect4.Api.RunnerDerived	Effect4.Store.RunnerGen.OutcomeC.ofVal.match_1.splitter [private]	famBrec=false anyBrec=false wfFix=false famMeasure=false self=false
one-level	one-level	Effect4.Api.RunnerDerived	Effect4.Store.RunnerGen.PhaseC.ofVal.match_1.splitter [private]	famBrec=false anyBrec=false wfFix=false famMeasure=false self=false
one-level	one-level	Effect4.Api.RunnerDerived	Effect4.Store.RunnerGen.ReasonC.ofVal.match_7.splitter [private]	famBrec=false anyBrec=false wfFix=false famMeasure=false self=false
one-level	one-level	Effect4.Api.RunnerDerived	Effect4.Store.RunnerGen.RefKeyC.ofVal.match_4.splitter [private]	famBrec=false anyBrec=false wfFix=false famMeasure=false self=false
one-level	one-level	Effect4.Api.RunnerDerived	Effect4.Store.RunnerGen.RefusalC.ofVal.match_1.splitter [private]	famBrec=false anyBrec=false wfFix=false famMeasure=false self=false
one-level	one-level	Effect4.Api.RunnerDerived	Effect4.Store.RunnerGen.ReplyC.ofVal.match_3.splitter [private]	famBrec=false anyBrec=false wfFix=false famMeasure=false self=false
one-level	one-level	Effect4.Api.RunnerDerived	Effect4.Store.RunnerGen.RunDecisionC.ofVal.match_7.splitter [private]	famBrec=false anyBrec=false wfFix=false famMeasure=false self=false
one-level	one-level	Effect4.Api.RunnerDerived	Effect4.Store.RunnerGen.StateC.ofVal.match_1.splitter [private]	famBrec=false anyBrec=false wfFix=false famMeasure=false self=false
one-level	one-level	Effect4.Api.RunnerDerived	Effect4.Store.RunnerGen.StuckC.ofVal.match_1.splitter [private]	famBrec=false anyBrec=false wfFix=false famMeasure=false self=false
one-level	one-level	Effect4.Laws.Machine.Handles	Effect4.Machine.FnName.modify.match_1.splitter [private]	famBrec=false anyBrec=false wfFix=false famMeasure=false self=false
one-level	one-level	Effect4.Laws.Machine.Handles	Effect4.Machine.FnName.partialUpdate.match_1.splitter [private]	famBrec=false anyBrec=false wfFix=false famMeasure=false self=false
one-level	one-level	Effect4.Laws.Machine.Handles	Effect4.Machine.FnName.total.match_1.splitter [private]	famBrec=false anyBrec=false wfFix=false famMeasure=false self=false
one-level	one-level	Effect4.Laws.Machine.Handles	Effect4.Machine.Val.keys.match_1.splitter [private]	famBrec=false anyBrec=false wfFix=false famMeasure=false self=false
one-level	one-level	Effect4.Laws.Machine.Handles	Effect4.Machine.contAOf.match_3.splitter [private]	famBrec=false anyBrec=false wfFix=false famMeasure=false self=false
one-level	one-level	Effect4.Laws.Machine.StoresLaws	Effect4.Machine.Val.validIn.match_1.splitter [private]	famBrec=false anyBrec=false wfFix=false famMeasure=false self=false
one-level	one-level	Effect4.Laws.Machine.StoresValue	Effect4.Machine.Handle.ofStore.match_1.splitter [private]	famBrec=false anyBrec=false wfFix=false famMeasure=false self=false
one-level	one-level	Effect4.Laws.Program.Admit	Effect4.Program.Val.hasTy.match_32.splitter [private]	famBrec=false anyBrec=false wfFix=false famMeasure=false self=false
one-level	one-level	Effect4.Laws.Program.Admit	Effect4.Program.errOf.match_1.splitter [private]	famBrec=false anyBrec=false wfFix=false famMeasure=false self=false
one-level	one-level	Effect4.Laws.Program.Admit	Effect4.Program.externalValue.match_1.splitter [private]	famBrec=false anyBrec=false wfFix=false famMeasure=false self=false
one-level	one-level	Effect4.Laws.Program.Admits	Effect4.Program.Val.hasTy.match_1.splitter [private]	famBrec=false anyBrec=false wfFix=false famMeasure=false self=false
one-level	one-level	Effect4.Laws.Program.Admits	Effect4.Program.Val.hasTy.match_10.splitter [private]	famBrec=false anyBrec=false wfFix=false famMeasure=false self=false
one-level	one-level	Effect4.Laws.Program.Admits	Effect4.Program.Val.hasTy.match_13.splitter [private]	famBrec=false anyBrec=false wfFix=false famMeasure=false self=false
one-level	one-level	Effect4.Laws.Program.Admits	Effect4.Program.Val.hasTy.match_20.splitter [private]	famBrec=false anyBrec=false wfFix=false famMeasure=false self=false
one-level	one-level	Effect4.Laws.Program.Admits	Effect4.Program.Val.hasTy.match_23.splitter [private]	famBrec=false anyBrec=false wfFix=false famMeasure=false self=false
one-level	one-level	Effect4.Laws.Program.Admits	Effect4.Program.Val.hasTy.match_27.splitter [private]	famBrec=false anyBrec=false wfFix=false famMeasure=false self=false
one-level	one-level	Effect4.Laws.Program.Admits	Effect4.Program.Val.hasTy.match_32.splitter [private]	famBrec=false anyBrec=false wfFix=false famMeasure=false self=false
one-level	one-level	Effect4.Laws.Program.Admits	Effect4.Program.Val.hasTy.match_37.splitter [private]	famBrec=false anyBrec=false wfFix=false famMeasure=false self=false
one-level	one-level	Effect4.Laws.Program.Admits	Effect4.Program.Val.hasTy.match_4.splitter [private]	famBrec=false anyBrec=false wfFix=false famMeasure=false self=false
one-level	one-level	Effect4.Laws.Program.Admits	Effect4.Program.Val.hasTy.match_7.splitter [private]	famBrec=false anyBrec=false wfFix=false famMeasure=false self=false
one-level	one-level	Effect4.Laws.Program.Agreement	Effect4.Program.contAOf.match_1.splitter [private]	famBrec=false anyBrec=false wfFix=false famMeasure=false self=false
one-level	one-level	Effect4.Laws.Program.Agreement	Effect4.Program.contextsOf.match_1.splitter [private]	famBrec=false anyBrec=false wfFix=false famMeasure=false self=false
one-level	one-level	Effect4.Laws.Program.Decision	Effect4.Program.Decision.decide.match_3.splitter [private]	famBrec=false anyBrec=false wfFix=false famMeasure=false self=false
one-level	one-level	Effect4.Laws.Program.Decision	Effect4.Program.Val.hasTy.match_7.splitter [private]	famBrec=false anyBrec=false wfFix=false famMeasure=false self=false
one-level	one-level	Effect4.Laws.Program.Decision	Effect4.Program.Val.tagPayload?.match_1.splitter [private]	famBrec=false anyBrec=false wfFix=false famMeasure=false self=false
one-level	one-level	Effect4.Laws.Program.ErrorQueries	Effect4.Program.Val.hasTy.match_1.splitter [private]	famBrec=false anyBrec=false wfFix=false famMeasure=false self=false
one-level	one-level	Effect4.Laws.Program.ErrorQueries	Effect4.Program.Val.hasTy.match_10.splitter [private]	famBrec=false anyBrec=false wfFix=false famMeasure=false self=false
one-level	one-level	Effect4.Laws.Program.ErrorQueries	Effect4.Program.Val.hasTy.match_13.splitter [private]	famBrec=false anyBrec=false wfFix=false famMeasure=false self=false
one-level	one-level	Effect4.Laws.Program.ErrorQueries	Effect4.Program.Val.hasTy.match_20.splitter [private]	famBrec=false anyBrec=false wfFix=false famMeasure=false self=false
one-level	one-level	Effect4.Laws.Program.ErrorQueries	Effect4.Program.Val.hasTy.match_23.splitter [private]	famBrec=false anyBrec=false wfFix=false famMeasure=false self=false
one-level	one-level	Effect4.Laws.Program.ErrorQueries	Effect4.Program.Val.hasTy.match_27.splitter [private]	famBrec=false anyBrec=false wfFix=false famMeasure=false self=false
one-level	one-level	Effect4.Laws.Program.ErrorQueries	Effect4.Program.Val.hasTy.match_32.splitter [private]	famBrec=false anyBrec=false wfFix=false famMeasure=false self=false
one-level	one-level	Effect4.Laws.Program.ErrorQueries	Effect4.Program.Val.hasTy.match_37.splitter [private]	famBrec=false anyBrec=false wfFix=false famMeasure=false self=false
one-level	one-level	Effect4.Laws.Program.ErrorQueries	Effect4.Program.Val.hasTy.match_4.splitter [private]	famBrec=false anyBrec=false wfFix=false famMeasure=false self=false
one-level	one-level	Effect4.Laws.Program.ErrorQueries	Effect4.Program.Val.hasTy.match_7.splitter [private]	famBrec=false anyBrec=false wfFix=false famMeasure=false self=false
one-level	one-level	Effect4.Laws.Program.Folds.Ty	Effect4.Program.Val.hasTy.match_1.splitter [private]	famBrec=false anyBrec=false wfFix=false famMeasure=false self=false
one-level	one-level	Effect4.Laws.Program.Folds.Ty	Effect4.Program.Val.hasTy.match_10.splitter [private]	famBrec=false anyBrec=false wfFix=false famMeasure=false self=false
one-level	one-level	Effect4.Laws.Program.Folds.Ty	Effect4.Program.Val.hasTy.match_13.splitter [private]	famBrec=false anyBrec=false wfFix=false famMeasure=false self=false
one-level	one-level	Effect4.Laws.Program.Folds.Ty	Effect4.Program.Val.hasTy.match_20.splitter [private]	famBrec=false anyBrec=false wfFix=false famMeasure=false self=false
one-level	one-level	Effect4.Laws.Program.Folds.Ty	Effect4.Program.Val.hasTy.match_23.splitter [private]	famBrec=false anyBrec=false wfFix=false famMeasure=false self=false
one-level	one-level	Effect4.Laws.Program.Folds.Ty	Effect4.Program.Val.hasTy.match_27.splitter [private]	famBrec=false anyBrec=false wfFix=false famMeasure=false self=false
one-level	one-level	Effect4.Laws.Program.Folds.Ty	Effect4.Program.Val.hasTy.match_32.splitter [private]	famBrec=false anyBrec=false wfFix=false famMeasure=false self=false
one-level	one-level	Effect4.Laws.Program.Folds.Ty	Effect4.Program.Val.hasTy.match_37.splitter [private]	famBrec=false anyBrec=false wfFix=false famMeasure=false self=false
one-level	one-level	Effect4.Laws.Program.Folds.Ty	Effect4.Program.Val.hasTy.match_4.splitter [private]	famBrec=false anyBrec=false wfFix=false famMeasure=false self=false
one-level	one-level	Effect4.Laws.Program.Folds.Ty	Effect4.Program.Val.hasTy.match_7.splitter [private]	famBrec=false anyBrec=false wfFix=false famMeasure=false self=false
one-level	one-level	Effect4.Laws.Program.Folds.Ty	Effect4.Schema.Codec.encodeRaw.match_1.splitter [private]	famBrec=false anyBrec=false wfFix=false famMeasure=false self=false
one-level	one-level	Effect4.Laws.Program.Guard.RaceSites	Effect4.Machine.contAOf.match_3.splitter [private]	famBrec=false anyBrec=false wfFix=false famMeasure=false self=false
one-level	one-level	Effect4.Laws.Program.Guard.RaceSites	Effect4.Program.contAOf.match_1.splitter [private]	famBrec=false anyBrec=false wfFix=false famMeasure=false self=false
one-level	one-level	Effect4.Laws.Program.Handles.Hooks	Effect4.Program.Decision.decide.match_3.splitter [private]	famBrec=false anyBrec=false wfFix=false famMeasure=false self=false
one-level	one-level	Effect4.Laws.Program.Handles.Hooks	Effect4.Program.Val.tagPayload?.match_1.splitter [private]	famBrec=false anyBrec=false wfFix=false famMeasure=false self=false
one-level	one-level	Effect4.Laws.Program.Handles.Hooks	Effect4.Program.contAOf.match_1.splitter [private]	famBrec=false anyBrec=false wfFix=false famMeasure=false self=false
one-level	one-level	Effect4.Laws.Program.Handles.Layer	Effect4.Program.actionAt.match_1.splitter [private]	famBrec=false anyBrec=false wfFix=false famMeasure=false self=false
one-level	one-level	Effect4.Laws.Program.Handles.Layer	Effect4.Program.actionAt.match_3.splitter [private]	famBrec=false anyBrec=false wfFix=false famMeasure=false self=false
one-level	one-level	Effect4.Laws.Program.Handles.Layer	Effect4.Program.contextsOf.match_1.splitter [private]	famBrec=false anyBrec=false wfFix=false famMeasure=false self=false
one-level	one-level	Effect4.Laws.Program.Handles.Layer	Effect4.Program.handlesOf_keys.match_1.splitter [private]	famBrec=false anyBrec=false wfFix=false famMeasure=false self=false
one-level	one-level	Effect4.Laws.Program.Handles.Layer	Effect4.Program.handlesOf_keys.match_4.splitter [private]	famBrec=false anyBrec=false wfFix=false famMeasure=false self=false
one-level	one-level	Effect4.Laws.Program.Handles.Term	Effect4.Program.NativeOp.awaitCellOf.match_1.splitter [private]	famBrec=false anyBrec=false wfFix=false famMeasure=false self=false
one-level	one-level	Effect4.Laws.Program.Handles.Term	Effect4.Program.NativeOp.syncOpOf.match_1.splitter [private]	famBrec=false anyBrec=false wfFix=false famMeasure=false self=false
one-level	one-level	Effect4.Laws.Program.Intro.Fibers	Effect4.Program.Sched.denoteFiberAction.match_1.splitter [private]	famBrec=false anyBrec=false wfFix=false famMeasure=false self=false
one-level	one-level	Effect4.Laws.Program.Intro.Prepare	Effect4.Program.Sched.denoteFiberAction.match_1.splitter [private]	famBrec=false anyBrec=false wfFix=false famMeasure=false self=false
one-level	one-level	Effect4.Laws.Program.Intro.Region	Effect4.Machine.contAOf.match_3.splitter [private]	famBrec=false anyBrec=false wfFix=false famMeasure=false self=false
one-level	one-level	Effect4.Laws.Program.Intro.Weight	Effect4.Program.actionAt.match_1.splitter [private]	famBrec=false anyBrec=false wfFix=false famMeasure=false self=false
one-level	one-level	Effect4.Laws.Program.Intro.Weight	Effect4.Program.actionAt.match_3.splitter [private]	famBrec=false anyBrec=false wfFix=false famMeasure=false self=false
one-level	one-level	Effect4.Laws.Program.MeaningSound	Effect4.Program.Val.hasTy.match_27.splitter [private]	famBrec=false anyBrec=false wfFix=false famMeasure=false self=false
one-level	one-level	Effect4.Laws.Program.MeaningSound	Effect4.Program.Val.tagPayload?.match_1.splitter [private]	famBrec=false anyBrec=false wfFix=false famMeasure=false self=false
one-level	one-level	Effect4.Laws.Program.Progress	Effect4.Machine.FnName.modify.match_1.splitter [private]	famBrec=false anyBrec=false wfFix=false famMeasure=false self=false
one-level	one-level	Effect4.Laws.Program.Progress	Effect4.Program.NativeOp.syncOpOf.match_1.splitter [private]	famBrec=false anyBrec=false wfFix=false famMeasure=false self=false
one-level	one-level	Effect4.Laws.Program.Residual	Effect4.Program.NativeAtom.tagHit.match_1.splitter [private]	famBrec=false anyBrec=false wfFix=false famMeasure=false self=false
one-level	one-level	Effect4.Laws.Program.Residual	Effect4.Program.Val.hasTy.match_10.splitter [private]	famBrec=false anyBrec=false wfFix=false famMeasure=false self=false
one-level	one-level	Effect4.Laws.Program.TypeAlgebra	Effect4.Program.Val.hasTy.match_1.splitter [private]	famBrec=false anyBrec=false wfFix=false famMeasure=false self=false
one-level	one-level	Effect4.Laws.Program.TypeAlgebra	Effect4.Program.Val.hasTy.match_10.splitter [private]	famBrec=false anyBrec=false wfFix=false famMeasure=false self=false
one-level	one-level	Effect4.Laws.Program.TypeAlgebra	Effect4.Program.Val.hasTy.match_13.splitter [private]	famBrec=false anyBrec=false wfFix=false famMeasure=false self=false
one-level	one-level	Effect4.Laws.Program.TypeAlgebra	Effect4.Program.Val.hasTy.match_20.splitter [private]	famBrec=false anyBrec=false wfFix=false famMeasure=false self=false
one-level	one-level	Effect4.Laws.Program.TypeAlgebra	Effect4.Program.Val.hasTy.match_23.splitter [private]	famBrec=false anyBrec=false wfFix=false famMeasure=false self=false
one-level	one-level	Effect4.Laws.Program.TypeAlgebra	Effect4.Program.Val.hasTy.match_27.splitter [private]	famBrec=false anyBrec=false wfFix=false famMeasure=false self=false
one-level	one-level	Effect4.Laws.Program.TypeAlgebra	Effect4.Program.Val.hasTy.match_32.splitter [private]	famBrec=false anyBrec=false wfFix=false famMeasure=false self=false
one-level	one-level	Effect4.Laws.Program.TypeAlgebra	Effect4.Program.Val.hasTy.match_37.splitter [private]	famBrec=false anyBrec=false wfFix=false famMeasure=false self=false
one-level	one-level	Effect4.Laws.Program.TypeAlgebra	Effect4.Program.Val.hasTy.match_4.splitter [private]	famBrec=false anyBrec=false wfFix=false famMeasure=false self=false
one-level	one-level	Effect4.Laws.Program.TypeAlgebra	Effect4.Program.Val.hasTy.match_7.splitter [private]	famBrec=false anyBrec=false wfFix=false famMeasure=false self=false
one-level	one-level	Effect4.Laws.Program.Typed	Effect4.Machine.Val.asList?.match_1.splitter [private]	famBrec=false anyBrec=false wfFix=false famMeasure=false self=false
one-level	one-level	Effect4.Laws.Program.Typed	Effect4.Program.Val.hasTy.match_1.splitter [private]	famBrec=false anyBrec=false wfFix=false famMeasure=false self=false
one-level	one-level	Effect4.Laws.Program.Typed	Effect4.Program.Val.hasTy.match_10.splitter [private]	famBrec=false anyBrec=false wfFix=false famMeasure=false self=false
one-level	one-level	Effect4.Laws.Program.Typed	Effect4.Program.Val.hasTy.match_13.splitter [private]	famBrec=false anyBrec=false wfFix=false famMeasure=false self=false
one-level	one-level	Effect4.Laws.Program.Typed	Effect4.Program.Val.hasTy.match_20.splitter [private]	famBrec=false anyBrec=false wfFix=false famMeasure=false self=false
one-level	one-level	Effect4.Laws.Program.Typed	Effect4.Program.Val.hasTy.match_32.splitter [private]	famBrec=false anyBrec=false wfFix=false famMeasure=false self=false
one-level	one-level	Effect4.Laws.Program.Typed	Effect4.Program.Val.hasTy.match_37.splitter [private]	famBrec=false anyBrec=false wfFix=false famMeasure=false self=false
one-level	one-level	Effect4.Laws.Program.Typed	Effect4.Program.Val.hasTy.match_4.splitter [private]	famBrec=false anyBrec=false wfFix=false famMeasure=false self=false
one-level	one-level	Effect4.Laws.Program.Typed	Effect4.Program.Val.hasTy.match_7.splitter [private]	famBrec=false anyBrec=false wfFix=false famMeasure=false self=false
one-level	one-level	Effect4.Laws.Program.Typed.Membership	Effect4.Machine.Val.asList?.match_1.splitter [private]	famBrec=false anyBrec=false wfFix=false famMeasure=false self=false
one-level	one-level	Effect4.Laws.Program.Typed.Membership	Effect4.Machine.Val.cause?.match_1.splitter [private]	famBrec=false anyBrec=false wfFix=false famMeasure=false self=false
one-level	one-level	Effect4.Laws.Program.Typed.Membership	Effect4.Machine.Val.snapshot?.match_1.splitter [private]	famBrec=false anyBrec=false wfFix=false famMeasure=false self=false
one-level	one-level	Effect4.Laws.Program.Typed.Membership	Effect4.Program.Typed.Fits.match_1.splitter [private]	famBrec=false anyBrec=false wfFix=false famMeasure=false self=false
one-level	one-level	Effect4.Laws.Program.Typed.Membership	Effect4.Program.Typed.Fits.match_11.splitter [private]	famBrec=false anyBrec=false wfFix=false famMeasure=false self=false
one-level	one-level	Effect4.Laws.Program.Typed.Membership	Effect4.Program.Typed.Fits.match_14.splitter [private]	famBrec=false anyBrec=false wfFix=false famMeasure=false self=false
one-level	one-level	Effect4.Laws.Program.Typed.Membership	Effect4.Program.Typed.Fits.match_19.splitter [private]	famBrec=false anyBrec=false wfFix=false famMeasure=false self=false
one-level	one-level	Effect4.Laws.Program.Typed.Membership	Effect4.Program.Typed.Fits.match_21.splitter [private]	famBrec=false anyBrec=false wfFix=false famMeasure=false self=false
one-level	one-level	Effect4.Laws.Program.Typed.Membership	Effect4.Program.Typed.Fits.match_23.splitter [private]	famBrec=false anyBrec=false wfFix=false famMeasure=false self=false
one-level	one-level	Effect4.Laws.Program.Typed.Membership	Effect4.Program.Typed.Fits.match_6.splitter [private]	famBrec=false anyBrec=false wfFix=false famMeasure=false self=false
one-level	one-level	Effect4.Laws.Program.Typed.Membership	Effect4.Program.Typed.FlatFits.match_1.splitter [private]	famBrec=false anyBrec=false wfFix=false famMeasure=false self=false
one-level	one-level	Effect4.Laws.Program.Typed.Membership	Effect4.Program.Typed.FlatFits.match_10.splitter [private]	famBrec=false anyBrec=false wfFix=false famMeasure=false self=false
one-level	one-level	Effect4.Laws.Program.Typed.Membership	Effect4.Program.Typed.FlatFits.match_13.splitter [private]	famBrec=false anyBrec=false wfFix=false famMeasure=false self=false
one-level	one-level	Effect4.Laws.Program.Typed.Membership	Effect4.Program.Typed.FlatFits.match_4.splitter [private]	famBrec=false anyBrec=false wfFix=false famMeasure=false self=false
one-level	one-level	Effect4.Laws.Program.Typed.Membership	Effect4.Program.Typed.FlatFits.match_7.splitter [private]	famBrec=false anyBrec=false wfFix=false famMeasure=false self=false
one-level	one-level	Effect4.Laws.Program.Typed.Membership	Effect4.Program.Val.hasTy.match_20.splitter [private]	famBrec=false anyBrec=false wfFix=false famMeasure=false self=false
one-level	one-level	Effect4.Laws.Program.Typed.Membership	Effect4.Program.Val.hasTy.match_27.splitter [private]	famBrec=false anyBrec=false wfFix=false famMeasure=false self=false
one-level	one-level	Effect4.Laws.Program.Typed.Membership	Effect4.Program.Val.hasTy.match_37.splitter [private]	famBrec=false anyBrec=false wfFix=false famMeasure=false self=false
one-level	one-level	Effect4.Laws.Program.Typed.World	Effect4.Program.Val.hasTy.match_4.splitter [private]	famBrec=false anyBrec=false wfFix=false famMeasure=false self=false
one-level	one-level	Effect4.Laws.Schema.Codec	Effect4.Program.Val.hasTy.match_1.splitter [private]	famBrec=false anyBrec=false wfFix=false famMeasure=false self=false
one-level	one-level	Effect4.Laws.Schema.Codec	Effect4.Program.Val.hasTy.match_10.splitter [private]	famBrec=false anyBrec=false wfFix=false famMeasure=false self=false
one-level	one-level	Effect4.Laws.Schema.Codec	Effect4.Program.Val.hasTy.match_13.splitter [private]	famBrec=false anyBrec=false wfFix=false famMeasure=false self=false
one-level	one-level	Effect4.Laws.Schema.Codec	Effect4.Program.Val.hasTy.match_20.splitter [private]	famBrec=false anyBrec=false wfFix=false famMeasure=false self=false
one-level	one-level	Effect4.Laws.Schema.Codec	Effect4.Program.Val.hasTy.match_23.splitter [private]	famBrec=false anyBrec=false wfFix=false famMeasure=false self=false
one-level	one-level	Effect4.Laws.Schema.Codec	Effect4.Program.Val.hasTy.match_27.splitter [private]	famBrec=false anyBrec=false wfFix=false famMeasure=false self=false
one-level	one-level	Effect4.Laws.Schema.Codec	Effect4.Program.Val.hasTy.match_32.splitter [private]	famBrec=false anyBrec=false wfFix=false famMeasure=false self=false
one-level	one-level	Effect4.Laws.Schema.Codec	Effect4.Program.Val.hasTy.match_37.splitter [private]	famBrec=false anyBrec=false wfFix=false famMeasure=false self=false
one-level	one-level	Effect4.Laws.Schema.Codec	Effect4.Program.Val.hasTy.match_4.splitter [private]	famBrec=false anyBrec=false wfFix=false famMeasure=false self=false
one-level	one-level	Effect4.Laws.Schema.Codec	Effect4.Program.Val.hasTy.match_7.splitter [private]	famBrec=false anyBrec=false wfFix=false famMeasure=false self=false
one-level	one-level	Effect4.Laws.Schema.Codec	Effect4.Schema.Codec.encodeRaw.match_1.splitter [private]	famBrec=false anyBrec=false wfFix=false famMeasure=false self=false
one-level	one-level	Effect4.Laws.Store.Folds.Val	Effect4.Store.Val.refs.match_1.splitter [private]	famBrec=false anyBrec=false wfFix=false famMeasure=false self=false
one-level	one-level	Effect4.Laws.Store.Folds.Val	Effect4.Store.Val.render.match_1.splitter [private]	famBrec=false anyBrec=false wfFix=false famMeasure=false self=false
one-level	one-level	Effect4.Laws.Store.Folds.Val	Effect4.Store.printIn.match_12.splitter [private]	famBrec=false anyBrec=false wfFix=false famMeasure=false self=false
one-level	one-level	Effect4.Machine.Alphabets	Effect4.Machine.Val.asList?.match_1.splitter [private]	famBrec=false anyBrec=false wfFix=false famMeasure=false self=false
one-level	one-level	Effect4.Machine.Alphabets	Effect4.Machine.Val.cause?.match_1.splitter [private]	famBrec=false anyBrec=false wfFix=false famMeasure=false self=false
one-level	one-level	Effect4.Machine.Alphabets	Effect4.Machine.Val.fiber?.match_1.splitter [private]	famBrec=false anyBrec=false wfFix=false famMeasure=false self=false
one-level	one-level	Effect4.Machine.Alphabets	Effect4.Machine.Val.memoHit?.match_1.splitter [private]	famBrec=false anyBrec=false wfFix=false famMeasure=false self=false
one-level	one-level	Effect4.Machine.Alphabets	Effect4.Machine.Val.memoMap?.match_1.splitter [private]	famBrec=false anyBrec=false wfFix=false famMeasure=false self=false
one-level	one-level	Effect4.Machine.Alphabets	Effect4.Machine.Val.scope?.match_1.splitter [private]	famBrec=false anyBrec=false wfFix=false famMeasure=false self=false
one-level	one-level	Effect4.Machine.Alphabets	Effect4.Machine.Val.snapshot?.match_1.splitter [private]	famBrec=false anyBrec=false wfFix=false famMeasure=false self=false
one-level	one-level	Effect4.Machine.Alphabets	Effect4.Machine.ofDefect.match_1.splitter [private]	famBrec=false anyBrec=false wfFix=false famMeasure=false self=false
one-level	one-level	Effect4.Machine.Alphabets	Effect4.Machine.ofErr.match_1.splitter [private]	famBrec=false anyBrec=false wfFix=false famMeasure=false self=false
one-level	one-level	Effect4.Machine.ContextMap	Effect4.Machine.Env.ofEntry.match_1.splitter [private]	famBrec=false anyBrec=false wfFix=false famMeasure=false self=false
one-level	one-level	Effect4.Machine.ContextMap	Effect4.Machine.Env.spine.match_1.splitter [private]	famBrec=false anyBrec=false wfFix=false famMeasure=false self=false
one-level	one-level	Effect4.Machine.Stores	Effect4.Machine.FnName.partialUpdate.match_1.splitter [private]	famBrec=false anyBrec=false wfFix=false famMeasure=false self=false
one-level	one-level	Effect4.Machine.Stores	Effect4.Machine.FnName.total.match_1.splitter [private]	famBrec=false anyBrec=false wfFix=false famMeasure=false self=false
one-level	one-level	Effect4.Machine.Stores	Effect4.Machine.contAOf.match_3.splitter [private]	famBrec=false anyBrec=false wfFix=false famMeasure=false self=false
one-level	one-level	Effect4.Machine.Stores	Effect4.Machine.ofCtx.match_1.splitter [private]	famBrec=false anyBrec=false wfFix=false famMeasure=false self=false
one-level	one-level	Effect4.Machine.Stores	Effect4.Machine.reasonsOfVal.match_1.splitter [private]	famBrec=false anyBrec=false wfFix=false famMeasure=false self=false
one-level	one-level	Effect4.Machine.Term	Effect4.Program.Val.tuple?.match_1.splitter [private]	famBrec=false anyBrec=false wfFix=false famMeasure=false self=false
one-level	one-level	Effect4.Machine.Value	Effect4.Machine.HandleKind.ofHandle.match_1.splitter [private]	famBrec=false anyBrec=false wfFix=false famMeasure=false self=false
one-level	one-level	Effect4.Machine.Value	Effect4.Machine.Value.ofExit.match_1.splitter [private]	famBrec=false anyBrec=false wfFix=false famMeasure=false self=false
one-level	one-level	Effect4.Machine.Value	Effect4.Machine.Value.ofReason.match_6.splitter [private]	famBrec=false anyBrec=false wfFix=false famMeasure=false self=false
one-level	one-level	Effect4.Program.ConfigValue	Effect4.Program.Config.Val.ofStore.match_4.splitter [private]	famBrec=false anyBrec=false wfFix=false famMeasure=false self=false
one-level	one-level	Effect4.Store.Carrier.Fold	Effect4.Store.cata_val.match_1.splitter [private]	famBrec=false anyBrec=false wfFix=false famMeasure=false self=false
one-level	one-level	Effect4.Store.Carrier.Image	Effect4.Store.Image.ofBool.match_1.splitter [private]	famBrec=false anyBrec=false wfFix=false famMeasure=false self=false
one-level	one-level	Effect4.Store.Carrier.Image	Effect4.Store.Image.ofCtor1.match_1.splitter [private]	famBrec=false anyBrec=false wfFix=false famMeasure=false self=false
one-level	one-level	Effect4.Store.Carrier.Image	Effect4.Store.Image.ofCtor2.match_1.splitter [private]	famBrec=false anyBrec=false wfFix=false famMeasure=false self=false
one-level	one-level	Effect4.Store.Carrier.Image	Effect4.Store.Image.ofCtor3.match_3.splitter [private]	famBrec=false anyBrec=false wfFix=false famMeasure=false self=false
one-level	one-level	Effect4.Store.Carrier.Image	Effect4.Store.Image.ofList.match_1.splitter [private]	famBrec=false anyBrec=false wfFix=false famMeasure=false self=false
one-level	one-level	Effect4.Store.Carrier.Image	Effect4.Store.Image.ofOption.match_1.splitter [private]	famBrec=false anyBrec=false wfFix=false famMeasure=false self=false
one-level	one-level	Effect4.Store.Carrier.Image	Effect4.Store.Image.ofPair.match_4.splitter [private]	famBrec=false anyBrec=false wfFix=false famMeasure=false self=false
one-level	one-level	Effect4.Store.Carrier.Image	Effect4.Store.Image.ofString.match_1.splitter [private]	famBrec=false anyBrec=false wfFix=false famMeasure=false self=false
one-level	one-level	Effect4.Store.Carrier.Image	Effect4.Store.Image.ofUnit.match_1.splitter [private]	famBrec=false anyBrec=false wfFix=false famMeasure=false self=false
one-level	one-level	Effect4.Store.Carrier.Image	Effect4.Store.Val.handles.match_1.splitter [private]	famBrec=false anyBrec=false wfFix=false famMeasure=false self=false
one-level	one-level	Effect4.Store.Carrier.Image.Containers	Effect4.Store.Image.ofSum.match_1.splitter [private]	famBrec=false anyBrec=false wfFix=false famMeasure=false self=false
one-level	one-level	Effect4.Store.Carrier.Image.Containers	Effect4.Store.Image.ofTuple2.match_4.splitter [private]	famBrec=false anyBrec=false wfFix=false famMeasure=false self=false
one-level	one-level	Effect4.Store.Carrier.Val	Effect4.Store.Val.beq.match_1.splitter [private]	famBrec=false anyBrec=false wfFix=false famMeasure=false self=false
one-level	one-level	Effect4.Store.Carrier.Val	Effect4.Store.Val.children.match_1.splitter [private]	famBrec=false anyBrec=false wfFix=false famMeasure=false self=false
one-level	one-level	Effect4.Store.Carrier.Val	Effect4.Store.Val.render.match_1.splitter [private]	famBrec=false anyBrec=false wfFix=false famMeasure=false self=false
one-level	one-level	Effect4.Store.Domain.Canonical	Effect4.Store.IntCanonical.ofVal.match_1.splitter [private]	famBrec=false anyBrec=false wfFix=false famMeasure=false self=false
one-level	one-level	Effect4.Store.Domain.Derived.Json	Effect4.Store.JsonGen.Float64C.ofVal.match_4.splitter [private]	famBrec=false anyBrec=false wfFix=false famMeasure=false self=false
one-level	one-level	Effect4.Store.Domain.Derived.Json	Effect4.Store.JsonGen.JsonC.rawJson.match_11.splitter [private]	famBrec=false anyBrec=false wfFix=false famMeasure=false self=false
one-level	one-level	Effect4.Store.Domain.Derived.Json	Effect4.Store.JsonGen.JsonC.rawP1.match_3.splitter [private]	famBrec=false anyBrec=false wfFix=false famMeasure=false self=false
one-level	one-level	Effect4.Store.Domain.Derived.Program	Effect4.Store.ProgramGen.CauseTermC.rawCauseTerm.match_7.splitter [private]	famBrec=false anyBrec=false wfFix=false famMeasure=false self=false
one-level	one-level	Effect4.Store.Domain.Derived.Program	Effect4.Store.ProgramGen.DecisionC.ofVal.match_1.splitter [private]	famBrec=false anyBrec=false wfFix=false famMeasure=false self=false
one-level	one-level	Effect4.Store.Domain.Derived.Program	Effect4.Store.ProgramGen.EffC.rawActionTerm.match_11.splitter [private]	famBrec=false anyBrec=false wfFix=false famMeasure=false self=false
one-level	one-level	Effect4.Store.Domain.Derived.Program	Effect4.Store.ProgramGen.EffC.rawEff.match_29.splitter [private]	famBrec=false anyBrec=false wfFix=false famMeasure=false self=false
one-level	one-level	Effect4.Store.Domain.Derived.Program	Effect4.Store.ProgramGen.EffC.rawLayerTerm.match_13.splitter [private]	famBrec=false anyBrec=false wfFix=false famMeasure=false self=false
one-level	one-level	Effect4.Store.Domain.Derived.Program	Effect4.Store.ProgramGen.EffC.rawStmt.match_3.splitter [private]	famBrec=false anyBrec=false wfFix=false famMeasure=false self=false
one-level	one-level	Effect4.Store.Domain.Derived.Program	Effect4.Store.ProgramGen.FinalizerStrategyC.ofVal.match_1.splitter [private]	famBrec=false anyBrec=false wfFix=false famMeasure=false self=false
one-level	one-level	Effect4.Store.Domain.Derived.Program	Effect4.Store.ProgramGen.FnNameC.ofVal.match_1.splitter [private]	famBrec=false anyBrec=false wfFix=false famMeasure=false self=false
one-level	one-level	Effect4.Store.Domain.Derived.Program	Effect4.Store.ProgramGen.ForkOptionsC.ofVal.match_4.splitter [private]	famBrec=false anyBrec=false wfFix=false famMeasure=false self=false
one-level	one-level	Effect4.Store.Domain.Derived.Program	Effect4.Store.ProgramGen.LitC.ofVal.match_1.splitter [private]	famBrec=false anyBrec=false wfFix=false famMeasure=false self=false
one-level	one-level	Effect4.Store.Domain.Derived.Program	Effect4.Store.ProgramGen.MaskModeC.ofVal.match_1.splitter [private]	famBrec=false anyBrec=false wfFix=false famMeasure=false self=false
one-level	one-level	Effect4.Store.Domain.Derived.Program	Effect4.Store.ProgramGen.NativeOpC.ofVal.match_1.splitter [private]	famBrec=false anyBrec=false wfFix=false famMeasure=false self=false
one-level	one-level	Effect4.Store.Domain.Derived.Program	Effect4.Store.ProgramGen.RowC.ofVal.match_3.splitter [private]	famBrec=false anyBrec=false wfFix=false famMeasure=false self=false
one-level	one-level	Effect4.Store.Domain.Derived.Program	Effect4.Store.ProgramGen.RowShapeC.ofVal.match_1.splitter [private]	famBrec=false anyBrec=false wfFix=false famMeasure=false self=false
one-level	one-level	Effect4.Store.Domain.Derived.Program	Effect4.Store.ProgramGen.ServiceKeyC.ofVal.match_3.splitter [private]	famBrec=false anyBrec=false wfFix=false famMeasure=false self=false
one-level	one-level	Effect4.Store.Domain.Derived.Program	Effect4.Store.ProgramGen.ServiceNameC.ofVal.match_1.splitter [private]	famBrec=false anyBrec=false wfFix=false famMeasure=false self=false
one-level	one-level	Effect4.Store.Domain.Derived.Program	Effect4.Store.ProgramGen.TermC.rawTerm.match_7.splitter [private]	famBrec=false anyBrec=false wfFix=false famMeasure=false self=false
one-level	one-level	Effect4.Store.Domain.Derived.Program	Effect4.Store.ProgramGen.TermC.rawTerms.match_3.splitter [private]	famBrec=false anyBrec=false wfFix=false famMeasure=false self=false
one-level	one-level	Effect4.Store.Domain.Derived.Program	Effect4.Store.ProgramGen.TyC.rawTy.match_7.splitter [private]	famBrec=false anyBrec=false wfFix=false famMeasure=false self=false
one-level	one-level	Effect4.Store.Domain.Derived.Schema	Effect4.Store.SchemaGen.AnnotationEntryC.ofVal.match_3.splitter [private]	famBrec=false anyBrec=false wfFix=false famMeasure=false self=false
one-level	one-level	Effect4.Store.Domain.Derived.Schema	Effect4.Store.SchemaGen.EnumValueC.ofVal.match_1.splitter [private]	famBrec=false anyBrec=false wfFix=false famMeasure=false self=false
one-level	one-level	Effect4.Store.Domain.Derived.Schema	Effect4.Store.SchemaGen.LiteralValueC.ofVal.match_1.splitter [private]	famBrec=false anyBrec=false wfFix=false famMeasure=false self=false
one-level	one-level	Effect4.Store.Domain.Derived.Schema	Effect4.Store.SchemaGen.PropertyKeyC.ofVal.match_1.splitter [private]	famBrec=false anyBrec=false wfFix=false famMeasure=false self=false
one-level	one-level	Effect4.Store.Domain.Derived.Schema	Effect4.Store.SchemaGen.ReferenceKeyC.ofVal.match_4.splitter [private]	famBrec=false anyBrec=false wfFix=false famMeasure=false self=false
one-level	one-level	Effect4.Store.Domain.Derived.Schema	Effect4.Store.SchemaGen.RepresentationC.rawCheck.match_5.splitter [private]	famBrec=false anyBrec=false wfFix=false famMeasure=false self=false
one-level	one-level	Effect4.Store.Domain.Derived.Schema	Effect4.Store.SchemaGen.RepresentationC.rawCheckRepresentationAnnotationOf.match_3.splitter [private]	famBrec=false anyBrec=false wfFix=false famMeasure=false self=false
one-level	one-level	Effect4.Store.Domain.Derived.Schema	Effect4.Store.SchemaGen.RepresentationC.rawO5.match_3.splitter [private]	famBrec=false anyBrec=false wfFix=false famMeasure=false self=false
one-level	one-level	Effect4.Store.Domain.Derived.Schema	Effect4.Store.SchemaGen.RepresentationC.rawO7.match_3.splitter [private]	famBrec=false anyBrec=false wfFix=false famMeasure=false self=false
one-level	one-level	Effect4.Store.Domain.Derived.Schema	Effect4.Store.SchemaGen.RepresentationC.rawPropertySignatureOf.match_3.splitter [private]	famBrec=false anyBrec=false wfFix=false famMeasure=false self=false
one-level	one-level	Effect4.Store.Domain.Derived.Schema	Effect4.Store.SchemaGen.RepresentationC.rawRepresentation.match_23.splitter [private]	famBrec=false anyBrec=false wfFix=false famMeasure=false self=false
one-level	one-level	Effect4.Store.Domain.Derived.Schema	Effect4.Store.SchemaGen.UnionModeC.ofVal.match_1.splitter [private]	famBrec=false anyBrec=false wfFix=false famMeasure=false self=false
one-level	one-level	Effect4.Store.Domain.Derived.Value	Effect4.Store.ValueGen.KindC.ofVal.match_1.splitter [private]	famBrec=false anyBrec=false wfFix=false famMeasure=false self=false
one-level	one-level	Effect4.Store.Domain.Derived.Value	Effect4.Store.ValueGen.ShapeC.rawP0.match_3.splitter [private]	famBrec=false anyBrec=false wfFix=false famMeasure=false self=false
one-level	one-level	Effect4.Store.Domain.Derived.Value	Effect4.Store.ValueGen.ShapeC.rawP2.match_3.splitter [private]	famBrec=false anyBrec=false wfFix=false famMeasure=false self=false
one-level	one-level	Effect4.Store.Domain.Derived.Value	Effect4.Store.ValueGen.ShapeC.rawShape.match_11.splitter [private]	famBrec=false anyBrec=false wfFix=false famMeasure=false self=false
one-level	one-level	Effect4.Store.Domain.Derived.Value	Effect4.Store.ValueGen.ShapeDocC.ofVal.match_3.splitter [private]	famBrec=false anyBrec=false wfFix=false famMeasure=false self=false
one-level	one-level	Effect4.Store.Domain.Derived.Value	Effect4.Store.ValueGen.ValC.rawVal.match_22.splitter [private]	famBrec=false anyBrec=false wfFix=false famMeasure=false self=false
one-level	one-level	Effect4.Store.Domain.Derived.Value	Effect4.Store.ValueGen.ValC.toValVal.match_1.splitter [private]	famBrec=false anyBrec=false wfFix=false famMeasure=false self=false
one-level	one-level	Effect4.Store.Domain.PinDerived	Effect4.Store.PinGen.PinC.ofVal.match_4.splitter [private]	famBrec=false anyBrec=false wfFix=false famMeasure=false self=false
one-level	one-level	Effect4.Store.Domain.PinDerived	Effect4.Store.PinGen.PinRoleC.ofVal.match_1.splitter [private]	famBrec=false anyBrec=false wfFix=false famMeasure=false self=false
one-level	one-level	Effect4.Store.Domain.PinDerived	Effect4.Store.PinGen.TreeC.ofVal.match_3.splitter [private]	famBrec=false anyBrec=false wfFix=false famMeasure=false self=false
one-level	one-level	Effect4.Store.Domain.Shape	Effect4.Store.acceptsAt.match_3.splitter [private]	famBrec=false anyBrec=false wfFix=false famMeasure=false self=false
one-level	one-level	Effect4.Store.Domain.Traits	Effect4.Store.Annotation.ofVal.match_4.splitter [private]	famBrec=false anyBrec=false wfFix=false famMeasure=false self=false
one-level	one-level	Effect4.Store.Domain.Traits	Effect4.Store.Annotation.prevOfVal.match_1.splitter [private]	famBrec=false anyBrec=false wfFix=false famMeasure=false self=false
one-level	structural	Effect4.Laws.Program.Typed.Membership	Effect4.Program.Typed.Fits	famBrec=false anyBrec=true wfFix=false famMeasure=false self=false
one-level	structural	Effect4.Program.Typed	Effect4.Program.Val.hasTy	famBrec=false anyBrec=true wfFix=false famMeasure=false self=false
one-level	structural	Effect4.Schema.Codec	Effect4.Schema.Codec.encodeRaw	famBrec=false anyBrec=true wfFix=false famMeasure=false self=false
## exit=0 seconds=30 cmd=lake env lean -M6144 -DwarningAsError=true docs/research/2026-10-01-landing/seat-F/probes/OwnCode.lean
