Effect4.Program.Ty.sub: uses [Effect4.Program.Ty, Effect4.Program.Ty.sub._unary, PSigma.mk]
Effect4.Program.Ty.sub._unary: uses [WellFounded.Nat.fix,
 PSigma,
 Effect4.Program.Ty,
 Bool,
 PSigma.casesOn,
 Nat,
 HAdd.hAdd,
 instHAdd,
 instAddNat,
 SizeOf.sizeOf,
 Effect4.Program.Ty._sizeOf_inst,
 InvImage,
 LT.lt,
 instLTNat,
 PSigma.mk,
 dite,
 Eq,
 Effect4.Program.instDecidableEqTy,
 Bool.true,
 Not,
 Effect4.Program.Ty.sub.match_1,
 Effect4.Program.Ty.never,
 Effect4.Program.Ty.union,
 Bool.and,
 Effect4.Program.Ty.sub._unary._proof_1,
 Effect4.Program.Ty.sub._unary._proof_2,
 Bool.or,
 Effect4.Program.Ty.sub._unary._proof_3,
 Effect4.Program.Ty.sub._unary._proof_4,
 Effect4.Program.Ty.unknown,
 String,
 Effect4.Program.Ty.lit,
 Effect4.Program.Ty.string,
 Effect4.Program.Ty.option,
 Effect4.Program.Ty.sub._unary._proof_5,
 Effect4.Program.Ty.list,
 Effect4.Program.Ty.sub._unary._proof_6,
 Effect4.Program.Ty.prod,
 Effect4.Program.Ty.sub._unary._proof_7,
 Effect4.Program.Ty.sub._unary._proof_8,
 Effect4.Program.Ty.except,
 Effect4.Program.Ty.sub._unary._proof_9,
 Effect4.Program.Ty.sub._unary._proof_10,
 Effect4.Program.Ty.exitOf,
 Effect4.Program.Ty.sub._unary._proof_11,
 Effect4.Program.Ty.sub._unary._proof_12,
 Effect4.Program.Ty.causeOf,
 Effect4.Program.Ty.sub._unary._proof_13,
 Effect4.Program.Ty.fiberOf,
 Effect4.Program.Ty.sub._unary._proof_14,
 Effect4.Program.Ty.sub._unary._proof_15,
 Effect4.Program.Ty.refOf,
 Effect4.Program.Ty.sub._unary._proof_16,
 Effect4.Program.Ty.sub._unary._proof_17,
 Effect4.Program.Ty.deferredOf,
 Effect4.Program.Ty.sub._unary._proof_18,
 Effect4.Program.Ty.sub._unary._proof_19,
 Effect4.Program.Ty.sub._unary._proof_20,
 Effect4.Program.Ty.sub._unary._proof_21,
 Bool.false]
Effect4.Program.Ty.infer._sparseCasesOn_13: uses [Effect4.Program.Ty,
 Effect4.Program.Ty.union,
 Effect4.Program.Ty.rec,
 Nat.hasNotBit,
 Effect4.Program.Ty.ctorIdx,
 Effect4.Program.Ty.never,
 Nat.ne_of_beq_eq_false,
 Nat.land,
 OfNat.ofNat,
 Nat,
 instOfNatNat,
 Nat.shiftRight,
 Eq.refl,
 Bool,
 Bool.false,
 Effect4.Program.Ty.unit,
 Effect4.Program.Ty.nat,
 Effect4.Program.Ty.int,
 Effect4.Program.Ty.string,
 Effect4.Program.Ty.bool,
 String,
 Effect4.Program.Ty.handle,
 Effect4.Program.Ty.option,
 Effect4.Program.Ty.list,
 Effect4.Program.Ty.prod,
 Effect4.Program.Ty.except,
 Effect4.Program.Ty.exitOf,
 Effect4.Program.Ty.causeOf,
 Effect4.Program.Ty.fiberOf,
 Effect4.Program.Ty.lit,
 Effect4.Program.Ty.refOf,
 Effect4.Program.Ty.deferredOf,
 Effect4.Program.Ty.var,
 Effect4.Program.Ty.unknown]
Effect4.Program.Ty.isFactor: uses [Effect4.Program.Ty, Effect4.Program.Ty.isFactor.match_1, Bool, Bool.false, Bool.true]
Effect4.Program.Ty.isFactor.match_1: uses [Effect4.Program.Ty,
 Effect4.Program.Ty.union,
 Effect4.Program.Ty.infer._sparseCasesOn_13,
 Nat.hasNotBit,
 Effect4.Program.Ty.ctorIdx]
Effect4.Program.Ty.closed: uses [Effect4.Program.Ty, Effect4.Program.Ty.brecOn, Bool, Effect4.Program.Ty.closed._f]
Effect4.Program.runStmts: uses [Effect4.Program.NativeEff,
 Effect4.Program.Point,
 Nat,
 List,
 Effect4.Machine.Val,
 Effect4.Program.runStmts.yieldOf._mutual,
 PSum.inr,
 PSigma,
 Bool,
 PSigma.mk]
Effect4.Program.runStmts.yieldOf._mutual: uses [Effect4.Program.NativeEff,
 Effect4.Program.Point,
 WellFounded.fix,
 PSum,
 PSigma,
 Bool,
 Nat,
 List,
 Effect4.Machine.Val,
 PSum.casesOn,
 Prod,
 Effect4.IterStep,
 Effect4.Program.EffName,
 Effect4.Program.EffThunk,
 Effect4.Machine.Err,
 Effect4.Machine.Defect,
 Effect4.FiberId,
 Effect4.Machine.Ann,
 Effect4.Prim,
 invImage,
 PSigma.casesOn,
 Prod.mk,
 OfNat.ofNat,
 instOfNatNat,
 Prod.instWellFoundedRelation,
 sizeOfWFRel,
 instSizeOfNat,
 Effect4.Program.runStmts.yieldOf._mutual._proof_1,
 PSum.inl,
 PSigma.mk,
 Effect4.Program.Point.mk,
 HAppend.hAppend,
 instHAppendOfAppend,
 List.instAppend,
 Effect4.Program.Point.path,
 List.cons,
 List.nil,
 HAdd.hAdd,
 instHAdd,
 instAddNat,
 Effect4.Program.Point.tape,
 Effect4.Program.Point.completed,
 Effect4.Program.Point.root,
 Effect4.Program.runStmts.yieldOf.match_1,
 Effect4.Program.NCode,
 Effect4.Program.compileEff,
 PSum.inr,
 dite,
 Eq,
 Bool.true,
 instDecidableEqBool,
 Not,
 Effect4.Program.runStmts.yieldOf._mutual._proof_2,
 Effect4.Cause,
 Effect4.IterStep.halt,
 Effect4.IterStep.resume,
 Effect4.Program.EffName.gen,
 Effect4.Program.Point.fuel,
 Effect4.Program.runStmts.match_12,
 Effect4.Program.frontier,
 Bool.false,
 Nat.succ,
 Effect4.Program.runStmts.match_10,
 Option,
 Effect4.Program.Stmts,
 Effect4.Program.NativeOp,
 Effect4.Program.blockAt,
 Unit,
 Effect4.Program.runStmts.match_1,
 Effect4.Program.blockExit,
 Effect4.IterStep.done,
 Effect4.Store.Val.unit,
 Effect4.Program.runStmts.yieldOf._mutual._proof_3,
 Effect4.Program.Stmt,
 Effect4.Program.runStmts.match_8,
 Effect4.Program.Eff,
 Effect4.Program.runStmts.yieldOf._mutual._proof_4,
 Effect4.Program.runStmts.yieldOf._mutual._proof_5,
 Effect4.Program.Term,
 Effect4.Program.asyncRoute.match_1,
 Effect4.Program.evalTerm,
 Effect4.Cause.die,
 Effect4.Machine.Defect.badName,
 Effect4.Program.runStmts.match_3,
 Effect4.Program.runStmts.yieldOf._mutual._proof_6,
 Effect4.Program.runStmts.yieldOf._mutual._proof_7,
 Effect4.Program.runStmts.yieldOf._mutual._proof_8,
 Effect4.Program.runStmts.match_6,
 Effect4.Program.loopExit,
 List.length,
 Effect4.Program.runStmts.yieldOf._mutual._proof_9]
Effect4.Program.Sched.walkR: uses [Effect4.Program.NativeEff,
 Effect4.Program.Point,
 Nat,
 List,
 Effect4.Machine.Val,
 Effect4.Program.Sched.walkR.yieldOf._mutual,
 PSum.inr,
 PSigma,
 Bool,
 PSigma.mk]
Effect4.Program.replayCheckedFrom._unary: uses [Effect4.Program.NativeEff,
 Nat,
 List,
 Effect4.Machine.Completion,
 Effect4.Machine.Val,
 Effect4.Machine.Err,
 Effect4.Machine.Defect,
 Effect4.FiberId,
 Effect4.Machine.Ann,
 Effect4.Program.RowTable,
 WellFounded.fix,
 PSigma,
 Effect4.Program.NativeDecision,
 Effect4.Program.NativeMachine,
 Sum,
 Effect4.Program.NativeReplay,
 Prod,
 Effect4.Program.Refusal,
 invImage,
 PSigma.casesOn,
 sizeOfWFRel,
 List._sizeOf_inst,
 Effect4.Machine.RunDecision._sizeOf_inst,
 Effect4.Program.EffName,
 Effect4.Program.EffThunk,
 Effect4.Program.EffName._sizeOf_inst,
 Effect4.Program.EffThunk._sizeOf_inst,
 Effect4.Store.Val._sizeOf_inst,
 Effect4.Machine.Err._sizeOf_inst,
 Effect4.Machine.Defect._sizeOf_inst,
 Effect4.FiberId._sizeOf_inst,
 PUnit._sizeOf_inst,
 Effect4.Program.replayCheckedFrom._unary._proof_1,
 PSigma.mk,
 Effect4.Program.replayCheckedFrom.match_5,
 Unit,
 List.nil,
 Sum.inl,
 Effect4.Machine.replayEval,
 Effect4.Machine.Ctx,
 Effect4.Machine.Stores,
 Effect4.Machine.instDecidableEqErr,
 Effect4.Machine.instDecidableEqDefect,
 Effect4.instDecidableEqFiberId,
 instDecidableEqPUnit,
 Effect4.Prim,
 Effect4.FrameFiber,
 Effect4.FrameEvent,
 Effect4.Machine.frameCore,
 Effect4.Program.evaluatorFor,
 Effect4.Program.interpOf,
 Effect4.Machine.RunDecision,
 List.cons,
 Effect4.Program.replayCheckedFrom.match_3,
 Option,
 Effect4.Machine.Stuck,
 Effect4.Machine.RunMachine.stuck,
 Effect4.Machine.ReplayResult.stuck,
 Effect4.Program.replayCheckedFrom.match_1,
 Effect4.Program.admit,
 Sum.inr,
 Prod.mk,
 Effect4.Machine.RunMachine,
 Bool,
 Effect4.Machine.stepDecisionState,
 Effect4.Program.oracleRefusal,
 Prod.fst,
 dite,
 Eq,
 Prod.snd,
 Bool.true,
 instDecidableEqBool,
 HAdd.hAdd,
 instHAdd,
 instAddNat,
 OfNat.ofNat,
 instOfNatNat,
 Effect4.Program.replayCheckedFrom._unary._proof_2,
 Not,
 Effect4.Machine.ReplayResult.frontier,
 Effect4.Machine.Exhaustion.fuel]
_private.Effect4.Codegen.Types.0.Effect4.Codegen.Types.ofNormalized: uses [Effect4.Program.Ty,
 Effect4.Program.Ty.brecOn,
 Option,
 TypeScript.TypeRef,
 _private.Effect4.Codegen.Types.0.Effect4.Codegen.Types.ofNormalized._f]
  isInternal true isInternalDetail true user some (Effect4.Codegen.Types.ofNormalized)
_private.Effect4.Schema.Representation.0.Effect4.Representation.beq: uses [Effect4.Representation,
 _private.Effect4.Schema.Representation.0.Effect4.Representation.beq._mutual,
 PSum.inl,
 PSigma,
 PSum,
 List,
 Effect4.IndexSignatureOf,
 Effect4.PropertySignatureOf,
 Effect4.ElementOf,
 Effect4.Check,
 Option,
 Effect4.CheckRepresentationAnnotationOf,
 PSigma.mk]
  isInternal true isInternalDetail true user some (Effect4.Representation.beq)
_private.Effect4.Schema.Representation.0.Effect4.Check.beq: uses [Effect4.Check,
 _private.Effect4.Schema.Representation.0.Effect4.Representation.beq._mutual,
 PSum.inr,
 PSigma,
 Effect4.Representation,
 PSum,
 List,
 Effect4.IndexSignatureOf,
 Effect4.PropertySignatureOf,
 Effect4.ElementOf,
 Option,
 Effect4.CheckRepresentationAnnotationOf,
 PSum.inl,
 PSigma.mk]
  isInternal true isInternalDetail true user some (Effect4.Check.beq)
_private.Effect4.Schema.Representation.0.Effect4.Representation.beq._mutual: uses [WellFounded.Nat.fix,
 PSum,
 PSigma,
 Effect4.Representation,
 List,
 Effect4.IndexSignatureOf,
 Effect4.PropertySignatureOf,
 Effect4.ElementOf,
 Effect4.Check,
 Option,
 Effect4.CheckRepresentationAnnotationOf,
 PSum.casesOn,
 Bool,
 Nat,
 PSigma.casesOn,
 SizeOf.sizeOf,
 Effect4.Representation._sizeOf_inst,
 List._sizeOf_inst,
 Effect4.IndexSignatureOf._sizeOf_inst,
 Effect4.PropertySignatureOf._sizeOf_inst,
 Effect4.ElementOf._sizeOf_inst,
 Effect4.Check._sizeOf_inst,
 Option._sizeOf_inst,
 Effect4.CheckRepresentationAnnotationOf._sizeOf_inst,
 InvImage,
 LT.lt,
 instLTNat,
 PSum.inl,
 PSigma.mk,
 _private.Effect4.Schema.Representation.0.Effect4.Representation.beq.match_1,
 Effect4.RepresentationAnnotation,
 Effect4.Annotations,
 Effect4.Representation.declaration,
 Bool.and,
 BEq.beq,
 instBEqOfDecidableEq,
 Effect4.instDecidableEqRepresentationAnnotation,
 Option.instBEq,
 Effect4.AnnotationEntry,
 List.instBEq,
 Effect4.instDecidableEqAnnotationEntry,
 PSum.inr,
 _private.Effect4.Schema.Representation.0.Effect4.Representation.beq._mutual._proof_1,
 _private.Effect4.Schema.Representation.0.Effect4.Representation.beq._mutual._proof_2,
 Effect4.ReferenceKey,
 Effect4.Representation.reference,
 Effect4.instDecidableEqReferenceKey,
 Effect4.Representation.suspend,
 _private.Effect4.Schema.Representation.0.Effect4.Representation.beq._mutual._proof_3,
 _private.Effect4.Schema.Representation.0.Effect4.Representation.beq._mutual._proof_4,
 Effect4.Representation.null,
 _private.Effect4.Schema.Representation.0.Effect4.Representation.beq._mutual._proof_5,
 Effect4.Representation.undefined,
 _private.Effect4.Schema.Representation.0.Effect4.Representation.beq._mutual._proof_6,
 Effect4.Representation.void,
 _private.Effect4.Schema.Representation.0.Effect4.Representation.beq._mutual._proof_7,
 Effect4.Representation.never,
 _private.Effect4.Schema.Representation.0.Effect4.Representation.beq._mutual._proof_8,
 Effect4.Representation.unknown,
 _private.Effect4.Schema.Representation.0.Effect4.Representation.beq._mutual._proof_9,
 Effect4.Representation.any,
 _private.Effect4.Schema.Representation.0.Effect4.Representation.beq._mutual._proof_10,
 Effect4.Representation.string,
 _private.Effect4.Schema.Representation.0.Effect4.Representation.beq._mutual._proof_11,
 Effect4.Representation.number,
 _private.Effect4.Schema.Representation.0.Effect4.Representation.beq._mutual._proof_12,
 Effect4.Representation.boolean,
 _private.Effect4.Schema.Representation.0.Effect4.Representation.beq._mutual._proof_13,
 Effect4.Representation.bigint,
 _private.Effect4.Schema.Representation.0.Effect4.Representation.beq._mutual._proof_14,
 Effect4.Representation.symbol,
 _private.Effect4.Schema.Representation.0.Effect4.Representation.beq._mutual._proof_15,
 Effect4.LiteralValue,
 Effect4.Representation.literal,
 _private.Effect4.Schema.Representation.0.Effect4.Representation.beq._mutual._proof_16,
 Effect4.instDecidableEqLiteralValue,
 Effect4.GlobalSymbolKey,
 Effect4.Representation.uniqueSymbol,
 _private.Effect4.Schema.Representation.0.Effect4.Representation.beq._mutual._proof_17,
 Effect4.instDecidableEqGlobalSymbolKey,
 Effect4.Representation.objectKeyword,
 _private.Effect4.Schema.Representation.0.Effect4.Representation.beq._mutual._proof_18,
 Effect4.EnumEntry,
 Effect4.Representation.enum,
 _private.Effect4.Schema.Representation.0.Effect4.Representation.beq._mutual._proof_19,
 Effect4.instDecidableEqEnumEntry,
 Effect4.Representation.templateLiteral,
 _private.Effect4.Schema.Representation.0.Effect4.Representation.beq._mutual._proof_20,
 _private.Effect4.Schema.Representation.0.Effect4.Representation.beq._mutual._proof_21,
 Effect4.Representation.arrays,
 _private.Effect4.Schema.Representation.0.Effect4.Representation.beq._mutual._proof_22,
 _private.Effect4.Schema.Representation.0.Effect4.Representation.beq._mutual._proof_23,
 _private.Effect4.Schema.Representation.0.Effect4.Representation.beq._mutual._proof_24,
 Effect4.Representation.objects,
 _private.Effect4.Schema.Representation.0.Effect4.Representation.beq._mutual._proof_25,
 _private.Effect4.Schema.Representation.0.Effect4.Representation.beq._mutual._proof_26,
 _private.Effect4.Schema.Representation.0.Effect4.Representation.beq._mutual._proof_27,
 Effect4.UnionMode,
 Effect4.Representation.union,
 _private.Effect4.Schema.Representation.0.Effect4.Representation.beq._mutual._proof_28,
 _private.Effect4.Schema.Representation.0.Effect4.Representation.beq._mutual._proof_29,
 Effect4.instDecidableEqUnionMode,
 Bool.false,
 _private.Effect4.Schema.Representation.0.Effect4.Representation.beqIndexes.match_1,
 Unit,
 List.nil,
 Bool.true,
 List.cons,
 Effect4.IndexSignatureOf.mk,
 _private.Effect4.Schema.Representation.0.Effect4.Representation.beq._mutual._proof_30,
 _private.Effect4.Schema.Representation.0.Effect4.Representation.beq._mutual._proof_31,
 _private.Effect4.Schema.Representation.0.Effect4.Representation.beq._mutual._proof_32,
 _private.Effect4.Schema.Representation.0.Effect4.Representation.beqProperties.match_1,
 Effect4.PropertyKey,
 Effect4.PropertySignatureOf.mk,
 Effect4.instDecidableEqPropertyKey,
 _private.Effect4.Schema.Representation.0.Effect4.Representation.beq._mutual._proof_33,
 instDecidableEqBool,
 _private.Effect4.Schema.Representation.0.Effect4.Representation.beq._mutual._proof_34,
 _private.Effect4.Schema.Representation.0.Effect4.Representation.beqElements.match_1,
 Effect4.ElementOf.mk,
 _private.Effect4.Schema.Representation.0.Effect4.Representation.beq._mutual._proof_35,
 _private.Effect4.Schema.Representation.0.Effect4.Representation.beq._mutual._proof_36,
 _private.Effect4.Schema.Representation.0.Effect4.Check.beqList.match_1,
 _private.Effect4.Schema.Representation.0.Effect4.Representation.beq._mutual._proof_37,
 _private.Effect4.Schema.Representation.0.Effect4.Representation.beq._mutual._proof_38,
 _private.Effect4.Schema.Representation.0.Effect4.Check.beq.match_1,
 Effect4.Check.filter,
 _private.Effect4.Schema.Representation.0.Effect4.Representation.beq._mutual._proof_39,
 Effect4.Check.filterGroup,
 _private.Effect4.Schema.Representation.0.Effect4.Representation.beq._mutual._proof_40,
 _private.Effect4.Schema.Representation.0.Effect4.Representation.beq._mutual._proof_41,
 _private.Effect4.Schema.Representation.0.Effect4.Representation.beqOptionCheckAnnotation.match_1,
 Option.none,
 Option.some,
 _private.Effect4.Schema.Representation.0.Effect4.Representation.beq._mutual._proof_42,
 _private.Effect4.Schema.Representation.0.Effect4.Representation.beqCheckAnnotation.match_5,
 String,
 Effect4.Json,
 Effect4.CheckRepresentationAnnotationOf.mk,
 instDecidableEqString,
 Effect4.Json.instDecidableEqJson,
 _private.Effect4.Schema.Representation.0.Effect4.Representation.beqCheckAnnotation.match_1,
 _private.Effect4.Schema.Representation.0.Effect4.Representation.beq._mutual._proof_43,
 _private.Effect4.Schema.Representation.0.Effect4.Representation.beqList.match_1,
 _private.Effect4.Schema.Representation.0.Effect4.Representation.beq._mutual._proof_44,
 _private.Effect4.Schema.Representation.0.Effect4.Representation.beq._mutual._proof_45]
  isInternal true isInternalDetail true user some (Effect4.Representation.beq._mutual)
## exit=0 seconds=2 cmd=lake env lean -M6144 docs/research/2026-10-01-landing/seat-F/probes/Shapes.lean
