rev dceae006, extensions ('.md',), documents only True: 97 cited research paths, 19 untracked
on disk	docs/research/2026-09-04-cas-trait-plan.md	<- docs/ARCHITECTURE.md
on disk	docs/research/2026-09-04-production-standards-spike.md	<- docs/ARCHITECTURE.md
on disk	docs/research/2026-09-04-provision-algebra.md	<- docs/ARCHITECTURE.md
on disk	docs/research/2026-09-04-retire-old-machines.md	<- docs/RUNTIME-COVERAGE.md
on disk	docs/research/2026-09-04-timer-semantics-and-proofs.md	<- docs/DESIGN-BASIS.md
on disk	docs/research/2026-09-07-grill-agenda.md	<- docs/design/string-diagrams-notes.md
on disk	docs/research/2026-09-08-build-path.md	<- docs/DESIGN-BASIS.md
on disk	docs/research/2026-09-08-host-rows-slice.md	<- docs/DESIGN-BASIS.md
on disk	docs/research/2026-09-08-timer-dispatch.md	<- docs/DESIGN-BASIS.md
on disk	docs/research/2026-09-10-stream-and-completion-specification.md	<- docs/DESIGN-ISSUES.md
on disk	docs/research/2026-09-11-eff-formal-foundations-implementation.md	<- docs/DESIGN-ISSUES.md
on disk	docs/research/2026-09-12-p4-subsumption-receipt.md	<- docs/DESIGN-ISSUES.md
on disk	docs/research/2026-09-13-ci-refactor-proposals.md	<- docs/DESIGN-ISSUES.md
on disk	docs/research/2026-09-13-test-ledger-verdicts.md	<- docs/core/decisions.md
on disk	docs/research/2026-09-16-plan-adversarial-remediation-evidence/FailureFalsifiers.lean	<- docs/DESIGN-ISSUES.md
on disk	docs/research/2026-09-16-testing-corpus-coverage.md	<- docs/DESIGN-ISSUES.md
on disk	docs/research/2026-09-19-atoms-slice-receipt.md	<- docs/STATE.md
on disk	docs/research/CAUSE-DAG.md	<- docs/design/design-language.md
MISSING	docs/research/EFFECTS-SPLIT-PLAN.md	<- docs/DESIGN-BASIS.md
