bun test v1.4.2 (744846f84)

ts/eff/test/read.test.ts:
(pass) the profile > retains the declared head and native row inventory [0.42ms]
(pass) the profile > only the five product-request exports use tuple calls [0.06ms]
(pass) exits and literals > Effect.succeed(42) is the wire golden p42 [14.58ms]
(pass) exits and literals > a bare value is no effect: the printer never emits one (DI-72) [1.16ms]
(pass) exits and literals > Effect.fiberId is the getId action [0.21ms]
(pass) exits and literals > a negative number never arrives as a literal [0.04ms]
(pass) rows: the shape the grammar could not decide > Scope.make("parallel") is the unit-request row with a trailing name [0.74ms]
(pass) rows: the shape the grammar could not decide > Ref.get("hi") is a row with a string request [0.13ms]
(pass) rows: the shape the grammar could not decide > Scope.make("hi") is refused, not read into the wrong row [0.09ms]
(pass) rows: the shape the grammar could not decide > a read-modify-write row carries its binder term in the operation, read from its function [0.61ms]
(pass) rows: the shape the grammar could not decide > the five names are no row's trailing names [0.20ms]
(pass) rows: the shape the grammar could not decide > an async row reads back as perform [0.58ms]
(pass) rows: the shape the grammar could not decide > Deferred.make<number, number>() is the operation at the two types on its head [0.09ms]
(pass) rows: the shape the grammar could not decide > Deferred.make() without its type arguments is refused [0.10ms]
(pass) rows: the shape the grammar could not decide > Deferred.make<string, number>() is another instance, read at its own types [0.09ms]
(pass) rows: the shape the grammar could not decide > Ref.make<number>(0) carries type arguments its row does not declare [0.07ms]
(pass) rows: the shape the grammar could not decide > a reserved head with type arguments is not a row call [0.05ms]
(pass) rows: the shape the grammar could not decide > an unknown call in effect position is an unknown head, not a yielded atom application [0.17ms]
(pass) tuple calls > Ref.set reads its two arguments into its operation and pair request [0.13ms]
(pass) tuple calls > Ref.set refuses its former one-request call [0.05ms]
(pass) tuple calls > Ref.set refuses the former Reflect.apply wrapper [0.06ms]
(pass) tuple calls > Ref.getAndSet reads its two arguments into its operation and pair request [3.24ms]
(pass) tuple calls > Ref.getAndSet refuses its former one-request call [0.06ms]
(pass) tuple calls > Ref.getAndSet refuses the former Reflect.apply wrapper [0.04ms]
(pass) tuple calls > Ref.setAndGet reads its two arguments into its operation and pair request [0.05ms]
(pass) tuple calls > Ref.setAndGet refuses its former one-request call [0.04ms]
(pass) tuple calls > Ref.setAndGet refuses the former Reflect.apply wrapper [0.04ms]
(pass) tuple calls > Deferred.succeed reads its two arguments into its operation and pair request [0.05ms]
(pass) tuple calls > Deferred.succeed refuses its former one-request call [0.03ms]
(pass) tuple calls > Deferred.succeed refuses the former Reflect.apply wrapper [0.03ms]
(pass) tuple calls > Deferred.fail reads its two arguments into its operation and pair request [0.05ms]
(pass) tuple calls > Deferred.fail refuses its former one-request call [0.03ms]
(pass) tuple calls > Deferred.fail refuses the former Reflect.apply wrapper [0.03ms]
(pass) tuple calls > a saved tuple request reads its two component reads as the same bound variable [0.14ms]
(pass) tuple calls > components of two different identifiers are an ordinary pair [0.18ms]
(pass) tuple calls > tuple requests retain ordinary scope checks [0.08ms]
(pass) tuple calls > a call row does not accept the tuple reading [0.05ms]
(pass) tuple calls > three plain arguments are no row and no effect [0.04ms]
(pass) tuple calls > Reflect.apply is no head: a bare mention is an unknown identifier [0.21ms]
(pass) tuple calls > an ordinary dotted call in effect position is an unknown head [0.18ms]
(pass) the synchronous runIn adapter > its callback adds no binder and returns the runIn action [1.57ms]
(pass) the synchronous runIn adapter > the former raw synchronous call stays reserved and refused [1.01ms]
(pass) the synchronous runIn adapter > the wrapper preserves scope checking [0.17ms]
(pass) the synchronous runIn adapter > refuses a different callback shape: (a0) => { Fiber.runIn(1, 2); return Effect.void } [0.31ms]
(pass) the synchronous runIn adapter > refuses a different callback shape: () => { Fiber.runIn(1, 2); Fiber.runIn(1, 2); return Effect.void } [0.32ms]
(pass) the synchronous runIn adapter > refuses a different callback shape: () => { Fiber.runIn(1, 2); return Effect.succeed(undefined) } [0.05ms]
(pass) the synchronous runIn adapter > refuses a different callback shape: () => { Fiber.interrupt(1, 2); return Effect.void } [0.04ms]
(pass) the synchronous runIn adapter > refuses a different callback shape: () => { Fiber.runIn(1); return Effect.void } [0.04ms]
(pass) the synchronous runIn adapter > refuses a different callback shape: () => { return Effect.void; Fiber.runIn(1, 2) } [0.20ms]
(pass) the synchronous runIn adapter > refuses a different callback shape: () => { return Effect.void } [0.03ms]
(pass) the synchronous runIn adapter > refuses a different callback shape: () => Fiber.runIn(1, 2) [0.06ms]
(pass) the synchronous runIn adapter > refuses a different callback shape: () => { Fiber.runIn(1, 2); return Effect.void }, 0 [0.04ms]
(pass) the synchronous runIn adapter > adding expression statements does not admit them in a generator [1.48ms]
(pass) binders are depths > the continuation of flatMap binds a<n> [0.43ms]
(pass) binders are depths > a wrong binder name matches no row: the head's argument list is refused [0.19ms]
(pass) binders are depths > a variable out of scope is an unknown identifier [0.05ms]
(pass) binders are depths > acquireRelease binds the resource and the exit [0.19ms]
(pass) heads out of position > Effect.whileLoop outside its suspend [0.10ms]
(pass) heads out of position > Cause.fail outside a cause [0.06ms]
(pass) heads out of position > an unknown Effect export is an unknown head in effect position [0.15ms]
(pass) program files > the truth files' export form reads as the bare expression [0.65ms]
(pass) program files > two statements are not one program [0.12ms]
(pass) program files > what is read is a node of the schema [17.18ms]
(pass) the join > reads a service with both numeric fields [2.27ms]
(pass) the join > reads provided values and both local options [0.71ms]
(pass) the join > reads layer Layer.succeed(Context.Service<"k4_4", number>("k4_4"), 7) [0.08ms]
(pass) the join > reads layer Layer.effect(Context.Service<"k4_4", number>("k4_4"), Effect.succeed(7)) [0.07ms]
(pass) the join > reads layer Layer.effectDiscard(Effect.succeed(7)) [0.06ms]
(pass) the join > reads layer Layer.succeed(Context.Service<"k4_4", number>("k4_4"), 7).pipe(Layer.provide(Layer.succeed(Context.Service<"k4_4", number>("k4_4"), 7))) [0.12ms]
(pass) the join > reads layer Layer.succeed(Context.Service<"k4_4", number>("k4_4"), 7).pipe(Layer.provideMerge(Layer.succeed(Context.Service<"k4_4", number>("k4_4"), 7))) [0.10ms]
(pass) the join > reads layer Layer.merge(Layer.succeed(Context.Service<"k4_4", number>("k4_4"), 7), Layer.succeed(Context.Service<"k4_4", number>("k4_4"), 7)) [0.26ms]
(pass) the join > reads layer Layer.fresh(Layer.succeed(Context.Service<"k4_4", number>("k4_4"), 7)) [0.06ms]
(pass) the join > reads layer Layer.orDie(Layer.succeed(Context.Service<"k4_4", number>("k4_4"), 7)) [0.07ms]
(pass) the join > layer bodies have their own empty binder environment [0.53ms]
(pass) the join > rejects a noncanonical key Context.Service<"k4_4", boolean>("k4_4") [0.05ms]
(pass) the join > rejects a noncanonical key Context.Service<"k04_4", number>("k04_4") [0.02ms]
(pass) the join > rejects a noncanonical key Context.Service<"k4_04", number>("k4_04") [0.02ms]
(pass) the join > rejects a noncanonical key Context.Service<"k4_4_", number>("k4_4_") [0.02ms]
(pass) the join > rejects a noncanonical key Context.Service("k4_4") [0.02ms]
(pass) the join > rejects a noncanonical key Context.Service<number, number>("k4_4") [0.02ms]
(pass) the join > checks reserved and untyped keys against the native signature [0.21ms]
(pass) the join > keeps service keys exact at the JavaScript integer boundary [0.12ms]
(pass) the join > checks the external service handle spellings at codes 8 and 9 [0.11ms]
(pass) the join > rejects local false and nonliteral Layer.succeed values [0.15ms]
(pass) the n-ary merge > Layer.mergeAll(a, b, c) keeps its three layers in order [0.26ms]
(pass) the n-ary merge > Layer.mergeAll() is the empty spine [0.17ms]
(pass) the n-ary merge > Layer.merge is never read as the n-ary one [0.08ms]
(pass) the n-ary merge > Layer.mergeAll does not stand alone in program position [0.04ms]
(pass) layer references > L_1_0_0_0_0 in layer position is a reference to that path [0.91ms]
(pass) layer references > refuses the non-canonical layer name L_01 [3.60ms]
(pass) layer references > refuses the non-canonical layer name L_1_ [0.10ms]
(pass) layer references > refuses the non-canonical layer name L_ [0.04ms]
(pass) layer references > refuses the non-canonical layer name L_1__0 [0.03ms]
(pass) layer references > refuses the non-canonical layer name L_x [0.03ms]
(pass) layer references > refuses the non-canonical layer name L1 [0.02ms]
(pass) layer references > refuses the non-canonical layer name a0 [0.02ms]
(pass) layer references > a two-declaration module puts the layer back at its path and leaves the second site a ref [19.15ms]
(pass) layer references > the same block without its declaration leaves both sites references [0.86ms]
(pass) layer references > a declaration whose name is no path spelling is not a module [0.08ms]
(pass) layer references > a declaration whose path names no layer is not a module [0.06ms]
(pass) layer references > one declaration and no reference still reads as the bare program [0.16ms]
(pass) layer references > a target inside a mergeAll spine lands on the right element [0.52ms]
(pass) layer references > a target nested in another is restored inside it [7.38ms]
(pass) layer references > a target under a restore site is put back at its path [6.51ms]
(pass) a walker that lacks a constructor's case > the red twin fails at each default, with the constructor that has no case [665.45ms]
(pass) supplied tables and method rows > zero, one and two arguments, and explicit type arguments (Lean methodPrograms) [2.58ms]
(pass) supplied tables and method rows > the type arguments must be exactly the row's [0.24ms]
(pass) supplied tables and method rows > a method spelled as a call, and a call row spelled with a receiver, are refused [0.17ms]
(pass) supplied tables and method rows > under the empty table the same spellings are no rows [0.12ms]
(pass) supplied tables and method rows > the truth fixture pAcquireHandle reads to Lean's program under its table [2.05ms]
(pass) supplied tables and method rows > a dotted head is never a receiver, and a member off a binder is not a program [1.13ms]
(pass) conditional handlers > canonical catch binds the first error [0.42ms]
(pass) conditional handlers > predicate and handler both see only their own binder [0.90ms]
(pass) conditional handlers > the exact reader requires an absent fallback [0.12ms]
(pass) conditional handlers > the noncanonical unconditional spelling stays outside the exact print image [0.32ms]
(pass) the images only the table reader reads > the boolean decision: all three thunks capture without adding binders [0.27ms]
(pass) the images only the table reader reads > the boolean decision refuses malformed calls, thunks, and escaped captures [2.90ms]
(pass) the images only the table reader reads > the option decision: its second arm is under one binder [0.19ms]
(pass) the images only the table reader reads > the tag decision: the tag is a string hole, both arms under one binder [0.09ms]
(pass) the images only the table reader reads > the loop image, and the scope of each of its terms [1.01ms]
(pass) the images only the table reader reads > exactness is the printer's own choice of row [0.08ms]
(pass) a refusal says where > a wrong binder: the row with that head says what it has where the tree parts [0.15ms]
(pass) a refusal says where > one argument too many [0.04ms]
(pass) a refusal says where > a variable out of scope two levels down [0.07ms]
(pass) a refusal says where > inside a generator: the body, its second statement, that statement's value [0.08ms]

ts/eff/test/payload-classes.test.ts:
(pass) payload classes under tsgo 7 > the red twin fails with exactly its pinned codes [386.33ms]
(pass) payload classes through the TypeScript reader > a printed module reads back to its program [1.34ms]
(pass) payload classes through the TypeScript reader > a declared field of type `never` reads, as the Lean class reader reads it [0.13ms]
(pass) payload classes through the TypeScript reader > red controls: no class, another tag, a member, a structural record in the class form [1.05ms]

ts/eff/ingest/test/printer.test.ts:
(pass) the compiler reader recovers the original printed program [1.47ms]
(pass) the printed boolean thunks capture the caller without adding a binder [0.76ms]
(pass) the printed boolean row refuses noncanonical calls and thunks [1.83ms]
(pass) printed service identifiers are preserved by the separate printer entrypoint [0.22ms]
(pass) the printed n-ary merge keeps zero, one, and three layers [0.82ms]
(pass) the printed diamond recovers the original Lean golden including its defining path [4.29ms]
(pass) the layer definition is restored at its named position inside a mergeAll spine [0.46ms]
(pass) nested layer declarations restore ancestors before their children [0.42ms]
(pass) a layer identifier without a declaration stays a reference [0.25ms]
(pass) only canonical path names, leading const layers, and one main program are accepted [1.54ms]
(pass) the printed mask recovers the original Lean goldens [2.33ms]
(pass) a mask whose callback does not answer its own parameter is no printed image [0.53ms]
(pass) a printed getter refuses an Effect head shadowed by a callback binder [0.15ms]
(pass) the compiler reader recovers the original printed program [0.61ms]
(pass) the printed boolean thunks capture the caller without adding a binder [0.23ms]
(pass) the printed boolean row refuses noncanonical calls and thunks [1.81ms]
(pass) printed service identifiers are preserved by the separate printer entrypoint [0.18ms]
(pass) the printed n-ary merge keeps zero, one, and three layers [0.88ms]
(pass) the printed diamond recovers the original Lean golden including its defining path [0.65ms]
(pass) the layer definition is restored at its named position inside a mergeAll spine [0.91ms]
(pass) nested layer declarations restore ancestors before their children [0.53ms]
(pass) a layer identifier without a declaration stays a reference [0.12ms]
(pass) only canonical path names, leading const layers, and one main program are accepted [1.14ms]
(pass) the printed mask recovers the original Lean goldens [3.06ms]
(pass) a mask whose callback does not answer its own parameter is no printed image [0.62ms]
(pass) a printed getter refuses an Effect head shadowed by a callback binder [0.28ms]
(pass) the compiler reader refuses paths whose components exceed exact integers [0.24ms]
(pass) foreign recognition retains its former suspended conditional [6.52ms]
(pass) foreign recognition still refuses malformed suspended conditionals [1.21ms]
(pass) foreign recognition does not acquire the printed helper [0.23ms]
(pass) foreign recognition retains its former suspended conditional [5.19ms]
(pass) foreign recognition still refuses malformed suspended conditionals [0.67ms]
(pass) foreign recognition does not acquire the printed helper [0.08ms]

 162 pass
 0 fail
 385 expect() calls
Ran 162 tests across 3 files. [1.57s]
