'FormalPass.Proofs.StaleCode.typed_source' depends on axioms: [propext, Quot.sound]
'FormalPass.Proofs.StaleCode.reach6' depends on axioms: [propext, Quot.sound]
'FormalPass.Proofs.StaleCode.reach7' depends on axioms: [propext, Quot.sound]
'FormalPass.Proofs.StaleCode.window6' depends on axioms: [propext, Quot.sound]
'FormalPass.Proofs.StaleCode.finished7' depends on axioms: [propext, Quot.sound]
'FormalPass.Proofs.StaleCode.finished7m' depends on axioms: [propext, Quot.sound]
'FormalPass.Proofs.StaleCode.only_root6' depends on axioms: [propext, Quot.sound]
'FormalPass.Proofs.StaleCode.only_root7' depends on axioms: [propext, Quot.sound]
'FormalPass.Proofs.StaleCode.residue6_shape' depends on axioms: [propext, Quot.sound]
'FormalPass.Proofs.StaleCode.residue6_machine' depends on axioms: [propext, Quot.sound]
'FormalPass.Proofs.StaleCode.untyped_of_stale' depends on axioms: [propext, Quot.sound]
'FormalPass.Proofs.StaleCode.window_untyped' depends on axioms: [propext, Quot.sound]
'FormalPass.Proofs.StaleCode.finished_untyped' depends on axioms: [propext, Quot.sound]
'FormalPass.Proofs.StaleCode.capstone_false_finished' depends on axioms: [propext, Quot.sound]
'FormalPass.Proofs.StaleCode.capstone_false_window' depends on axioms: [propext, Quot.sound]
'FormalPass.Proofs.StaleCode.admitted_noAnswer' depends on axioms: [propext, Quot.sound]
'FormalPass.Proofs.StaleCode.ledger_jointly_false_window' depends on axioms: [propext, Quot.sound]
'FormalPass.Proofs.StaleCode.ledger_jointly_false_finished' depends on axioms: [propext, Quot.sound]
'FormalPass.Proofs.StaleCode.exitsTyped6' depends on axioms: [propext, Quot.sound]
'FormalPass.Proofs.StaleCode.exitsTyped7' depends on axioms: [propext, Quot.sound]
bash  lake env lean -M6144 -DwarningAsError=true   0.96s user 1.01s system 108% cpu 1.822 total
