true
["0: frontier fuel stack=0 exit=none running=false current=vis fiber",
  "1: frontier fuel stack=0 exit=none running=true current=vis fiber",
  "2: frontier fuel stack=1 exit=none running=true current=vis fiber",
  "3: frontier fuel stack=3 exit=none running=true current=vis fiber",
  "4: frontier fuel stack=4 exit=none running=true current=vis fiber",
  "5: frontier fuel stack=6 exit=none running=false current=vis fiber",
  "6: frontier fuel stack=0 exit=fail 1 reasons, fail? false running=false current=pure failure 1 reasons, fail? true",
  "7: finished stack=0 exit=fail 1 reasons, fail? false running=false current=pure failure 1 reasons, fail? true",
  "8: finished stack=0 exit=fail 1 reasons, fail? false running=false current=pure failure 1 reasons, fail? true",
  "9: finished stack=0 exit=fail 1 reasons, fail? false running=false current=pure failure 1 reasons, fail? true",
  "10: finished stack=0 exit=fail 1 reasons, fail? false running=false current=pure failure 1 reasons, fail? true",
  "11: finished stack=0 exit=fail 1 reasons, fail? false running=false current=pure failure 1 reasons, fail? true",
  "12: finished stack=0 exit=fail 1 reasons, fail? false running=false current=pure failure 1 reasons, fail? true",
  "13: finished stack=0 exit=fail 1 reasons, fail? false running=false current=pure failure 1 reasons, fail? true",
  "14: finished stack=0 exit=fail 1 reasons, fail? false running=false current=pure failure 1 reasons, fail? true",
  "15: finished stack=0 exit=fail 1 reasons, fail? false running=false current=pure failure 1 reasons, fail? true",
  "16: finished stack=0 exit=fail 1 reasons, fail? false running=false current=pure failure 1 reasons, fail? true",
  "17: finished stack=0 exit=fail 1 reasons, fail? false running=false current=pure failure 1 reasons, fail? true",
  "18: finished stack=0 exit=fail 1 reasons, fail? false running=false current=pure failure 1 reasons, fail? true",
  "19: finished stack=0 exit=fail 1 reasons, fail? false running=false current=pure failure 1 reasons, fail? true",
  "20: finished stack=0 exit=fail 1 reasons, fail? false running=false current=pure failure 1 reasons, fail? true",
  "21: finished stack=0 exit=fail 1 reasons, fail? false running=false current=pure failure 1 reasons, fail? true",
  "22: finished stack=0 exit=fail 1 reasons, fail? false running=false current=pure failure 1 reasons, fail? true",
  "23: finished stack=0 exit=fail 1 reasons, fail? false running=false current=pure failure 1 reasons, fail? true",
  "24: finished stack=0 exit=fail 1 reasons, fail? false running=false current=pure failure 1 reasons, fail? true",
  "25: finished stack=0 exit=fail 1 reasons, fail? false running=false current=pure failure 1 reasons, fail? true",
  "26: finished stack=0 exit=fail 1 reasons, fail? false running=false current=pure failure 1 reasons, fail? true",
  "27: finished stack=0 exit=fail 1 reasons, fail? false running=false current=pure failure 1 reasons, fail? true",
  "28: finished stack=0 exit=fail 1 reasons, fail? false running=false current=pure failure 1 reasons, fail? true",
  "29: finished stack=0 exit=fail 1 reasons, fail? false running=false current=pure failure 1 reasons, fail? true",
  "30: finished stack=0 exit=fail 1 reasons, fail? false running=false current=pure failure 1 reasons, fail? true",
  "31: finished stack=0 exit=fail 1 reasons, fail? false running=false current=pure failure 1 reasons, fail? true",
  "32: finished stack=0 exit=fail 1 reasons, fail? false running=false current=pure failure 1 reasons, fail? true",
  "33: finished stack=0 exit=fail 1 reasons, fail? false running=false current=pure failure 1 reasons, fail? true",
  "34: finished stack=0 exit=fail 1 reasons, fail? false running=false current=pure failure 1 reasons, fail? true",
  "35: finished stack=0 exit=fail 1 reasons, fail? false running=false current=pure failure 1 reasons, fail? true",
  "36: finished stack=0 exit=fail 1 reasons, fail? false running=false current=pure failure 1 reasons, fail? true",
  "37: finished stack=0 exit=fail 1 reasons, fail? false running=false current=pure failure 1 reasons, fail? true",
  "38: finished stack=0 exit=fail 1 reasons, fail? false running=false current=pure failure 1 reasons, fail? true",
  "39: finished stack=0 exit=fail 1 reasons, fail? false running=false current=pure failure 1 reasons, fail? true"]
