#exhaustive_gate Effect4.Program.Ty (family [Effect4.Program.Ty]) under Effect4: 65 match(es) read it, 27 with no catch-all — appending a constructor refuses exactly those
  Effect4.Program.methodArgsRow	Effect4.Codegen.PrintLeaf	Effect4.Program.methodArgsRow.match_1	discr 0	alts 2	catchAll true
  Effect4.Program.NativeAtom.projectProduct.hom	Effect4.Laws.Program.Folds.Ty	Effect4.Program.NativeAtom.projectProduct.match_1	discr 0	alts 4	catchAll true
  Effect4.Program.Ty.members.hom	Effect4.Laws.Program.Folds.Ty	Effect4.Program.Ty.members.match_1	discr 0	alts 20	catchAll false
  Effect4.Program.Val.hasTy.hom	Effect4.Laws.Program.Folds.Ty	Effect4.Program.Val.hasTy.match_40	discr 0	alts 20	catchAll false
  Effect4.Program.findInt.hom	Effect4.Laws.Program.Folds.Ty	Effect4.Program.findInt.match_1	discr 0	alts 20	catchAll false
  Effect4.Program.rawSupportedErrTy.hom	Effect4.Laws.Program.Folds.Ty	Effect4.Program.rawSupportedErrTy.match_1	discr 0	alts 20	catchAll false
  Effect4.Schema.Codec.decodeRaw.hom	Effect4.Laws.Program.Folds.Ty	Effect4.Schema.Codec.decodeRaw.match_3	discr 0	alts 13	catchAll true
  Effect4.Schema.Codec.encodeRaw.hom	Effect4.Laws.Program.Folds.Ty	Effect4.Schema.Codec.encodeRaw.match_1	discr 0	alts 16	catchAll true
  Effect4.Schema.Codec.layout.hom	Effect4.Laws.Program.Folds.Ty	Effect4.Schema.Codec.layout.match_1	discr 0	alts 8	catchAll true
  Effect4.Program.Ty.templateAdmissible	Effect4.Laws.Program.Template	Effect4.Program.Ty.templateAdmissible.match_1	discr 0	alts 20	catchAll false
  Effect4.Program.Ty.varsOf	Effect4.Laws.Program.Template	Effect4.Program.Ty.varsOf.match_1	discr 0	alts 20	catchAll false
  Effect4.Program.Ty.Variance.holds	Effect4.Laws.Program.TyView	Effect4.Program.Ty.Variance.holds.match_1	discr 1	alts 3	catchAll true
  Effect4.Program.Ty.Variance.holds	Effect4.Laws.Program.TyView	Effect4.Program.Ty.Variance.holds.match_1	discr 2	alts 3	catchAll true
  Effect4.Program.Ty.args	Effect4.Laws.Program.TyView	Effect4.Program.Ty.args.match_1	discr 0	alts 20	catchAll false
  Effect4.Program.Ty.litRule	Effect4.Laws.Program.TyView	Effect4.Program.Ty.litRule.match_1	discr 0	alts 2	catchAll true
  Effect4.Program.Ty.litRule	Effect4.Laws.Program.TyView	Effect4.Program.Ty.litRule.match_1	discr 1	alts 2	catchAll true
  Effect4.Program.Ty.sameHead	Effect4.Laws.Program.TyView	Effect4.Program.Ty.sameHead.match_1	discr 0	alts 20	catchAll true
  Effect4.Program.Ty.sameHead	Effect4.Laws.Program.TyView	Effect4.Program.Ty.sameHead.match_1	discr 1	alts 20	catchAll true
  Effect4.Program.Ty.topRule	Effect4.Laws.Program.TyView	Effect4.Program.Ty.topRule.match_1	discr 0	alts 2	catchAll true
  Effect4.Program.Ty.topRule	Effect4.Laws.Program.TyView	Effect4.Program.Ty.topRule.match_1	discr 1	alts 2	catchAll true
  Effect4.Program.Typed.Fits	Effect4.Laws.Program.Typed.Membership	Effect4.Program.Typed.Fits.match_25	discr 0	alts 20	catchAll false
  Effect4.Program.Typed.Fits.hom	Effect4.Laws.Program.Typed.Membership	Effect4.Program.Typed.Fits.match_25	discr 0	alts 20	catchAll false
  Effect4.Program.Typed.FlatFits	Effect4.Laws.Program.Typed.Membership	Effect4.Program.Typed.FlatFits.match_16	discr 0	alts 6	catchAll true
  Effect4.Program.findInt	Effect4.Program.Admission	Effect4.Program.findInt.match_1	discr 0	alts 20	catchAll false
  Effect4.Program.Authoring.ServiceDef.receiver	Effect4.Program.Authoring.Services	Effect4.Program.Authoring.ServiceDef.receiver.match_1	discr 0	alts 2	catchAll true
  Effect4.Program.Checker.exitOf?	Effect4.Program.Checker	Effect4.Program.Checker.exitOf?.match_1	discr 0	alts 2	catchAll true
  Effect4.Program.Checker.listOf?	Effect4.Program.Checker	Effect4.Program.Checker.listOf?.match_1	discr 0	alts 2	catchAll true
  Effect4.Program.externalValue	Effect4.Program.Compile	Effect4.Program.externalValue.match_1	discr 0	alts 2	catchAll true
  Effect4.Program.Decision.arms	Effect4.Program.Decision	Effect4.Program.Decision.arms.match_1	discr 0	alts 2	catchAll true
  Effect4.Program.Decision.arms	Effect4.Program.Decision	Effect4.Program.Decision.arms.match_4	discr 1	alts 3	catchAll true
  Effect4.Program.isTagTy	Effect4.Program.Eff	Effect4.Program.isTagTy.match_1	discr 0	alts 4	catchAll true
  Effect4.Program.rawSupportedErrTy	Effect4.Program.Eff	Effect4.Program.rawSupportedErrTy.match_1	discr 0	alts 20	catchAll false
  Effect4.Program.cata_ty	Effect4.Program.Fold	Effect4.Program.cata_ty.match_1	discr 0	alts 20	catchAll false
  Effect4.Program.foldM_ty	Effect4.Program.Fold	Effect4.Program.cata_ty.match_1	discr 0	alts 20	catchAll false
  Effect4.Program.foldMapAt_ty	Effect4.Program.Fold	Effect4.Program.cata_ty.match_1	discr 0	alts 20	catchAll false
  Effect4.Program.foldMap_ty	Effect4.Program.Fold	Effect4.Program.cata_ty.match_1	discr 0	alts 20	catchAll false
  Effect4.Program.NativeAtom.projectProduct	Effect4.Program.NativeAtom	Effect4.Program.NativeAtom.projectProduct.match_1	discr 0	alts 4	catchAll true
  Effect4.Program.causeInputError?	Effect4.Program.NativeAtom	Effect4.Program.causeInputError?.match_1	discr 0	alts 3	catchAll true
  Effect4.Program.Ty.closed	Effect4.Program.Ty	Effect4.Program.Ty.closed.match_1	discr 0	alts 20	catchAll false
  Effect4.Program.Ty.factors	Effect4.Program.Ty	Effect4.Program.Ty.factors.match_1	discr 0	alts 2	catchAll true
  Effect4.Program.Ty.infer	Effect4.Program.Ty	Effect4.Program.Ty.infer.match_3	discr 0	alts 12	catchAll true
  Effect4.Program.Ty.infer	Effect4.Program.Ty	Effect4.Program.Ty.infer.match_3	discr 1	alts 12	catchAll true
  Effect4.Program.Ty.instantiate	Effect4.Program.Ty	Effect4.Program.Ty.instantiate.match_1	discr 0	alts 20	catchAll false
  Effect4.Program.Ty.isFactor	Effect4.Program.Ty	Effect4.Program.Ty.isFactor.match_1	discr 0	alts 2	catchAll true
  Effect4.Program.Ty.isMember	Effect4.Program.Ty	Effect4.Program.Ty.isMember.match_1	discr 0	alts 20	catchAll false
  Effect4.Program.Ty.isNever	Effect4.Program.Ty	Effect4.Program.Ty.key.match_1	discr 0	alts 20	catchAll false
  Effect4.Program.Ty.isTagged	Effect4.Program.Ty	Effect4.Program.Ty.isTagged.match_1	discr 0	alts 2	catchAll true
  Effect4.Program.Ty.key	Effect4.Program.Ty	Effect4.Program.Ty.key.match_1	discr 0	alts 20	catchAll false
  Effect4.Program.Ty.members	Effect4.Program.Ty	Effect4.Program.Ty.members.match_1	discr 0	alts 20	catchAll false
  Effect4.Program.Ty.normalize	Effect4.Program.Ty	Effect4.Program.Ty.normalize.match_1	discr 0	alts 20	catchAll false
  Effect4.Program.Ty.payloadOf	Effect4.Program.Ty	Effect4.Program.Ty.isTagged.match_1	discr 0	alts 2	catchAll true
  Effect4.Program.Ty.renderRaw	Effect4.Program.Ty	Effect4.Program.Ty.renderRaw.match_1	discr 0	alts 22	catchAll false
  Effect4.Program.Ty.sub	Effect4.Program.Ty	Effect4.Program.Ty.sub.match_1	discr 0	alts 15	catchAll true
  Effect4.Program.Ty.sub	Effect4.Program.Ty	Effect4.Program.Ty.sub.match_1	discr 1	alts 15	catchAll true
  Effect4.Program.Ty.taggedColumn	Effect4.Program.Ty	Effect4.Program.Ty.taggedColumn.match_1	discr 0	alts 8	catchAll true
  Effect4.Program.instReprTy.repr	Effect4.Program.Ty	Effect4.Program.instReprTy.repr.match_1	discr 0	alts 20	catchAll false
  Effect4.Program.Val.hasTy	Effect4.Program.Typed	Effect4.Program.Val.hasTy.match_40	discr 0	alts 20	catchAll false
  Effect4.Program.selectRefusal	Effect4.Program.Typing.Blame	Effect4.Program.selectRefusal.match_1	discr 1	alts 3	catchAll true
  Effect4.Program.fiberTy	Effect4.Program.Typing.Rules	Effect4.Program.fiberTy.match_1	discr 0	alts 2	catchAll true
  Effect4.Schema.Bridge.schema	Effect4.Schema.Bridge	Effect4.Schema.Bridge.schema.match_1	discr 0	alts 20	catchAll false
  Effect4.Schema.Codec.decodeRaw	Effect4.Schema.Codec	Effect4.Schema.Codec.decodeRaw.match_3	discr 0	alts 13	catchAll true
  Effect4.Schema.Codec.encodeRaw	Effect4.Schema.Codec	Effect4.Schema.Codec.encodeRaw.match_1	discr 0	alts 16	catchAll true
  Effect4.Schema.Codec.isSupported	Effect4.Schema.Codec	Effect4.Schema.Codec.isSupported.match_1	discr 0	alts 14	catchAll true
  Effect4.Schema.Codec.layout	Effect4.Schema.Codec	Effect4.Schema.Codec.layout.match_1	discr 0	alts 8	catchAll true
  Effect4.Store.ProgramGen.TyC.toValTy	Effect4.Store.Domain.Derived.Program	Effect4.Store.ProgramGen.TyC.toValTy.match_1	discr 0	alts 20	catchAll false
#ty_theorem_census: 217 authored theorems of Effect4.* eliminate a Ty directly; 37 induct (rec/brecOn), 180 case only
  by module (inducts, cases only):
  Effect4.Codegen.PrintLeaf	0	1
  Effect4.Codegen.Read	0	3
  Effect4.Laws.Api.Supervision	0	1
  Effect4.Laws.Codegen.PrintReadable	0	3
  Effect4.Laws.Codegen.Read	0	2
  Effect4.Laws.Codegen.ReadPrint	0	3
  Effect4.Laws.Program.Admit	2	2
  Effect4.Laws.Program.Admits	0	20
  Effect4.Laws.Program.Agreement	0	7
  Effect4.Laws.Program.Agreement.Loop	0	2
  Effect4.Laws.Program.Agreement.Machine	0	6
  Effect4.Laws.Program.Authoring	0	1
  Effect4.Laws.Program.Decision	0	2
  Effect4.Laws.Program.ErrorQueries	0	1
  Effect4.Laws.Program.Guard.RaceSites	0	1
  Effect4.Laws.Program.Handles.Hooks	0	1
  Effect4.Laws.Program.Intro.Weight	0	3
  Effect4.Laws.Program.Invocation	0	2
  Effect4.Laws.Program.References	0	3
  Effect4.Laws.Program.Residual	0	1
  Effect4.Laws.Program.Simulation.Hooks	0	1
  Effect4.Laws.Program.Template	8	16
  Effect4.Laws.Program.TyView	4	51
  Effect4.Laws.Program.TypeAlgebra	6	10
  Effect4.Laws.Program.Typed	1	9
  Effect4.Laws.Program.Typed.Membership	3	2
  Effect4.Laws.Program.Typing.CheckInversion	0	9
  Effect4.Program.Decision	0	1
  Effect4.Program.Eff	1	0
  Effect4.Program.Fold	4	0
  Effect4.Program.LayerView	0	1
  Effect4.Program.NativeAtom	0	1
  Effect4.Program.Ty	5	9
  Effect4.Program.Typing.Blame	0	1
  Effect4.Schema.Bridge	1	0
  Effect4.Store.Domain.Derived.Program	2	4
  theorems:
  Effect4.Codegen.PrintLeaf	Effect4.Program.methodArgsRow_shape	cases
  Effect4.Codegen.Read	Effect4.Program.printKey_readable	cases
  Effect4.Codegen.Read	Effect4.Program.readKey_exact	cases
  Effect4.Codegen.Read	Effect4.Program.readKey_printKey	cases
  Effect4.Laws.Api.Supervision	Effect4.Api.child_sub	cases
  Effect4.Laws.Codegen.PrintReadable	Effect4.Program.argPrints_of_forced	cases
  Effect4.Laws.Codegen.PrintReadable	Effect4.Program.argPrints_of_sortPrints	cases
  Effect4.Laws.Codegen.PrintReadable	Effect4.Program.printArg_ok_leaf	cases
  Effect4.Laws.Codegen.Read	Effect4.Program.printArg_fixed	cases
  Effect4.Laws.Codegen.Read	Effect4.Program.readLeaf_exact	cases
  Effect4.Laws.Codegen.ReadPrint	Effect4.Program.Fixed.holds_eq	cases
  Effect4.Laws.Codegen.ReadPrint	Effect4.Program.leafReadable_of_argReadable	cases
  Effect4.Laws.Codegen.ReadPrint	Effect4.Program.readLeaf_print	cases
  Effect4.Laws.Program.Admit	Effect4.Program.externalValue_internalFree	cases
  Effect4.Laws.Program.Admit	Effect4.Program.externalValue_typed	cases
  Effect4.Laws.Program.Admit	Effect4.Program.hasTy_isTagTy_allocation	induct
  Effect4.Laws.Program.Admit	Effect4.Program.isTagTy_string	induct
  Effect4.Laws.Program.Admits	Effect4.Program.cata_ty.match_1.congr_eq_1	cases
  Effect4.Laws.Program.Admits	Effect4.Program.cata_ty.match_1.congr_eq_10	cases
  Effect4.Laws.Program.Admits	Effect4.Program.cata_ty.match_1.congr_eq_11	cases
  Effect4.Laws.Program.Admits	Effect4.Program.cata_ty.match_1.congr_eq_12	cases
  Effect4.Laws.Program.Admits	Effect4.Program.cata_ty.match_1.congr_eq_13	cases
  Effect4.Laws.Program.Admits	Effect4.Program.cata_ty.match_1.congr_eq_14	cases
  Effect4.Laws.Program.Admits	Effect4.Program.cata_ty.match_1.congr_eq_15	cases
  Effect4.Laws.Program.Admits	Effect4.Program.cata_ty.match_1.congr_eq_16	cases
  Effect4.Laws.Program.Admits	Effect4.Program.cata_ty.match_1.congr_eq_17	cases
  Effect4.Laws.Program.Admits	Effect4.Program.cata_ty.match_1.congr_eq_18	cases
  Effect4.Laws.Program.Admits	Effect4.Program.cata_ty.match_1.congr_eq_19	cases
  Effect4.Laws.Program.Admits	Effect4.Program.cata_ty.match_1.congr_eq_2	cases
  Effect4.Laws.Program.Admits	Effect4.Program.cata_ty.match_1.congr_eq_20	cases
  Effect4.Laws.Program.Admits	Effect4.Program.cata_ty.match_1.congr_eq_3	cases
  Effect4.Laws.Program.Admits	Effect4.Program.cata_ty.match_1.congr_eq_4	cases
  Effect4.Laws.Program.Admits	Effect4.Program.cata_ty.match_1.congr_eq_5	cases
  Effect4.Laws.Program.Admits	Effect4.Program.cata_ty.match_1.congr_eq_6	cases
  Effect4.Laws.Program.Admits	Effect4.Program.cata_ty.match_1.congr_eq_7	cases
  Effect4.Laws.Program.Admits	Effect4.Program.cata_ty.match_1.congr_eq_8	cases
  Effect4.Laws.Program.Admits	Effect4.Program.cata_ty.match_1.congr_eq_9	cases
  Effect4.Laws.Program.Agreement	Effect4.Program.Agreement.compileEff_at_zero	cases
  Effect4.Laws.Program.Agreement	Effect4.Program.Agreement.compileEff_perform	cases
  Effect4.Laws.Program.Agreement	Effect4.Program.Agreement.suspendBodyAt_of_at	cases
  Effect4.Laws.Program.Agreement	Effect4.Program.Agreement.suspendBodyAt_provideLayer	cases
  Effect4.Laws.Program.Agreement	Effect4.Program.Agreement.suspendBodyAt_select_bad	cases
  Effect4.Laws.Program.Agreement	Effect4.Program.Agreement.suspendBodyAt_select_of_decide	cases
  Effect4.Laws.Program.Agreement	Effect4.Program.Agreement.suspendBodyAt_suspend	cases
  Effect4.Laws.Program.Agreement.Loop	Effect4.Program.Agreement.loopAt_iterate	cases
  Effect4.Laws.Program.Agreement.Loop	Effect4.Program.Agreement.loopResultAt_iterate	cases
  Effect4.Laws.Program.Agreement.Machine	Effect4.Program.Agreement.child_plain	cases
  Effect4.Laws.Program.Agreement.Machine	Effect4.Program.Agreement.compileEff_zero	cases
  Effect4.Laws.Program.Agreement.Machine	Effect4.Program.Agreement.suspendBodyAt_iterate_at	cases
  Effect4.Laws.Program.Agreement.Machine	Effect4.Program.Agreement.suspendBodyAt_missing	cases
  Effect4.Laws.Program.Agreement.Machine	Effect4.Program.Agreement.suspendBodyAt_other	cases
  Effect4.Laws.Program.Agreement.Machine	Effect4.Program.Agreement.suspendBodyAt_zero	cases
  Effect4.Laws.Program.Authoring	Effect4.Program.Authoring.Node.scopedAt_child	cases
  Effect4.Laws.Program.Decision	Effect4.Program.Decision.decide_typed	cases
  Effect4.Laws.Program.Decision	Effect4.Program.Ty.payload_hasTy	cases
  Effect4.Laws.Program.ErrorQueries	Effect4.Program.queryReasons?_typed	cases
  Effect4.Laws.Program.Guard.RaceSites	Effect4.Program.Guard.raceSites_suspendBodyAt	cases
  Effect4.Laws.Program.Handles.Hooks	Effect4.Program.suspendBodyAt_keys	cases
  Effect4.Laws.Program.Intro.Weight	Effect4.Program.Sched.suspendBodyAt_gen	cases
  Effect4.Laws.Program.Intro.Weight	Effect4.Program.Sched.suspendBodyAt_iterate	cases
  Effect4.Laws.Program.Intro.Weight	Effect4.Program.Sched.suspendBodyAt_zero'	cases
  Effect4.Laws.Program.Invocation	Effect4.Program.compileEff_perform_eq_asyncRoute	cases
  Effect4.Laws.Program.Invocation	Effect4.Program.compile_zero_fuel	cases
  Effect4.Laws.Program.References	Effect4.Program.Node.child_setChild_ne	cases
  Effect4.Laws.Program.References	Effect4.Program.Node.setChild_exists	cases
  Effect4.Laws.Program.References	Effect4.Program.Node.setChild_spec	cases
  Effect4.Laws.Program.Residual	Effect4.Program.Ty.hasTy_of_not_tagged	cases
  Effect4.Laws.Program.Simulation.Hooks	Effect4.Program.Sched.loopAt_congr	cases
  Effect4.Laws.Program.Template	Effect4.Program.Ty.cata_admits_instantiate	induct
  Effect4.Laws.Program.Template	Effect4.Program.Ty.closed_factors	cases
  Effect4.Laws.Program.Template	Effect4.Program.Ty.closed_members	induct
  Effect4.Laws.Program.Template	Effect4.Program.Ty.closed_normalize	induct
  Effect4.Laws.Program.Template	Effect4.Program.Ty.infer.match_1.congr_eq_1	cases
  Effect4.Laws.Program.Template	Effect4.Program.Ty.infer.match_1.congr_eq_2	cases
  Effect4.Laws.Program.Template	Effect4.Program.Ty.infer.match_3.congr_eq_1	cases
  Effect4.Laws.Program.Template	Effect4.Program.Ty.infer.match_3.congr_eq_10	cases
  Effect4.Laws.Program.Template	Effect4.Program.Ty.infer.match_3.congr_eq_11	cases
  Effect4.Laws.Program.Template	Effect4.Program.Ty.infer.match_3.congr_eq_12	induct
  Effect4.Laws.Program.Template	Effect4.Program.Ty.infer.match_3.congr_eq_2	cases
  Effect4.Laws.Program.Template	Effect4.Program.Ty.infer.match_3.congr_eq_3	cases
  Effect4.Laws.Program.Template	Effect4.Program.Ty.infer.match_3.congr_eq_4	cases
  Effect4.Laws.Program.Template	Effect4.Program.Ty.infer.match_3.congr_eq_5	cases
  Effect4.Laws.Program.Template	Effect4.Program.Ty.infer.match_3.congr_eq_6	cases
  Effect4.Laws.Program.Template	Effect4.Program.Ty.infer.match_3.congr_eq_7	cases
  Effect4.Laws.Program.Template	Effect4.Program.Ty.infer.match_3.congr_eq_8	cases
  Effect4.Laws.Program.Template	Effect4.Program.Ty.infer.match_3.congr_eq_9	cases
  Effect4.Laws.Program.Template	Effect4.Program.Ty.infer_closed	induct
  Effect4.Laws.Program.Template	Effect4.Program.Ty.instantiate_closed	induct
  Effect4.Laws.Program.Template	Effect4.Program.Ty.matchTemplateArgs_widens	cases
  Effect4.Laws.Program.Template	Effect4.Program.Ty.templateAdmissible_of_closed	induct
  Effect4.Laws.Program.Template	Effect4.Program.Ty.varsOf_eq_nil_of_closed	induct
  Effect4.Laws.Program.Template	Effect4.Program.sub_not_complete	cases
  Effect4.Laws.Program.TyView	Effect4.Program.Ty.argsBelow_refl	cases
  Effect4.Laws.Program.TyView	Effect4.Program.Ty.args_congr	cases
  Effect4.Laws.Program.TyView	Effect4.Program.Ty.litRule_eq_false	cases
  Effect4.Laws.Program.TyView	Effect4.Program.Ty.litRule_eq_true	cases
  Effect4.Laws.Program.TyView	Effect4.Program.Ty.sameHead.fun_cases_unfolding	cases
  Effect4.Laws.Program.TyView	Effect4.Program.Ty.sameHead.match_1.congr_eq_1	cases
  Effect4.Laws.Program.TyView	Effect4.Program.Ty.sameHead.match_1.congr_eq_10	cases
  Effect4.Laws.Program.TyView	Effect4.Program.Ty.sameHead.match_1.congr_eq_11	cases
  Effect4.Laws.Program.TyView	Effect4.Program.Ty.sameHead.match_1.congr_eq_12	cases
  Effect4.Laws.Program.TyView	Effect4.Program.Ty.sameHead.match_1.congr_eq_13	cases
  Effect4.Laws.Program.TyView	Effect4.Program.Ty.sameHead.match_1.congr_eq_14	cases
  Effect4.Laws.Program.TyView	Effect4.Program.Ty.sameHead.match_1.congr_eq_15	cases
  Effect4.Laws.Program.TyView	Effect4.Program.Ty.sameHead.match_1.congr_eq_16	cases
  Effect4.Laws.Program.TyView	Effect4.Program.Ty.sameHead.match_1.congr_eq_17	cases
  Effect4.Laws.Program.TyView	Effect4.Program.Ty.sameHead.match_1.congr_eq_18	cases
  Effect4.Laws.Program.TyView	Effect4.Program.Ty.sameHead.match_1.congr_eq_19	cases
  Effect4.Laws.Program.TyView	Effect4.Program.Ty.sameHead.match_1.congr_eq_2	cases
  Effect4.Laws.Program.TyView	Effect4.Program.Ty.sameHead.match_1.congr_eq_20	induct
  Effect4.Laws.Program.TyView	Effect4.Program.Ty.sameHead.match_1.congr_eq_3	cases
  Effect4.Laws.Program.TyView	Effect4.Program.Ty.sameHead.match_1.congr_eq_4	cases
  Effect4.Laws.Program.TyView	Effect4.Program.Ty.sameHead.match_1.congr_eq_5	cases
  Effect4.Laws.Program.TyView	Effect4.Program.Ty.sameHead.match_1.congr_eq_6	cases
  Effect4.Laws.Program.TyView	Effect4.Program.Ty.sameHead.match_1.congr_eq_7	cases
  Effect4.Laws.Program.TyView	Effect4.Program.Ty.sameHead.match_1.congr_eq_8	cases
  Effect4.Laws.Program.TyView	Effect4.Program.Ty.sameHead.match_1.congr_eq_9	cases
  Effect4.Laws.Program.TyView	Effect4.Program.Ty.sameHead_refl	cases
  Effect4.Laws.Program.TyView	Effect4.Program.Ty.sameHead_symm	cases
  Effect4.Laws.Program.TyView	Effect4.Program.Ty.sameHead_trans	cases
  Effect4.Laws.Program.TyView	Effect4.Program.Ty.sizeOf_args	cases
  Effect4.Laws.Program.TyView	Effect4.Program.Ty.sub.fun_cases_unfolding	cases
  Effect4.Laws.Program.TyView	Effect4.Program.Ty.sub.match_1.congr_eq_1	cases
  Effect4.Laws.Program.TyView	Effect4.Program.Ty.sub.match_1.congr_eq_10	cases
  Effect4.Laws.Program.TyView	Effect4.Program.Ty.sub.match_1.congr_eq_11	cases
  Effect4.Laws.Program.TyView	Effect4.Program.Ty.sub.match_1.congr_eq_12	cases
  Effect4.Laws.Program.TyView	Effect4.Program.Ty.sub.match_1.congr_eq_13	cases
  Effect4.Laws.Program.TyView	Effect4.Program.Ty.sub.match_1.congr_eq_14	cases
  Effect4.Laws.Program.TyView	Effect4.Program.Ty.sub.match_1.congr_eq_15	induct
  Effect4.Laws.Program.TyView	Effect4.Program.Ty.sub.match_1.congr_eq_2	cases
  Effect4.Laws.Program.TyView	Effect4.Program.Ty.sub.match_1.congr_eq_3	induct
  Effect4.Laws.Program.TyView	Effect4.Program.Ty.sub.match_1.congr_eq_4	induct
  Effect4.Laws.Program.TyView	Effect4.Program.Ty.sub.match_1.congr_eq_5	cases
  Effect4.Laws.Program.TyView	Effect4.Program.Ty.sub.match_1.congr_eq_6	cases
  Effect4.Laws.Program.TyView	Effect4.Program.Ty.sub.match_1.congr_eq_7	cases
  Effect4.Laws.Program.TyView	Effect4.Program.Ty.sub.match_1.congr_eq_8	cases
  Effect4.Laws.Program.TyView	Effect4.Program.Ty.sub.match_1.congr_eq_9	cases
  Effect4.Laws.Program.TyView	Effect4.Program.Ty.sub_args_causeOf	cases
  Effect4.Laws.Program.TyView	Effect4.Program.Ty.sub_args_deferredOf	cases
  Effect4.Laws.Program.TyView	Effect4.Program.Ty.sub_args_except	cases
  Effect4.Laws.Program.TyView	Effect4.Program.Ty.sub_args_exitOf	cases
  Effect4.Laws.Program.TyView	Effect4.Program.Ty.sub_args_fiberOf	cases
  Effect4.Laws.Program.TyView	Effect4.Program.Ty.sub_args_list	cases
  Effect4.Laws.Program.TyView	Effect4.Program.Ty.sub_args_option	cases
  Effect4.Laws.Program.TyView	Effect4.Program.Ty.sub_args_prod	cases
  Effect4.Laws.Program.TyView	Effect4.Program.Ty.sub_args_refOf	cases
  Effect4.Laws.Program.TyView	Effect4.Program.Ty.topRule_eq_false	cases
  Effect4.Laws.Program.TypeAlgebra	Effect4.Program.Ty.OrderProof.factors_coverage	cases
  Effect4.Laws.Program.TypeAlgebra	Effect4.Program.Ty.OrderProof.member_sub_self	induct
  Effect4.Laws.Program.TypeAlgebra	Effect4.Program.Ty.OrderProof.members_subset_factors	cases
  Effect4.Laws.Program.TypeAlgebra	Effect4.Program.Ty.OrderProof.normal_args	cases
  Effect4.Laws.Program.TypeAlgebra	Effect4.Program.Ty.OrderProof.normal_children	cases
  Effect4.Laws.Program.TypeAlgebra	Effect4.Program.Ty.OrderProof.sizeOf_member_le	induct
  Effect4.Laws.Program.TypeAlgebra	Effect4.Program.Ty.OrderProof.sizeOf_member_lt	cases
  Effect4.Laws.Program.TypeAlgebra	Effect4.Program.Ty.OrderProof.sub_iff_members	induct
  Effect4.Laws.Program.TypeAlgebra	Effect4.Program.Ty.OrderProof.sub_member_right_iff	induct
  Effect4.Laws.Program.TypeAlgebra	Effect4.Program.Ty.OrderProof.sub_never	cases
  Effect4.Laws.Program.TypeAlgebra	Effect4.Program.Ty.OrderProof.sub_prod_mono	cases
  Effect4.Laws.Program.TypeAlgebra	Effect4.Program.Ty.isMember_eq_false	cases
  Effect4.Laws.Program.TypeAlgebra	Effect4.Program.Ty.sub_never_right	cases
  Effect4.Laws.Program.TypeAlgebra	Effect4.Program.hasTy_factors	cases
  Effect4.Laws.Program.TypeAlgebra	Effect4.Program.hasTy_members	induct
  Effect4.Laws.Program.TypeAlgebra	Effect4.Program.hasTy_normalize	induct
  Effect4.Laws.Program.Typed	Effect4.Program.Fits.instantiate	cases
  Effect4.Laws.Program.Typed	Effect4.Program.Fits.sub	cases
  Effect4.Laws.Program.Typed	Effect4.Program.NativeAtom.findSome?_monoApply	cases
  Effect4.Laws.Program.Typed	Effect4.Program.NativeAtom.projectProduct_typed	induct
  Effect4.Laws.Program.Typed	Effect4.Program.NativeAtom.sound	cases
  Effect4.Laws.Program.Typed	Effect4.Program.NativeAtom.sound_of_alts	cases
  Effect4.Laws.Program.Typed	Effect4.Program.NativeAtom.sound_of_custom	cases
  Effect4.Laws.Program.Typed	Effect4.Program.NativeAtom.sound_of_mono	cases
  Effect4.Laws.Program.Typed	Effect4.Program.NativeAtom.sound_of_poly	cases
  Effect4.Laws.Program.Typed	Effect4.Program.NativeAtom.sound_of_variadic	cases
  Effect4.Laws.Program.Typed.Membership	Effect4.Program.Typed.fits_hasTy	induct
  Effect4.Laws.Program.Typed.Membership	Effect4.Program.Typed.fits_live	induct
  Effect4.Laws.Program.Typed.Membership	Effect4.Program.Typed.fits_map	induct
  Effect4.Laws.Program.Typed.Membership	Effect4.Program.Typed.flatFits_fits	cases
  Effect4.Laws.Program.Typed.Membership	Effect4.Program.Typed.flatFits_map	cases
  Effect4.Laws.Program.Typing.CheckInversion	Effect4.Program.Checker.exitOf?_eq_some	cases
  Effect4.Laws.Program.Typing.CheckInversion	Effect4.Program.Checker.inv_stmts_bindYield	cases
  Effect4.Laws.Program.Typing.CheckInversion	Effect4.Program.Checker.inv_stmts_breakLoop	cases
  Effect4.Laws.Program.Typing.CheckInversion	Effect4.Program.Checker.inv_stmts_ifElse	cases
  Effect4.Laws.Program.Typing.CheckInversion	Effect4.Program.Checker.inv_stmts_ret	cases
  Effect4.Laws.Program.Typing.CheckInversion	Effect4.Program.Checker.inv_stmts_ret_cons	cases
  Effect4.Laws.Program.Typing.CheckInversion	Effect4.Program.Checker.inv_stmts_whileTrue	cases
  Effect4.Laws.Program.Typing.CheckInversion	Effect4.Program.Checker.inv_stmts_yieldDiscard	cases
  Effect4.Laws.Program.Typing.CheckInversion	Effect4.Program.Checker.listOf?_eq_some	cases
  Effect4.Program.Decision	Effect4.Program.Decision.arms_length	cases
  Effect4.Program.Eff	Effect4.Program.rawSupportedErrTy_iff_members	induct
  Effect4.Program.Fold	Effect4.Program.cata_id_ty	induct
  Effect4.Program.Fold	Effect4.Program.foldM_eq_cata_ty	induct
  Effect4.Program.Fold	Effect4.Program.foldM_natural_ty	induct
  Effect4.Program.Fold	Effect4.Program.hom_eq_cata_ty	induct
  Effect4.Program.LayerView	Effect4.Program.makers_cata	cases
  Effect4.Program.NativeAtom	Effect4.Program.NativeAtom.typeOf_mono	cases
  Effect4.Program.Ty	Effect4.Program.Ty.Normal.factors	cases
  Effect4.Program.Ty	Effect4.Program.Ty.brecOn.eq	induct
  Effect4.Program.Ty	Effect4.Program.Ty.factors_isFactor	cases
  Effect4.Program.Ty	Effect4.Program.Ty.factors_singleton	cases
  Effect4.Program.Ty	Effect4.Program.Ty.key_injective	induct
  Effect4.Program.Ty	Effect4.Program.Ty.matchTemplateArgs_length	cases
  Effect4.Program.Ty	Effect4.Program.Ty.members_atom	cases
  Effect4.Program.Ty	Effect4.Program.Ty.members_isMember	induct
  Effect4.Program.Ty	Effect4.Program.Ty.normal_normalize	induct
  Effect4.Program.Ty	Effect4.Program.Ty.sub_lit_string	cases
  Effect4.Program.Ty	Effect4.Program.Ty.sub_refl	cases
  Effect4.Program.Ty	Effect4.Program.Ty.sub_union_left	cases
  Effect4.Program.Ty	Effect4.Program.Ty.sub_union_right	cases
  Effect4.Program.Ty	Effect4.Program.Ty.sub_unknown	induct
  Effect4.Program.Typing.Blame	Effect4.Program.GenTy.joinAnswer_isSome	cases
  Effect4.Schema.Bridge	Effect4.Schema.Bridge.ofSchema_schema	induct
  Effect4.Store.Domain.Derived.Program	Effect4.Store.ProgramGen.EffTyC.ofVal_exact	cases
  Effect4.Store.Domain.Derived.Program	Effect4.Store.ProgramGen.EffTyC.ofVal_toVal	cases
  Effect4.Store.Domain.Derived.Program	Effect4.Store.ProgramGen.RowC.ofVal_exact	cases
  Effect4.Store.Domain.Derived.Program	Effect4.Store.ProgramGen.RowC.ofVal_toVal	cases
  Effect4.Store.Domain.Derived.Program	Effect4.Store.ProgramGen.TyC.fitsTy	induct
  Effect4.Store.Domain.Derived.Program	Effect4.Store.ProgramGen.TyC.rawTy_toValTy	induct
bash  lake env lean -M6144 -DwarningAsError=true   17.78s user 2.47s system 86% cpu 23.407 total
