'DataProbe.Nested.Ty.beq_iff' depends on axioms: [propext]
'DataProbe.Nested.Ty.ind' does not depend on any axioms
'DataProbe.Nested.Ty.key_injective' depends on axioms: [propext]
'DataProbe.Nested.Ty.normal_normalize' depends on axioms: [propext, Quot.sound]
'DataProbe.Nested.Ty.Normal.fixed' depends on axioms: [propext, Quot.sound]
'DataProbe.Nested.Ty.normalize_idem' depends on axioms: [propext, Quot.sound]
'DataProbe.Nested.Ty.sub_unknown' depends on axioms: [propext, Quot.sound]
'DataProbe.Nested.fitsV_iff_hasTyV' depends on axioms: [propext, Quot.sound]
'DataProbe.Nested.user_normalize' depends on axioms: [propext, Quot.sound]
'DataProbe.Nested.ada_fits' depends on axioms: [propext, Quot.sound]
'DataProbe.Nested.swapped_not_fits' depends on axioms: [propext, Quot.sound]
'DataProbe.Nested.square_fits' depends on axioms: [propext, Quot.sound]
'DataProbe.Nested.positional_width_unsound' depends on axioms: [propext, Quot.sound]
'DataProbe.Nested.fitsN_sub' depends on axioms: [propext, Quot.sound]
'DataProbe.Nested.named_width_sound' depends on axioms: [propext]
'DataProbe.Nested.width_admits_unnamed_handle' depends on axioms: [propext]
'DataProbe.Nested.fitsFields_exact_mono' depends on axioms: [propext]
'DataProbe.Nested.Verify.positional_not_normalize_invariant' depends on axioms: [propext, Quot.sound]
'DataProbe.Nested.Verify.hasTyV_normalize_fails' depends on axioms: [propext, Quot.sound]
'DataProbe.Nested.Verify.dup_normalize' depends on axioms: [propext, Quot.sound]
'DataProbe.Nested.Verify.positional_dup_not_invariant' depends on axioms: [propext, Quot.sound]
'DataProbe.Nested.Verify.named_dup_not_invariant' depends on axioms: [propext, Quot.sound]
'DataProbe.Nested.Verify.emptyRec_canonical' depends on axioms: [propext, Quot.sound]
'DataProbe.Nested.Verify.emptyRec_uninhabited' depends on axioms: [propext]
