#exhaustive_gate Effect4.Machine.Err (family [Effect4.Machine.Err]) under Effect4: 6 match(es) read it, 6 with no catch-all — appending a constructor refuses exactly those
  Effect4.Store.RunnerGen.ErrC.toVal	Effect4.Api.RunnerDerived	Effect4.Store.RunnerGen.ErrC.toVal.match_1	discr 0	alts 4	catchAll false
  Effect4.Machine.Defect.ofError	Effect4.Machine.Alphabets	Effect4.Machine.Defect.ofError.match_1	discr 0	alts 4	catchAll false
  Effect4.Machine.Err.image	Effect4.Machine.Alphabets	Effect4.Machine.instReprErr.repr.match_1	discr 0	alts 4	catchAll false
  Effect4.Machine.instReprErr.repr	Effect4.Machine.Alphabets	Effect4.Machine.instReprErr.repr.match_1	discr 0	alts 4	catchAll false
  Effect4.Program.valOfErr	Effect4.Machine.Term	Effect4.Program.valOfErr.match_1	discr 0	alts 4	catchAll false
  Effect4.Schema.Codec.encodeErr	Effect4.Schema.Codec	Effect4.Schema.Codec.encodeErr.match_1	discr 0	alts 4	catchAll false
#exhaustive_gate Effect4.Program.Lit (family [Effect4.Program.Lit]) under Effect4: 7 match(es) read it, 7 with no catch-all — appending a constructor refuses exactly those
  Effect4.Program.printLit	Effect4.Codegen.PrintLeaf	Effect4.Program.printLit.match_1	discr 0	alts 4	catchAll false
  Effect4.Program.Lit.toVal	Effect4.Machine.Term	Effect4.Program.instReprLit.repr.match_1	discr 0	alts 4	catchAll false
  Effect4.Program.instReprLit.repr	Effect4.Machine.Term	Effect4.Program.instReprLit.repr.match_1	discr 0	alts 4	catchAll false
  Effect4.Program.Lit.ty	Effect4.Program.Eff	Effect4.Program.Lit.ty.match_1	discr 0	alts 4	catchAll false
  Effect4.Program.litArgTy	Effect4.Program.Typing.Rules	Effect4.Program.litArgTy.match_1	discr 0	alts 4	catchAll false
  Effect4.Program.litVal	Effect4.Program.Typing.Rules	Effect4.Program.litVal.match_1	discr 0	alts 4	catchAll false
  Effect4.Store.ProgramGen.LitC.toVal	Effect4.Store.Domain.Derived.Program	Effect4.Store.ProgramGen.LitC.toVal.match_1	discr 0	alts 4	catchAll false
#exhaustive_gate Effect4.Program.NativeAtom (family [Effect4.Program.NativeAtom]) under Effect4: 3 match(es) read it, 3 with no catch-all — appending a constructor refuses exactly those
  Effect4.Program.NativeAtom.eval	Effect4.Machine.Term	Effect4.Program.NativeAtom.eval.match_3	discr 0	alts 68	catchAll false
  Effect4.Program.NativeAtom.row	Effect4.Machine.Term	Effect4.Program.NativeAtom.row.match_1	discr 0	alts 33	catchAll false
  Effect4.Program.NativeAtom.spec	Effect4.Program.NativeAtom	Effect4.Program.NativeAtom.spec.match_1	discr 0	alts 33	catchAll false
#exhaustive_gate Effect4.Store.Val (family [Effect4.Store.Val]) under Effect4: 241 match(es) read it, 16 with no catch-all — appending a constructor refuses exactly those
  Effect4.Store.ApiGen.ExhaustionC.ofVal	Effect4.Api.Derived	Effect4.Store.ApiGen.ExhaustionC.ofVal.match_1	discr 0	alts 3	catchAll true
  Effect4.Store.ApiGen.FiberIdC.ofVal	Effect4.Api.Derived	Effect4.Store.ApiGen.FiberIdC.ofVal.match_4	discr 0	alts 2	catchAll true
  Effect4.Store.ApiGen.FrontierReasonC.ofVal	Effect4.Api.Derived	Effect4.Store.ApiGen.FrontierReasonC.ofVal.match_3	discr 0	alts 6	catchAll true
  Effect4.Store.ApiGen.KeyC.ofVal	Effect4.Api.Derived	Effect4.Store.ApiGen.KeyC.ofVal.match_3	discr 0	alts 2	catchAll true
  Effect4.Store.RunnerGen.AdmitRefusalC.ofVal	Effect4.Api.RunnerDerived	Effect4.Store.RunnerGen.AdmitRefusalC.ofVal.match_1	discr 0	alts 8	catchAll true
  Effect4.Store.RunnerGen.CallC.ofVal	Effect4.Api.RunnerDerived	Effect4.Store.RunnerGen.CallC.ofVal.match_3	discr 0	alts 2	catchAll true
  Effect4.Store.RunnerGen.CauseC.ofVal	Effect4.Api.RunnerDerived	Effect4.Store.RunnerGen.RefKeyC.ofVal.match_4	discr 0	alts 2	catchAll true
  Effect4.Store.RunnerGen.CommandC.ofVal	Effect4.Api.RunnerDerived	Effect4.Store.RunnerGen.CommandC.ofVal.match_3	discr 0	alts 5	catchAll true
  Effect4.Store.RunnerGen.CompletionC.ofVal	Effect4.Api.RunnerDerived	Effect4.Store.RunnerGen.ExitC.ofVal.match_1	discr 0	alts 3	catchAll true
  Effect4.Store.RunnerGen.DefectC.ofVal	Effect4.Api.RunnerDerived	Effect4.Store.RunnerGen.DefectC.ofVal.match_1	discr 0	alts 7	catchAll true
  Effect4.Store.RunnerGen.ErrC.ofVal	Effect4.Api.RunnerDerived	Effect4.Store.RunnerGen.ErrC.ofVal.match_3	discr 0	alts 5	catchAll true
  Effect4.Store.RunnerGen.ExitC.ofVal	Effect4.Api.RunnerDerived	Effect4.Store.RunnerGen.ExitC.ofVal.match_1	discr 0	alts 3	catchAll true
  Effect4.Store.RunnerGen.HeaderC.ofVal	Effect4.Api.RunnerDerived	Effect4.Store.RunnerGen.HeaderC.ofVal.match_3	discr 0	alts 2	catchAll true
  Effect4.Store.RunnerGen.OutcomeC.ofVal	Effect4.Api.RunnerDerived	Effect4.Store.RunnerGen.OutcomeC.ofVal.match_1	discr 0	alts 4	catchAll true
  Effect4.Store.RunnerGen.PhaseC.ofVal	Effect4.Api.RunnerDerived	Effect4.Store.RunnerGen.PhaseC.ofVal.match_1	discr 0	alts 7	catchAll true
  Effect4.Store.RunnerGen.ReasonC.ofVal	Effect4.Api.RunnerDerived	Effect4.Store.RunnerGen.ReasonC.ofVal.match_7	discr 0	alts 4	catchAll true
  Effect4.Store.RunnerGen.RefKeyC.ofVal	Effect4.Api.RunnerDerived	Effect4.Store.RunnerGen.RefKeyC.ofVal.match_4	discr 0	alts 2	catchAll true
  Effect4.Store.RunnerGen.RefusalC.ofVal	Effect4.Api.RunnerDerived	Effect4.Store.RunnerGen.RefusalC.ofVal.match_1	discr 0	alts 17	catchAll true
  Effect4.Store.RunnerGen.ReplyC.ofVal	Effect4.Api.RunnerDerived	Effect4.Store.RunnerGen.ReplyC.ofVal.match_3	discr 0	alts 2	catchAll true
  Effect4.Store.RunnerGen.RunDecisionC.ofVal	Effect4.Api.RunnerDerived	Effect4.Store.RunnerGen.RunDecisionC.ofVal.match_7	discr 0	alts 9	catchAll true
  Effect4.Store.RunnerGen.StateC.ofVal	Effect4.Api.RunnerDerived	Effect4.Store.RunnerGen.StateC.ofVal.match_1	discr 0	alts 5	catchAll true
  Effect4.Store.RunnerGen.StuckC.ofVal	Effect4.Api.RunnerDerived	Effect4.Store.RunnerGen.StuckC.ofVal.match_1	discr 0	alts 4	catchAll true
  Effect4.Store.RunnerGen.TableRefusalC.ofVal	Effect4.Api.RunnerDerived	Effect4.Store.RunnerGen.ExitC.ofVal.match_1	discr 0	alts 3	catchAll true
  Effect4.Machine.reasonsOfVal.hom	Effect4.Laws.Machine.Folds.Stores	Effect4.Machine.reasonsOfVal.match_1	discr 0	alts 3	catchAll true
  Effect4.Machine.Val.keys.hom	Effect4.Laws.Machine.Folds.Val	Effect4.Machine.Val.keys.match_1	discr 0	alts 6	catchAll true
  Effect4.Machine.Val.validIn.hom	Effect4.Laws.Machine.Folds.Val	Effect4.Machine.Val.validIn.match_1	discr 0	alts 6	catchAll true
  Effect4.Machine.Val.keys	Effect4.Laws.Machine.Handles	Effect4.Machine.Val.keys.match_1	discr 0	alts 6	catchAll true
  Effect4.Machine.Val.validIn	Effect4.Laws.Machine.StoresLaws	Effect4.Machine.Val.validIn.match_1	discr 0	alts 6	catchAll true
  Effect4.Machine.Handle.ofStore	Effect4.Laws.Machine.StoresValue	Effect4.Machine.Handle.ofStore.match_1	discr 0	alts 2	catchAll true
  Effect4.Machine.Witnesses.valCode	Effect4.Laws.Machine.Witnesses	Effect4.Machine.Witnesses.valCode.match_1	discr 0	alts 13	catchAll true
  Effect4.Program.Val.hasTy.alg	Effect4.Laws.Program.Folds.Ty	Effect4.Program.Val.hasTy.match_1	discr 0	alts 2	catchAll true
  Effect4.Program.Val.hasTy.alg	Effect4.Laws.Program.Folds.Ty	Effect4.Program.Val.hasTy.match_10	discr 0	alts 2	catchAll true
  Effect4.Program.Val.hasTy.alg	Effect4.Laws.Program.Folds.Ty	Effect4.Program.Val.hasTy.match_13	discr 0	alts 3	catchAll true
  Effect4.Program.Val.hasTy.alg	Effect4.Laws.Program.Folds.Ty	Effect4.Program.Val.hasTy.match_20	discr 0	alts 2	catchAll true
  Effect4.Program.Val.hasTy.alg	Effect4.Laws.Program.Folds.Ty	Effect4.Program.Val.hasTy.match_23	discr 0	alts 2	catchAll true
  Effect4.Program.Val.hasTy.alg	Effect4.Laws.Program.Folds.Ty	Effect4.Program.Val.hasTy.match_27	discr 0	alts 3	catchAll true
  Effect4.Program.Val.hasTy.alg	Effect4.Laws.Program.Folds.Ty	Effect4.Program.Val.hasTy.match_32	discr 0	alts 2	catchAll true
  Effect4.Program.Val.hasTy.alg	Effect4.Laws.Program.Folds.Ty	Effect4.Program.Val.hasTy.match_37	discr 0	alts 3	catchAll true
  Effect4.Program.Val.hasTy.alg	Effect4.Laws.Program.Folds.Ty	Effect4.Program.Val.hasTy.match_4	discr 0	alts 2	catchAll true
  Effect4.Program.Val.hasTy.alg	Effect4.Laws.Program.Folds.Ty	Effect4.Program.Val.hasTy.match_7	discr 0	alts 2	catchAll true
  Effect4.Program.Val.hasTy.hom	Effect4.Laws.Program.Folds.Ty	Effect4.Program.Val.hasTy.match_1	discr 0	alts 2	catchAll true
  Effect4.Program.Val.hasTy.hom	Effect4.Laws.Program.Folds.Ty	Effect4.Program.Val.hasTy.match_10	discr 0	alts 2	catchAll true
  Effect4.Program.Val.hasTy.hom	Effect4.Laws.Program.Folds.Ty	Effect4.Program.Val.hasTy.match_13	discr 0	alts 3	catchAll true
  Effect4.Program.Val.hasTy.hom	Effect4.Laws.Program.Folds.Ty	Effect4.Program.Val.hasTy.match_20	discr 0	alts 2	catchAll true
  Effect4.Program.Val.hasTy.hom	Effect4.Laws.Program.Folds.Ty	Effect4.Program.Val.hasTy.match_23	discr 0	alts 2	catchAll true
  Effect4.Program.Val.hasTy.hom	Effect4.Laws.Program.Folds.Ty	Effect4.Program.Val.hasTy.match_27	discr 0	alts 3	catchAll true
  Effect4.Program.Val.hasTy.hom	Effect4.Laws.Program.Folds.Ty	Effect4.Program.Val.hasTy.match_32	discr 0	alts 2	catchAll true
  Effect4.Program.Val.hasTy.hom	Effect4.Laws.Program.Folds.Ty	Effect4.Program.Val.hasTy.match_37	discr 0	alts 3	catchAll true
  Effect4.Program.Val.hasTy.hom	Effect4.Laws.Program.Folds.Ty	Effect4.Program.Val.hasTy.match_4	discr 0	alts 2	catchAll true
  Effect4.Program.Val.hasTy.hom	Effect4.Laws.Program.Folds.Ty	Effect4.Program.Val.hasTy.match_7	discr 0	alts 2	catchAll true
  Effect4.Schema.Codec.encodeRaw.hom	Effect4.Laws.Program.Folds.Ty	Effect4.Schema.Codec.encodeRaw.match_1	discr 1	alts 16	catchAll true
  Effect4.Program.Typed.Fits	Effect4.Laws.Program.Typed.Membership	Effect4.Program.Typed.Fits.match_1	discr 0	alts 3	catchAll true
  Effect4.Program.Typed.Fits	Effect4.Laws.Program.Typed.Membership	Effect4.Program.Typed.Fits.match_11	discr 0	alts 2	catchAll true
  Effect4.Program.Typed.Fits	Effect4.Laws.Program.Typed.Membership	Effect4.Program.Typed.Fits.match_14	discr 0	alts 3	catchAll true
  Effect4.Program.Typed.Fits	Effect4.Laws.Program.Typed.Membership	Effect4.Program.Typed.Fits.match_19	discr 0	alts 2	catchAll true
  Effect4.Program.Typed.Fits	Effect4.Laws.Program.Typed.Membership	Effect4.Program.Typed.Fits.match_21	discr 0	alts 2	catchAll true
  Effect4.Program.Typed.Fits	Effect4.Laws.Program.Typed.Membership	Effect4.Program.Typed.Fits.match_23	discr 0	alts 2	catchAll true
  Effect4.Program.Typed.Fits	Effect4.Laws.Program.Typed.Membership	Effect4.Program.Typed.Fits.match_6	discr 0	alts 3	catchAll true
  Effect4.Program.Typed.Fits	Effect4.Laws.Program.Typed.Membership	Effect4.Program.Typed.FlatFits.match_1	discr 0	alts 2	catchAll true
  Effect4.Program.Typed.Fits	Effect4.Laws.Program.Typed.Membership	Effect4.Program.Typed.FlatFits.match_10	discr 0	alts 2	catchAll true
  Effect4.Program.Typed.Fits	Effect4.Laws.Program.Typed.Membership	Effect4.Program.Typed.FlatFits.match_13	discr 0	alts 2	catchAll true
  Effect4.Program.Typed.Fits	Effect4.Laws.Program.Typed.Membership	Effect4.Program.Typed.FlatFits.match_4	discr 0	alts 2	catchAll true
  Effect4.Program.Typed.Fits	Effect4.Laws.Program.Typed.Membership	Effect4.Program.Typed.FlatFits.match_7	discr 0	alts 2	catchAll true
  Effect4.Program.Typed.Fits.alg	Effect4.Laws.Program.Typed.Membership	Effect4.Program.Typed.Fits.match_1	discr 0	alts 3	catchAll true
  Effect4.Program.Typed.Fits.alg	Effect4.Laws.Program.Typed.Membership	Effect4.Program.Typed.Fits.match_11	discr 0	alts 2	catchAll true
  Effect4.Program.Typed.Fits.alg	Effect4.Laws.Program.Typed.Membership	Effect4.Program.Typed.Fits.match_14	discr 0	alts 3	catchAll true
  Effect4.Program.Typed.Fits.alg	Effect4.Laws.Program.Typed.Membership	Effect4.Program.Typed.Fits.match_19	discr 0	alts 2	catchAll true
  Effect4.Program.Typed.Fits.alg	Effect4.Laws.Program.Typed.Membership	Effect4.Program.Typed.Fits.match_21	discr 0	alts 2	catchAll true
  Effect4.Program.Typed.Fits.alg	Effect4.Laws.Program.Typed.Membership	Effect4.Program.Typed.Fits.match_23	discr 0	alts 2	catchAll true
  Effect4.Program.Typed.Fits.alg	Effect4.Laws.Program.Typed.Membership	Effect4.Program.Typed.Fits.match_6	discr 0	alts 3	catchAll true
  Effect4.Program.Typed.Fits.alg	Effect4.Laws.Program.Typed.Membership	Effect4.Program.Typed.FlatFits.match_1	discr 0	alts 2	catchAll true
  Effect4.Program.Typed.Fits.alg	Effect4.Laws.Program.Typed.Membership	Effect4.Program.Typed.FlatFits.match_10	discr 0	alts 2	catchAll true
  Effect4.Program.Typed.Fits.alg	Effect4.Laws.Program.Typed.Membership	Effect4.Program.Typed.FlatFits.match_13	discr 0	alts 2	catchAll true
  Effect4.Program.Typed.Fits.alg	Effect4.Laws.Program.Typed.Membership	Effect4.Program.Typed.FlatFits.match_4	discr 0	alts 2	catchAll true
  Effect4.Program.Typed.Fits.alg	Effect4.Laws.Program.Typed.Membership	Effect4.Program.Typed.FlatFits.match_7	discr 0	alts 2	catchAll true
  Effect4.Program.Typed.Fits.hom	Effect4.Laws.Program.Typed.Membership	Effect4.Program.Typed.Fits.match_1	discr 0	alts 3	catchAll true
  Effect4.Program.Typed.Fits.hom	Effect4.Laws.Program.Typed.Membership	Effect4.Program.Typed.Fits.match_11	discr 0	alts 2	catchAll true
  Effect4.Program.Typed.Fits.hom	Effect4.Laws.Program.Typed.Membership	Effect4.Program.Typed.Fits.match_14	discr 0	alts 3	catchAll true
  Effect4.Program.Typed.Fits.hom	Effect4.Laws.Program.Typed.Membership	Effect4.Program.Typed.Fits.match_19	discr 0	alts 2	catchAll true
  Effect4.Program.Typed.Fits.hom	Effect4.Laws.Program.Typed.Membership	Effect4.Program.Typed.Fits.match_21	discr 0	alts 2	catchAll true
  Effect4.Program.Typed.Fits.hom	Effect4.Laws.Program.Typed.Membership	Effect4.Program.Typed.Fits.match_23	discr 0	alts 2	catchAll true
  Effect4.Program.Typed.Fits.hom	Effect4.Laws.Program.Typed.Membership	Effect4.Program.Typed.Fits.match_6	discr 0	alts 3	catchAll true
  Effect4.Program.Typed.Fits.hom	Effect4.Laws.Program.Typed.Membership	Effect4.Program.Typed.FlatFits.match_1	discr 0	alts 2	catchAll true
  Effect4.Program.Typed.Fits.hom	Effect4.Laws.Program.Typed.Membership	Effect4.Program.Typed.FlatFits.match_10	discr 0	alts 2	catchAll true
  Effect4.Program.Typed.Fits.hom	Effect4.Laws.Program.Typed.Membership	Effect4.Program.Typed.FlatFits.match_13	discr 0	alts 2	catchAll true
  Effect4.Program.Typed.Fits.hom	Effect4.Laws.Program.Typed.Membership	Effect4.Program.Typed.FlatFits.match_4	discr 0	alts 2	catchAll true
  Effect4.Program.Typed.Fits.hom	Effect4.Laws.Program.Typed.Membership	Effect4.Program.Typed.FlatFits.match_7	discr 0	alts 2	catchAll true
  Effect4.Store.Val.WF.hom	Effect4.Laws.Store.Folds.Val	Effect4.Store.Val.render.match_1	discr 0	alts 12	catchAll false
  Effect4.Store.Val.beq.hom	Effect4.Laws.Store.Folds.Val	Effect4.Store.Val.beq.match_1	discr 0	alts 13	catchAll true
  Effect4.Store.Val.beq.hom	Effect4.Laws.Store.Folds.Val	Effect4.Store.Val.beq.match_1	discr 1	alts 13	catchAll true
  Effect4.Store.Val.encode.hom	Effect4.Laws.Store.Folds.Val	Effect4.Store.Val.render.match_1	discr 0	alts 12	catchAll false
  Effect4.Store.Val.handles.hom	Effect4.Laws.Store.Folds.Val	Effect4.Store.Val.handles.match_1	discr 0	alts 6	catchAll true
  Effect4.Store.Val.malformedRef.hom	Effect4.Laws.Store.Folds.Val	Effect4.Store.Val.refs.match_1	discr 0	alts 6	catchAll true
  Effect4.Store.Val.payload.hom	Effect4.Laws.Store.Folds.Val	Effect4.Store.Val.render.match_1	discr 0	alts 12	catchAll false
  Effect4.Store.Val.refs.hom	Effect4.Laws.Store.Folds.Val	Effect4.Store.Val.refs.match_1	discr 0	alts 6	catchAll true
  Effect4.Store.Val.render.hom	Effect4.Laws.Store.Folds.Val	Effect4.Store.Val.render.match_1	discr 0	alts 12	catchAll false
  Effect4.Store.Val.wf.hom	Effect4.Laws.Store.Folds.Val	Effect4.Store.Val.render.match_1	discr 0	alts 12	catchAll false
  Effect4.Store.acceptsAt.hom	Effect4.Laws.Store.Folds.Val	Effect4.Store.acceptsAt.match_3	discr 0	alts 15	catchAll true
  Effect4.Store.printIn.hom	Effect4.Laws.Store.Folds.Val	Effect4.Store.printIn.match_10	discr 1	alts 12	catchAll false
  Effect4.Machine.Val.asList?	Effect4.Machine.Alphabets	Effect4.Machine.Val.asList?.match_1	discr 0	alts 2	catchAll true
  Effect4.Machine.Val.cause?	Effect4.Machine.Alphabets	Effect4.Machine.Val.cause?.match_1	discr 0	alts 2	catchAll true
  Effect4.Machine.Val.snapshot?	Effect4.Machine.Alphabets	Effect4.Machine.Val.snapshot?.match_1	discr 0	alts 2	catchAll true
  Effect4.Machine.ofDefect	Effect4.Machine.Alphabets	Effect4.Machine.ofDefect.match_1	discr 0	alts 7	catchAll true
  Effect4.Machine.ofErr	Effect4.Machine.Alphabets	Effect4.Machine.ofErr.match_1	discr 0	alts 5	catchAll true
  Effect4.Machine.Env.ofEntry	Effect4.Machine.ContextMap	Effect4.Machine.Env.ofEntry.match_1	discr 0	alts 2	catchAll true
  Effect4.Machine.Env.spine	Effect4.Machine.ContextMap	Effect4.Machine.Env.spine.match_1	discr 0	alts 2	catchAll true
  Effect4.Machine.contAOf	Effect4.Machine.Stores	Effect4.Machine.contAOf.match_3	discr 1	alts 20	catchAll true
  Effect4.Machine.ofCtx	Effect4.Machine.Stores	Effect4.Machine.ofCtx.match_1	discr 0	alts 2	catchAll true
  Effect4.Machine.reasonsOfVal	Effect4.Machine.Stores	Effect4.Machine.reasonsOfVal.match_1	discr 0	alts 3	catchAll true
  Effect4.Program.NativeAtom.tagHit	Effect4.Machine.Term	Effect4.Program.NativeAtom.tagHit.match_1	discr 0	alts 2	catchAll true
  Effect4.Program.Val.tuple?	Effect4.Machine.Term	Effect4.Program.Val.tuple?.match_1	discr 0	alts 2	catchAll true
  Effect4.Program.errOf	Effect4.Machine.Term	Effect4.Program.errOf.match_1	discr 0	alts 4	catchAll true
  Effect4.Program.queryReasons?	Effect4.Machine.Term	Effect4.Program.queryReasons?.match_1	discr 0	alts 2	catchAll true
  Effect4.Machine.HandleKind.ofHandle	Effect4.Machine.Value	Effect4.Machine.HandleKind.ofHandle.match_1	discr 0	alts 2	catchAll true
  Effect4.Machine.Value.ofExit	Effect4.Machine.Value	Effect4.Machine.Value.ofExit.match_1	discr 0	alts 3	catchAll true
  Effect4.Machine.Value.ofReason	Effect4.Machine.Value	Effect4.Machine.Value.ofReason.match_6	discr 0	alts 4	catchAll true
  Effect4.Program.actionAt	Effect4.Program.Compile	Effect4.Program.actionAt.match_1	discr 0	alts 2	catchAll true
  Effect4.Program.actionAt	Effect4.Program.Compile	Effect4.Program.actionAt.match_3	discr 0	alts 2	catchAll true
  Effect4.Program.contextsOf	Effect4.Program.Compile	Effect4.Program.contextsOf.match_1	discr 0	alts 2	catchAll true
  Effect4.Program.Config.Val.ofStore	Effect4.Program.ConfigValue	Effect4.Program.Config.Val.ofStore.match_4	discr 0	alts 7	catchAll true
  Effect4.Program.Decision.decide	Effect4.Program.Decision	Effect4.Program.Decision.decide.match_3	discr 1	alts 6	catchAll true
  Effect4.Program.Val.tagPayload?	Effect4.Program.Decision	Effect4.Program.Val.tagPayload?.match_1	discr 0	alts 2	catchAll true
  Effect4.Program.NativeOp.syncOpOf	Effect4.Program.Native	Effect4.Program.NativeOp.syncOpOf.match_1	discr 1	alts 21	catchAll true
  Effect4.Program.Stream.chunk?	Effect4.Program.Stream	Effect4.Program.Stream.chunk?.match_1	discr 0	alts 3	catchAll true
  Effect4.Program.Val.hasTy	Effect4.Program.Typed	Effect4.Program.Val.hasTy.match_1	discr 0	alts 2	catchAll true
  Effect4.Program.Val.hasTy	Effect4.Program.Typed	Effect4.Program.Val.hasTy.match_10	discr 0	alts 2	catchAll true
  Effect4.Program.Val.hasTy	Effect4.Program.Typed	Effect4.Program.Val.hasTy.match_13	discr 0	alts 3	catchAll true
  Effect4.Program.Val.hasTy	Effect4.Program.Typed	Effect4.Program.Val.hasTy.match_20	discr 0	alts 2	catchAll true
  Effect4.Program.Val.hasTy	Effect4.Program.Typed	Effect4.Program.Val.hasTy.match_23	discr 0	alts 2	catchAll true
  Effect4.Program.Val.hasTy	Effect4.Program.Typed	Effect4.Program.Val.hasTy.match_27	discr 0	alts 3	catchAll true
  Effect4.Program.Val.hasTy	Effect4.Program.Typed	Effect4.Program.Val.hasTy.match_32	discr 0	alts 2	catchAll true
  Effect4.Program.Val.hasTy	Effect4.Program.Typed	Effect4.Program.Val.hasTy.match_37	discr 0	alts 3	catchAll true
  Effect4.Program.Val.hasTy	Effect4.Program.Typed	Effect4.Program.Val.hasTy.match_4	discr 0	alts 2	catchAll true
  Effect4.Program.Val.hasTy	Effect4.Program.Typed	Effect4.Program.Val.hasTy.match_7	discr 0	alts 2	catchAll true
  Effect4.Schema.Codec.encodeRaw	Effect4.Schema.Codec	Effect4.Schema.Codec.encodeRaw.match_1	discr 1	alts 16	catchAll true
  Effect4.Store.cata_val	Effect4.Store.Carrier.Fold	Effect4.Store.cata_val.match_1	discr 0	alts 12	catchAll false
  Effect4.Store.foldMap_val	Effect4.Store.Carrier.Fold	Effect4.Store.cata_val.match_1	discr 0	alts 12	catchAll false
  Effect4.Store.Image.ofBool	Effect4.Store.Carrier.Image	Effect4.Store.Image.ofBool.match_1	discr 0	alts 2	catchAll true
  Effect4.Store.Image.ofCtor1	Effect4.Store.Carrier.Image	Effect4.Store.Image.ofCtor1.match_1	discr 0	alts 2	catchAll true
  Effect4.Store.Image.ofCtor2	Effect4.Store.Carrier.Image	Effect4.Store.Image.ofCtor2.match_1	discr 0	alts 2	catchAll true
  Effect4.Store.Image.ofCtor3	Effect4.Store.Carrier.Image	Effect4.Store.Image.ofCtor3.match_3	discr 0	alts 2	catchAll true
  Effect4.Store.Image.ofList	Effect4.Store.Carrier.Image	Effect4.Store.Image.ofList.match_1	discr 0	alts 2	catchAll true
  Effect4.Store.Image.ofOption	Effect4.Store.Carrier.Image	Effect4.Store.Image.ofOption.match_1	discr 0	alts 3	catchAll true
  Effect4.Store.Image.ofPair	Effect4.Store.Carrier.Image	Effect4.Store.Image.ofPair.match_4	discr 0	alts 2	catchAll true
  Effect4.Store.Image.ofString	Effect4.Store.Carrier.Image	Effect4.Store.Image.ofString.match_1	discr 0	alts 2	catchAll true
  Effect4.Store.Image.ofUnit	Effect4.Store.Carrier.Image	Effect4.Store.Image.ofUnit.match_1	discr 0	alts 2	catchAll true
  Effect4.Store.Image.ofSum	Effect4.Store.Carrier.Image.Containers	Effect4.Store.Image.ofSum.match_1	discr 0	alts 3	catchAll true
  Effect4.Store.Image.ofTuple2	Effect4.Store.Carrier.Image.Containers	Effect4.Store.Image.ofTuple2.match_4	discr 0	alts 2	catchAll true
  Effect4.Store.Val.WF	Effect4.Store.Carrier.Val	Effect4.Store.Val.render.match_1	discr 0	alts 12	catchAll false
  Effect4.Store.Val.beq	Effect4.Store.Carrier.Val	Effect4.Store.Val.beq.match_1	discr 0	alts 13	catchAll true
  Effect4.Store.Val.beq	Effect4.Store.Carrier.Val	Effect4.Store.Val.beq.match_1	discr 1	alts 13	catchAll true
  Effect4.Store.Val.children	Effect4.Store.Carrier.Val	Effect4.Store.Val.children.match_1	discr 0	alts 5	catchAll true
  Effect4.Store.Val.encode	Effect4.Store.Carrier.Val	Effect4.Store.Val.render.match_1	discr 0	alts 12	catchAll false
  Effect4.Store.Val.handles	Effect4.Store.Carrier.Val	Effect4.Store.Val.handles.match_1	discr 0	alts 6	catchAll true
  Effect4.Store.Val.payload	Effect4.Store.Carrier.Val	Effect4.Store.Val.render.match_1	discr 0	alts 12	catchAll false
  Effect4.Store.Val.render	Effect4.Store.Carrier.Val	Effect4.Store.Val.render.match_1	discr 0	alts 12	catchAll false
  Effect4.Store.Val.tag	Effect4.Store.Carrier.Val	Effect4.Store.Val.render.match_1	discr 0	alts 12	catchAll false
  Effect4.Store.Val.wf	Effect4.Store.Carrier.Val	Effect4.Store.Val.render.match_1	discr 0	alts 12	catchAll false
  Effect4.Store.IntCanonical.ofVal	Effect4.Store.Domain.Canonical	Effect4.Store.IntCanonical.ofVal.match_1	discr 0	alts 3	catchAll true
  Effect4.Store.instCanonicalBool	Effect4.Store.Domain.Canonical	Effect4.Store.instCanonicalBool.match_1	discr 0	alts 2	catchAll true
  Effect4.Store.instCanonicalBytes	Effect4.Store.Domain.Canonical	Effect4.Store.instCanonicalDigest.match_1	discr 0	alts 2	catchAll true
  Effect4.Store.instCanonicalDigest	Effect4.Store.Domain.Canonical	Effect4.Store.instCanonicalDigest.match_1	discr 0	alts 2	catchAll true
  Effect4.Store.instCanonicalList	Effect4.Store.Domain.Canonical	Effect4.Store.instCanonicalList.match_1	discr 0	alts 2	catchAll true
  Effect4.Store.instCanonicalNat	Effect4.Store.Domain.Canonical	Effect4.Store.instCanonicalNat.match_1	discr 0	alts 2	catchAll true
  Effect4.Store.instCanonicalOption	Effect4.Store.Domain.Canonical	Effect4.Store.instCanonicalOption.match_3	discr 0	alts 3	catchAll true
  Effect4.Store.instCanonicalProd	Effect4.Store.Domain.Canonical	Effect4.Store.instCanonicalProd.match_4	discr 0	alts 2	catchAll true
  Effect4.Store.instCanonicalString	Effect4.Store.Domain.Canonical	Effect4.Store.instCanonicalString.match_1	discr 0	alts 2	catchAll true
  Effect4.Store.instCanonicalUInt64	Effect4.Store.Domain.Canonical	Effect4.Store.instCanonicalNat.match_1	discr 0	alts 2	catchAll true
  Effect4.Store.instCanonicalUInt8	Effect4.Store.Domain.Canonical	Effect4.Store.instCanonicalNat.match_1	discr 0	alts 2	catchAll true
  Effect4.Store.instCanonicalUnit	Effect4.Store.Domain.Canonical	Effect4.Store.instCanonicalUnit.match_1	discr 0	alts 2	catchAll true
  Effect4.Store.ClockCanonical.ofVal	Effect4.Store.Domain.Clock	Effect4.Store.ClockCanonical.ofVal.match_1	discr 0	alts 2	catchAll true
  Effect4.Store.JsonGen.Float64C.ofVal	Effect4.Store.Domain.Derived.Json	Effect4.Store.JsonGen.Float64C.ofVal.match_4	discr 0	alts 2	catchAll true
  Effect4.Store.JsonGen.JsonC.rawJson	Effect4.Store.Domain.Derived.Json	Effect4.Store.JsonGen.JsonC.rawJson.match_11	discr 0	alts 7	catchAll true
  Effect4.Store.JsonGen.JsonC.rawP1	Effect4.Store.Domain.Derived.Json	Effect4.Store.JsonGen.JsonC.rawP1.match_3	discr 0	alts 2	catchAll true
  Effect4.Store.ProgramGen.CauseTermC.rawCauseTerm	Effect4.Store.Domain.Derived.Program	Effect4.Store.ProgramGen.CauseTermC.rawCauseTerm.match_7	discr 0	alts 5	catchAll true
  Effect4.Store.ProgramGen.DecisionC.ofVal	Effect4.Store.Domain.Derived.Program	Effect4.Store.ProgramGen.DecisionC.ofVal.match_1	discr 0	alts 4	catchAll true
  Effect4.Store.ProgramGen.EffC.rawActionTerm	Effect4.Store.Domain.Derived.Program	Effect4.Store.ProgramGen.EffC.rawActionTerm.match_11	discr 0	alts 17	catchAll true
  Effect4.Store.ProgramGen.EffC.rawEff	Effect4.Store.Domain.Derived.Program	Effect4.Store.ProgramGen.EffC.rawEff.match_29	discr 0	alts 26	catchAll true
  Effect4.Store.ProgramGen.EffC.rawEffs	Effect4.Store.Domain.Derived.Program	Effect4.Store.ProgramGen.TermC.rawTerms.match_3	discr 0	alts 3	catchAll true
  Effect4.Store.ProgramGen.EffC.rawLayerTerm	Effect4.Store.Domain.Derived.Program	Effect4.Store.ProgramGen.EffC.rawLayerTerm.match_13	discr 0	alts 11	catchAll true
  Effect4.Store.ProgramGen.EffC.rawLayerTerms	Effect4.Store.Domain.Derived.Program	Effect4.Store.ProgramGen.TermC.rawTerms.match_3	discr 0	alts 3	catchAll true
  Effect4.Store.ProgramGen.EffC.rawStmt	Effect4.Store.Domain.Derived.Program	Effect4.Store.ProgramGen.EffC.rawStmt.match_3	discr 0	alts 7	catchAll true
  Effect4.Store.ProgramGen.EffC.rawStmts	Effect4.Store.Domain.Derived.Program	Effect4.Store.ProgramGen.TermC.rawTerms.match_3	discr 0	alts 3	catchAll true
  Effect4.Store.ProgramGen.EffTyC.ofVal	Effect4.Store.Domain.Derived.Program	Effect4.Store.ProgramGen.ForkOptionsC.ofVal.match_4	discr 0	alts 2	catchAll true
  Effect4.Store.ProgramGen.FinalizerStrategyC.ofVal	Effect4.Store.Domain.Derived.Program	Effect4.Store.ProgramGen.FinalizerStrategyC.ofVal.match_1	discr 0	alts 3	catchAll true
  Effect4.Store.ProgramGen.FnNameC.ofVal	Effect4.Store.Domain.Derived.Program	Effect4.Store.ProgramGen.FnNameC.ofVal.match_1	discr 0	alts 6	catchAll true
  Effect4.Store.ProgramGen.ForkOptionsC.ofVal	Effect4.Store.Domain.Derived.Program	Effect4.Store.ProgramGen.ForkOptionsC.ofVal.match_4	discr 0	alts 2	catchAll true
  Effect4.Store.ProgramGen.LitC.ofVal	Effect4.Store.Domain.Derived.Program	Effect4.Store.ProgramGen.LitC.ofVal.match_1	discr 0	alts 5	catchAll true
  Effect4.Store.ProgramGen.MaskModeC.ofVal	Effect4.Store.Domain.Derived.Program	Effect4.Store.ProgramGen.MaskModeC.ofVal.match_1	discr 0	alts 4	catchAll true
  Effect4.Store.ProgramGen.NativeOpC.ofVal	Effect4.Store.Domain.Derived.Program	Effect4.Store.ProgramGen.NativeOpC.ofVal.match_1	discr 0	alts 24	catchAll true
  Effect4.Store.ProgramGen.ObserverModeC.ofVal	Effect4.Store.Domain.Derived.Program	Effect4.Store.ProgramGen.FinalizerStrategyC.ofVal.match_1	discr 0	alts 3	catchAll true
  Effect4.Store.ProgramGen.RegistrationC.ofVal	Effect4.Store.Domain.Derived.Program	Effect4.Store.ProgramGen.FinalizerStrategyC.ofVal.match_1	discr 0	alts 3	catchAll true
  Effect4.Store.ProgramGen.RowC.ofVal	Effect4.Store.Domain.Derived.Program	Effect4.Store.ProgramGen.RowC.ofVal.match_3	discr 0	alts 2	catchAll true
  Effect4.Store.ProgramGen.RowKindC.ofVal	Effect4.Store.Domain.Derived.Program	Effect4.Store.ProgramGen.MaskModeC.ofVal.match_1	discr 0	alts 4	catchAll true
  Effect4.Store.ProgramGen.RowShapeC.ofVal	Effect4.Store.Domain.Derived.Program	Effect4.Store.ProgramGen.RowShapeC.ofVal.match_1	discr 0	alts 5	catchAll true
  Effect4.Store.ProgramGen.ServiceKeyC.ofVal	Effect4.Store.Domain.Derived.Program	Effect4.Store.ProgramGen.ServiceKeyC.ofVal.match_3	discr 0	alts 2	catchAll true
  Effect4.Store.ProgramGen.ServiceNameC.ofVal	Effect4.Store.Domain.Derived.Program	Effect4.Store.ProgramGen.ServiceNameC.ofVal.match_1	discr 0	alts 2	catchAll true
  Effect4.Store.ProgramGen.ServiceTypeCodeC.ofVal	Effect4.Store.Domain.Derived.Program	Effect4.Store.ProgramGen.ServiceNameC.ofVal.match_1	discr 0	alts 2	catchAll true
  Effect4.Store.ProgramGen.TermC.rawTerm	Effect4.Store.Domain.Derived.Program	Effect4.Store.ProgramGen.TermC.rawTerm.match_7	discr 0	alts 4	catchAll true
  Effect4.Store.ProgramGen.TermC.rawTerms	Effect4.Store.Domain.Derived.Program	Effect4.Store.ProgramGen.TermC.rawTerms.match_3	discr 0	alts 3	catchAll true
  Effect4.Store.ProgramGen.TyC.rawTy	Effect4.Store.Domain.Derived.Program	Effect4.Store.ProgramGen.TyC.rawTy.match_7	discr 0	alts 21	catchAll true
  Effect4.Store.SchemaGen.AnnotationEntryC.ofVal	Effect4.Store.Domain.Derived.Schema	Effect4.Store.SchemaGen.AnnotationEntryC.ofVal.match_3	discr 0	alts 2	catchAll true
  Effect4.Store.SchemaGen.DocumentC.ofVal	Effect4.Store.Domain.Derived.Schema	Effect4.Store.SchemaGen.AnnotationEntryC.ofVal.match_3	discr 0	alts 2	catchAll true
  Effect4.Store.SchemaGen.EnumEntryC.ofVal	Effect4.Store.Domain.Derived.Schema	Effect4.Store.SchemaGen.AnnotationEntryC.ofVal.match_3	discr 0	alts 2	catchAll true
  Effect4.Store.SchemaGen.EnumValueC.ofVal	Effect4.Store.Domain.Derived.Schema	Effect4.Store.SchemaGen.EnumValueC.ofVal.match_1	discr 0	alts 3	catchAll true
  Effect4.Store.SchemaGen.GlobalSymbolKeyC.ofVal	Effect4.Store.Domain.Derived.Schema	Effect4.Store.SchemaGen.ReferenceKeyC.ofVal.match_4	discr 0	alts 2	catchAll true
  Effect4.Store.SchemaGen.LiteralValueC.ofVal	Effect4.Store.Domain.Derived.Schema	Effect4.Store.SchemaGen.LiteralValueC.ofVal.match_1	discr 0	alts 5	catchAll true
  Effect4.Store.SchemaGen.MultiDocumentC.ofVal	Effect4.Store.Domain.Derived.Schema	Effect4.Store.SchemaGen.AnnotationEntryC.ofVal.match_3	discr 0	alts 2	catchAll true
  Effect4.Store.SchemaGen.PropertyKeyC.ofVal	Effect4.Store.Domain.Derived.Schema	Effect4.Store.SchemaGen.PropertyKeyC.ofVal.match_1	discr 0	alts 4	catchAll true
  Effect4.Store.SchemaGen.ReferenceEntryC.ofVal	Effect4.Store.Domain.Derived.Schema	Effect4.Store.SchemaGen.AnnotationEntryC.ofVal.match_3	discr 0	alts 2	catchAll true
  Effect4.Store.SchemaGen.ReferenceKeyC.ofVal	Effect4.Store.Domain.Derived.Schema	Effect4.Store.SchemaGen.ReferenceKeyC.ofVal.match_4	discr 0	alts 2	catchAll true
  Effect4.Store.SchemaGen.RepresentationAnnotationC.ofVal	Effect4.Store.Domain.Derived.Schema	Effect4.Store.SchemaGen.AnnotationEntryC.ofVal.match_3	discr 0	alts 2	catchAll true
  Effect4.Store.SchemaGen.RepresentationC.rawCheck	Effect4.Store.Domain.Derived.Schema	Effect4.Store.SchemaGen.RepresentationC.rawCheck.match_5	discr 0	alts 3	catchAll true
  Effect4.Store.SchemaGen.RepresentationC.rawCheckRepresentationAnnotationOf	Effect4.Store.Domain.Derived.Schema	Effect4.Store.SchemaGen.RepresentationC.rawCheckRepresentationAnnotationOf.match_3	discr 0	alts 2	catchAll true
  Effect4.Store.SchemaGen.RepresentationC.rawElementOf	Effect4.Store.Domain.Derived.Schema	Effect4.Store.SchemaGen.RepresentationC.rawCheckRepresentationAnnotationOf.match_3	discr 0	alts 2	catchAll true
  Effect4.Store.SchemaGen.RepresentationC.rawIndexSignatureOf	Effect4.Store.Domain.Derived.Schema	Effect4.Store.SchemaGen.AnnotationEntryC.ofVal.match_3	discr 0	alts 2	catchAll true
  Effect4.Store.SchemaGen.RepresentationC.rawO5	Effect4.Store.Domain.Derived.Schema	Effect4.Store.SchemaGen.RepresentationC.rawO5.match_3	discr 0	alts 3	catchAll true
  Effect4.Store.SchemaGen.RepresentationC.rawO7	Effect4.Store.Domain.Derived.Schema	Effect4.Store.SchemaGen.RepresentationC.rawO7.match_3	discr 0	alts 3	catchAll true
  Effect4.Store.SchemaGen.RepresentationC.rawPropertySignatureOf	Effect4.Store.Domain.Derived.Schema	Effect4.Store.SchemaGen.RepresentationC.rawPropertySignatureOf.match_3	discr 0	alts 2	catchAll true
  Effect4.Store.SchemaGen.RepresentationC.rawRepresentation	Effect4.Store.Domain.Derived.Schema	Effect4.Store.SchemaGen.RepresentationC.rawRepresentation.match_23	discr 0	alts 23	catchAll true
  Effect4.Store.SchemaGen.UnionModeC.ofVal	Effect4.Store.Domain.Derived.Schema	Effect4.Store.SchemaGen.UnionModeC.ofVal.match_1	discr 0	alts 3	catchAll true
  Effect4.Store.ValueGen.KindC.ofVal	Effect4.Store.Domain.Derived.Value	Effect4.Store.ValueGen.KindC.ofVal.match_1	discr 0	alts 16	catchAll true
  Effect4.Store.ValueGen.ShapeC.rawP0	Effect4.Store.Domain.Derived.Value	Effect4.Store.ValueGen.ShapeC.rawP0.match_3	discr 0	alts 2	catchAll true
  Effect4.Store.ValueGen.ShapeC.rawP2	Effect4.Store.Domain.Derived.Value	Effect4.Store.ValueGen.ShapeC.rawP2.match_3	discr 0	alts 2	catchAll true
  Effect4.Store.ValueGen.ShapeC.rawP3	Effect4.Store.Domain.Derived.Value	Effect4.Store.ValueGen.ShapeC.rawP0.match_3	discr 0	alts 2	catchAll true
  Effect4.Store.ValueGen.ShapeC.rawShape	Effect4.Store.Domain.Derived.Value	Effect4.Store.ValueGen.ShapeC.rawShape.match_11	discr 0	alts 15	catchAll true
  Effect4.Store.ValueGen.ShapeDocC.ofVal	Effect4.Store.Domain.Derived.Value	Effect4.Store.ValueGen.ShapeDocC.ofVal.match_3	discr 0	alts 2	catchAll true
  Effect4.Store.ValueGen.ValC.rawVal	Effect4.Store.Domain.Derived.Value	Effect4.Store.ValueGen.ValC.rawVal.match_22	discr 0	alts 13	catchAll true
  Effect4.Store.ValueGen.ValC.toValVal	Effect4.Store.Domain.Derived.Value	Effect4.Store.ValueGen.ValC.toValVal.match_1	discr 0	alts 12	catchAll false
  Effect4.Store.Val.malformedRef	Effect4.Store.Domain.Node	Effect4.Store.Val.refs.match_1	discr 0	alts 6	catchAll true
  Effect4.Store.Val.refs	Effect4.Store.Domain.Node	Effect4.Store.Val.refs.match_1	discr 0	alts 6	catchAll true
  Effect4.Store.instCanonicalAnyRef	Effect4.Store.Domain.Node	Effect4.Store.instCanonicalRef.match_1	discr 0	alts 2	catchAll true
  Effect4.Store.instCanonicalRef	Effect4.Store.Domain.Node	Effect4.Store.instCanonicalRef.match_1	discr 0	alts 2	catchAll true
  Effect4.Store.PinGen.PinC.ofVal	Effect4.Store.Domain.PinDerived	Effect4.Store.PinGen.PinC.ofVal.match_4	discr 0	alts 2	catchAll true
  Effect4.Store.PinGen.PinRoleC.ofVal	Effect4.Store.Domain.PinDerived	Effect4.Store.PinGen.PinRoleC.ofVal.match_1	discr 0	alts 3	catchAll true
  Effect4.Store.PinGen.TreeC.ofVal	Effect4.Store.Domain.PinDerived	Effect4.Store.PinGen.TreeC.ofVal.match_3	discr 0	alts 2	catchAll true
  Effect4.Store.acceptsAt	Effect4.Store.Domain.Shape	Effect4.Store.acceptsAt.match_3	discr 0	alts 15	catchAll true
  Effect4.Store.printIn	Effect4.Store.Domain.Shape	Effect4.Store.printIn.match_10	discr 1	alts 12	catchAll false
  Effect4.Store.Annotation.ofVal	Effect4.Store.Domain.Traits	Effect4.Store.Annotation.ofVal.match_4	discr 0	alts 2	catchAll true
  Effect4.Store.Annotation.prevOfVal	Effect4.Store.Domain.Traits	Effect4.Store.Annotation.prevOfVal.match_1	discr 0	alts 3	catchAll true
  Effect4.Store.Node.prevOf	Effect4.Store.Domain.Traits	Effect4.Store.Node.prevOf.match_1	discr 0	alts 2	catchAll true
