/Users/pooks/Dev/lean4-effect4/docs/research/2026-10-01-data-probe/tree/explore/E3Case16Trace.lean:1224:41: error: Application type mismatch: The argument
  hs
has type
  (n✝, s) ∈ gs
but is expected to have type
  (n, s) ∈ fs
in the application
  h (n, s) hs
/Users/pooks/Dev/lean4-effect4/docs/research/2026-10-01-data-probe/tree/explore/E3Case16Trace.lean:1225:26: error: Application type mismatch: The argument
  (n, t)
has type
  String × Ty
but is expected to have type
  ByteArray
in the application
  String.ofByteArray (n, t)
/Users/pooks/Dev/lean4-effect4/docs/research/2026-10-01-data-probe/tree/explore/E3Case16Trace.lean:1226:6: error: No goals to be solved
fs gs : List (String × Ty)
h✝ : ¬Ty.record fs = Ty.record gs
ih :
  ∀ (n : String) (t : Ty), (n, t) ∈ gs → ∀ (s : Ty), (n, s) ∈ fs → s.sub t = true → ∀ (v : Val), FitsN v s → FitsN v t
hsub :
  (gs.attach.all fun x =>
      match x with
      | ⟨(n, t), hg⟩ =>
        match Ty.lookupField n fs with
        | some ⟨s, hs⟩ =>
          have this := ⋯;
          have this := ⋯;
          s.sub t
        | none => false) =
    true
⊢ ∀ (v : Val), FitsN v (Ty.record fs) → FitsN v (Ty.record gs)
case h_1
fs gs : List (String × Ty)
h✝ : ¬Ty.record fs = Ty.record gs
ih :
  ∀ (n : String) (t : Ty), (n, t) ∈ gs → ∀ (s : Ty), (n, s) ∈ fs → s.sub t = true → ∀ (v : Val), FitsN v s → FitsN v t
hsub :
  (gs.attach.all fun x =>
      match x with
      | ⟨(n, t), hg⟩ =>
        match Ty.lookupField n fs with
        | some ⟨s, hs⟩ =>
          have this := ⋯;
          have this := ⋯;
          s.sub t
        | none => false) =
    true
v✝ : Val
entries : List Val
h : ∀ (p : String × Ty), p ∈ fs → ∃ w, entryOf p.fst w ∈ entries ∧ FitsN w p.snd
n : String
t : Ty
hq : (n, t) ∈ gs
hall :
  (match ⟨(n, t), hq⟩ with
    | ⟨(n, t), hg⟩ =>
      match Ty.lookupField n fs with
      | some ⟨s, hs⟩ =>
        have this := ⋯;
        have this := ⋯;
        s.sub t
      | none => false) =
    true
⊢ ∃ w, entryOf (n, t).fst w ∈ entries ∧ FitsN w (n, t).snd
case h_1
fs gs : List (String × Ty)
h✝ : ¬Ty.record fs = Ty.record gs
ih :
  ∀ (n : String) (t : Ty), (n, t) ∈ gs → ∀ (s : Ty), (n, s) ∈ fs → s.sub t = true → ∀ (v : Val), FitsN v s → FitsN v t
hsub :
  (gs.attach.all fun x =>
      match x with
      | ⟨(n, t), hg⟩ =>
        match Ty.lookupField n fs with
        | some ⟨s, hs⟩ =>
          have this := ⋯;
          have this := ⋯;
          s.sub t
        | none => false) =
    true
v✝ : Val
entries : List Val
h : ∀ (p : String × Ty), p ∈ fs → ∃ w, entryOf p.fst w ∈ entries ∧ FitsN w p.snd
n : String
t : Ty
hq : (n, t) ∈ gs
x✝ : { x // x ∈ gs }
n✝ : String
t✝ : Ty
hg✝ : (n✝, t✝) ∈ gs
heq✝ : ⟨(n, t), hq⟩ = ⟨(n✝, t✝), hg✝⟩
hall :
  (match Ty.lookupField n✝ fs with
    | some ⟨s, hs⟩ =>
      have this := ⋯;
      have this := ⋯;
      s.sub t✝
    | none => false) =
    true
⊢ ∃ w, entryOf (n, t).fst w ∈ entries ∧ FitsN w (n, t).snd
'DataProbe.Nested.Ty.beq_iff' depends on axioms: [propext]
'DataProbe.Nested.Ty.ind' does not depend on any axioms
'DataProbe.Nested.Ty.key_injective' depends on axioms: [propext]
'DataProbe.Nested.Ty.normal_normalize' depends on axioms: [propext, Quot.sound]
'DataProbe.Nested.Ty.Normal.fixed' depends on axioms: [propext, Quot.sound]
'DataProbe.Nested.Ty.normalize_idem' depends on axioms: [propext, Quot.sound]
'DataProbe.Nested.Ty.sub_unknown' depends on axioms: [propext, Quot.sound]
'DataProbe.Nested.fitsV_iff_hasTyV' depends on axioms: [propext, Quot.sound]
'DataProbe.Nested.user_normalize' depends on axioms: [propext, Quot.sound]
'DataProbe.Nested.ada_fits' depends on axioms: [propext, Quot.sound]
'DataProbe.Nested.swapped_not_fits' depends on axioms: [propext, Quot.sound]
'DataProbe.Nested.square_fits' depends on axioms: [propext, Quot.sound]
'DataProbe.Nested.positional_width_unsound' depends on axioms: [propext, Quot.sound]
'DataProbe.Nested.fitsN_sub' depends on axioms: [propext, sorryAx, Quot.sound]
'DataProbe.Nested.named_width_sound' depends on axioms: [propext]
