1.4.2
errors 0
ArrayExpression 2 | type,elements,start,end
ArrowFunctionExpression 1 | type,expression,async,typeParameters,params,returnType,body,id,generator,start,end
BinaryExpression 1 | type,left,operator,right,start,end
BlockStatement 3 | type,body,start,end
CallExpression 11 | type,callee,typeArguments,arguments,optional,start,end
ClassBody 3 | type,body,start,end
ClassDeclaration 3 | type,decorators,id,typeParameters,superClass,superTypeArguments,implements,body,abstract,declare,start,end
ConditionalExpression 1 | type,test,consequent,alternate,start,end
ExpressionStatement 1 | type,expression,directive,start,end
FunctionDeclaration 2 | type,id,generator,async,declare,typeParameters,params,returnType,body,expression,start,end
FunctionExpression 1 | type,id,generator,async,declare,typeParameters,params,returnType,body,expression,start,end
Identifier 155 | type,decorators,name,optional,typeAnnotation,start,end
ImportDeclaration 1 | type,specifiers,source,phase,attributes,importKind,start,end
ImportSpecifier 5 | type,imported,local,importKind,start,end
Literal 31 | type,value,raw,start,end
MemberExpression 12 | type,object,property,optional,computed,start,end
NewExpression 4 | type,callee,typeArguments,arguments,start,end
ObjectExpression 5 | type,properties,start,end
Program 1 | type,body,sourceType,hashbang,start,end
Property 7 | type,kind,key,value,method,shorthand,computed,optional,start,end
ReturnStatement 2 | type,argument,start,end
SpreadElement 1 | type,argument,start,end
TSArrayType 2 | type,elementType,start,end
TSBigIntKeyword 1 | type,start,end
TSConditionalType 1 | type,checkType,extendsType,trueType,falseType,start,end
TSEnumBody 1 | type,members,start,end
TSEnumDeclaration 1 | type,id,body,const,declare,start,end
TSEnumMember 2 | type,id,initializer,computed,start,end
TSFunctionType 1 | type,typeParameters,params,returnType,start,end
TSIndexSignature 1 | type,parameters,typeAnnotation,readonly,static,accessibility,start,end
TSIndexedAccessType 2 | type,objectType,indexType,start,end
TSInterfaceBody 2 | type,body,start,end
TSInterfaceDeclaration 2 | type,id,typeParameters,extends,body,declare,start,end
TSIntersectionType 1 | type,types,start,end
TSLiteralType 12 | type,literal,start,end
TSMappedType 1 | type,key,constraint,nameType,typeAnnotation,optional,readonly,start,end
TSMethodSignature 1 | type,key,computed,optional,kind,typeParameters,params,returnType,accessibility,readonly,static,start,end
TSNamedTupleMember 2 | type,label,elementType,optional,start,end
TSNullKeyword 1 | type,start,end
TSNumberKeyword 16 | type,start,end
TSPropertySignature 14 | type,computed,optional,readonly,key,typeAnnotation,accessibility,static,start,end
TSQualifiedName 4 | type,left,right,start,end
TSRestType 1 | type,typeAnnotation,start,end
TSStringKeyword 13 | type,start,end
TSSymbolKeyword 1 | type,start,end
TSTemplateLiteralType 1 | type,quasis,types,start,end
TSTupleType 3 | type,elementTypes,start,end
TSTypeAliasDeclaration 22 | type,id,typeParameters,typeAnnotation,declare,start,end
TSTypeAnnotation 25 | type,typeAnnotation,start,end
TSTypeLiteral 6 | type,members,start,end
TSTypeOperator 5 | type,operator,typeAnnotation,start,end
TSTypeParameter 3 | type,name,constraint,default,in,out,const,start,end
TSTypeParameterDeclaration 3 | type,params,start,end
TSTypeParameterInstantiation 7 | type,params,start,end
TSTypeQuery 1 | type,exprName,typeArguments,start,end
TSTypeReference 18 | type,typeName,typeArguments,start,end
TSUndefinedKeyword 2 | type,start,end
TSUnionType 5 | type,types,start,end
TSVoidKeyword 3 | type,start,end
TemplateElement 4 | type,value,tail,start,end
TemplateLiteral 1 | type,quasis,expressions,start,end
UnaryExpression 2 | type,operator,argument,prefix,start,end
VariableDeclaration 15 | type,kind,declarations,declare,start,end
VariableDeclarator 15 | type,id,init,definite,start,end
YieldExpression 1 | type,delegate,argument,start,end
second statement span 166 300 "interface Account {\n"
exit=0
