# RED CONTROL. bun 1.4.2, oxc-parser 0.147.0; bun scripts/form_census.ts check scripts/fixtures/forms.ts scripts/fixtures/forms.expected-red.tsv
ok   T.interface expected 2 got 2
ok   T.typeLiteral expected 6 got 6
ok   T.typeAlias.object expected 3 got 3
ok   T.prop expected 14 got 14
FAIL T.prop.optional expected 3 got 2
ok   T.prop.readonly expected 10 got 10
ok   T.prop.function expected 2 got 2
ok   T.prop.quotedName expected 0 got 0
ok   T.indexSignature expected 1 got 1
ok   T.union expected 5 got 5
ok   T.union.nullish expected 2 got 2
ok   T.union.literals expected 2 got 2
ok   T.union.tagged expected 1 got 1
ok   T.union.discriminated expected 1 got 1
ok   T.typeLiteral.tagged expected 2 got 2
ok   T.intersection expected 1 got 1
ok   T.intersection.brand expected 1 got 1
ok   T.tuple expected 3 got 3
ok   T.tuple.readonly expected 1 got 1
ok   T.tuple.rest expected 1 got 1
ok   T.tuple.optional expected 1 got 1
ok   T.tuple.named expected 1 got 1
ok   T.array expected 2 got 2
ok   T.array.readonly expected 2 got 2
ok   T.array.ref expected 1 got 1
ok   T.kw.number expected 16 got 16
ok   T.kw.string expected 13 got 13
ok   T.kw.boolean expected 0 got 0
ok   T.kw.bigint expected 1 got 1
ok   T.kw.symbol expected 1 got 1
ok   T.kw.uniqueSymbol expected 1 got 1
ok   T.kw.undefined expected 2 got 2
ok   T.kw.null expected 1 got 1
ok   T.kw.void expected 3 got 3
ok   T.kw.never expected 0 got 0
ok   T.kw.unknown expected 0 got 0
ok   T.kw.any expected 0 got 0
ok   T.lit.string expected 6 got 6
ok   T.lit.number expected 4 got 4
ok   T.lit.boolean expected 1 got 1
ok   T.lit.bigint expected 1 got 1
ok   T.templateLiteral expected 1 got 1
ok   T.function expected 1 got 1
ok   T.generic.fn expected 2 got 2
ok   T.generic.type expected 1 got 1
ok   T.typeParam.schema expected 1 got 1
ok   T.param.schema expected 1 got 1
ok   T.typeArgs.call expected 1 got 1
ok   T.typeof expected 1 got 1
ok   T.typeof.schemaType expected 1 got 1
ok   T.keyof expected 2 got 2
ok   T.indexedAccess expected 2 got 2
ok   T.mapped expected 1 got 1
ok   T.conditional expected 1 got 1
ok   T.recursive expected 2 got 2
ok   T.enum expected 1 got 1
ok   C.class expected 3 got 3
ok   C.dataTaggedError expected 1 got 1
ok   C.jsError expected 1 got 1
ok   C.other expected 1 got 1
ok   C.schemaTaggedError expected 0 got 0
ok   C.service expected 0 got 0
ok   E.object expected 5 got 5
ok   E.object.spread expected 1 got 1
ok   E.object.computedKey expected 1 got 1
ok   E.array expected 2 got 2
ok   E.number.fractional expected 1 got 1
ok   E.number.negative expected 1 got 1
ok   E.bigint expected 2 got 2
ok   E.null expected 1 got 1
ok   E.undefined expected 1 got 1
ok   E.template expected 1 got 1
ok   E.newDate expected 1 got 1
ok   E.dateNow expected 1 got 1
ok   E.symbol expected 1 got 1
ok   E.newMap expected 1 got 1
ok   E.newSet expected 1 got 1
ok   E.jsonParse expected 1 got 1
ok   E.jsonStringify expected 1 got 1
ok   E.math expected 1 got 1
ok   E.durationString expected 1 got 1
ok   E.instanceof expected 0 got 0
ok   E.newError expected 0 got 0
ok   R.Brand expected 1 got 1
ok   R.Brand.Brand expected 1 got 1
ok   R.Schema expected 2 got 2
ok   R.Schema.Top expected 1 got 1
ok   R.Schema.Schema expected 1 got 1
ok   B.ReadonlyArray expected 1 got 1
ok   B.Array expected 1 got 1
ok   B.Record expected 1 got 1
ok   M.Effect expected 3 got 3
ok   M.Effect.gen expected 1 got 1
ok   M.Effect.sleep expected 1 got 1
ok   M.Effect.fail expected 1 got 1
ok   M.Option expected 1 got 1
ok   M.Option.some expected 1 got 1
ok   M.Schema expected 2 got 2
ok   M.Schema.Struct expected 1 got 1
ok   M.Schema.Number expected 1 got 1
ok   M.Data expected 1 got 1
ok   M.Data.TaggedError expected 1 got 1
1 MISMATCH(ES)
exit=1
