v4 units outside repos/effect/: 59987; refused E-OP-UNKNOWN by engine 1: 4079; of those at a Schema.* head: 2888 (70.8%)
rank head occurrences projects
  1 Schema.Struct                                   1513  12
  2 Schema.decodeUnknownEffect                       545   4
  3 Schedule.max                                     237   1
  4 unstable/reactivity/Atom.make                    201   4
  5 Schema.Union                                     179   8
  6 Schema.Literals                                  108   8
  7 Schema.decodeUnknownSync                          90   4
  8 Schedule.exponential                              89   4
  9 Schema.Array                                      76   6
 10 unstable/cli.Command.make                         59   4
 11 Schema.decodeUnknownOption                        49   3
 12 Schema.Record                                     46   6
 13 unstable/httpapi.HttpApiBuilder.group             45   3
 14 Schema.TaggedStruct                               44   4
 15 Schedule.min                                      32   2
 16 Config.string                                     29   3
 17 Function.dual                                     29   3
 18 Schema.String.check                               25   3
 19 Schema.fromJsonString                             25   5
 20 Semaphore.makeUnsafe                              22   3
 21 Schema.encodeSync                                 20   4
 22 Schema.TaggedUnion                                20   1
 23 Schema.decodeUnknownResult                        19   3
 24 unstable/cli/Command.make                         18   3
 25 unstable/reactivity/Atom.family                   16   2
 26 unstable/cli.Flag.boolean                         15   4
 27 unstable/cli.Flag.string                          15   1
 28 Effect.catch                                      15   1
 29 Data.taggedEnum                                   14   6
 30 unstable/httpapi/HttpApiEndpoint.get              13   1
