## v4/app: 19307 occurrences of Schema.<member>, 140 distinct members
member                                occ  files projects
String                               3108    524       12
optional                             2773    283       12
Struct                               2753    464       12
Schema                               2118    290        9
Array                                 858    292       11
Boolean                               766    212       10
decodeUnknownEffect                   618    149        7
Literal                               561    163        7
Number                                442    135       11
TaggedError                           344     67        5
Literals                              342    179        9
brand                                 311     98        7
Union                                 292    169        8
Record                                220    102       11
optionalKey                           217     50        9
NullOr                                211     65        9
Unknown                               207     95       10
check                                 194     73        4
TaggedErrorClass                      191     69        6
decodeUnknownSync                     188     99        9
Class                                 167     70        7
TaggedClass                           158     19        5
Top                                   148     40        5
Finite                                141     26        3
makeFilter                            140     56        3
tag                                   110     22        6
NonEmptyString                        109     32        7
annotateKey                            91      2        1
decodeUnknownOption                    73     42        4
Int                                    67     33        7
Defect                                 65     45        7
fromJsonString                         58     46        7
Void                                   55     13        3
TaggedStruct                           49     14        4
Codec                                  46     19        4
decodeUnknownResult                    43     26        4
Json                                   42     15        3
isMinLength                            42     25        3
decodeTo                               41     29        4
encodeSync                             38     35        7
is                                     35     27        7
isNonEmpty                             34     25        3
annotate                               33     10        2
SchemaError                            32     16        6
Any                                    30     10        4
toTaggedUnion                          30     23        4
isGreaterThanOrEqualTo                 29     24        5
TaggedUnion                            27     13        1
isPattern                              26     19        5
mutable                                26     14        1
Type                                   25      5        2
NumberFromString                       25     15        3
Tuple                                  24     18        5
Constraint                             24     23        2
isGreaterThan                          23     16        3
fieldsAssign                           20      9        1
isLessThanOrEqualTo                    19     14        2
encodeUnknownSync                      18     10        3
decodeEffect                           18     14        4
isInt                                  18     15        3
declare                                17     13        5
Decoder                                16      5        2
isStartsWith                           15     13        1
Trimmed                                15     14        2
isSchema                               14      4        2
StructWithRest                         14     11        2
toCodecJson                            13     11        5
mutableKey                             13      1        1
toType                                 12      6        4
isMaxLength                            11      7        2
encodeEffect                           10      9        6
isBetween                              10      8        3
ErrorClass                             10      9        2
Option                                 10      7        3
decodeSync                              9      5        4
UndefinedOr                             9      5        3
toJsonSchemaDocument                    9      8        4
Error                                   9      6        2
ts                                      8      8        1
isSchemaError                           8      5        3

### v4/app: Schema.is<X> members
isMinLength                            42     25        3
isNonEmpty                             34     25        3
isGreaterThanOrEqualTo                 29     24        5
isPattern                              26     19        5
isGreaterThan                          23     16        3
isLessThanOrEqualTo                    19     14        2
isInt                                  18     15        3
isStartsWith                           15     13        1
isSchema                               14      4        2
isMaxLength                            11      7        2
isBetween                              10      8        3
isSchemaError                           8      5        3
isFinite                                2      2        1
isEndsWith                              2      2        1
isUUID                                  1      1        1
isMaxProperties                         1      1        1
isLengthBetween                         1      1        1

## v4/test: 2336 occurrences of Schema.<member>, 74 distinct members
member                                occ  files projects
TaggedClass                           607     49        2
String                                474     91        5
Struct                                252     68        5
Number                                167     50        5
decodeUnknownSync                     164     70        5
decodeUnknownResult                   100     18        3
decodeUnknownEffect                    52     21        5
Boolean                                38     20        5
optional                               35     14        4
Unknown                                32     21        3
Array                                  30     17        5
optionalKey                            23     10        4
Literal                                19     11        4
Int                                    19      8        3
fromJsonString                         18     16        3
encodeEffect                           18      2        1
Schema                                 14     10        3
NonEmptyString                         14      4        1
NumberFromString                       13      9        2
TaggedStruct                           13      4        1
TaggedUnion                            13      2        1
encodeSync                             12     10        3
Json                                   11      6        4
Record                                 11      8        3
Union                                  10      9        4
encodeUnknownEffect                    10      3        1
Never                                   9      4        1
toCodecJson                             9      5        2
Class                                   8      5        3
TaggedErrorClass                        8      4        1
Any                                     8      5        2
TaggedError                             7      5        4
encodeUnknownSync                       7      5        3
declare                                 7      4        2
Top                                     7      6        3
ConstraintDecoder                       7      4        1
Void                                    6      6        3
NullOr                                  6      5        3
Literals                                5      4        4
decodeUnknownOption                     5      5        2
is                                      4      3        3
makeFilter                              4      3        2
Decoder                                 4      2        1
isPattern                               4      2        2
encodeResult                            4      2        1
Codec                                   4      1        1
brand                                   3      2        2
decodeTo                                3      2        1
ErrorClass                              3      2        2
decodeUnknownExit                       3      1        1
check                                   3      2        1
withConstructorDefault                  3      1        1
Null                                    2      2        2
Defect                                  2      2        2
Tuple                                   2      1        1
isSchemaError                           2      1        1
diff                                    1      1        1
toArbitrary                             1      1        1
DateFromString                          1      1        1
Uint8Array                              1      1        1
isFinite                                1      1        1
isMinLength                             1      1        1
make                                    1      1        1
Finite                                  1      1        1
Type                                    1      1        1
toJsonSchemaDocument                    1      1        1
withDecodingDefaultType                 1      1        1
filter                                  1      1        1
SchemaError                             1      1        1
isGreaterThan                           1      1        1
Date                                    1      1        1
BigInt                                  1      1        1
Undefined                               1      1        1
UniqueSymbol                            1      1        1

### v4/test: Schema.is<X> members
isPattern                               4      2        2
isSchemaError                           2      1        1
isFinite                                1      1        1
isMinLength                             1      1        1
isGreaterThan                           1      1        1

## v3/app: 1448 occurrences of Schema.<member>, 81 distinct members
member                                occ  files projects
String                                324     79       11
Schema                                175     43        9
Struct                                113     49        8
Number                                 79     36        7
TaggedClass                            68     10        3
Literal                                63     18       10
decode                                 58     12        6
Array                                  45     14        8
Type                                   40      8        2
optional                               40      9        5
Class                                  36     12        6
TaggedError                            34     13        5
Union                                  32     17        7
decodeUnknown                          22     12        4
optionalWith                           20      4        2
decodeUnknownSync                      16      5        4
encode                                 16     10        5
Int                                    15      8        4
Option                                 15      6        4
Never                                  14      6        2
NumberFromString                       13      8        3
compose                                13      4        3
Unknown                                12      7        4
Boolean                                11      4        4
brand                                  10      2        2
NonEmptyString                          9      4        3
is                                      9      3        1
decodeSync                              8      4        2
transform                               8      4        3
parseNumber                             8      1        1
TaggedRequest                           7      4        1
parseJson                               7      5        2
Record                                  6      5        3
nonEmptyString                          5      2        1
Void                                    5      4        1
positive                                5      4        2
Defect                                  5      3        2
encodeUnknownSync                       4      3        2
Duration                                4      2        1
transformOrFail                         4      3        1
DateTimeUtc                             4      1        1
Config                                  4      1        1
annotations                             4      3        1
Annotable                               4      2        1
encodeSync                              3      3        2
Tuple                                   3      2        2
HashMap                                 3      2        1
instanceOf                              3      3        2
TaggedStruct                            2      2        2
startsWith                              2      2        1
endsWith                                2      2        1
typeSchema                              2      2        1
Uint8ArrayFromSelf                      2      2        1
Date                                    2      1        1
int                                     2      2        1
make                                    2      1        1
NonEmptyArray                           2      1        1
MakeOptions                             1      1        1
encodeUnknown                           1      1        1
declare                                 1      1        1
TemplateLiteralParser                   1      1        1
decodeUnknownOption                     1      1        1
HashSet                                 1      1        1
between                                 1      1        1
Redacted                                1      1        1
TypeId                                  1      1        1
extend                                  1      1        1
transformLiterals                       1      1        1
IntSchemaId                             1      1        1
BetweenSchemaId                         1      1        1
GreaterThanSchemaId                     1      1        1
GreaterThanBigIntSchemaId               1      1        1
GreaterThanOrEqualToSchemaId            1      1        1
GreaterThanOrEqualToBigIntSchemaId      1      1        1
LessThanSchemaId                        1      1        1
LessThanBigIntSchemaId                  1      1        1
LessThanOrEqualToSchemaId               1      1        1
LessThanOrEqualToBigIntSchemaId         1      1        1
MinItemsSchemaId                        1      1        1
MaxItemsSchemaId                        1      1        1

### v3/app: Schema.is<X> members

