'Research.Pass.Lift.stuck_none_of_not' does not depend on any axioms
'Research.Pass.Lift.driveState_lift' depends on axioms: [propext, Quot.sound]
'Research.Pass.Lift.driveState_lift_of' depends on axioms: [propext, Quot.sound]
'Research.Pass.Lift.driveState_lift_unit' depends on axioms: [propext, Quot.sound]
'Research.Pass.Lift.driveState_keeps' depends on axioms: [propext, Quot.sound]
'Research.Pass.Lift.driveState_keeps_of_keeps' depends on axioms: [propext, Quot.sound]
'Research.Pass.Lift.stepKeeps_of_keeps' depends on axioms: [propext, Quot.sound]
'Research.Pass.Lift.settle_append' depends on axioms: [propext]
'Research.Pass.Lift.framed_append' does not depend on any axioms
'Research.Pass.Lift.driveStep_append' depends on axioms: [propext, Quot.sound]
'Research.Pass.Lift.not_isSome_of_none' does not depend on any axioms
'Research.Pass.Lift.isSome_of_ne_none' does not depend on any axioms
'Research.Pass.Lift.parkedAt_em' does not depend on any axioms
'Research.Pass.Lift.inert_resume' depends on axioms: [propext, Quot.sound]
'Research.Pass.Lift.interruptFrom_eq' depends on axioms: [propext, Quot.sound]
'Research.Pass.Lift.answer_of_split' depends on axioms: [propext, Quot.sound]
'Research.Pass.Lift.loop_lift' depends on axioms: [propext, Quot.sound]
'Research.Pass.Lift.loop_entry' depends on axioms: [propext, Quot.sound]
'Research.Pass.Lift.fireFold_lift' depends on axioms: [propext, Quot.sound]
'Research.Pass.Lift.fireState_lift' depends on axioms: [propext, Quot.sound]
'Research.Pass.Lift.flushAllState_lift' depends on axioms: [propext, Quot.sound]
'Research.Pass.Lift.advanceState_lift' depends on axioms: [propext, Quot.sound]
'Research.Pass.Lift.stepDecisionState_lift' depends on axioms: [propext, Quot.sound]
'Research.Pass.Lift.foldl_lift' does not depend on any axioms
'Research.Pass.Lift.admitted_true' does not depend on any axioms
'Research.Pass.Lift.replayEval_nil_machine' depends on axioms: [propext, Quot.sound]
'Research.Pass.Lift.replayEval_lift' depends on axioms: [propext, Quot.sound]
'Research.Pass.Lift.guard_invariant' depends on axioms: [propext, Quot.sound]
'Research.Pass.Lift.guard_reserved' depends on axioms: [propext, Quot.sound]
'Research.Pass.Lift.guard_interrupted' depends on axioms: [propext, Quot.sound]
'Research.Pass.Lift.guard_request' depends on axioms: [propext, Quot.sound]
'Research.Pass.Lift.driverContract_of_lift' depends on axioms: [propext, Quot.sound]
'Research.Pass.Lift.queueOk_append' depends on axioms: [propext, Quot.sound]
'Research.Pass.Lift.m6_stepKeeps' depends on axioms: [propext, Quot.sound]
'Research.Pass.Lift.m6_steps_of_ledger' depends on axioms: [propext, Quot.sound]
'Research.Pass.Lift.m6_driveState' depends on axioms: [propext, Quot.sound]
'Research.Pass.Lift.m6_stepFrame' depends on axioms: [propext, Quot.sound]
'Research.Pass.Lift.queueOk_drainDue' depends on axioms: [propext, Quot.sound]
'Research.Pass.Lift.queueOk_evaluate' depends on axioms: [propext, Quot.sound]
'Research.Pass.Lift.queueOk_resume' depends on axioms: [propext, Quot.sound]
'Research.Pass.Lift.m6O_nil' depends on axioms: [propext, Quot.sound]
'Research.Pass.Lift.m6_ran' depends on axioms: [propext, Quot.sound]
'Research.Pass.Lift.m6_middleware' depends on axioms: [propext, Quot.sound]
'Research.Pass.Lift.m6_decisionLift' depends on axioms: [propext, Quot.sound]
'Research.Pass.Lift.m6_decision_preserves' depends on axioms: [propext, Quot.sound]
'Research.Pass.Lift.rreachableNoAnswer_rreachable' depends on axioms: [propext, Quot.sound]
'Research.Pass.Lift.answerOk_of_not_answer' depends on axioms: [propext, Quot.sound]
'Research.Pass.Lift.admittedReplay_of_forall' depends on axioms: [propext, Quot.sound]
'Research.Pass.Lift.m6_capstone' depends on axioms: [propext, Quot.sound]
'Research.Pass.Lift.m6_capstone_of_steps' depends on axioms: [propext, Quot.sound]
'Research.Pass.Lift.m6_capstone_of_ledger' depends on axioms: [propext, Quot.sound]
'Research.Pass.Lift.rreachable_lift' depends on axioms: [propext, Quot.sound]
'Research.Pass.Lift.admittedReplay_mono' depends on axioms: [propext, Quot.sound]
'Research.Pass.Lift.noAnswer_admitted' depends on axioms: [propext, Quot.sound]
'Research.Pass.Lift.m6_capstone_admitted' depends on axioms: [propext, Quot.sound]
'Research.Pass.Lift.reviewTape_refused' depends on axioms: [propext]
'Research.Pass.Lift.evaluateTape_admitted' depends on axioms: [propext]
'Research.Pass.Lift.reachable_lift' depends on axioms: [propext, Quot.sound]
'Research.Pass.Lift.reachable_lift_unit' depends on axioms: [propext, Quot.sound]
'Research.Pass.Lift.ledgerAgrees_originForks' depends on axioms: [propext]
'Research.Pass.Lift.ledger_driveState' depends on axioms: [propext, Quot.sound]
'Research.Pass.Lift.machineFact_stepDecision' depends on axioms: [propext, Quot.sound]
'Research.Pass.Lift.ledger_stepDecision' depends on axioms: [propext, Quot.sound]
'Research.Pass.Lift.agrees_ran' depends on axioms: [propext]
'Research.Pass.Lift.agrees_state' depends on axioms: [propext]
'Research.Pass.Lift.agrees_middleware' depends on axioms: [propext]
'Research.Pass.Lift.agrees_edits' depends on axioms: [propext, Quot.sound]
'Research.Pass.Lift.reachable_agrees_of' depends on axioms: [propext, Quot.sound]
'Research.Pass.Lift.guard_decisionLift' depends on axioms: [propext, Quot.sound]
'Research.Pass.Lift.guardState_steppedBy_of_lift' depends on axioms: [propext, Quot.sound]
'Research.Pass.Lift.guardState_reachable_of_lift' depends on axioms: [propext, Quot.sound]
exit=0
