_private.Tools.View.FlowPath.0.Tools.View.Flow.explainFrontier.eq_2: exact axioms [propext, Quot.sound]
Tools.View.Flow.reaches.eq_2: exact axioms []
_private.Tools.View.FlowPath.0.Tools.View.Flow.explainFrontier._unsafe_rec: exact axioms [propext, Quot.sound]
_private.Tools.View.FlowPath.0.Tools.View.Flow.explainFrontier.eq_1: exact axioms [propext, Quot.sound]
_private.Tools.View.FlowPath.0.Tools.View.Flow.explainFrontier._f: exact axioms [propext, Quot.sound]
Tools.View.Flow.occurrenceWalk_reach: exact axioms [propext, Quot.sound]
Tools.View.Flow.explainWait: exact axioms [propext, Quot.sound]
_private.Tools.View.FlowPath.0.Tools.View.Flow.FrontierExplanation.path: exact axioms [propext, Quot.sound]
_private.Tools.View.FlowPath.0.Tools.View.Flow.reaches.match_1.eq_1: exact axioms []
Tools.View.Flow.explainReaches.match_1: exact axioms [propext, Quot.sound]
_private.Tools.View.FlowPath.0.Tools.View.Flow.explainFrontier.match_4: exact axioms [propext, Quot.sound]
_private.Tools.View.FlowPath.0.Tools.View.Flow.explainFrontier_isSome: exact axioms [propext, Quot.sound]
_private.Tools.View.FlowPath.0.Tools.View.Flow.explainFrontier._proof_6: exact axioms [propext, Quot.sound]
_private.Tools.View.FlowPath.0.Tools.View.Flow.FrontierExplanation.start: exact axioms [propext, Quot.sound]
_private.Tools.View.FlowPath.0.Tools.View.Flow.FrontierExplanation.mk: exact axioms [propext, Quot.sound]
Tools.View.Flow.reaches_reach: exact axioms [propext, Quot.sound]
_private.Tools.View.FlowPath.0.Tools.View.Flow.FrontierExplanation.mk.sizeOf_spec: exact axioms [propext, Quot.sound]
Tools.View.Flow.occurrenceEndpoints: exact axioms [propext, Quot.sound]
_private.Tools.View.FlowPath.0.Tools.View.Flow.explainFrontier.match_6.eq_2: exact axioms []
_private.Tools.View.FlowPath.0.Tools.View.Flow.FrontierExplanation.mk._flat_ctor: exact axioms [propext, Quot.sound]
_private.Tools.View.FlowPath.0.Tools.View.Flow.explainFrontier.match_2: exact axioms []
Tools.View.Flow.explainReaches._proof_1: exact axioms [propext, Quot.sound]
_private.Tools.View.FlowPath.0.Tools.View.Flow.FrontierExplanation.noConfusion: exact axioms [propext, Quot.sound]
Tools.View.Flow.occurrenceEndpoints._proof_1: exact axioms [propext, Quot.sound]
Tools.View.Flow.reaches.eq_1: exact axioms []
_private.Tools.View.FlowPath.0.Tools.View.Flow.FrontierExplanation.recOn: exact axioms [propext, Quot.sound]
Tools.View.Flow.explainReaches: exact axioms [propext, Quot.sound]
_private.Tools.View.FlowPath.0.Tools.View.Flow.explainFrontier.match_2.eq_1: exact axioms []
Tools.View.Flow.EdgeOccurrence: exact axioms []
_private.Tools.View.FlowPath.0.Tools.View.Flow.explainFrontier.match_6: exact axioms []
_private.Tools.View.FlowPath.0.Tools.View.Flow.FrontierExplanation._sizeOf_1: exact axioms [propext, Quot.sound]
Tools.View.Flow.explainWait_isSome: exact axioms [propext, Quot.sound]
_private.Tools.View.FlowPath.0.Tools.View.Flow.explainFrontier.match_6.splitter: exact axioms []
_private.Tools.View.FlowPath.0.Tools.View.Flow.predecessor: exact axioms []
_private.Tools.View.FlowPath.0.Tools.View.Flow.explainFrontier.match_4.splitter: exact axioms [propext, Quot.sound]
_private.Tools.View.FlowPath.0.Tools.View.Flow.explainFrontier._proof_11: exact axioms [propext, Quot.sound]
_private.Tools.View.FlowPath.0.Tools.View.Flow.explainFrontier.eq_def: exact axioms [propext, Quot.sound]
_private.Tools.View.FlowPath.0.Tools.View.Flow.FrontierExplanation._sizeOf_inst: exact axioms [propext, Quot.sound]
_private.Tools.View.FlowPath.0.Tools.View.Flow.explainFrontier._proof_2: exact axioms [propext, Quot.sound]
_private.Tools.View.FlowPath.0.Tools.View.Flow.FrontierExplanation: exact axioms [propext, Quot.sound]
_private.Tools.View.FlowPath.0.Tools.View.Flow.explainFrontier._proof_4: exact axioms [propext, Quot.sound]
_private.Tools.View.FlowPath.0.Tools.View.Flow.explainFrontier._proof_10: exact axioms [propext, Quot.sound]
Tools.View.Flow.reaches.eq_def: exact axioms [Quot.sound]
Tools.View.Flow.occurrenceEndpoints._proof_2: exact axioms [propext, Quot.sound]
_private.Tools.View.FlowPath.0.Tools.View.Flow.explainFrontier.match_2.eq_2: exact axioms []
_private.Tools.View.FlowPath.0.Tools.View.Flow.predecessor_ne_none: exact axioms [propext, Quot.sound]
_private.Tools.View.FlowPath.0.Tools.View.Flow.FrontierExplanation.noConfusionType: exact axioms [propext, Quot.sound]
_private.Tools.View.FlowPath.0.Tools.View.Flow.explainFrontier._proof_1: exact axioms [propext, Quot.sound]
_private.Tools.View.FlowPath.0.Tools.View.Flow.FrontierExplanation.mk.congr_simp: exact axioms [propext, Quot.sound]
_private.Tools.View.FlowPath.0.Tools.View.Flow.explainFrontier._proof_5: exact axioms [propext, Quot.sound]
_private.Tools.View.FlowPath.0.Tools.View.Flow.explainFrontier.match_6.eq_1: exact axioms []
_private.Tools.View.FlowPath.0.Tools.View.Flow.explainFrontier._proof_9: exact axioms [propext, Quot.sound]
_private.Tools.View.FlowPath.0.Tools.View.Flow.explainFrontier: exact axioms [propext, Quot.sound]
_private.Tools.View.FlowPath.0.Tools.View.Flow.FrontierExplanation.mk.noConfusion: exact axioms [propext, Quot.sound]
_private.Tools.View.FlowPath.0.Tools.View.Flow.FrontierExplanation.ctorIdx: exact axioms [propext, Quot.sound]
Tools.View.Flow.explainReaches_isSome: exact axioms [propext, Quot.sound]
_private.Tools.View.FlowPath.0.Tools.View.Flow.FrontierExplanation.casesOn: exact axioms [propext, Quot.sound]
_private.Tools.View.FlowPath.0.Tools.View.Flow.explainFrontier.match_4.eq_1: exact axioms [propext, Quot.sound]
_private.Tools.View.FlowPath.0.Tools.View.Flow.FrontierExplanation.rec: exact axioms [propext, Quot.sound]
_private.Tools.View.FlowPath.0.Tools.View.Flow.explainFrontier.match_2.splitter: exact axioms []
_private.Tools.View.FlowPath.0.Tools.View.Flow.FrontierExplanation.mk.inj: exact axioms [propext, Quot.sound]
_private.Tools.View.FlowPath.0.Tools.View.Flow.explainFrontier._proof_3: exact axioms [propext, Quot.sound]
_private.Tools.View.FlowPath.0.Tools.View.Flow.explainFrontier._sunfold: exact axioms [propext, Quot.sound]
_private.Tools.View.FlowPath.0.Tools.View.Flow.FrontierExplanation.member: exact axioms [propext, Quot.sound]
_private.Tools.View.FlowPath.0.Tools.View.Flow.explainFrontier._proof_8: exact axioms [propext, Quot.sound]
_private.Tools.View.FlowPath.0.Tools.View.Flow.explainFrontier._proof_7: exact axioms [propext, Quot.sound]
_private.Tools.View.FlowPath.0.Tools.View.Flow.reaches.match_1.eq_2: exact axioms []
_private.Tools.View.FlowPath.0.Tools.View.Flow.FrontierExplanation.mk.injEq: exact axioms [propext, Quot.sound]
_private.Tools.View.FlowPath.0.Tools.View.Flow.reaches.match_1.splitter: exact axioms []
_private.Tools.View.FlowPath.0.Tools.View.Flow.explainFrontier.match_4.eq_2: exact axioms [propext, Quot.sound]
PASS: Flow paths, controls, and exact dependencies for 70 declarations
