Tools.Graph.Walk.read?.eq_2 exact axioms: []
Tools.Graph.Walk.cons.noConfusion exact axioms: []
Tools.Graph.Walk.brecOn exact axioms: []
Tools.Graph.Walk.fold._unsafe_rec exact axioms: []
Tools.Graph.Walk.noConfusionType exact axioms: []
Tools.Graph.Walk.recOn exact axioms: []
Tools.Graph.Walk.read?._unsafe_rec exact axioms: []
_private.Tools.Graph.Path.0.Tools.Graph.Walk.read?.match_1.eq_1 exact axioms: []
Tools.Graph.Walk.brecOn.go exact axioms: []
Tools.Graph.Walk.append exact axioms: []
Tools.Graph.Walk.edges_append exact axioms: []
Tools.Graph.Walk.refl.sizeOf_spec exact axioms: []
Tools.Graph.Walk.read?._sunfold exact axioms: []
Tools.Graph.Walk.below exact axioms: []
Tools.Graph.Walk.read?.match_1 exact axioms: []
Tools.Graph.Walk.refl.elim exact axioms: []
Tools.Graph.Walk.fold._sunfold exact axioms: []
Tools.Graph.Walk.read? exact axioms: []
Tools.Graph.Walk.read?.eq_def exact axioms: []
Tools.Graph.Walk.cons.elim exact axioms: []
Tools.Graph.Walk.edges exact axioms: []
Tools.Graph.Walk.rec exact axioms: []
Tools.Graph.Walk.edge exact axioms: []
Tools.Graph.Walk.cons.inj exact axioms: []
_private.Tools.Graph.Path.0.Tools.Graph.Walk.read?.match_1.eq_2 exact axioms: []
_private.Tools.Graph.Path.0.Tools.Graph.Walk.read?.match_3.splitter exact axioms: []
Tools.Graph.Walk.fold._f exact axioms: []
Tools.Graph.Walk.cons.injEq exact axioms: [propext]
Tools.Graph.Walk exact axioms: []
Tools.Graph.Walk.fold.match_1 exact axioms: []
Tools.Graph.Walk.cons exact axioms: []
Tools.Graph.Walk._sizeOf_inst exact axioms: []
Tools.Graph.Walk.brecOn.eq exact axioms: []
Tools.Graph.Walk.read?._f exact axioms: []
Tools.Graph.Walk.cons.sizeOf_spec exact axioms: []
Tools.Graph.Walk.ctorElimType exact axioms: []
Tools.Graph.Walk.read?.eq_1 exact axioms: []
Tools.Graph.Walk.refl exact axioms: []
Tools.Graph.Walk.fold exact axioms: []
_private.Tools.Graph.Path.0.Tools.Graph.Walk.read?.match_3.eq_1 exact axioms: []
Tools.Graph.Walk._sizeOf_1 exact axioms: []
_private.Tools.Graph.Path.0.Tools.Graph.Walk.read?.match_3.eq_2 exact axioms: []
Tools.Graph.Walk.read?.match_3 exact axioms: []
Tools.Graph.Walk.ctorIdx exact axioms: []
Tools.Graph.Walk.noConfusion exact axioms: []
Tools.Graph.Walk.read?_edges exact axioms: [propext]
_private.Tools.Graph.Path.0.Tools.Graph.Walk.read?.match_1.splitter exact axioms: []
Tools.Graph.Walk.read?._proof_1 exact axioms: []
Tools.Graph.Walk.refl.noConfusion exact axioms: []
Tools.Graph.Walk.ctorElim exact axioms: []
Tools.Graph.Walk.casesOn exact axioms: []
Tools.Graph.Walk.edges_of_read? exact axioms: []
checked-path audit passed for 52 declarations
