/Users/pooks/Dev/lean4-effect4/docs/research/2026-10-01-formal-pass/proofs/verify-probes/VerifySplit.lean:114:44: error: Application type mismatch: The argument
  TypedProg.pure_inv code
has type
  ExitOk w ty (Exit.failure c)
but is expected to have type
  FitsExit w ty (Exit.failure c)
in the application
  cleanExit_of_never_fits w ty c rfl (TypedProg.pure_inv code)
/Users/pooks/Dev/lean4-effect4/docs/research/2026-10-01-formal-pass/proofs/verify-probes/VerifySplit.lean:173:48: error: Application type mismatch: The argument
  (typed.right.left.c0 f hf).c0.c0 ty declared
has type
  SavedPosition { program := prog } w m9 [] (Expect.fiber f.id) ty f.frame
but is expected to have type
  Contracts.SavedOk (TypedProg { program := prog }) FitsExit (frameProtocols { program := prog }) w ty f.frame
in the application
  stale_not_savedOk w f.frame hlen hstale ((typed.right.left.c0 f hf).c0.c0 ty declared)
'FormalPass.Proofs.Verify.Split.m6_stuck_none' depends on axioms: [propext, Quot.sound]
'FormalPass.Proofs.Verify.Split.m6_root_running' depends on axioms: [propext, Quot.sound]
'FormalPass.Proofs.Verify.Split.m6_only_root' depends on axioms: [propext, Quot.sound]
'FormalPass.Proofs.Verify.Split.stale_not_savedOk' depends on axioms: [propext, sorryAx, Quot.sound]
'FormalPass.Proofs.Verify.Split.seat_split_not_decisionLift' depends on axioms: [propext, sorryAx, Quot.sound]
'FormalPass.Proofs.Verify.Split.running_clause_vacuous_at_m6' depends on axioms: [propext, Quot.sound]
'FormalPass.Proofs.Verify.Split.budget7_is_fuel_frontier' depends on axioms: [propext, Quot.sound]
'FormalPass.Proofs.Verify.Split.budget7_not_finished' depends on axioms: [propext, Quot.sound]
'FormalPass.Proofs.Verify.Split.finished9' depends on axioms: [propext, Quot.sound]
'FormalPass.Proofs.Verify.Split.m9_root_stale' depends on axioms: [propext, Quot.sound]
'FormalPass.Proofs.Verify.Split.untyped9' depends on axioms: [propext, sorryAx, Quot.sound]
'FormalPass.Proofs.Verify.Split.capstone_false_finished9' depends on axioms: [propext, sorryAx, Quot.sound]
'FormalPass.Proofs.Verify.Split.worldValid_not_upward_closed' depends on axioms: [propext, Quot.sound]
