[(0, true, "scope"),
 (1, true, "scope"),
 (2, true, "scope"),
 (3, true, "scope"),
 (4, true, "scope"),
 (5, true, "scope"),
 (6, true, "scope"),
 (7, true, "typing"),
 (8, true, "typing"),
 (9, true, "typing"),
 (10, true, "typing"),
 (11, true, "typing"),
 (12, true, "typing"),
 (13, true, "typing"),
 (14, true, "typing"),
 (15, true, "typing"),
 (16, true, "typing"),
 (17, true, "typing"),
 (18, true, "typing"),
 (19, true, "typing"),
 (20, true, "typing"),
 (21, true, "typing"),
 (22, true, "typing"),
 (23, true, "typing"),
 (24, true, "typing"),
 (25, true, "typing")]
36
true
'Effect4.Store.RefusalsGen.TableRefusalC.toVal' depends on axioms: [propext]
'Effect4.Store.RefusalsGen.TableRefusalC.ofVal_toVal' depends on axioms: [propext]
'Effect4.Store.RefusalsGen.TableRefusalC.ofVal_exact' depends on axioms: [propext, Quot.sound]
'Effect4.Store.RefusalsGen.TableRefusalC.fits' depends on axioms: [propext, Quot.sound]
'Effect4.Store.RefusalsGen.TableRefusalC.instCanonical' depends on axioms: [propext, Quot.sound]
'Effect4.Store.RefusalsGen.AdmitRefusalC.toVal' depends on axioms: [propext, Quot.sound]
'Effect4.Store.RefusalsGen.AdmitRefusalC.ofVal_toVal' depends on axioms: [propext, Quot.sound]
'Effect4.Store.RefusalsGen.AdmitRefusalC.ofVal_exact' depends on axioms: [propext, Quot.sound]
'Effect4.Store.RefusalsGen.AdmitRefusalC.fits' depends on axioms: [propext, Quot.sound]
'Effect4.Store.RefusalsGen.AdmitRefusalC.instCanonical' depends on axioms: [propext, Quot.sound]
'Effect4.Store.RefusalsGen.ReasonC.toVal' depends on axioms: [propext]
'Effect4.Store.RefusalsGen.ReasonC.ofVal_toVal' depends on axioms: [propext]
'Effect4.Store.RefusalsGen.ReasonC.ofVal_exact' depends on axioms: [propext, Quot.sound]
'Effect4.Store.RefusalsGen.ReasonC.fits' depends on axioms: [propext, Quot.sound]
'Effect4.Store.RefusalsGen.ReasonC.instCanonical' depends on axioms: [propext, Quot.sound]
'Effect4.Store.RefusalsGen.RefusalC.toVal' depends on axioms: [propext, Quot.sound]
'Effect4.Store.RefusalsGen.RefusalC.ofVal_toVal' depends on axioms: [propext, Quot.sound]
'Effect4.Store.RefusalsGen.RefusalC.ofVal_exact' depends on axioms: [propext, Quot.sound]
'Effect4.Store.RefusalsGen.RefusalC.fits' depends on axioms: [propext, Quot.sound]
'Effect4.Store.RefusalsGen.RefusalC.instCanonical' depends on axioms: [propext, Quot.sound]
'Effect4.Store.RefusalsGen.TypeReasonC.toVal' depends on axioms: [propext, Quot.sound]
'Effect4.Store.RefusalsGen.TypeReasonC.ofVal_toVal' depends on axioms: [propext, Quot.sound]
'Effect4.Store.RefusalsGen.TypeReasonC.ofVal_exact' depends on axioms: [propext, Quot.sound]
'Effect4.Store.RefusalsGen.TypeReasonC.fits' depends on axioms: [propext, Quot.sound]
'Effect4.Store.RefusalsGen.TypeReasonC.instCanonical' depends on axioms: [propext, Quot.sound]
'Effect4.Store.RefusalsGen.TypeRefusalC.toVal' depends on axioms: [propext, Quot.sound]
'Effect4.Store.RefusalsGen.TypeRefusalC.ofVal_toVal' depends on axioms: [propext, Quot.sound]
'Effect4.Store.RefusalsGen.TypeRefusalC.ofVal_exact' depends on axioms: [propext, Quot.sound]
'Effect4.Store.RefusalsGen.TypeRefusalC.fits' depends on axioms: [propext, Quot.sound]
'Effect4.Store.RefusalsGen.TypeRefusalC.instCanonical' depends on axioms: [propext, Quot.sound]
'Effect4.Store.RefusalsGen.AuthorRefusalC.toVal' depends on axioms: [propext, Quot.sound]
'Effect4.Store.RefusalsGen.AuthorRefusalC.ofVal_toVal' depends on axioms: [propext, Quot.sound]
'Effect4.Store.RefusalsGen.AuthorRefusalC.ofVal_exact' depends on axioms: [propext, Quot.sound]
'Effect4.Store.RefusalsGen.AuthorRefusalC.fits' depends on axioms: [propext, Quot.sound]
'Effect4.Store.RefusalsGen.AuthorRefusalC.instCanonical' depends on axioms: [propext, Quot.sound]
'Effect4.Store.RefusalsGen.PrintRefusalC.toVal' depends on axioms: [propext, Quot.sound]
'Effect4.Store.RefusalsGen.PrintRefusalC.ofVal_toVal' depends on axioms: [propext, Quot.sound]
'Effect4.Store.RefusalsGen.PrintRefusalC.ofVal_exact' depends on axioms: [propext, Quot.sound]
'Effect4.Store.RefusalsGen.PrintRefusalC.fits' depends on axioms: [propext, Quot.sound]
'Effect4.Store.RefusalsGen.PrintRefusalC.instCanonical' depends on axioms: [propext, Quot.sound]
'Effect4.Store.RefusalsGen.ReadRefusalC.toVal' depends on axioms: [propext]
'Effect4.Store.RefusalsGen.ReadRefusalC.ofVal_toVal' depends on axioms: [propext]
'Effect4.Store.RefusalsGen.ReadRefusalC.ofVal_exact' depends on axioms: [propext, Quot.sound]
'Effect4.Store.RefusalsGen.ReadRefusalC.fits' depends on axioms: [propext, Quot.sound]
'Effect4.Store.RefusalsGen.ReadRefusalC.instCanonical' depends on axioms: [propext, Quot.sound]
'Effect4.Store.RefusalsGen.BuildRefusalC.toVal' depends on axioms: [propext, Quot.sound]
'Effect4.Store.RefusalsGen.BuildRefusalC.ofVal_toVal' depends on axioms: [propext, Quot.sound]
'Effect4.Store.RefusalsGen.BuildRefusalC.ofVal_exact' depends on axioms: [propext, Quot.sound]
'Effect4.Store.RefusalsGen.BuildRefusalC.fits' depends on axioms: [propext, Quot.sound]
'Effect4.Store.RefusalsGen.BuildRefusalC.instCanonical' depends on axioms: [propext, Quot.sound]
