# grep -rl "Schema\." docs/research --include='*.ts' --exclude-dir=node_modules, run 2026-10-01 at ba9783c3
total files: 1638
## by top directory under docs/research
1478 ingest-delivery
 137 2026-09-16-algebra-sweep
  10 generated-code-phase0-delivery
   3 type-tooling
   3 2026-10-01-data-probe
   2 2026-09-16-dogfood-6-evidence
   2 2026-09-12-p1-fold-and-admission-evidence
   1 wave2-delivery
   1 protocol-archive
   1 2026-09-30-model-probe
## ingest-delivery breakdown (census defect fixtures are copies of corpus files)
 722 ingest-delivery/commit-4/census/defects
 722 ingest-delivery/commit-4/census-initial/defects
  32 ingest-delivery/commit-5/fidelity/batch-0
   1 ingest-delivery/commit-5/drafts/fidelity-contract.ts
   1 ingest-delivery/commit-5/drafts/check-fidelity.ts
## files outside ingest-delivery and the alchemy copy
docs/research/2026-09-12-p1-fold-and-admission-evidence/seeds/census.ts
docs/research/2026-09-12-p1-fold-and-admission-evidence/seeds/census2.ts
docs/research/2026-09-16-dogfood-6-evidence/library-counter.ts
docs/research/2026-09-16-dogfood-6-evidence/library-run.ts
docs/research/2026-09-30-model-probe/programs/ts/p2-handler-layers.ts
docs/research/2026-10-01-data-probe/effect/ts/assign-records-red.ts
docs/research/2026-10-01-data-probe/effect/ts/assign-records.ts
docs/research/2026-10-01-data-probe/effect/ts/rc112-schema-behaviour.ts
docs/research/generated-code-phase0-delivery/0.4-candidate/files/harness/schema-generation/AllRepresentations.generated.ts
docs/research/generated-code-phase0-delivery/0.4-candidate/files/harness/schema-generation/Person.generated.ts
docs/research/generated-code-phase0-delivery/0.4-candidate/files/harness/schema-generation/TwoRoots.generated.ts
docs/research/generated-code-phase0-delivery/0.4-candidate/files/ts/eff/eff.gen.ts
docs/research/generated-code-phase0-delivery/0.4-candidate/files/ts/eff/profile.gen.ts
docs/research/generated-code-phase0-delivery/0.4-stamps/AllRepresentations.ts
docs/research/generated-code-phase0-delivery/0.4-stamps/Person.ts
docs/research/generated-code-phase0-delivery/0.4-stamps/TwoRoots.ts
docs/research/generated-code-phase0-delivery/0.4-stamps/ts/eff.gen.ts
docs/research/generated-code-phase0-delivery/0.4-stamps/ts/profile.gen.ts
docs/research/protocol-archive/protocol/check.ts
docs/research/type-tooling/delivery/schema-refresh/AllRepresentations.generated.ts
docs/research/type-tooling/delivery/schema-refresh/Person.generated.ts
docs/research/type-tooling/delivery/schema-refresh/TwoRoots.generated.ts
docs/research/wave2-delivery/s2-truth/drafts/run-truth.ts
