'Effect4.Program.Typed.fits_context_inv' depends on axioms: [propext, Quot.sound]
'Effect4.Program.Typed.finalizerAdmitted_mono' depends on axioms: [propext, Quot.sound]
'Effect4.Program.Typed.captureTyped_rows_append' depends on axioms: [propext, Quot.sound]
'Effect4.Program.Typed.storePre_mono' depends on axioms: [propext, Quot.sound]
'Effect4.Program.Typed.storePre_rows_append' depends on axioms: [propext, Quot.sound]
'Effect4.Program.Typed.typedProg_rows_append' depends on axioms: [propext, Quot.sound]
'Effect4.Program.Typed.typedProg_mono' depends on axioms: [propext, Quot.sound]
'Effect4.Program.Typed.finalizerTyped_mono' depends on axioms: [propext, Quot.sound]
'Effect4.Program.Typed.lone_of_snapshot' depends on axioms: [propext, Quot.sound]
'Effect4.Program.Typed.closeScope_installs' depends on axioms: [propext, Quot.sound]
'Effect4.Program.Typed.scopeAdd_implements' depends on axioms: [propext, Quot.sound]
'Effect4.Program.Typed.scopeFinalizers_typed' depends on axioms: [propext, Quot.sound]
'Effect4.Program.Typed.finalizers_of_typedState' depends on axioms: [propext, Quot.sound]
'Effect4.Program.Typed.capture_release' depends on axioms: [propext, Quot.sound]
'Effect4.Program.Typed.capture_lookup' depends on axioms: [propext, Quot.sound]
'Effect4.Program.Typed.exitOk_unit_finalizer' depends on axioms: [propext, Quot.sound]
'Effect4.Program.Typed.exitOk_finalizer' depends on axioms: [propext, Quot.sound]
'Effect4.Program.Typed.finalizerTyped_of_admitted' depends on axioms: [propext, Quot.sound]
'Effect4.Program.Typed.storeTyped_of_typedState' depends on axioms: [propext, Quot.sound]
'Effect4.Program.Typed.voidedClose_typed' depends on axioms: [propext, Quot.sound]
