structure Effect4.Program.Typed.MemoEntryOk {W : Type} (P : Preds W) (w : W) (e : Expect)
  (x : Effect4.Machine.MemoEntry) : Prop
number of parameters: 5
fields:
  Effect4.Program.Typed.MemoEntryOk.c0 : FinNameOk P w e x.finalizer
constructor:
  Effect4.Program.Typed.MemoEntryOk.mk {W : Type} {P : Preds W} {w : W} {e : Expect} {x : Effect4.Machine.MemoEntry}
    (c0 : FinNameOk P w e x.finalizer) : MemoEntryOk P w e x
structure Effect4.Program.Typed.Preds (W : Type) : Type
number of parameters: 1
fields:
  Effect4.Program.Typed.Preds.SavedOk : W → Expect → Effect4.Program.Sched.RSaved → Prop
  Effect4.Program.Typed.Preds.PendingOk : W →
      Expect →
        List
            (Effect4.Machine.Pending Effect4.Program.EffName Effect4.Machine.Val Effect4.Machine.Err
              Effect4.Machine.Defect Effect4.FiberId Effect4.Machine.Ann) →
          Prop
  Effect4.Program.Typed.Preds.exit : W →
      Expect →
        Effect4.Exit Effect4.Machine.Val Effect4.Machine.Err Effect4.Machine.Defect Effect4.FiberId
            Effect4.Machine.Ann →
          Prop
  Effect4.Program.Typed.Preds.ResumeOk : W → Expect → Effect4.FiberId → Nat → Effect4.Program.Sched.RProgram → Prop
  Effect4.Program.Typed.Preds.ServiceOk : W → Expect → Effect4.Machine.Ctx → Prop
  Effect4.Program.Typed.Preds.RaceOk : W →
      Expect →
        List
            (Effect4.Machine.Race Effect4.Program.EffName Effect4.Program.EffThunk Effect4.Machine.Val
              Effect4.Machine.Err Effect4.Machine.Defect Effect4.FiberId Effect4.Machine.Ann
              Effect4.Program.Sched.RProgram) →
          Prop
  Effect4.Program.Typed.Preds.PromiseTable : W → Effect4.Machine.Stores → Prop
  Effect4.Program.Typed.Preds.HeapCell : W → Effect4.Machine.RefKey → Effect4.Machine.Val → Prop
  Effect4.Program.Typed.Preds.PromiseCell : W → Effect4.Machine.DeferredKey → Effect4.Machine.DeferredCell → Prop
  Effect4.Program.Typed.Preds.FinalizerOk : W → Expect → Effect4.Machine.FinName → Prop
  Effect4.Program.Typed.Preds.CaptureOk : W → Expect → Effect4.Machine.Capture → Prop
  Effect4.Program.Typed.Preds.ScopeExitOk : W →
      Expect →
        Effect4.Exit Effect4.Machine.Val Effect4.Machine.Err Effect4.Machine.Defect Effect4.FiberId
            Effect4.Machine.Ann →
          Prop
constructor:
  Effect4.Program.Typed.Preds.mk {W : Type} (SavedOk : W → Expect → Effect4.Program.Sched.RSaved → Prop)
    (PendingOk :
      W →
        Expect →
          List
              (Effect4.Machine.Pending Effect4.Program.EffName Effect4.Machine.Val Effect4.Machine.Err
                Effect4.Machine.Defect Effect4.FiberId Effect4.Machine.Ann) →
            Prop)
    (exit :
      W →
        Expect →
          Effect4.Exit Effect4.Machine.Val Effect4.Machine.Err Effect4.Machine.Defect Effect4.FiberId
              Effect4.Machine.Ann →
            Prop)
    (ResumeOk : W → Expect → Effect4.FiberId → Nat → Effect4.Program.Sched.RProgram → Prop)
    (ServiceOk : W → Expect → Effect4.Machine.Ctx → Prop)
    (RaceOk :
      W →
        Expect →
          List
              (Effect4.Machine.Race Effect4.Program.EffName Effect4.Program.EffThunk Effect4.Machine.Val
                Effect4.Machine.Err Effect4.Machine.Defect Effect4.FiberId Effect4.Machine.Ann
                Effect4.Program.Sched.RProgram) →
            Prop)
    (PromiseTable : W → Effect4.Machine.Stores → Prop)
    (HeapCell : W → Effect4.Machine.RefKey → Effect4.Machine.Val → Prop)
    (PromiseCell : W → Effect4.Machine.DeferredKey → Effect4.Machine.DeferredCell → Prop)
    (FinalizerOk : W → Expect → Effect4.Machine.FinName → Prop)
    (CaptureOk : W → Expect → Effect4.Machine.Capture → Prop)
    (ScopeExitOk :
      W →
        Expect →
          Effect4.Exit Effect4.Machine.Val Effect4.Machine.Err Effect4.Machine.Defect Effect4.FiberId
              Effect4.Machine.Ann →
            Prop) :
    Preds W
