# summary of step1-build.log (2557 lines)
## commands
## errors and warnings
(none)
## gates
(none)
## built (not replayed)
✔ [202/205] Built Effect4.Laws.Auto.Traversals (6.9s)
✔ [203/268] Built Effect4.Laws.Machine.Lift (9.6s)
✔ [303/347] Built Effect4.Laws.Auto.Exhaustive (4.4s)
✔ [312/390] Built Effect4.Laws.Machine.ForkLedgerInvariant (5.2s)
ℹ [518/558] Built Effect4.Laws.Program.Guard.Core (15s)
ℹ [519/558] Built Effect4.Laws.Program.Guard.Handshake (2.9s)
✔ [520/558] Built Effect4.Laws.Program.Guard.ForkLedger (9.3s)
✔ [521/558] Built Effect4.Laws.Program.Guard.MemoIds (9.0s)
✔ [522/558] Built Effect4.Laws.Program.Guard.ReturnTasks (10s)
✔ [523/558] Built Effect4.Laws.Program.Guard.Finish (3.7s)
ℹ [524/558] Built Effect4.Laws.Program.Guard.NativeState (16s)
ℹ [525/558] Built Effect4.Laws.Program.Guard.Single (6.3s)
ℹ [526/558] Built Effect4.Laws.Program.Guard.NativeStateLinks (5.4s)
✔ [527/558] Built Effect4.Laws.Program.Guard.ReturnFields (19s)
✔ [528/558] Built Test.Program.GuardFoldLift (2.0s)
✔ [529/558] Built Effect4.Laws.Program.Guard.NativeStateMotion (6.0s)
✔ [530/558] Built Effect4.Laws.Program.Guard.Settle (3.2s)
✔ [531/558] Built Effect4.Laws.Program.Guard.RegistrationQueue (3.0s)
✔ [532/558] Built Effect4.Laws.Program.Guard.NativeStateExternal (9.0s)
✔ [533/558] Built Effect4.Laws.Program.Guard.Observer (7.1s)
✔ [534/558] Built Effect4.Laws.Program.Guard.ReturnCommands (12s)
✔ [535/558] Built Effect4.Laws.Program.Guard.ControlRemainder (3.1s)
✔ [536/558] Built Effect4.Laws.Program.Typed.Scheduler (2.6s)
✔ [537/558] Built Effect4.Laws.Program.Guard.RegistrationNested (3.6s)
✔ [538/558] Built Effect4.Laws.Program.Guard.FinishQueue (1.0s)
✔ [539/558] Built Effect4.Laws.Program.Guard.Contract (1.6s)
✔ [540/558] Built Effect4.Laws.Program.Guard.Continuation (1.0s)
✔ [541/558] Built Effect4.Laws.Program.Guard.Race (2.4s)
✔ [542/558] Built Effect4.Laws.Program.Guard.SettleQueue (2.7s)
ℹ [543/558] Built Effect4.Laws.Program.Typed.Assembly (5.5s)
✔ [544/558] Built Effect4.Laws.Program.Guard.AnswerDecision (2.3s)
ℹ [545/558] Built Effect4.Laws.Program.Guard.OuterDriver (4.9s)
✔ [546/558] Built Effect4.Laws.Program.Guard.RegistrationDone (4.3s)
✔ [547/558] Built Effect4.Laws.Program.Guard.NativeQueueTail (2.7s)
✔ [548/558] Built Effect4.Laws.Program.Guard.NativeAssembly (2.0s)
✔ [549/558] Built Effect4.Laws.Program.Guard.NativeQueueAssembly (3.4s)
✔ [550/558] Built Effect4.Laws.Program.Guard.LocalDecision (3.9s)
✔ [551/558] Built Effect4.Laws.Program.Guard.Command (4.3s)
✔ [552/558] Built Effect4.Laws.Program.Guard.CommandObservations (3.8s)
✔ [553/558] Built Effect4.Laws.Program.Guard.Driver (2.9s)
✔ [554/558] Built Effect4.Laws.Program.Guard.Decision (2.5s)
✔ [555/558] Built Effect4.Laws.Program.Guard (2.2s)
✔ [556/558] Built Effect4.Laws.Api.Guard (2.3s)
ℹ [557/558] Built Effect4.Laws (5.6s)
ℹ [558/558] Built Test.Audit.TraversalCensus (100s)
## tail
  Effect4.Store.Node.prevOf	Effect4.Store.Domain.Traits	Effect4.Store.Node.prevOf.match_1	discr 0	alts 2	catchAll true
Build completed successfully (558 jobs).
LEAN_NUM_THREADS=2 lake build Effect4.Laws.Machine.Lift          340.04s user 81.37s system 176% cpu 3:59.21 total
