# summary of step5-gen-lcnf.log (13008 lines)
## commands
lake build
python3 scripts/generate.py --only lcnf
+ lake build Effect4
+ lake build OCaml5.Tools.LcnfGen
+ lake env lean -DwarningAsError=true -M4096 --run src/OCaml5/Tools/LcnfGen.lean --out ocaml/gen/fibers_gen.ml --cap 400 --types Effect4.Machine.Task Effect4.Machine.Dispatcher.empty Effect4.Machine.Dispatcher.insert Effect4.Machine.Dispatcher.enqueue Effect4.Machine.Dispatcher.drain Effect4.Machine.RunFiber.interruptPending Effect4.Machine.RunFiber.make Effect4.Machine.RunFiber.park 'Effect4.Mach
+ lake env lean -DwarningAsError=true -M4096 --run src/OCaml5/Tools/LcnfGen.lean --out ocaml/gen/machine_gen.ml --cap 60 --types Effect4.Machine.Task Effect4.Machine.Dispatcher.insert Effect4.Machine.Dispatcher.enqueue Effect4.Machine.Dispatcher.drain Effect4.Machine.RunMachine.update 'Effect4.Machine.RunMachine.fiber?' Effect4.Machine.RunMachine.emit Effect4.Machine.RunMachine.finished Effect4.Ma
+ lake env lean -DwarningAsError=true -M4096 --run src/OCaml5/Tools/LcnfGen.lean --out ocaml/gen/api_gen.ml --import Effect4.Api --cap 2000 --types Effect4.Program.RowShape Effect4.Api.run Effect4.Api.replay
+ lake env lean -DwarningAsError=true -M4096 --run src/OCaml5/Tools/LcnfGen.lean --out ocaml/engine/api_engine.ml --import Effect4.Api --cap 2000 --types Effect4.Program.RowShape,Effect4.Machine.Origin,Effect4.Machine.ForkRecord --externs ocaml/engine/externs.txt --prelude ocaml/engine/tools/api_engine_prelude.ml Effect4.Api.run Effect4.Api.replay Effect4.Machine.stepDecisionState Effect4.Machine.
## errors and warnings
(none)
## gates
info: Test/All.lean:169:0: Effect4 library-root gate: 135 API/utility modules, 221 Laws-only modules; every library source is reachable; Effect4 never reaches Laws
info: Test/All.lean:169:0: Effect4 module and axiom gate: checked 525 modules and 72539 declarations; semantic/test axioms are [propext,
 Quot.sound]; exact implementation boundary (15 module(s), 23 declaration(s)) additionally allows Classical.choice
## built (not replayed)
(none)
## tail
wrote ocaml/engine/api_engine.ml and ocaml/gen/closure-api_engine.tsv
PASS generate: requested producers ran in dependency order
LEAN_NUM_THREADS=1 make gen-lcnf  37.61s user 9.52s system 94% cpu 49.645 total
