ℹ [21/111] Replayed Effect4.Program.NodeLenses
info: src/Effect4/Program/NodeLenses.lean:135:0: 'Effect4.Program.Node.child' depends on axioms: [propext]
info: src/Effect4/Program/NodeLenses.lean:136:0: 'Effect4.Program.Node.setChild' depends on axioms: [propext]
ℹ [22/111] Replayed Effect4.Program.Fold
info: src/Effect4/Program/Fold.lean:3350:0: 'Effect4.Program.hom_eq_cata_ty' depends on axioms: [propext]
info: src/Effect4/Program/Fold.lean:3351:0: 'Effect4.Program.cata_id_ty' does not depend on any axioms
info: src/Effect4/Program/Fold.lean:3352:0: 'Effect4.Program.foldM_eq_cata_ty' depends on axioms: [propext, Quot.sound]
info: src/Effect4/Program/Fold.lean:3353:0: 'Effect4.Program.foldM_id_ty' depends on axioms: [propext, Quot.sound]
info: src/Effect4/Program/Fold.lean:3354:0: 'Effect4.Program.foldM_natural_ty' depends on axioms: [propext, Quot.sound]
info: src/Effect4/Program/Fold.lean:3355:0: 'Effect4.Program.hom_eq_cata_term' depends on axioms: [propext]
info: src/Effect4/Program/Fold.lean:3356:0: 'Effect4.Program.hom_eq_cata_terms' depends on axioms: [propext]
info: src/Effect4/Program/Fold.lean:3357:0: 'Effect4.Program.cata_id_term' does not depend on any axioms
info: src/Effect4/Program/Fold.lean:3358:0: 'Effect4.Program.cata_id_terms' does not depend on any axioms
info: src/Effect4/Program/Fold.lean:3359:0: 'Effect4.Program.foldM_eq_cata_term' depends on axioms: [propext, Quot.sound]
info: src/Effect4/Program/Fold.lean:3360:0: 'Effect4.Program.foldM_eq_cata_terms' depends on axioms: [propext, Quot.sound]
info: src/Effect4/Program/Fold.lean:3361:0: 'Effect4.Program.foldM_id_term' depends on axioms: [propext, Quot.sound]
info: src/Effect4/Program/Fold.lean:3362:0: 'Effect4.Program.foldM_id_terms' depends on axioms: [propext, Quot.sound]
info: src/Effect4/Program/Fold.lean:3363:0: 'Effect4.Program.foldM_natural_term' depends on axioms: [propext, Quot.sound]
info: src/Effect4/Program/Fold.lean:3364:0: 'Effect4.Program.foldM_natural_terms' depends on axioms: [propext, Quot.sound]
info: src/Effect4/Program/Fold.lean:3365:0: 'Effect4.Program.hom_eq_cata_cause' depends on axioms: [propext]
info: src/Effect4/Program/Fold.lean:3366:0: 'Effect4.Program.cata_id_cause' does not depend on any axioms
info: src/Effect4/Program/Fold.lean:3367:0: 'Effect4.Program.foldM_eq_cata_cause' depends on axioms: [propext, Quot.sound]
info: src/Effect4/Program/Fold.lean:3368:0: 'Effect4.Program.foldM_id_cause' depends on axioms: [propext, Quot.sound]
info: src/Effect4/Program/Fold.lean:3369:0: 'Effect4.Program.foldM_natural_cause' depends on axioms: [propext, Quot.sound]
info: src/Effect4/Program/Fold.lean:3370:0: 'Effect4.Program.hom_eq_cata_eff' depends on axioms: [propext]
info: src/Effect4/Program/Fold.lean:3371:0: 'Effect4.Program.hom_eq_cata_stmt' depends on axioms: [propext]
info: src/Effect4/Program/Fold.lean:3372:0: 'Effect4.Program.hom_eq_cata_stmts' depends on axioms: [propext]
info: src/Effect4/Program/Fold.lean:3373:0: 'Effect4.Program.hom_eq_cata_effs' depends on axioms: [propext]
info: src/Effect4/Program/Fold.lean:3374:0: 'Effect4.Program.hom_eq_cata_action' depends on axioms: [propext]
info: src/Effect4/Program/Fold.lean:3375:0: 'Effect4.Program.hom_eq_cata_layer' depends on axioms: [propext]
info: src/Effect4/Program/Fold.lean:3376:0: 'Effect4.Program.hom_eq_cata_layers' depends on axioms: [propext]
info: src/Effect4/Program/Fold.lean:3377:0: 'Effect4.Program.cata_id_eff' does not depend on any axioms
info: src/Effect4/Program/Fold.lean:3378:0: 'Effect4.Program.cata_id_stmt' does not depend on any axioms
info: src/Effect4/Program/Fold.lean:3379:0: 'Effect4.Program.cata_id_stmts' does not depend on any axioms
info: src/Effect4/Program/Fold.lean:3380:0: 'Effect4.Program.cata_id_effs' does not depend on any axioms
info: src/Effect4/Program/Fold.lean:3381:0: 'Effect4.Program.cata_id_action' does not depend on any axioms
info: src/Effect4/Program/Fold.lean:3382:0: 'Effect4.Program.cata_id_layer' does not depend on any axioms
info: src/Effect4/Program/Fold.lean:3383:0: 'Effect4.Program.cata_id_layers' does not depend on any axioms
info: src/Effect4/Program/Fold.lean:3384:0: 'Effect4.Program.foldM_eq_cata_eff' depends on axioms: [propext, Quot.sound]
info: src/Effect4/Program/Fold.lean:3385:0: 'Effect4.Program.foldM_eq_cata_stmt' depends on axioms: [propext, Quot.sound]
info: src/Effect4/Program/Fold.lean:3386:0: 'Effect4.Program.foldM_eq_cata_stmts' depends on axioms: [propext, Quot.sound]
info: src/Effect4/Program/Fold.lean:3387:0: 'Effect4.Program.foldM_eq_cata_effs' depends on axioms: [propext, Quot.sound]
info: src/Effect4/Program/Fold.lean:3388:0: 'Effect4.Program.foldM_eq_cata_action' depends on axioms: [propext, Quot.sound]
info: src/Effect4/Program/Fold.lean:3389:0: 'Effect4.Program.foldM_eq_cata_layer' depends on axioms: [propext, Quot.sound]
info: src/Effect4/Program/Fold.lean:3390:0: 'Effect4.Program.foldM_eq_cata_layers' depends on axioms: [propext, Quot.sound]
info: src/Effect4/Program/Fold.lean:3391:0: 'Effect4.Program.foldM_id_eff' depends on axioms: [propext, Quot.sound]
info: src/Effect4/Program/Fold.lean:3392:0: 'Effect4.Program.foldM_id_stmt' depends on axioms: [propext, Quot.sound]
info: src/Effect4/Program/Fold.lean:3393:0: 'Effect4.Program.foldM_id_stmts' depends on axioms: [propext, Quot.sound]
info: src/Effect4/Program/Fold.lean:3394:0: 'Effect4.Program.foldM_id_effs' depends on axioms: [propext, Quot.sound]
info: src/Effect4/Program/Fold.lean:3395:0: 'Effect4.Program.foldM_id_action' depends on axioms: [propext, Quot.sound]
info: src/Effect4/Program/Fold.lean:3396:0: 'Effect4.Program.foldM_id_layer' depends on axioms: [propext, Quot.sound]
info: src/Effect4/Program/Fold.lean:3397:0: 'Effect4.Program.foldM_id_layers' depends on axioms: [propext, Quot.sound]
info: src/Effect4/Program/Fold.lean:3398:0: 'Effect4.Program.foldM_natural_eff' depends on axioms: [propext, Quot.sound]
info: src/Effect4/Program/Fold.lean:3399:0: 'Effect4.Program.foldM_natural_stmt' depends on axioms: [propext, Quot.sound]
info: src/Effect4/Program/Fold.lean:3400:0: 'Effect4.Program.foldM_natural_stmts' depends on axioms: [propext, Quot.sound]
info: src/Effect4/Program/Fold.lean:3401:0: 'Effect4.Program.foldM_natural_effs' depends on axioms: [propext, Quot.sound]
info: src/Effect4/Program/Fold.lean:3402:0: 'Effect4.Program.foldM_natural_action' depends on axioms: [propext, Quot.sound]
info: src/Effect4/Program/Fold.lean:3403:0: 'Effect4.Program.foldM_natural_layer' depends on axioms: [propext, Quot.sound]
info: src/Effect4/Program/Fold.lean:3404:0: 'Effect4.Program.foldM_natural_layers' depends on axioms: [propext, Quot.sound]
info: src/Effect4/Program/Fold.lean:3405:0: 'Effect4.Program.weaken_eq_cata_eff' depends on axioms: [propext]
info: src/Effect4/Program/Fold.lean:3406:0: 'Effect4.Program.weaken_eq_cata_stmt' depends on axioms: [propext]
info: src/Effect4/Program/Fold.lean:3407:0: 'Effect4.Program.weaken_eq_cata_stmts' depends on axioms: [propext]
info: src/Effect4/Program/Fold.lean:3408:0: 'Effect4.Program.weaken_eq_cata_effs' depends on axioms: [propext]
info: src/Effect4/Program/Fold.lean:3409:0: 'Effect4.Program.weaken_eq_cata_action' depends on axioms: [propext]
ℹ [24/111] Replayed Effect4.Program.AtomInventory
info: src/Effect4/Program/AtomInventory.lean:61:0: 'Effect4.Program.NativeAtom.all_complete' depends on axioms: [propext]
info: src/Effect4/Program/AtomInventory.lean:62:0: 'Effect4.Program.NativeAtom.covers_iff' depends on axioms: [propext, Quot.sound]
ℹ [42/111] Replayed Effect4.Program.Authoring.Lifts
info: src/Effect4/Program/Authoring/Lifts.lean:335:0: 'Effect4.Program.Authoring.succeed' does not depend on any axioms
info: src/Effect4/Program/Authoring/Lifts.lean:336:0: 'Effect4.Program.Authoring.fail' does not depend on any axioms
info: src/Effect4/Program/Authoring/Lifts.lean:337:0: 'Effect4.Program.Authoring.failCause' does not depend on any axioms
info: src/Effect4/Program/Authoring/Lifts.lean:338:0: 'Effect4.Program.Authoring.sync' does not depend on any axioms
info: src/Effect4/Program/Authoring/Lifts.lean:339:0: 'Effect4.Program.Authoring.suspend' does not depend on any axioms
info: src/Effect4/Program/Authoring/Lifts.lean:340:0: 'Effect4.Program.Authoring.perform' does not depend on any axioms
info: src/Effect4/Program/Authoring/Lifts.lean:341:0: 'Effect4.Program.Authoring.bind' does not depend on any axioms
info: src/Effect4/Program/Authoring/Lifts.lean:342:0: 'Effect4.Program.Authoring.catchCause' does not depend on any axioms
info: src/Effect4/Program/Authoring/Lifts.lean:343:0: 'Effect4.Program.Authoring.matchCause' does not depend on any axioms
info: src/Effect4/Program/Authoring/Lifts.lean:344:0: 'Effect4.Program.Authoring.onExit' does not depend on any axioms
info: src/Effect4/Program/Authoring/Lifts.lean:345:0: 'Effect4.Program.Authoring.exit' does not depend on any axioms
info: src/Effect4/Program/Authoring/Lifts.lean:346:0: 'Effect4.Program.Authoring.uninterruptible' does not depend on any axioms
info: src/Effect4/Program/Authoring/Lifts.lean:347:0: 'Effect4.Program.Authoring.interruptible' does not depend on any axioms
info: src/Effect4/Program/Authoring/Lifts.lean:348:0: 'Effect4.Program.Authoring.yieldNow' does not depend on any axioms
info: src/Effect4/Program/Authoring/Lifts.lean:349:0: 'Effect4.Program.Authoring.awaitFiber' does not depend on any axioms
info: src/Effect4/Program/Authoring/Lifts.lean:350:0: 'Effect4.Program.Authoring.withFiber' does not depend on any axioms
info: src/Effect4/Program/Authoring/Lifts.lean:351:0: 'Effect4.Program.Authoring.scope' does not depend on any axioms
info: src/Effect4/Program/Authoring/Lifts.lean:352:0: 'Effect4.Program.Authoring.acquireRelease' does not depend on any axioms
info: src/Effect4/Program/Authoring/Lifts.lean:353:0: 'Effect4.Program.Authoring.provideLayer' does not depend on any axioms
info: src/Effect4/Program/Authoring/Lifts.lean:354:0: 'Effect4.Program.Authoring.service' does not depend on any axioms
info: src/Effect4/Program/Authoring/Lifts.lean:355:0: 'Effect4.Program.Authoring.provideService' does not depend on any axioms
info: src/Effect4/Program/Authoring/Lifts.lean:356:0: 'Effect4.Program.Authoring.catchIf' does not depend on any axioms
info: src/Effect4/Program/Authoring/Lifts.lean:357:0: 'Effect4.Program.Authoring.selectBool' does not depend on any axioms
info: src/Effect4/Program/Authoring/Lifts.lean:358:0: 'Effect4.Program.Authoring.selectOption' does not depend on any axioms
info: src/Effect4/Program/Authoring/Lifts.lean:359:0: 'Effect4.Program.Authoring.selectTag' does not depend on any axioms
info: src/Effect4/Program/Authoring/Lifts.lean:360:0: 'Effect4.Program.Authoring.iterate' does not depend on any axioms
info: src/Effect4/Program/Authoring/Lifts.lean:361:0: 'Effect4.Program.Authoring.Action.fork' does not depend on any axioms
info: src/Effect4/Program/Authoring/Lifts.lean:362:0: 'Effect4.Program.Authoring.Action.forkIn' does not depend on any axioms
info: src/Effect4/Program/Authoring/Lifts.lean:363:0: 'Effect4.Program.Authoring.Action.forkScoped' does not depend on any axioms
info: src/Effect4/Program/Authoring/Lifts.lean:364:0: 'Effect4.Program.Authoring.Action.runIn' does not depend on any axioms
info: src/Effect4/Program/Authoring/Lifts.lean:365:0: 'Effect4.Program.Authoring.Action.interrupt' does not depend on any axioms
info: src/Effect4/Program/Authoring/Lifts.lean:366:0: 'Effect4.Program.Authoring.Action.interruptAll' does not depend on any axioms
info: src/Effect4/Program/Authoring/Lifts.lean:367:0: 'Effect4.Program.Authoring.Action.awaitAll' does not depend on any axioms
info: src/Effect4/Program/Authoring/Lifts.lean:368:0: 'Effect4.Program.Authoring.Action.raceAll' does not depend on any axioms
info: src/Effect4/Program/Authoring/Lifts.lean:369:0: 'Effect4.Program.Authoring.Action.getContext' does not depend on any axioms
info: src/Effect4/Program/Authoring/Lifts.lean:370:0: 'Effect4.Program.Authoring.Action.getId' does not depend on any axioms
info: src/Effect4/Program/Authoring/Lifts.lean:371:0: 'Effect4.Program.Authoring.Action.closeScope' does not depend on any axioms
info: src/Effect4/Program/Authoring/Lifts.lean:372:0: 'Effect4.Program.Authoring.Layer.succeed' does not depend on any axioms
info: src/Effect4/Program/Authoring/Lifts.lean:373:0: 'Effect4.Program.Authoring.Layer.effect' does not depend on any axioms
info: src/Effect4/Program/Authoring/Lifts.lean:374:0: 'Effect4.Program.Authoring.Layer.effectDiscard' does not depend on any axioms
info: src/Effect4/Program/Authoring/Lifts.lean:375:0: 'Effect4.Program.Authoring.Layer.provide' does not depend on any axioms
info: src/Effect4/Program/Authoring/Lifts.lean:376:0: 'Effect4.Program.Authoring.Layer.provideMerge' does not depend on any axioms
info: src/Effect4/Program/Authoring/Lifts.lean:377:0: 'Effect4.Program.Authoring.Layer.merge' does not depend on any axioms
info: src/Effect4/Program/Authoring/Lifts.lean:378:0: 'Effect4.Program.Authoring.Layer.fresh' does not depend on any axioms
info: src/Effect4/Program/Authoring/Lifts.lean:379:0: 'Effect4.Program.Authoring.Layer.orDie' does not depend on any axioms
info: src/Effect4/Program/Authoring/Lifts.lean:380:0: 'Effect4.Program.Authoring.Layer.mergeAll' does not depend on any axioms
info: src/Effect4/Program/Authoring/Lifts.lean:381:0: 'Effect4.Program.Authoring.Cause.fail' does not depend on any axioms
info: src/Effect4/Program/Authoring/Lifts.lean:382:0: 'Effect4.Program.Authoring.Cause.die' does not depend on any axioms
info: src/Effect4/Program/Authoring/Lifts.lean:383:0: 'Effect4.Program.Authoring.Cause.interrupt' does not depend on any axioms
info: src/Effect4/Program/Authoring/Lifts.lean:384:0: 'Effect4.Program.Authoring.Cause.both' does not depend on any axioms
ℹ [43/111] Replayed Effect4.Program.Authoring.Rows
info: src/Effect4/Program/Authoring/Rows.lean:120:0: 'Effect4.Program.Authoring.Ref.make' does not depend on any axioms
info: src/Effect4/Program/Authoring/Rows.lean:121:0: 'Effect4.Program.Authoring.Ref.get' does not depend on any axioms
info: src/Effect4/Program/Authoring/Rows.lean:122:0: 'Effect4.Program.Authoring.Ref.set' does not depend on any axioms
info: src/Effect4/Program/Authoring/Rows.lean:123:0: 'Effect4.Program.Authoring.Ref.getAndSet' does not depend on any axioms
info: src/Effect4/Program/Authoring/Rows.lean:124:0: 'Effect4.Program.Authoring.Ref.setAndGet' does not depend on any axioms
info: src/Effect4/Program/Authoring/Rows.lean:125:0: 'Effect4.Program.Authoring.Ref.update' does not depend on any axioms
info: src/Effect4/Program/Authoring/Rows.lean:126:0: 'Effect4.Program.Authoring.Ref.getAndUpdate' does not depend on any axioms
info: src/Effect4/Program/Authoring/Rows.lean:127:0: 'Effect4.Program.Authoring.Ref.updateAndGet' does not depend on any axioms
info: src/Effect4/Program/Authoring/Rows.lean:128:0: 'Effect4.Program.Authoring.Ref.updateSome' does not depend on any axioms
info: src/Effect4/Program/Authoring/Rows.lean:129:0: 'Effect4.Program.Authoring.Ref.getAndUpdateSome' does not depend on any axioms
info: src/Effect4/Program/Authoring/Rows.lean:130:0: 'Effect4.Program.Authoring.Ref.updateSomeAndGet' does not depend on any axioms
info: src/Effect4/Program/Authoring/Rows.lean:131:0: 'Effect4.Program.Authoring.Ref.modify' does not depend on any axioms
info: src/Effect4/Program/Authoring/Rows.lean:132:0: 'Effect4.Program.Authoring.Ref.modifySome' does not depend on any axioms
info: src/Effect4/Program/Authoring/Rows.lean:133:0: 'Effect4.Program.Authoring.Deferred.make' does not depend on any axioms
info: src/Effect4/Program/Authoring/Rows.lean:134:0: 'Effect4.Program.Authoring.Deferred.isDone' does not depend on any axioms
info: src/Effect4/Program/Authoring/Rows.lean:135:0: 'Effect4.Program.Authoring.Deferred.poll' does not depend on any axioms
info: src/Effect4/Program/Authoring/Rows.lean:136:0: 'Effect4.Program.Authoring.Deferred.succeed' does not depend on any axioms
info: src/Effect4/Program/Authoring/Rows.lean:137:0: 'Effect4.Program.Authoring.Deferred.fail' does not depend on any axioms
info: src/Effect4/Program/Authoring/Rows.lean:138:0: 'Effect4.Program.Authoring.Deferred.await' does not depend on any axioms
info: src/Effect4/Program/Authoring/Rows.lean:139:0: 'Effect4.Program.Authoring.Scope.make' does not depend on any axioms
info: src/Effect4/Program/Authoring/Rows.lean:140:0: 'Effect4.Program.Authoring.Effect.sleep' does not depend on any axioms
info: src/Effect4/Program/Authoring/Rows.lean:141:0: 'Effect4.Program.Authoring.Effect.currentTimeMillis' does not depend on any axioms
ℹ [44/111] Replayed Effect4.Program.Scoped
info: src/Effect4/Program/Scoped.lean:251:0: 'Effect4.Program.scopedAlgebra' depends on axioms: [propext]
info: src/Effect4/Program/Scoped.lean:252:0: 'Effect4.Program.Eff.scopedAt' depends on axioms: [propext]
info: src/Effect4/Program/Scoped.lean:253:0: 'Effect4.Program.Node.scopedAt' depends on axioms: [propext]
ℹ [45/111] Replayed Effect4.Program.Binders
info: src/Effect4/Program/Binders.lean:56:0: 'Effect4.Program.Node.binders' depends on axioms: [propext]
info: src/Effect4/Program/Binders.lean:57:0: 'Effect4.Program.Node.closedChild' depends on axioms: [propext]
info: src/Effect4/Program/Binders.lean:58:0: 'Effect4.Program.Node.childLevel' depends on axioms: [propext]
ℹ [218/223] Replayed Effect4.Laws.Program.Authoring.Lifts
info: src/Effect4/Laws/Program/Authoring/Lifts.lean:531:0: 'Effect4.Program.Authoring.succeed_scoped' depends on axioms: [propext, Quot.sound]
info: src/Effect4/Laws/Program/Authoring/Lifts.lean:532:0: 'Effect4.Program.Authoring.fail_scoped' depends on axioms: [propext, Quot.sound]
info: src/Effect4/Laws/Program/Authoring/Lifts.lean:533:0: 'Effect4.Program.Authoring.failCause_scoped' depends on axioms: [propext, Quot.sound]
info: src/Effect4/Laws/Program/Authoring/Lifts.lean:534:0: 'Effect4.Program.Authoring.sync_scoped' depends on axioms: [propext, Quot.sound]
info: src/Effect4/Laws/Program/Authoring/Lifts.lean:535:0: 'Effect4.Program.Authoring.suspend_scoped' depends on axioms: [propext, Quot.sound]
info: src/Effect4/Laws/Program/Authoring/Lifts.lean:536:0: 'Effect4.Program.Authoring.perform_scoped' depends on axioms: [propext, Quot.sound]
info: src/Effect4/Laws/Program/Authoring/Lifts.lean:537:0: 'Effect4.Program.Authoring.bind_scoped' depends on axioms: [propext, Quot.sound]
info: src/Effect4/Laws/Program/Authoring/Lifts.lean:538:0: 'Effect4.Program.Authoring.catchCause_scoped' depends on axioms: [propext, Quot.sound]
info: src/Effect4/Laws/Program/Authoring/Lifts.lean:539:0: 'Effect4.Program.Authoring.matchCause_scoped' depends on axioms: [propext, Quot.sound]
info: src/Effect4/Laws/Program/Authoring/Lifts.lean:540:0: 'Effect4.Program.Authoring.onExit_scoped' depends on axioms: [propext, Quot.sound]
info: src/Effect4/Laws/Program/Authoring/Lifts.lean:541:0: 'Effect4.Program.Authoring.exit_scoped' depends on axioms: [propext, Quot.sound]
info: src/Effect4/Laws/Program/Authoring/Lifts.lean:542:0: 'Effect4.Program.Authoring.uninterruptible_scoped' depends on axioms: [propext, Quot.sound]
info: src/Effect4/Laws/Program/Authoring/Lifts.lean:543:0: 'Effect4.Program.Authoring.interruptible_scoped' depends on axioms: [propext, Quot.sound]
info: src/Effect4/Laws/Program/Authoring/Lifts.lean:544:0: 'Effect4.Program.Authoring.yieldNow_scoped' depends on axioms: [propext]
info: src/Effect4/Laws/Program/Authoring/Lifts.lean:545:0: 'Effect4.Program.Authoring.awaitFiber_scoped' depends on axioms: [propext, Quot.sound]
info: src/Effect4/Laws/Program/Authoring/Lifts.lean:546:0: 'Effect4.Program.Authoring.withFiber_scoped' depends on axioms: [propext, Quot.sound]
info: src/Effect4/Laws/Program/Authoring/Lifts.lean:547:0: 'Effect4.Program.Authoring.scope_scoped' depends on axioms: [propext, Quot.sound]
info: src/Effect4/Laws/Program/Authoring/Lifts.lean:548:0: 'Effect4.Program.Authoring.acquireRelease_scoped' depends on axioms: [propext, Quot.sound]
info: src/Effect4/Laws/Program/Authoring/Lifts.lean:549:0: 'Effect4.Program.Authoring.provideLayer_scoped' depends on axioms: [propext, Quot.sound]
info: src/Effect4/Laws/Program/Authoring/Lifts.lean:550:0: 'Effect4.Program.Authoring.service_scoped' depends on axioms: [propext]
info: src/Effect4/Laws/Program/Authoring/Lifts.lean:551:0: 'Effect4.Program.Authoring.provideService_scoped' depends on axioms: [propext, Quot.sound]
info: src/Effect4/Laws/Program/Authoring/Lifts.lean:552:0: 'Effect4.Program.Authoring.catchIf_scoped' depends on axioms: [propext, Quot.sound]
info: src/Effect4/Laws/Program/Authoring/Lifts.lean:553:0: 'Effect4.Program.Authoring.selectBool_scoped' depends on axioms: [propext, Quot.sound]
info: src/Effect4/Laws/Program/Authoring/Lifts.lean:554:0: 'Effect4.Program.Authoring.selectOption_scoped' depends on axioms: [propext, Quot.sound]
info: src/Effect4/Laws/Program/Authoring/Lifts.lean:555:0: 'Effect4.Program.Authoring.selectTag_scoped' depends on axioms: [propext, Quot.sound]
info: src/Effect4/Laws/Program/Authoring/Lifts.lean:556:0: 'Effect4.Program.Authoring.iterate_scoped' depends on axioms: [propext, Quot.sound]
info: src/Effect4/Laws/Program/Authoring/Lifts.lean:557:0: 'Effect4.Program.Authoring.Action.fork_scoped' depends on axioms: [propext, Quot.sound]
info: src/Effect4/Laws/Program/Authoring/Lifts.lean:558:0: 'Effect4.Program.Authoring.Action.forkIn_scoped' depends on axioms: [propext, Quot.sound]
info: src/Effect4/Laws/Program/Authoring/Lifts.lean:559:0: 'Effect4.Program.Authoring.Action.forkScoped_scoped' depends on axioms: [propext, Quot.sound]
info: src/Effect4/Laws/Program/Authoring/Lifts.lean:560:0: 'Effect4.Program.Authoring.Action.runIn_scoped' depends on axioms: [propext, Quot.sound]
info: src/Effect4/Laws/Program/Authoring/Lifts.lean:561:0: 'Effect4.Program.Authoring.Action.interrupt_scoped' depends on axioms: [propext, Quot.sound]
info: src/Effect4/Laws/Program/Authoring/Lifts.lean:562:0: 'Effect4.Program.Authoring.Action.interruptAll_scoped' depends on axioms: [propext, Quot.sound]
info: src/Effect4/Laws/Program/Authoring/Lifts.lean:563:0: 'Effect4.Program.Authoring.Action.awaitAll_scoped' depends on axioms: [propext, Quot.sound]
info: src/Effect4/Laws/Program/Authoring/Lifts.lean:564:0: 'Effect4.Program.Authoring.Action.raceAll_scoped' depends on axioms: [propext, Quot.sound]
info: src/Effect4/Laws/Program/Authoring/Lifts.lean:565:0: 'Effect4.Program.Authoring.Action.getContext_scoped' depends on axioms: [propext]
info: src/Effect4/Laws/Program/Authoring/Lifts.lean:566:0: 'Effect4.Program.Authoring.Action.getId_scoped' depends on axioms: [propext]
info: src/Effect4/Laws/Program/Authoring/Lifts.lean:567:0: 'Effect4.Program.Authoring.Action.closeScope_scoped' depends on axioms: [propext, Quot.sound]
info: src/Effect4/Laws/Program/Authoring/Lifts.lean:568:0: 'Effect4.Program.Authoring.Layer.succeed_scoped' depends on axioms: [propext]
info: src/Effect4/Laws/Program/Authoring/Lifts.lean:569:0: 'Effect4.Program.Authoring.Layer.effect_scoped' depends on axioms: [propext, Quot.sound]
info: src/Effect4/Laws/Program/Authoring/Lifts.lean:570:0: 'Effect4.Program.Authoring.Layer.effectDiscard_scoped' depends on axioms: [propext, Quot.sound]
info: src/Effect4/Laws/Program/Authoring/Lifts.lean:571:0: 'Effect4.Program.Authoring.Layer.provide_scoped' depends on axioms: [propext, Quot.sound]
info: src/Effect4/Laws/Program/Authoring/Lifts.lean:572:0: 'Effect4.Program.Authoring.Layer.provideMerge_scoped' depends on axioms: [propext, Quot.sound]
info: src/Effect4/Laws/Program/Authoring/Lifts.lean:573:0: 'Effect4.Program.Authoring.Layer.merge_scoped' depends on axioms: [propext, Quot.sound]
info: src/Effect4/Laws/Program/Authoring/Lifts.lean:574:0: 'Effect4.Program.Authoring.Layer.fresh_scoped' depends on axioms: [propext, Quot.sound]
info: src/Effect4/Laws/Program/Authoring/Lifts.lean:575:0: 'Effect4.Program.Authoring.Layer.orDie_scoped' depends on axioms: [propext, Quot.sound]
info: src/Effect4/Laws/Program/Authoring/Lifts.lean:576:0: 'Effect4.Program.Authoring.Layer.mergeAll_scoped' depends on axioms: [propext, Quot.sound]
info: src/Effect4/Laws/Program/Authoring/Lifts.lean:577:0: 'Effect4.Program.Authoring.Cause.fail_scoped' depends on axioms: [propext, Quot.sound]
info: src/Effect4/Laws/Program/Authoring/Lifts.lean:578:0: 'Effect4.Program.Authoring.Cause.die_scoped' depends on axioms: [propext, Quot.sound]
info: src/Effect4/Laws/Program/Authoring/Lifts.lean:579:0: 'Effect4.Program.Authoring.Cause.interrupt_scoped' depends on axioms: [propext, Quot.sound]
info: src/Effect4/Laws/Program/Authoring/Lifts.lean:580:0: 'Effect4.Program.Authoring.Cause.both_scoped' depends on axioms: [propext, Quot.sound]
ℹ [219/223] Replayed Effect4.Laws.Program.Authoring.Rows
info: src/Effect4/Laws/Program/Authoring/Rows.lean:121:0: 'Effect4.Program.Authoring.Ref.make_scoped' depends on axioms: [propext, Quot.sound]
info: src/Effect4/Laws/Program/Authoring/Rows.lean:122:0: 'Effect4.Program.Authoring.Ref.get_scoped' depends on axioms: [propext, Quot.sound]
info: src/Effect4/Laws/Program/Authoring/Rows.lean:123:0: 'Effect4.Program.Authoring.Ref.set_scoped' depends on axioms: [propext, Quot.sound]
info: src/Effect4/Laws/Program/Authoring/Rows.lean:124:0: 'Effect4.Program.Authoring.Ref.getAndSet_scoped' depends on axioms: [propext, Quot.sound]
info: src/Effect4/Laws/Program/Authoring/Rows.lean:125:0: 'Effect4.Program.Authoring.Ref.setAndGet_scoped' depends on axioms: [propext, Quot.sound]
info: src/Effect4/Laws/Program/Authoring/Rows.lean:126:0: 'Effect4.Program.Authoring.Ref.update_scoped' depends on axioms: [propext, Quot.sound]
info: src/Effect4/Laws/Program/Authoring/Rows.lean:127:0: 'Effect4.Program.Authoring.Ref.getAndUpdate_scoped' depends on axioms: [propext, Quot.sound]
info: src/Effect4/Laws/Program/Authoring/Rows.lean:128:0: 'Effect4.Program.Authoring.Ref.updateAndGet_scoped' depends on axioms: [propext, Quot.sound]
info: src/Effect4/Laws/Program/Authoring/Rows.lean:129:0: 'Effect4.Program.Authoring.Ref.updateSome_scoped' depends on axioms: [propext, Quot.sound]
info: src/Effect4/Laws/Program/Authoring/Rows.lean:130:0: 'Effect4.Program.Authoring.Ref.getAndUpdateSome_scoped' depends on axioms: [propext, Quot.sound]
info: src/Effect4/Laws/Program/Authoring/Rows.lean:131:0: 'Effect4.Program.Authoring.Ref.updateSomeAndGet_scoped' depends on axioms: [propext, Quot.sound]
info: src/Effect4/Laws/Program/Authoring/Rows.lean:132:0: 'Effect4.Program.Authoring.Ref.modify_scoped' depends on axioms: [propext, Quot.sound]
info: src/Effect4/Laws/Program/Authoring/Rows.lean:133:0: 'Effect4.Program.Authoring.Ref.modifySome_scoped' depends on axioms: [propext, Quot.sound]
info: src/Effect4/Laws/Program/Authoring/Rows.lean:134:0: 'Effect4.Program.Authoring.Deferred.make_scoped' depends on axioms: [propext, Quot.sound]
info: src/Effect4/Laws/Program/Authoring/Rows.lean:135:0: 'Effect4.Program.Authoring.Deferred.isDone_scoped' depends on axioms: [propext, Quot.sound]
info: src/Effect4/Laws/Program/Authoring/Rows.lean:136:0: 'Effect4.Program.Authoring.Deferred.poll_scoped' depends on axioms: [propext, Quot.sound]
info: src/Effect4/Laws/Program/Authoring/Rows.lean:137:0: 'Effect4.Program.Authoring.Deferred.succeed_scoped' depends on axioms: [propext, Quot.sound]
info: src/Effect4/Laws/Program/Authoring/Rows.lean:138:0: 'Effect4.Program.Authoring.Deferred.fail_scoped' depends on axioms: [propext, Quot.sound]
info: src/Effect4/Laws/Program/Authoring/Rows.lean:139:0: 'Effect4.Program.Authoring.Deferred.await_scoped' depends on axioms: [propext, Quot.sound]
info: src/Effect4/Laws/Program/Authoring/Rows.lean:140:0: 'Effect4.Program.Authoring.Scope.make_scoped' depends on axioms: [propext, Quot.sound]
info: src/Effect4/Laws/Program/Authoring/Rows.lean:141:0: 'Effect4.Program.Authoring.Effect.sleep_scoped' depends on axioms: [propext, Quot.sound]
info: src/Effect4/Laws/Program/Authoring/Rows.lean:142:0: 'Effect4.Program.Authoring.Effect.currentTimeMillis_scoped' depends on axioms: [propext, Quot.sound]
✔ [220/223] Built Effect4.Program.Authoring.Sugar (992ms)
✔ [221/223] Built Effect4.Program.Authoring.Loops (414ms)
✔ [222/223] Built Effect4.Laws.Program.Authoring.Sugar (1.4s)
✔ [223/223] Built Effect4.Laws.Program.Authoring.Loops (981ms)
Build completed successfully (223 jobs).
LEAN_NUM_THREADS=2 lake build Effect4.Program.Authoring.Sugar     1.61s user 2.02s system 99% cpu 3.647 total
