# summary of step2-build.log (12130 lines)
## commands
## errors and warnings
(none)
## gates
info: Test/All.lean:169:0: Effect4 library-root gate: 134 API/utility modules, 221 Laws-only modules; every library source is reachable; Effect4 never reaches Laws
info: Test/All.lean:169:0: Effect4 module and axiom gate: checked 524 modules and 72072 declarations; semantic/test axioms are [propext,
 Quot.sound]; exact implementation boundary (15 module(s), 23 declaration(s)) additionally allows Classical.choice
## built (not replayed)
✔ [551/631] Built Effect4 (1.5s)
✔ [613/631] Built Test.Audit.AxiomGate (1.6s)
✔ [614/631] Built Test.Audit.ExhaustiveFixture (1.2s)
ℹ [615/645] Built Effect4.Laws (4.6s)
✔ [696/702] Built Test.Audit.TraversalFixture (1.2s)
ℹ [697/738] Built Test.Program.AuthoringContract (1.4s)
ℹ [698/738] Built Test.Program.AuthorContract (1.6s)
ℹ [743/746] Built Test.Audit.TraversalCensus (55s)
ℹ [744/746] Built Test.All (42s)
✔ [745/746] Built Test (1.3s)
## tail
✔ [745/746] Built Test (1.3s)
Build completed successfully (746 jobs).
LEAN_NUM_THREADS=2 lake build  100.61s user 9.27s system 103% cpu 1:46.40 total
