# summary of step3-generate-derived-3.log (7078 lines)
## commands
+ lake env lean -DwarningAsError=true -M4096 --run tools/Effect4Gen/Driver.lean --commands
+ lake build Tools.GeneratedStamp
+ lake build Effect4.Store.Domain.Canonical
+ lake env lean -DwarningAsError=true -M 4096 --run tools/Effect4Gen/Main.lean --group Json --imports Effect4.Store.Domain.Canonical --out /var/folders/_2/d22zd5lj2_v9xrps05xl2sr80000gn/T/effect4-generate-pfmxymf0/src/Effect4/Store/Domain/Derived/Json.lean --append tools/Effect4Gen/guards/json.lean Effect4.Float64 Effect4.Json --header-out src/Effect4/Store/Domain/Derived/Json.lean
+ lake build Effect4.Store.Domain.Derived.Json
+ lake build Tools.GeneratedStamp
+ lake build Effect4.Store.Domain.Derived.Json
+ lake env lean -DwarningAsError=true -M 4096 --run tools/Effect4Gen/Main.lean --group Schema --imports Effect4.Store.Domain.Derived.Json --out /var/folders/_2/d22zd5lj2_v9xrps05xl2sr80000gn/T/effect4-generate-pfmxymf0/src/Effect4/Store/Domain/Derived/Schema.lean --append tools/Effect4Gen/guards/schema.lean Effect4.ReferenceKey Effect4.GlobalSymbolKey Effect4.AnnotationEntry Effect4.LiteralValue E
+ lake build Effect4.Store.Domain.Derived.Schema
+ lake build Tools.GeneratedStamp
+ lake build Effect4.Program.Native
+ lake build Effect4.Store.Domain.Canonical
+ lake build Effect4.Store.Domain.RowCanonical
+ lake env lean -DwarningAsError=true -M 4096 --run tools/Effect4Gen/Main.lean --group Program --imports Effect4.Program.Native,Effect4.Store.Domain.Canonical,Effect4.Store.Domain.RowCanonical --out /var/folders/_2/d22zd5lj2_v9xrps05xl2sr80000gn/T/effect4-generate-pfmxymf0/src/Effect4/Store/Domain/Derived/Program.lean --append tools/Effect4Gen/guards/program.lean Effect4.Program.Lit Effect4.Machin
+ lake build Effect4.Store.Domain.Derived.Program
+ lake build Tools.GeneratedStamp
+ lake build Effect4.Store.Domain.Pin
+ lake build Effect4.Store.Domain.Node
+ lake env lean -DwarningAsError=true -M 4096 --run tools/Effect4Gen/Main.lean --group Pin --imports Effect4.Store.Domain.Pin,Effect4.Store.Domain.Node --out /var/folders/_2/d22zd5lj2_v9xrps05xl2sr80000gn/T/effect4-generate-pfmxymf0/src/Effect4/Store/Domain/PinDerived.lean --append tools/Effect4Gen/guards/pin.lean --kind Effect4.Store.Pin=source --kind Effect4.Store.Tree=tree Effect4.Store.PinRole
+ lake build Effect4.Store.Domain.PinDerived
+ lake build Tools.GeneratedStamp
+ lake build Effect4.Api.Frontier
+ lake build Effect4.Store.Domain.Canonical
+ lake build Effect4.Store.Domain.Clock
+ lake env lean -DwarningAsError=true -M 4096 --run tools/Effect4Gen/Main.lean --group Api --imports Effect4.Api.Frontier,Effect4.Store.Domain.Canonical,Effect4.Store.Domain.Clock --out /var/folders/_2/d22zd5lj2_v9xrps05xl2sr80000gn/T/effect4-generate-pfmxymf0/src/Effect4/Api/Derived.lean --append tools/Effect4Gen/guards/api.lean Effect4.FiberId Effect4.Api.HostProtocol.Key Effect4.Machine.Exhaust
+ lake build Effect4.Api.Derived
+ lake build Tools.GeneratedStamp
+ lake build Effect4.Store.Domain.Canonical
+ lake env lean -DwarningAsError=true -M 4096 --run tools/Effect4Gen/Main.lean --group Value --imports Effect4.Store.Domain.Canonical --out /var/folders/_2/d22zd5lj2_v9xrps05xl2sr80000gn/T/effect4-generate-pfmxymf0/src/Effect4/Store/Domain/Derived/Value.lean --append tools/Effect4Gen/guards/value.lean Effect4.Store.Val Effect4.Store.Kind Effect4.Store.Shape Effect4.Store.ShapeDoc --header-out src/
+ lake build Effect4.Store.Domain.Derived.Value
+ lake build Tools.GeneratedStamp
+ lake build Effect4.Api
+ lake build Effect4.Api.HostSession
+ lake build Effect4.Store.Domain.Derived.Program
+ lake env lean -DwarningAsError=true -M 4096 --run tools/Effect4Gen/Main.lean --group Refusals --imports Effect4.Api,Effect4.Api.HostSession,Effect4.Store.Domain.Derived.Program --out /var/folders/_2/d22zd5lj2_v9xrps05xl2sr80000gn/T/effect4-generate-pfmxymf0/src/Effect4/Api/RefusalsDerived.lean --append tools/Effect4Gen/guards/refusals.lean Effect4.Program.TableRefusal Effect4.Program.AdmitRefusa
+ lake build Effect4.Api.RefusalsDerived
+ lake build Tools.GeneratedStamp
+ lake build Effect4.Api.Runner
+ lake build Effect4.Store.Domain.Derived.Value
+ lake build Effect4.Store.Domain.AnnotationsCanonical
+ lake build Effect4.Store.Domain.Clock
+ lake build Effect4.Store.Domain.Derived.Program
+ lake build Effect4.Api.Derived
+ lake build Effect4.Api.RefusalsDerived
+ lake build Effect4.Run
+ lake env lean -DwarningAsError=true -M 4096 --run tools/Effect4Gen/Main.lean --group Runner --imports Effect4.Api.Runner,Effect4.Store.Domain.Derived.Value,Effect4.Store.Domain.AnnotationsCanonical,Effect4.Store.Domain.Clock,Effect4.Store.Domain.Derived.Program,Effect4.Api.Derived,Effect4.Api.RefusalsDerived,Effect4.Run --out /var/folders/_2/d22zd5lj2_v9xrps05xl2sr80000gn/T/effect4-generate-pfmx
+ lake build Effect4.Api.RunnerDerived
+ lake build Tools.GeneratedStamp
+ lake build Effect4.Program.Eff
+ lake build Effect4.Program.Ty
+ lake env lean -DwarningAsError=true -M 4096 --run tools/Effect4Gen/Fold.lean --group Fold --imports Effect4.Program.Eff,Effect4.Program.Ty --out /var/folders/_2/d22zd5lj2_v9xrps05xl2sr80000gn/T/effect4-generate-pfmxymf0/src/Effect4/Program/Fold.lean --append tools/Effect4Gen/guards/fold.lean Effect4.Program.Ty Effect4.Program.Term Effect4.Program.CauseTerm Effect4.Program.Eff --header-out src/Ef
+ lake build Effect4.Program.Fold
+ lake build Tools.GeneratedStamp
+ lake build Effect4.Laws.Program.Folds.Ty
+ lake build Effect4.Laws.Auto.RuleSets
+ lake env lean -DwarningAsError=true -M 4096 --run tools/Effect4Gen/View.lean --group TyView --imports Effect4.Laws.Program.Folds.Ty,Effect4.Laws.Auto.RuleSets --out /var/folders/_2/d22zd5lj2_v9xrps05xl2sr80000gn/T/effect4-generate-pfmxymf0/src/Effect4/Laws/Program/TyView.lean --append tools/Effect4Gen/guards/tyview.lean Effect4.Program.Ty --header-out src/Effect4/Laws/Program/TyView.lean
+ lake build Effect4.Laws.Program.TyView
+ lake build Tools.GeneratedStamp
+ lake build Effect4.Store.Carrier.Val
+ lake env lean -DwarningAsError=true -M 4096 --run tools/Effect4Gen/Fold.lean --group ValFold --imports Effect4.Store.Carrier.Val --out /var/folders/_2/d22zd5lj2_v9xrps05xl2sr80000gn/T/effect4-generate-pfmxymf0/src/Effect4/Store/Carrier/Fold.lean Effect4.Store.Val --header-out src/Effect4/Store/Carrier/Fold.lean
+ lake build Effect4.Store.Carrier.Fold
+ lake build Tools.GeneratedStamp
+ lake build Effect4.Schema.Representation
+ lake env lean -DwarningAsError=true -M 4096 --run tools/Effect4Gen/Fold.lean --group SchemaFold --imports Effect4.Schema.Representation --out /var/folders/_2/d22zd5lj2_v9xrps05xl2sr80000gn/T/effect4-generate-pfmxymf0/src/Effect4/Schema/Fold.lean --append tools/Effect4Gen/guards/schemafold.lean Effect4.Representation --header-out src/Effect4/Schema/Fold.lean
+ lake build Effect4.Schema.Fold
+ lake build Tools.GeneratedStamp
+ lake build Effect4.Program.Fold
+ lake env lean -DwarningAsError=true -M 4096 --run tools/Effect4Gen/LayerView.lean --group LayerView --imports Effect4.Program.Fold --out /var/folders/_2/d22zd5lj2_v9xrps05xl2sr80000gn/T/effect4-generate-pfmxymf0/src/Effect4/Program/LayerView.lean --append tools/Effect4Gen/guards/layerview.lean Effect4.Program.Eff --header-out src/Effect4/Program/LayerView.lean
+ lake build Effect4.Program.LayerView
+ lake build Tools.GeneratedStamp
+ lake build Effect4.Program.Node
+ lake env lean -DwarningAsError=true -M 4096 --run tools/Effect4Gen/Authoring.lean --group NodeLenses --imports Effect4.Program.Node --out /var/folders/_2/d22zd5lj2_v9xrps05xl2sr80000gn/T/effect4-generate-pfmxymf0/src/Effect4/Program/NodeLenses.lean --append tools/Effect4Gen/guards/nodelenses.lean Effect4.Program.Eff --header-out src/Effect4/Program/NodeLenses.lean
+ lake build Effect4.Program.NodeLenses
+ lake build Tools.GeneratedStamp
+ lake build Effect4.Program.Refs
+ lake env lean -DwarningAsError=true -M 4096 --run tools/Effect4Gen/Authoring.lean --group Binders --imports Effect4.Program.Refs --out /var/folders/_2/d22zd5lj2_v9xrps05xl2sr80000gn/T/effect4-generate-pfmxymf0/src/Effect4/Program/Binders.lean --append tools/Effect4Gen/guards/binders.lean Effect4.Program.Eff --header-out src/Effect4/Program/Binders.lean
+ lake build Effect4.Program.Binders
+ lake build Tools.GeneratedStamp
+ lake build Effect4.Program.Fold
+ lake build Effect4.Program.Refs
+ lake env lean -DwarningAsError=true -M 4096 --run tools/Effect4Gen/Authoring.lean --group Scoped --imports Effect4.Program.Fold,Effect4.Program.Refs --out /var/folders/_2/d22zd5lj2_v9xrps05xl2sr80000gn/T/effect4-generate-pfmxymf0/src/Effect4/Program/Scoped.lean --append tools/Effect4Gen/guards/scoped.lean Effect4.Program.Eff --header-out src/Effect4/Program/Scoped.lean
+ lake build Effect4.Program.Scoped
+ lake build Tools.GeneratedStamp
+ lake build Effect4.Program.Authoring
+ lake env lean -DwarningAsError=true -M 4096 --run tools/Effect4Gen/Authoring.lean --group Authoring --imports Effect4.Program.Authoring --out /var/folders/_2/d22zd5lj2_v9xrps05xl2sr80000gn/T/effect4-generate-pfmxymf0/src/Effect4/Program/Authoring/Lifts.lean --append tools/Effect4Gen/guards/authoring.lean Effect4.Program.Eff --header-out src/Effect4/Program/Authoring/Lifts.lean
+ lake build Effect4.Program.Authoring.Lifts
+ lake build Tools.GeneratedStamp
+ lake build Effect4.Program.Authoring.Lifts
+ lake env lean -DwarningAsError=true -M 4096 --run tools/Effect4Gen/Rows.lean --group Rows --imports Effect4.Program.Authoring.Lifts --out /var/folders/_2/d22zd5lj2_v9xrps05xl2sr80000gn/T/effect4-generate-pfmxymf0/src/Effect4/Program/Authoring/Rows.lean --append tools/Effect4Gen/guards/rows.lean --header-out src/Effect4/Program/Authoring/Rows.lean
+ lake build Effect4.Program.Authoring.Rows
+ lake build Tools.GeneratedStamp
+ lake build Effect4.Machine.Term
+ lake env lean -DwarningAsError=true -M 4096 --run tools/Effect4Gen/Atoms.lean --group AtomInventory --imports Effect4.Machine.Term --out /var/folders/_2/d22zd5lj2_v9xrps05xl2sr80000gn/T/effect4-generate-pfmxymf0/src/Effect4/Program/AtomInventory.lean --append tools/Effect4Gen/guards/atominventory.lean --header-out src/Effect4/Program/AtomInventory.lean
+ lake build Effect4.Program.AtomInventory
+ lake build Tools.GeneratedStamp
+ lake build Effect4.Program.NativeAtom
+ lake env lean -DwarningAsError=true -M 4096 --run tools/Effect4Gen/PreludeAtoms.lean --group PreludeAtoms --imports Effect4.Program.NativeAtom --out /var/folders/_2/d22zd5lj2_v9xrps05xl2sr80000gn/T/effect4-generate-pfmxymf0/harness/truth/prelude-atoms.gen.ts --header-out harness/truth/prelude-atoms.gen.ts
+ lake build Tools.GeneratedStamp
+ lake build Effect4.Program.Authoring.Lifts
+ lake build Effect4.Program.Authoring.Sugar
+ lake build Effect4.Codegen.Forms
+ lake env lean -DwarningAsError=true -M 4096 --run tools/Effect4Gen/Forms.lean --group Forms --imports Effect4.Program.Authoring.Lifts,Effect4.Program.Authoring.Sugar,Effect4.Codegen.Forms --out /var/folders/_2/d22zd5lj2_v9xrps05xl2sr80000gn/T/effect4-generate-pfmxymf0/src/Effect4/Codegen/Authoring/Forms.lean --header-out src/Effect4/Codegen/Authoring/Forms.lean
+ lake build Effect4.Codegen.Authoring.Forms
+ lake build Tools.GeneratedStamp
+ lake build Effect4.Laws.Program.Authoring
+ lake build Effect4.Program.Authoring.Lifts
+ lake env lean -DwarningAsError=true -M 4096 --run tools/Effect4Gen/Authoring.lean --group ScopedLaws --imports Effect4.Laws.Program.Authoring,Effect4.Program.Authoring.Lifts --out /var/folders/_2/d22zd5lj2_v9xrps05xl2sr80000gn/T/effect4-generate-pfmxymf0/src/Effect4/Laws/Program/Authoring/Lifts.lean --append tools/Effect4Gen/guards/scopedlaws.lean Effect4.Program.Eff --header-out src/Effect4/Law
+ lake build Effect4.Laws.Program.Authoring.Lifts
+ lake build Tools.GeneratedStamp
+ lake build Effect4.Laws.Program.Authoring.Lifts
+ lake build Effect4.Program.Authoring.Rows
+ lake env lean -DwarningAsError=true -M 4096 --run tools/Effect4Gen/Rows.lean --group RowsLaws --imports Effect4.Laws.Program.Authoring.Lifts,Effect4.Program.Authoring.Rows --out /var/folders/_2/d22zd5lj2_v9xrps05xl2sr80000gn/T/effect4-generate-pfmxymf0/src/Effect4/Laws/Program/Authoring/Rows.lean --append tools/Effect4Gen/guards/rowslaws.lean --header-out src/Effect4/Laws/Program/Authoring/Rows.
+ lake build Effect4.Laws.Program.Authoring.Rows
+ lake build Tools.GeneratedStamp
+ lake build Effect4.Laws.Program.Authoring.Lifts
+ lake build Effect4.Laws.Program.Authoring.Sugar
+ lake build Effect4.Codegen.Authoring.Forms
+ lake build Effect4.Codegen.Forms
+ lake env lean -DwarningAsError=true -M 4096 --run tools/Effect4Gen/Forms.lean --group FormsLaws --imports Effect4.Laws.Program.Authoring.Lifts,Effect4.Laws.Program.Authoring.Sugar,Effect4.Codegen.Authoring.Forms,Effect4.Codegen.Forms --out /var/folders/_2/d22zd5lj2_v9xrps05xl2sr80000gn/T/effect4-generate-pfmxymf0/src/Effect4/Laws/Program/Authoring/Forms.lean --header-out src/Effect4/Laws/Program
+ lake build Effect4.Laws.Program.Authoring.Forms
## errors and warnings
(none)
## gates
(none)
## built (not replayed)
ℹ [114/114] Built Effect4.Api.RefusalsDerived (6.6s)
ℹ [122/122] Built Effect4.Api.RunnerDerived (3.6s)
## tail
Build completed successfully (241 jobs).
PASS generate: requested producers ran in dependency order
LEAN_NUM_THREADS=1 python3 scripts/generate.py --only derived  69.55s user 46.93s system 95% cpu 2:01.50 total
