# summary of step5-check-gen.log (12280 lines)
## commands
lake build
python3 scripts/generate.py --only ts
+ lake build Drivers.TsGen
+ lake env lean -DwarningAsError=true -M4096 --run tools/Drivers/TsGen.lean /var/folders/_2/d22zd5lj2_v9xrps05xl2sr80000gn/T/effect4-generate-au_5e4sv/ts/eff
python3 scripts/generate.py --only readme
+ bun ts/eff/ingest/render-readme.ts
lake env lean -DwarningAsError=true -M4096 --run tools/Drivers/Corpus.lean .lake/corpus 400 4
## errors and warnings
(none)
## gates
info: Test/All.lean:169:0: Effect4 library-root gate: 135 API/utility modules, 221 Laws-only modules; every library source is reachable; Effect4 never reaches Laws
info: Test/All.lean:169:0: Effect4 module and axiom gate: checked 525 modules and 72539 declarations; semantic/test axioms are [propext,
 Quot.sound]; exact implementation boundary (15 module(s), 23 declaration(s)) additionally allows Classical.choice
## built (not replayed)
(none)
## tail
git diff --exit-code --stat -- src/Effect4/Store/Domain/Derived/Json.lean src/Effect4/Store/Domain/Derived/Schema.lean src/Effect4/Store/Domain/Derived/Program.lean src/Effect4/Store/Domain/PinDerived.lean src/Effect4/Api/Derived.lean src/Effect4/Store/Domain/Derived/Value.lean src/Effect4/Api/RefusalsDerived.lean src/Effect4/Api/RunnerDerived.lean src/Effect4/Program/Fold.lean src/Effect4/Laws/Program/TyView.lean src/Effect4/Store/Carrier/Fold.lean src/Effect4/Schema/Fold.lean src/Effect4/Program/LayerView.lean src/Effect4/Program/NodeLenses.lean src/Effect4/Program/Binders.lean src/Effect4/Program/Scoped.lean src/Effect4/Program/Authoring/Lifts.lean src/Effect4/Laws/Program/Authoring/Lifts.lean src/Effect4/Program/Authoring/Rows.lean src/Effect4/Laws/Program/Authoring/Rows.lean src/Effect4/Codegen/Authoring/Forms.lean src/Effect4/Laws/Program/Authoring/Forms.lean src/Effect4/Program/AtomInventory.lean tools/Effect4Gen/variances.json ocaml/eff ocaml/goldens/eff ocaml/engine/cas/goldens ocaml/engine/e4_program_layout.ml ocaml/engine/e4_program_layout.json ocaml/gen/api_gen.ml ocaml/gen/fibers_gen.ml ocaml/gen/machine_gen.ml ocaml/engine/api_engine.ml ocaml/gen/closure-api_gen.tsv ocaml/gen/closure-fibers_gen.tsv ocaml/gen/closure-machine_gen.tsv ocaml/gen/closure-api_engine.tsv ts/eff/eff.gen.ts ts/eff/json.gen.ts ts/eff/profile.gen.ts ts/eff/taxonomy.gen.ts ts/eff/forms.gen.ts ts/eff/wire.gen.ts ts/eff/packages.gen.ts ts/eff/templates.gen.ts ts/eff/ingest/README.md harness/truth/prelude-atoms.gen.ts harness/truth/corpus.json harness/truth/generated harness/truth/result.json harness/truth/result.md harness/truth/tapes harness/truth/session/protocol.gen.ts harness/truth/session/tape.schema.json harness/schema-generation/Person.generated.ts harness/schema-generation/AllRepresentations.generated.ts harness/schema-generation/TwoRoots.generated.ts generated/effect-runtime-census.tsv generated/corpus-index.tsv generated/row-types.tsv generated/assignability.tsv generated/row-citations.tsv
PASS check-gen: every Lean-only generated file is what its generator emits
LEAN_NUM_THREADS=1 make check-gen  7.12s user 3.51s system 100% cpu 10.541 total
