# summary of step4-build.log (10945 lines)
## commands
## errors and warnings
1117:✖ [462/556] Building Effect4.Laws.Run (3.0s)
1119:error: src/Effect4/Laws/Run.lean:267:14: failed to synthesize instance of type class
1124:error: Lean exited with code 1
1436:✖ [555/604] Building Test.Api.ExternalContract (6.8s)
1438:error: Test/Api/ExternalContract.lean:69:2: Type mismatch
1444:error: Test/Api/ExternalContract.lean:69:18: Invalid dotted identifier notation: The expected type of `.external` could not be determined
1454:error: Test/Api/ExternalContract.lean:68:0: cannot evaluate code because 'sorryAx' uses 'sorry' and/or contains errors
1459:error: Lean exited with code 1
10944:error: build failed
## gates
(none)
## built (not replayed)
✔ [151/162] Built Effect4.Api.RunnerBytes (609ms)
✔ [152/162] Built Effect4.Api.Author (644ms)
✔ [352/556] Built Effect4 (1.3s)
✔ [354/556] Built Effect4.Laws.Api.HostSession (1.3s)
✔ [355/556] Built Effect4.Laws.Api.Frontier (596ms)
✔ [356/556] Built Effect4.Laws.Api.Runner (985ms)
✔ [358/556] Built Effect4.Laws.Api.Fuel (1.5s)
✔ [360/556] Built Effect4.Laws.Program.Guard.Interruption (6.2s)
✔ [366/556] Built Effect4.Laws.Program.Guard.DeferredCause (5.2s)
✔ [387/556] Built Effect4.Laws.Api.RunnerBytes (877ms)
ℹ [414/556] Built Effect4.Laws.Api.Supervision (9.3s)
✔ [450/556] Built Effect4.Laws.Program.Author (1.8s)
ℹ [451/556] Built Effect4.Laws.Program.Guard.RaceSites (27s)
✔ [453/556] Built Effect4.Laws.Program.Admit (2.6s)
✔ [457/556] Built Effect4.Laws.Api.Codegen (808ms)
ℹ [458/556] Built Effect4.Laws.Program.Agreement.Machine (12s)
ℹ [459/556] Built Effect4.Laws.Program.Guard.Core (6.0s)
✔ [460/556] Built Effect4.Laws.Program.Handles.Alphabet (2.0s)
✔ [464/556] Built Effect4.Laws.Api.ModuleReadable (893ms)
✔ [465/556] Built Effect4.Laws.Program.Means (1.0s)
✔ [466/556] Built Effect4.Laws.Program.LoopAgreement (1.3s)
✔ [467/556] Built Effect4.Laws.Program.Guard.ForkLedger (3.9s)
ℹ [468/556] Built Effect4.Laws.Program.Guard.Handshake (1.8s)
ℹ [469/556] Built Effect4.Laws.Program.Guard.FrameOwned (19s)
ℹ [470/556] Built Effect4.Laws.Program.Guard.Single (2.3s)
✔ [471/556] Built Effect4.Laws.Program.Guard.MemoIds (4.5s)
✔ [472/556] Built Effect4.Laws.Program.Guard.Finish (1.7s)
✔ [473/556] Built Effect4.Laws.Program.Guard.ReturnTasks (4.9s)
✔ [474/556] Built Effect4.Laws.Program.Handles.Term (4.1s)
✔ [477/556] Built Effect4.Laws.Program.Intro.Prepare (1.5s)
✔ [478/556] Built Effect4.Laws.Program.MeaningSound (3.5s)
ℹ [479/556] Built Effect4.Laws.Program.Guard.NativeState (7.6s)
✔ [480/556] Built Effect4.Laws.Program.Guard.ReturnFields (8.2s)
✔ [482/556] Built Effect4.Laws.Program.Handles.Compile (2.7s)
✔ [483/556] Built Effect4.Laws.Program.ScopeMarkers (1.2s)
✔ [484/556] Built Effect4.Laws.Program.Intro.Equations (1.2s)
✔ [485/556] Built Effect4.Laws.Program.LoopSound (2.5s)
ℹ [486/556] Built Effect4.Laws.Program.Guard.NativeStateLinks (2.4s)
✔ [487/556] Built Effect4.Laws.Program.Guard.NativeStateMotion (3.6s)
✔ [488/556] Built Effect4.Laws.Program.Guard.Settle (2.4s)
✔ [489/556] Built Effect4.Laws.Program.Guard.NativeStateExternal (7.3s)
✔ [490/556] Built Effect4.Laws.Program.Intro.Identity (1.6s)
✔ [491/556] Built Effect4.Laws.Program.Handles.Layer (4.7s)
✔ [492/556] Built Effect4.Laws.Program.Guard.RegistrationQueue (1.4s)
✔ [493/556] Built Effect4.Laws.Program.Intro.Weight (2.5s)
✔ [494/556] Built Effect4.Laws.Program.Guard.ReturnCommands (6.9s)
✔ [495/556] Built Effect4.Laws.Program.Guard.Observer (4.4s)
✔ [496/556] Built Effect4.Laws.Program.Guard.ControlRemainder (3.2s)
✔ [497/556] Built Effect4.Laws.Program.Guard.Contract (2.9s)
✔ [498/556] Built Effect4.Laws.Program.Guard.RegistrationNested (7.2s)
✔ [499/556] Built Effect4.Laws.Program.Guard.FinishQueue (5.2s)
✔ [500/556] Built Effect4.Laws.Program.Agreement.Loop (21s)
✔ [501/556] Built Effect4.Laws.Program.Intro.AcquireRelease (5.3s)
✔ [502/556] Built Effect4.Laws.Program.Guard.Continuation (5.4s)
✔ [503/556] Built Effect4.Laws.Program.Guard.Race (4.0s)
✔ [504/556] Built Effect4.Laws.Program.Guard.AnswerDecision (2.6s)
ℹ [505/556] Built Effect4.Laws.Program.Guard.OuterDriver (2.9s)
✔ [506/556] Built Effect4.Laws.Program.Guard.SettleQueue (1.8s)
✔ [507/556] Built Effect4.Laws.Program.TypedRun (2.1s)
ℹ [508/556] Built Effect4.Laws.Program.Folds.Denote (2.7s)
✔ [509/556] Built Effect4.Laws.Program.Intro.Region (2.9s)
✔ [510/556] Built Effect4.Laws.Program.Guard.RegistrationDone (4.0s)
✔ [511/556] Built Effect4.Laws.Program.Guard.LocalDecision (3.1s)
✔ [512/556] Built Effect4.Laws.Program.Guard.NativeAssembly (4.3s)
✔ [513/556] Built Effect4.Laws.Program.Guard.NativeQueueTail (5.2s)
✔ [514/556] Built Effect4.Laws.Program.Handles.Hooks (97s)
✔ [515/556] Built Effect4.Laws.Program.Intro.Memo (3.1s)
✔ [516/556] Built Effect4.Laws.Program.Guard.NativeQueueAssembly (3.0s)
✔ [517/556] Built Effect4.Laws.Program.Intro.Merge (4.5s)
✔ [518/556] Built Effect4.Laws.Program.Guard.Command (4.4s)
✔ [519/556] Built Effect4.Laws.Program.Intro.Layer (17s)
✔ [520/556] Built Effect4.Laws.Program.Guard.CommandObservations (23s)
✔ [521/556] Built Effect4.Laws.Program.Intro.Elementary (18s)
✔ [522/556] Built Effect4.Laws.Program.Guard.Driver (34s)
✔ [523/556] Built Effect4.Laws.Program.Intro.Sequential (36s)
✔ [524/556] Built Effect4.Laws.Program.Guard.Decision (7.9s)
✔ [525/556] Built Effect4.Laws.Program.Intro.Errors (7.5s)
✔ [526/556] Built Effect4.Laws.Program.Guard (4.1s)
✔ [527/556] Built Effect4.Laws.Program.Intro.Fibers (4.0s)
✔ [528/556] Built Effect4.Laws.Api.Guard (4.2s)
✔ [529/556] Built Effect4.Laws.Program.Intro.Scope (8.3s)
✔ [530/556] Built Effect4.Laws.Program.Intro (8.8s)
ℹ [531/556] Built Effect4.Laws.Program.Simulation.Hooks (21s)
✔ [532/556] Built Effect4.Laws.Program.Handles.Evaluation (219s)
✔ [533/580] Built Effect4.Laws.Program.Handles (7.2s)
✔ [539/580] Built Effect4.Laws.Program.Simulation.Walk (26s)
✔ [540/604] Built Test.Api.AcquireHandleContract (15s)
✔ [541/604] Built Test.Program.Gen (10s)
✔ [547/604] Built Test.Counterexamples.Machine.Runtime.HostHandleForgery (4.7s)
ℹ [549/604] Built Effect4.Laws.Program.Simulation.Fibers (23s)
ℹ [550/604] Built Test.Api.RunnerFinality (2.4s)
ℹ [551/604] Built Test.Api.HostSessionContract (26s)
ℹ [552/604] Built Test.Api.KeyedHostContract (21s)
✔ [553/604] Built Test.Api.PackagesContract (3.5s)
ℹ [554/604] Built Test.Api.TestClockContract (2.4s)
✔ [558/605] Built Test.Codegen.TemplatesContract (2.1s)
ℹ [559/605] Built Effect4.Laws.Program.Simulation.Deliver (6.7s)
✔ [560/607] Built Test.Api.RunnerContract (3.4s)
ℹ [563/608] Built Test.Counterexamples.Machine.Semantics.LayerValue (2.2s)
ℹ [564/609] Built Effect4.Laws.Program.Simulation.Actions (6.1s)
ℹ [567/609] Built Test.Counterexamples.Machine.Semantics.ActionAtRaceAllPremise (3.1s)
ℹ [568/609] Built Test.Api.TraceOrigin (82s)
ℹ [569/610] Built Effect4.Laws.Program.Simulation.Evaluate (16s)
✔ [572/632] Built Test.Api.SupervisionContract (5.2s)
✔ [580/632] Built Test.Audit.AxiomGate (7.8s)
✔ [581/632] Built Test.Audit.ExhaustiveFixture (3.6s)
ℹ [582/632] Built Effect4.Laws.Program.Simulation.Pending (36s)
✔ [593/638] Built Test.Audit.TraversalFixture (3.3s)
ℹ [602/642] Built Test.Codegen.SchemaGenerationContract (7.0s)
ℹ [608/659] Built Effect4.Laws.Program.Simulation.Drive (12s)
✔ [611/677] Built Test.Program.GuardFoldLift (6.7s)
✔ [624/679] Built Effect4.Laws.Program.RuntimeR (6.4s)
✔ [625/679] Built Test.Machine.Runtime.ApproximationContract (6.9s)
✔ [626/679] Built Test.Machine.Runtime.CompletionContract (4.5s)
ℹ [627/679] Built Test.Counterexamples.Machine.Semantics.InterruptEscape (2.9s)
ℹ [628/679] Built Test.Counterexamples.Machine.Runtime.LayerEnvironment (3.3s)
✔ [629/680] Built Effect4.Laws.Program.ReasonsR (4.5s)
✔ [630/681] Built Test.Machine.Runtime.BehaviourContract (4.8s)
ℹ [631/681] Built Effect4.Laws.Program.Typed.Validity (15s)
ℹ [632/681] Built Test.Machine.Runtime.TapeAction (5.6s)
✔ [633/681] Built Test.Machine.Runtime.HandlesContract (6.4s)
ℹ [635/681] Built Test.Audit.RuntimeCoverage (7.5s)
ℹ [637/681] Built Test.Api.FrontierContract (7.6s)
ℹ [638/681] Built Test.Program.TypedWorldValidity (7.8s)
✔ [639/683] Built Effect4.Laws.Program.Typed.Contracts (5.8s)
ℹ [640/683] Built Test.Audit.TypedStateDecl (14s)
ℹ [641/683] Built Effect4.Laws.Program.Typed.Membership (22s)
ℹ [642/683] Built Test.Counterexamples.Machine.Semantics.InterruptCarrier (6.7s)
ℹ [643/685] Built Test.Counterexamples.Machine.Semantics.StrongExitDefect (6.7s)
ℹ [646/685] Built Test.Counterexamples.Machine.Semantics.InterruptDelivery (4.9s)
✔ [647/687] Built Effect4.Laws.Program.Typed.ExitConnector (4.4s)
✔ [650/688] Built Effect4.Laws.Program.Typed.Admission (4.9s)
ℹ [654/688] Built Test.Program.ExitConnector (5.1s)
ℹ [655/688] Built Test.Program.SignatureControls (5.6s)
ℹ [656/694] Built Test.Program.TermFits (5.0s)
ℹ [661/695] Built Effect4.Laws.Program.Typed.Residual (5.9s)
ℹ [663/695] Built Test.Codegen.ReadContract (6.7s)
ℹ [664/696] Built Test.Codegen.SourceBindingsContract (2.4s)
ℹ [665/696] Built Test.Program.TypedResidual (2.3s)
ℹ [666/696] Built Test.Program.TypedProgRows (2.1s)
ℹ [667/696] Built Test.Counterexamples.Machine.Semantics.AsyncHookContract (2.3s)
✔ [668/697] Built Effect4.Laws.Program.Typed.Seq (3.0s)
ℹ [671/698] Built Test.Program.TypedProgBindRed (2.6s)
ℹ [672/700] Built Effect4.Laws.Program.Typed.Adequacy (7.5s)
✔ [674/701] Built Test.Program.TypedContract (3.1s)
ℹ [675/703] Built Effect4.Laws.Program.Typed.Stack (4.2s)
ℹ [676/703] Built Test.Program.LoopSugarContract (2.8s)
✔ [677/705] Built Effect4.Laws.Program.Typed.Scheduler (4.8s)
✔ [679/705] Built Test.Program.DenoteContract (4.8s)
ℹ [680/706] Built Effect4.Laws.Program.Typed.Assembly (10s)
✔ [684/707] Built Test.Program.DenoteBContract (2.4s)
ℹ [685/707] Built Test.Program.FramesNotKripke (4.0s)
ℹ [686/707] Built Test.Program.TypedSplit (2.2s)
ℹ [687/707] Built Test.Counterexamples.Machine.Semantics.ValueMembership (6.2s)
ℹ [688/707] Built Test.Counterexamples.Machine.Semantics.ScopePresence (3.7s)
ℹ [689/707] Built Test.Program.ProtocolPosts (4.1s)
ℹ [690/707] Built Test.Counterexamples.Machine.Semantics.H1Shapes (2.7s)
ℹ [691/708] Built Test.Program.H2PartOne (3.4s)
ℹ [695/709] Built Test.Counterexamples.Machine.Semantics.AwaitLoad (3.1s)
ℹ [696/709] Built Test.Counterexamples.Machine.Semantics.M6Capstone (7.9s)
ℹ [697/709] Built Test.Counterexamples.Machine.Semantics.StaleCode (4.3s)
ℹ [698/709] Built Test.Counterexamples.Machine.Semantics.FitsOrder (2.5s)
ℹ [699/709] Built Test.Program.TypedControl (1.7s)
✔ [702/710] Built Test.Program.MeaningSoundContract (1.5s)
✔ [703/710] Built Test.Program.LoopSoundContract (1.5s)
ℹ [704/711] Built Test.Counterexamples.Machine.Semantics.RawOrderLoad (1.5s)
ℹ [705/712] Built Test.Program.TypedStack (1.9s)
✔ [706/712] Built Test.Program.LoopAgreementContract (2.3s)
✔ [707/714] Built Test.Program.AgreementContract (14s)
✔ [709/715] Built Test.Program.InvocationContract (1.2s)
✔ [710/718] Built Test.Program.HostSpecContract (1.2s)
ℹ [714/721] Built Test.Program.ScopeMarkers (2.3s)
✔ [715/722] Built Test.Program.RuntimeRReference (3.8s)
✔ [716/724] Built Test.Program.RuntimeRShapesContract (3.0s)
ℹ [718/725] Built Test.Program.RuntimeRContract (11s)
✔ [720/733] Built Test.Program.SimulationContract (5.3s)
ℹ [728/734] Built Test.Machine.StepInvRulesRed (3.5s)
ℹ [729/735] Built Test.Program.ErrorQueriesContract (1.0s)
ℹ [730/743] Built Test.Program.CatchIfContract (3.3s)
ℹ [739/747] Built Test.Program.BlameContract (1.5s)
ℹ [742/747] Built Test.Program.LayerSharingContract (185s)
ℹ [743/747] Built Test.Program.AuthoringContract (2.6s)
ℹ [744/747] Built Test.Program.AuthorContract (2.8s)
## tail
- Test.Api.ExternalContract
error: build failed
LEAN_NUM_THREADS=2 lake build  1132.68s user 350.35s system 168% cpu 14:40.89 total
