'Effect4.Program.Authoring.minting_scoped' depends on axioms: [propext]
'Effect4.Program.Authoring.bindWith_scoped' depends on axioms: [propext, Quot.sound]
'Effect4.Program.Authoring.andThen_scoped' depends on axioms: [propext, Quot.sound]
'Effect4.Program.Authoring.iterateWith_scoped' depends on axioms: [propext, Quot.sound]
'Effect4.Program.Authoring.map_scoped' depends on axioms: [propext, Quot.sound]
'Effect4.Program.Authoring.forRange_scoped' depends on axioms: [propext, Quot.sound]
'Effect4.Program.Authoring.foldRange_scoped' depends on axioms: [propext, Quot.sound]
'Effect4.Program.Authoring.repeatWhile_scoped' depends on axioms: [propext, Quot.sound]
'Effect4.Program.Authoring.elaborate_scoped' depends on axioms: [propext]
'Effect4.Program.Authoring.Forms.void_scoped' depends on axioms: [propext, Quot.sound]
'Effect4.Program.Authoring.Forms.die_scoped' depends on axioms: [propext, Quot.sound]
'Effect4.Program.Authoring.Forms.yieldKey_scoped' depends on axioms: [propext]
'Effect4.Program.Authoring.Forms.andThenEffect_scoped' depends on axioms: [propext, Quot.sound]
'Effect4.Program.Authoring.Forms.andThenContinuation_scoped' depends on axioms: [propext, Quot.sound]
'Effect4.Program.Authoring.Forms.andThenThunk_scoped' depends on axioms: [propext, Quot.sound]
'Effect4.Program.Authoring.Forms.as_scoped' depends on axioms: [propext, Quot.sound]
'Effect4.Program.Authoring.Forms.asVoid_scoped' depends on axioms: [propext, Quot.sound]
'Effect4.Program.Authoring.Forms.tapContinuation_scoped' depends on axioms: [propext, Quot.sound]
'Effect4.Program.Authoring.Forms.tapEffect_scoped' depends on axioms: [propext, Quot.sound]
'Effect4.Program.Authoring.Forms.ensuring_scoped' depends on axioms: [propext, Quot.sound]
'Effect4.Program.Authoring.Forms.matchCause_scoped' depends on axioms: [propext, Quot.sound]
'Effect4.Program.Authoring.Forms.matchCauseEffect_scoped' depends on axioms: [propext, Quot.sound]
'Effect4.Program.Authoring.Forms.yieldNow_scoped' depends on axioms: [propext]
'Effect4.Program.Authoring.Forms.forkChildDefault_scoped' depends on axioms: [propext, Quot.sound]
'Effect4.Program.Authoring.Forms.forkDetachDefault_scoped' depends on axioms: [propext, Quot.sound]
'Effect4.Program.Authoring.Forms.forkInDefault_scoped' depends on axioms: [propext, Quot.sound]
'Effect4.Program.Authoring.Forms.forkScopedDefault_scoped' depends on axioms: [propext, Quot.sound]
'Effect4.Program.Authoring.Forms.releaseOne_scoped' depends on axioms: [propext, Quot.sound]
