members of `ts` used by the six files: 75; called as functions: 56

== typescript@7.0.2
  canHaveModifiers: MISSING
  createSourceFile: free function (statements: readonly Statement[], endOfFileToken: EndOfFile, text: string, fileName: strin)
  flattenDiagnosticMessageText: MISSING
  forEachChild: MISSING as a free function (a method of the same name exists)
  getModifiers: MISSING
  isArrayLiteralExpression: free function (node: Node)
  isArrowFunction: free function (node: Node)
  isAsExpression: free function (node: Node)
  isAwaitExpression: free function (node: Node)
  isBinaryExpression: free function (node: Node)
  isBindingElement: free function (node: Node)
  isBlock: free function (node: Node)
  isBreakStatement: free function (node: Node)
  isCallExpression: free function (node: Node)
  isClassDeclaration: free function (node: Node)
  isConditionalExpression: free function (node: Node)
  isEnumDeclaration: free function (node: Node)
  isExportAssignment: free function (node: Node)
  isExportDeclaration: free function (node: Node)
  isExpressionStatement: free function (node: Node)
  isExternalModuleReference: free function (node: Node)
  isForInStatement: free function (node: Node)
  isForOfStatement: free function (node: Node)
  isForStatement: free function (node: Node)
  isFunctionDeclaration: free function (node: Node)
  isFunctionExpression: free function (node: Node)
  isIdentifier: free function (node: Node)
  isIfStatement: free function (node: Node)
  isImportDeclaration: free function (node: Node)
  isImportEqualsDeclaration: free function (node: Node)
  isInterfaceDeclaration: free function (node: Node)
  isModuleDeclaration: free function (node: Node)
  isNamedImports: free function (node: Node)
  isNamespaceImport: free function (node: Node)
  isNewExpression: free function (node: Node)
  isNoSubstitutionTemplateLiteral: free function (node: Node)
  isNonNullExpression: free function (node: Node)
  isNumericLiteral: free function (node: Node)
  isObjectLiteralExpression: free function (node: Node)
  isParenthesizedExpression: free function (node: Node)
  isPropertyAccessExpression: free function (node: Node)
  isPropertyAssignment: free function (node: Node)
  isReturnStatement: free function (node: Node)
  isSatisfiesExpression: free function (node: Node)
  isStringLiteral: free function (node: Node)
  isTaggedTemplateExpression: free function (node: Node)
  isTemplateExpression: free function (node: Node)
  isTryStatement: free function (node: Node)
  isTupleTypeNode: free function (node: Node)
  isTypeAliasDeclaration: free function (node: Node)
  isTypeAssertionExpression: MISSING
  isTypeReferenceNode: free function (node: Node)
  isVariableStatement: free function (node: Node)
  isWhileStatement: free function (node: Node)
  isYieldExpression: free function (node: Node)
  parseConfigFileTextToJson: MISSING

== @typescript/native-preview@7.0.0-dev.20260629.1
  canHaveModifiers: MISSING
  createSourceFile: free function (statements: readonly Statement[], endOfFileToken: EndOfFile, text: string, fileName: strin)
  flattenDiagnosticMessageText: MISSING
  forEachChild: MISSING as a free function (a method of the same name exists)
  getModifiers: MISSING
  isArrayLiteralExpression: free function (node: Node)
  isArrowFunction: free function (node: Node)
  isAsExpression: free function (node: Node)
  isAwaitExpression: free function (node: Node)
  isBinaryExpression: free function (node: Node)
  isBindingElement: free function (node: Node)
  isBlock: free function (node: Node)
  isBreakStatement: free function (node: Node)
  isCallExpression: free function (node: Node)
  isClassDeclaration: free function (node: Node)
  isConditionalExpression: free function (node: Node)
  isEnumDeclaration: free function (node: Node)
  isExportAssignment: free function (node: Node)
  isExportDeclaration: free function (node: Node)
  isExpressionStatement: free function (node: Node)
  isExternalModuleReference: free function (node: Node)
  isForInStatement: free function (node: Node)
  isForOfStatement: free function (node: Node)
  isForStatement: free function (node: Node)
  isFunctionDeclaration: free function (node: Node)
  isFunctionExpression: free function (node: Node)
  isIdentifier: free function (node: Node)
  isIfStatement: free function (node: Node)
  isImportDeclaration: free function (node: Node)
  isImportEqualsDeclaration: free function (node: Node)
  isInterfaceDeclaration: free function (node: Node)
  isModuleDeclaration: free function (node: Node)
  isNamedImports: free function (node: Node)
  isNamespaceImport: free function (node: Node)
  isNewExpression: free function (node: Node)
  isNoSubstitutionTemplateLiteral: free function (node: Node)
  isNonNullExpression: free function (node: Node)
  isNumericLiteral: free function (node: Node)
  isObjectLiteralExpression: free function (node: Node)
  isParenthesizedExpression: free function (node: Node)
  isPropertyAccessExpression: free function (node: Node)
  isPropertyAssignment: free function (node: Node)
  isReturnStatement: free function (node: Node)
  isSatisfiesExpression: free function (node: Node)
  isStringLiteral: free function (node: Node)
  isTaggedTemplateExpression: free function (node: Node)
  isTemplateExpression: free function (node: Node)
  isTryStatement: free function (node: Node)
  isTupleTypeNode: free function (node: Node)
  isTypeAliasDeclaration: free function (node: Node)
  isTypeAssertionExpression: MISSING
  isTypeReferenceNode: free function (node: Node)
  isVariableStatement: free function (node: Node)
  isWhileStatement: free function (node: Node)
  isYieldExpression: free function (node: Node)
  parseConfigFileTextToJson: MISSING
