# bun 1.4.2, 2026-10-01T19:03:18Z
tsgo Version 7.0.0-dev.20260629.1; tsgo exit 1
pairs 19; agree 13, incomplete 6
red control (written-order record arm) caught by: record/perm, record/nested-perm, record/tagged-perm, record/option
agree	record/perm	LR true RL true	
incomplete	record/width	LR true RL false	the order refuses what the target accepts
agree	record/names	LR false RL false	
agree	record/depth	LR true RL false	
agree	record/factor	LR false RL true	
incomplete	record/factor-lit	LR true RL true	the order refuses what the target accepts
agree	record/nested-perm	LR true RL true	
incomplete	record/nested-width	LR true RL false	the order refuses what the target accepts
agree	record/tagged-perm	LR true RL true	
incomplete	record/empty-nat	LR false RL true	the order refuses what the target accepts
incomplete	record/empty-rec	LR false RL true	the order refuses what the target accepts
agree	record/prod	LR false RL false	
agree	record/unknown	LR true RL false	
agree	record/never	LR true RL false	
agree	record/option	LR true RL true	
incomplete	record/map	LR false RL true	the order refuses what the target accepts
agree	control/lit-string	LR true RL false	
agree	control/nat-string	LR false RL false	
agree	control/union	LR false RL true	
exit=0
