D:ocaml-closure-repr typeof=function l=- length=3 name=-
D:partial-application callgen-full-threw=c is not a function callgen-partial-threw=c is not a function wrapped-full=7 wrapped.length=0
A:ocaml-callback-entered n=7
A:js-closure-repr typeof=function l=- length=1 name=e
A:js-closure-returned 107
A:result 108
B:counter-before 0
H:handled Ask 4
B:perform-answered 40
B:js-closure-in-handler-returned 40
K:retc
B:counter-after 40
C1:before
C1:caught-in-ocaml Stdlib.Effect.Unhandled(Jsprobe.Ask(1))
C1:after
K:retc
C2:before
H:handled Ask 2
C2:resumed 20
C2:caught-in-ocaml Stdlib.Effect.Unhandled(Jsprobe.Ask(3))
C2:after
K:retc
C3:before
H:handled Ask 5
C3:returned 50
K:retc
H:handler-ran 3
