/Users/pooks/Dev/lean4-effect4/docs/research/2026-09-21-foundations-review-evidence/StackProbe.lean:26:17: error(lean.unknownIdentifier): Unknown identifier `Effect4.Program.Typed.Effect4.Program.Typed.World`
/Users/pooks/Dev/lean4-effect4/docs/research/2026-09-21-foundations-review-evidence/StackProbe.lean:78:45: error: Ambiguous term
  World
Possible interpretations:
  Typed.World : Type

  Machine.World : Type
/Users/pooks/Dev/lean4-effect4/docs/research/2026-09-21-foundations-review-evidence/StackProbe.lean:79:46: error: Ambiguous term
  World
Possible interpretations:
  Typed.World : Type

  Machine.World : Type
'FoundationsStackProbe.marker_has_continuation_type' depends on axioms: [propext, sorryAx, Quot.sound]
'FoundationsStackProbe.marker_payload_wrong' depends on axioms: [propext, Quot.sound]
'FoundationsStackProbe.answer_marker_discards_continuation' depends on axioms: [propext]
'FoundationsStackProbe.failure_fits_before' depends on axioms: [propext, Quot.sound]
'FoundationsStackProbe.failure_does_not_fit_after' depends on axioms: [propext, Quot.sound]
'FoundationsStackProbe.landed_resume_rejects_catch' depends on axioms: [propext, sorryAx, Quot.sound]
'FoundationsStackProbe.unchanged_type_is_admitted' depends on axioms: [propext, Quot.sound]
'FoundationsStackProbe.handler_runs' depends on axioms: [propext]
'FoundationsStackProbe.handler_skips_original_failure' depends on axioms: [propext]
'FoundationsStackProbe.interrupt_saved_has_provenance' depends on axioms: [propext]
