'FoundationsWorldReplayProbe.leHost_does_not_imply_wf_transport' depends on axioms: [propext, Quot.sound]
'FoundationsWorldReplayProbe.allTokens_active_coverage' depends on axioms: [propext]
'FoundationsWorldReplayProbe.allTokens_not_fresh' depends on axioms: [propext]
'FoundationsWorldReplayProbe.token_bound_implies_fresh' depends on axioms: [propext]
'FoundationsWorldReplayProbe.spelling_world_order' depends on axioms: [propext, Quot.sound]
'FoundationsWorldReplayProbe.old_spelling_admitted' depends on axioms: [propext]
'FoundationsWorldReplayProbe.renamed_spelling_refused' depends on axioms: [propext]
'FoundationsWorldReplayProbe.appended_spelling_admitted' depends on axioms: [propext]
'Effect4.Program.Extends' depends on axioms: [propext]
'Effect4.Program.extends_append' depends on axioms: [propext]
'Effect4.Program.hasTy_mono' depends on axioms: [propext, Quot.sound]
'Effect4.Program.hasTy_append' depends on axioms: [propext, Quot.sound]
'Effect4.Program.FitsIn.mono' depends on axioms: [propext, Quot.sound]
'FoundationsWorldReplayProbe.valueOk_lookup_transport' depends on axioms: [propext, Quot.sound]
'FoundationsWorldReplayProbe.reference_prepare_preserves_store' depends on axioms: [propext, Quot.sound]
'FoundationsWorldReplayProbe.yield_checked' depends on axioms: [propext, Quot.sound]
'FoundationsWorldReplayProbe.delivered_nat_is_not_unit' depends on axioms: [propext]
'FoundationsWorldReplayProbe.matching_yield_accepts_raw_nat' depends on axioms: [propext, Quot.sound]
'FoundationsWorldReplayProbe.scheduled_yield_answers_unit' depends on axioms: [propext, Quot.sound]
'FoundationsWorldReplayProbe.stale_yield_answer_is_inert' depends on axioms: [propext, Quot.sound]
'FoundationsWorldReplayProbe.missing_fiber_answer_is_inert' depends on axioms: [propext, Quot.sound]
'FoundationsWorldReplayProbe.emptyTables_order' depends on axioms: [propext, Quot.sound]
'FoundationsWorldReplayProbe.dangling_order' does not depend on any axioms
'FoundationsWorldReplayProbe.dangling_not_wf' depends on axioms: [propext]
'FoundationsWorldReplayProbe.spelling_order' does not depend on any axioms
