files not in the census (skipped): 10010
## v4 outside repos/effect/, no tests: 10972 files
  Schema.Struct(                         2734 occ   463 files  12 projects
  optional/optionalKey/optionalWith(     2802 occ   288 files  12 projects
  decodeUnknown*(                         931 occ   304 files  11 projects
  Data.TaggedError(                       974 occ   451 files   9 projects
  Schema.TaggedError(Class)?              535 occ   136 files  10 projects
  Schema.Number                           442 occ   135 files  11 projects
  Schema.suspend(                           5 occ     5 files   3 projects
  JSON.parse(                             293 occ   227 files  12 projects
  catchTag("SchemaError"                    0 occ     0 files   0 projects
## v4 outside repos/effect/: 14196 files
  Schema.Struct(                         2989 occ   531 files  12 projects
  optional/optionalKey/optionalWith(     2849 occ   306 files  12 projects
  decodeUnknown*(                        1254 occ   408 files  11 projects
  Data.TaggedError(                      1563 occ   911 files  10 projects
  Schema.TaggedError(Class)?              551 occ   146 files  11 projects
  Schema.Number                           609 occ   185 files  11 projects
  Schema.suspend(                           5 occ     5 files   3 projects
  JSON.parse(                             659 occ   425 files  12 projects
  catchTag("SchemaError"                    0 occ     0 files   0 projects
## v4 all: 14778 files
  Schema.Struct(                         6349 occ   629 files  12 projects
  optional/optionalKey/optionalWith(     6813 occ   353 files  12 projects
  decodeUnknown*(                        1365 occ   447 files  11 projects
  Data.TaggedError(                      1787 occ   955 files  10 projects
  Schema.TaggedError(Class)?              602 occ   173 files  11 projects
  Schema.Number                          3058 occ   275 files  11 projects
  Schema.suspend(                          53 occ    20 files   4 projects
  JSON.parse(                             705 occ   460 files  13 projects
  catchTag("SchemaError"                    9 occ     4 files   1 projects
