# Summary of final-build.log (the full log, ~1 MB, stays in the seat-G worktree): the modules compiled (not replayed), both gates, the result line, and the count of error and warning lines.
compiled modules: 220
Built Effect4.Api.HostProtocol (4.8s)
Built Effect4.Api.HostSession (10s)
Built Effect4.Laws.Program.Means (19s)
Built Effect4.Api.Runner (4.3s)
Built Effect4.Laws.Api.HostSession (8.4s)
Built Effect4.Laws.Program.Intro.Prepare (9.3s)
Built Effect4.Laws.Api.Frontier (3.4s)
Built Effect4.Laws.Api.Runner (6.2s)
Built Effect4.Laws.Program.TypeAlgebra (37s)
Built Effect4.Laws.Program.ScopeMarkers (6.0s)
Built Effect4.Laws.Program.Intro.Equations (3.9s)
Built Effect4.Laws.Api.Fuel (4.1s)
Built Effect4.Laws.Program.Provision (6.7s)
Built Effect4.Api.RunnerDerived (15s)
Built Effect4.Api.RunnerBytes (1.5s)
Built Effect4.Laws.Api.RunnerBytes (1.3s)
Built Effect4.Laws.Program.Intro.Identity (3.8s)
Built Effect4.Laws.Program.Intro.Weight (6.5s)
Built Effect4.Laws.Program.Template (15s)
Built Effect4.Laws.Program.Agreement.Machine (61s)
Built Effect4.Laws.Program.Guard.Interruption (11s)
Built Effect4.Laws.Program.Typed (13s)
Built Effect4.Laws.Program.LoopAgreement (5.0s)
Built Effect4.Laws.Program.Guard.DeferredCause (17s)
Built Effect4.Laws.Program.Residual (3.4s)
Built Effect4.Laws.Program.Admit (5.1s)
Built Effect4.Laws.Program.Decision (3.9s)
Built Effect4.Api.Supervision (1.9s)
Built Effect4.Api.Built (1.1s)
Built Effect4.Laws.Program.Progress (5.8s)
Built Effect4.Laws.Api.Codegen (2.1s)
Built Effect4.Api.TestClock (1.1s)
Built Effect4.Laws.Program.Handles.Alphabet (5.0s)
Built Effect4.Run (1.2s)
Built Effect4.Laws.Program.MeaningSound (8.7s)
Built Effect4.Laws.Program.Handles.Term (8.1s)
Built Effect4.Laws.Run (8.0s)
Built Effect4.Laws.Api.Supervision (20s)
Built Effect4.Laws.Program.LoopSound (5.9s)
Built Effect4.Laws.Program.Handles.Compile (5.6s)
Built Effect4.Laws.Program.Intro.AcquireRelease (3.6s)
Built Effect4.Laws.Program.Intro.Region (4.2s)
Built Effect4.Laws.Program.Agreement.Loop (7.3s)
Built Effect4.Laws.Program.Intro.Memo (3.2s)
Built Effect4.Laws.Program.TypedRun (3.3s)
Built Effect4.Laws.Program.Handles.Layer (9.9s)
Built Effect4.Laws.Program.Guard.RaceSites (65s)
Built Effect4.Laws.Program.Folds.Denote (3.4s)
Built Effect4.Laws.Program.Intro.Merge (3.6s)
Built Effect4.Laws.Program.Intro.Layer (6.3s)
Built Effect4.Laws.Program.Intro.Elementary (4.1s)
Built Effect4.Laws.Program.LinkedRows (4.7s)
Built Effect4.Laws.Program.ValueModel (3.9s)
Built Effect4.Laws.Program.Guard.Core (21s)
Built Effect4.Laws.Program.Intro.Sequential (9.6s)
Built Effect4.Laws.Program.Guard.ForkLedger (8.7s)
Built Effect4.Laws.Program.Guard.Single (4.5s)
Built Effect4.Laws.Program.Guard.Finish (3.8s)
Built Effect4.Laws.Program.Guard.MemoIds (9.1s)
Built Effect4.Laws.Program.Intro.Errors (4.6s)
Built Effect4.Laws.Program.AtomRules (3.5s)
Built Effect4.Laws.Program.Guard.ReturnTasks (11s)
Built Effect4.Laws.Program.Guard.FrameOwned (52s)
Built Effect4.Laws.Codegen.Forms (4.4s)
Built Effect4.Laws.Program.Intro.Fibers (2.0s)
Built Effect4.Laws.Program.Intro.Scope (4.2s)
Built Effect4.Laws.Program.Intro (3.0s)
Built Effect4.Laws.Program.Guard.NativeState (16s)
Built Effect4.Laws.Program.Simulation.Hooks (6.5s)
Built Effect4.Laws.Program.Guard.ReturnFields (17s)
Built Effect4.Laws.Program.Guard.NativeStateLinks (5.7s)
Built Effect4.Laws.Program.Guard.NativeStateMotion (6.8s)
Built Effect4.Laws.Program.Simulation.Walk (6.0s)
Built Effect4.Laws.Program.Guard.Settle (3.4s)
Built Effect4.Laws.Program.Guard.RegistrationQueue (3.6s)
Built Effect4.Laws.Program.Simulation.Fibers (5.5s)
Built Effect4.Laws.Program.Guard.NativeStateExternal (12s)
Built Effect4.Laws.Program.Simulation.Deliver (5.4s)
Built Effect4.Laws.Program.Guard.ControlRemainder (3.8s)
Built Effect4.Laws.Program.Guard.Observer (5.7s)
Built Effect4.Laws.Program.Guard.ReturnCommands (11s)
Built Effect4.Laws.Program.Guard.Contract (2.7s)
Built Effect4.Laws.Program.Guard.FinishQueue (3.1s)
Built Effect4.Laws.Program.Guard.RegistrationNested (5.5s)
Built Effect4.Laws.Program.Handles.Hooks (100s)
Built Effect4.Laws.Program.Simulation.Actions (5.2s)
Built Effect4.Laws.Program.Guard.Continuation (2.9s)
Built Effect4.Laws.Program.Guard.Race (3.5s)
Built Effect4.Laws.Api.ModuleReadable (1.8s)
Built Effect4.Laws.Program.Guard.AnswerDecision (3.1s)
Built Effect4.Laws.Program.Guard.SettleQueue (2.8s)
Built Effect4.Laws.Program.Guard.OuterDriver (4.1s)
Built Effect4.Laws.Program.Guard.RegistrationDone (4.2s)
Built Effect4.Laws.Program.Guard.LocalDecision (3.2s)
Built Effect4.Laws.Program.Simulation.Evaluate (9.1s)
Built Effect4.Laws.Program.Guard.NativeAssembly (3.2s)
Built Effect4.Api.Author (937ms)
Built Effect4.Laws.Program.Guard.NativeQueueTail (2.9s)
Built Effect4.Laws.Program.Author (3.9s)
Built Effect4.Laws.Program.Simulation.Pending (17s)
Built Effect4.Laws.Program.Typed.World (5.7s)
Built Effect4.Laws.Program.Guard.NativeQueueAssembly (3.2s)
Built Effect4.Laws.Program.Typed.ForkSource (4.5s)
Built Effect4.Laws.Program.Guard.Command (3.3s)
Built Effect4.Laws.Program.Simulation.Drive (7.4s)
Built Effect4.Laws.Program.Guard.Handshake (3.0s)
Built Effect4.Laws.Program.Guard.CommandObservations (2.8s)
Built Test.Schema.SubAlphabetContract (1.2s)
Built Effect4.Laws.Program.RuntimeR (3.6s)
Built Effect4.Laws.Program.Guard.Driver (2.9s)
Built Test.Counterexamples.Machine.Semantics.ActionAtRaceAllPremise (2.8s)
Built Effect4.Laws.Program.ReasonsR (3.2s)
Built Effect4.Laws.Program.Guard.Decision (2.9s)
Built Test.Counterexamples.Machine.Semantics.InterruptEscape (2.8s)
Built Test.Api.FrontierContract (2.9s)
Built Effect4.Laws.Program.Typed.Validity (8.6s)
Built Effect4.Laws.Program.Guard (2.7s)
Built Test.Api.AcquireHandleContract (3.2s)
Built Effect4.Laws.Program.Typed.Contracts (2.8s)
Built Effect4.Laws.Program.Typed.Membership (4.5s)
Built Effect4.Laws.Api.Guard (2.8s)
Built Test.Api.ExternalContract (2.8s)
Built Test.Counterexamples.Machine.Semantics.StrongExitDefect (2.3s)
Built Test.Counterexamples.Machine.Semantics.InterruptCarrier (2.6s)
Built Test.Counterexamples.Machine.Semantics.InterruptDelivery (2.5s)
Built Effect4.Laws.Program.Typed.Admission (2.5s)
Built Effect4.Laws.Program.Typed.ExitConnector (2.6s)
Built Test.Program.Gen (1.7s)
Built Test.Codegen.TemplatesContract (1.2s)
Built Test.Program.TypedWorldValidity (2.6s)
Built Test.Counterexamples.Machine.Semantics.LayerValue (1.0s)
Built Effect4.Laws.Program.Typed.Residual (5.6s)
Built Test.Program.ExitConnector (2.8s)
Built Test.Api.HostSessionContract (5.0s)
Built Test.Program.TypedResidual (2.5s)
Built Effect4.Laws.Program.Handles.Evaluation (56s)
Built Test.Program.TypedCorpus (3.0s)
Built Test.Counterexamples.Machine.Semantics.AsyncHookContract (2.7s)
Built Effect4.Laws.Program.Typed.Seq (2.5s)
Built Test.Program.GuardFoldLift (2.7s)
Built Effect4.Laws.Program.Handles (2.5s)
Built Test.Program.TypedProgBindRed (2.5s)
Built Test.Counterexamples.Machine.Runtime.LayerEnvironment (2.8s)
Built Test.Counterexamples.Machine.Runtime.HostHandleForgery (1.1s)
Built Effect4.Laws.Program.Typed.Adequacy (7.1s)
Built Test.Machine.Runtime.CompletionContract (2.6s)
Built Test.Machine.Runtime.ApproximationContract (3.4s)
Built Effect4.Laws.Program.Typed.Stack (3.8s)
Built Test.Machine.Runtime.BehaviourContract (2.8s)
Built Test.Machine.Runtime.HandlesContract (3.3s)
Built Test.Machine.Runtime.TapeAction (2.6s)
Built Effect4.Laws.Program.Typed.Scheduler (2.9s)
Built Test.Codegen.SourceBindingsContract (1.9s)
Built Test.Codegen.ReadContract (5.1s)
Built Test.Codegen.FormsContract (3.2s)
Built Test.Program.TypedContract (3.5s)
Built Effect4.Laws.Program.Typed.Assembly (6.2s)
Built Test.Program.LoopSugarContract (2.4s)
Built Test.Program.FramesNotKripke (4.2s)
Built Effect4.Laws (7.8s)
Built Test.Program.ExitTypeLane (29s)
Built Test.Program.TypedSplit (3.3s)
Built Test.Counterexamples.Machine.Semantics.ValueMembership (5.4s)
Built Test.Counterexamples.Machine.Semantics.RawOrderLoad (3.7s)
Built Test.Counterexamples.Machine.Semantics.H1Shapes (3.4s)
Built Test.Program.ProtocolPosts (4.8s)
Built Test.Program.H2PartOne (3.4s)
Built Test.Program.DenoteContract (3.2s)
Built Test.Program.DenoteBContract (3.1s)
Built Test.Counterexamples.Machine.Semantics.AwaitLoad (4.1s)
Built Test.Counterexamples.Machine.Semantics.StaleCode (6.7s)
Built Test.Counterexamples.Machine.Semantics.M6Capstone (8.2s)
Built Test.Program.TypedControl (3.4s)
Built Test.Counterexamples.Machine.Semantics.TrivialPosts (3.1s)
Built Test.Program.MeaningSoundContract (2.0s)
Built Test.Program.LoopSoundContract (2.9s)
Built Test.Program.TypedStack (2.8s)
Built Test.Program.LoadedAdmission (3.1s)
Built Test.Program.AdmissionCensus (3.1s)
Built Test.Program.LoopAgreementContract (2.5s)
Built Test.Program.ProgressContract (2.7s)
Built Test.Program.InvocationContract (1.3s)
Built Test.Program.HostSpecContract (1.3s)
Built Test.Api.RunnerFinality (842ms)
Built Test.Api.RunnerContract (2.0s)
Built Test.Api.KeyedHostContract (5.5s)
Built Test.Program.AgreementContract (16s)
Built Test.Run.RunContract (4.5s)
Built Test.Program.ScopeMarkers (3.2s)
Built Test.Program.RuntimeRReference (3.9s)
Built Test.Program.RuntimeRShapesContract (3.4s)
Built Test.Program.ProvideRows (2.6s)
Built Test.Api.PackagesContract (1.6s)
Built Test.Api.TestClockContract (1.2s)
Built Test.Program.RuntimeRContract (8.8s)
Built Test.Api.ApiContract (4.1s)
Built Test.Program.SimulationContract (4.2s)
Built Test.Program.ErrorQueriesContract (1.1s)
Built Test.Program.AtomRulesRed (4.5s)
Built Test.Api.TraceOrigin (32s)
Built Test.Program.CatchIfContract (3.7s)
Built Test.Audit.RuntimeCoverage (4.2s)
Built Test.Machine.StepInvRulesRed (3.1s)
Built Test.Api.SupervisionContract (3.6s)
Built Effect4 (2.8s)
Built Test.Program.TyViewContract (3.2s)
Built Test.Audit.TypedStateDecl (4.1s)
Built Test.Program.TypeAlgebraContract (4.1s)
Built Test.Program.ValueModelContract (3.2s)
Built Test.Audit.TraversalFixture (3.2s)
Built Test.Audit.ExhaustiveFixture (2.8s)
Built Test.Program.BlameContract (1.3s)
Built Test.Program.LinkedRowsContract (3.0s)
Built Test.Audit.AxiomGate (3.6s)
Built Test.Program.DecisionContract (2.8s)
Built Test.Program.LayerSharingContract (161s)
Built Test.Program.AuthoringContract (3.3s)
Built Test.Program.AuthorContract (3.4s)
Built Test.Audit.TraversalCensus (85s)
Built Test.All (58s)
error or warning lines: 0
info: Test/All.lean:163:0: Effect4 library-root gate: 134 API/utility modules, 220 Laws-only modules; every library source is reachable; Effect4 never reaches Laws
info: Test/All.lean:163:0: Effect4 module and axiom gate: checked 517 modules and 70849 declarations; semantic/test axioms are [propext,
 Quot.sound]; exact implementation boundary (15 module(s), 23 declaration(s)) additionally allows Classical.choice
Build completed successfully (735 jobs).
## exit=0 seconds=526 cmd=LEAN_NUM_THREADS=4 lake build Effect4.Laws Test.All head=8fc8016d dirty=0
