'Effect4.Machine.Lift.FoldLift' depends on axioms: [propext, Quot.sound]
'Effect4.Machine.Lift.FoldLift.ofDecisionLift' depends on axioms: [propext, Quot.sound]
'Effect4.Machine.Lift.driveState_one' depends on axioms: [propext, Quot.sound]
'Effect4.Machine.Lift.FoldLift.loop_lift' depends on axioms: [propext, Quot.sound]
'Effect4.Machine.Lift.FoldLift.loop_entry' depends on axioms: [propext, Quot.sound]
'Effect4.Machine.Lift.FoldLift.fireFold_lift' depends on axioms: [propext, Quot.sound]
'Effect4.Machine.Lift.FoldLift.fireState_lift' depends on axioms: [propext, Quot.sound]
'Effect4.Machine.Lift.FoldLift.flushAllState_lift' depends on axioms: [propext, Quot.sound]
'Effect4.Machine.Lift.FoldLift.advanceState_lift' depends on axioms: [propext, Quot.sound]
'Effect4.Machine.Lift.loop_lift' depends on axioms: [propext, Quot.sound]
'Effect4.Machine.Lift.loop_entry' depends on axioms: [propext, Quot.sound]
'Effect4.Machine.Lift.fireFold_lift' depends on axioms: [propext, Quot.sound]
'Effect4.Machine.Lift.fireState_lift' depends on axioms: [propext, Quot.sound]
'Effect4.Machine.Lift.flushAllState_lift' depends on axioms: [propext, Quot.sound]
'Effect4.Machine.Lift.advanceState_lift' depends on axioms: [propext, Quot.sound]
'Effect4.Machine.Lift.stepDecisionState_lift' depends on axioms: [propext, Quot.sound]
'Effect4.Machine.Lift.machineFact_stepDecision' depends on axioms: [propext, Quot.sound]
'Effect4.Program.Guard.SingleGuard.held_foldLift' depends on axioms: [propext, Quot.sound]
'Effect4.Program.Guard.SingleGuard.held_fireFold' depends on axioms: [propext, Quot.sound]
'Effect4.Program.Guard.SingleGuard.held_fireState' depends on axioms: [propext, Quot.sound]
'Effect4.Program.Guard.SingleGuard.held_flushAllState' depends on axioms: [propext, Quot.sound]
'Effect4.Program.Guard.SingleGuard.held_advanceState' depends on axioms: [propext, Quot.sound]
'Effect4.Program.Guard.OuterDriver.clockStep_owed_guardQueue' depends on axioms: [propext, Quot.sound]
'Effect4.Program.Guard.OuterDriver.preserved_foldLift' depends on axioms: [propext, Quot.sound]
'Effect4.Program.Guard.OuterDriver.advanceTick_preserved' depends on axioms: [propext, Quot.sound]
'Effect4.Program.Guard.OuterDriver.fireFold_preserved' depends on axioms: [propext, Quot.sound]
'Effect4.Program.Guard.OuterDriver.fireState_preserved' depends on axioms: [propext, Quot.sound]
'Effect4.Program.Guard.OuterDriver.flushAllState_preserved' depends on axioms: [propext, Quot.sound]
'Effect4.Program.Guard.OuterDriver.advanceState_preserved' depends on axioms: [propext, Quot.sound]
'Test.Program.GuardFoldLift.held_parked' depends on axioms: [propext, Quot.sound]
'Test.Program.GuardFoldLift.edit_unparks' depends on axioms: [propext, Quot.sound]
'Test.Program.GuardFoldLift.interrupt_field_false' depends on axioms: [propext, Quot.sound]
'Test.Program.GuardFoldLift.no_decisionLift' depends on axioms: [propext, Quot.sound]
'Test.Program.GuardFoldLift.held_is_foldLift' depends on axioms: [propext, Quot.sound]
'Effect4.Laws.Auto.Exhaustive.elabExhaustiveGate' depends on axioms: [propext, Classical.choice, Quot.sound]
'Effect4.Schema.Bridge.requirementKey' depends on axioms: [propext]
'Effect4.Schema.Bridge.effDocument' depends on axioms: [propext, Quot.sound]
'Test.Schema.DialectContract.requirementKey_eq_keyText' depends on axioms: [propext]
'Test.Schema.DialectContract.requirementKey_injective' depends on axioms: [propext, Quot.sound]
'Test.Schema.DialectContract.nameOnlyKey' depends on axioms: [propext]
'Test.Schema.DialectContract.twoServices' depends on axioms: [propext, Quot.sound]
## exit=0 seconds=6 cmd=LEAN_NUM_THREADS=4 lake env lean -M6144 -DwarningAsError=true docs/research/2026-10-01-landing/seat-G/probes/FinalAxioms.lean head=9b02362b dirty=0
