closed Canonical instances: 88; with a repeated key: 19; with a repeated key whose bodies differ: 0
Effect4.Api.Runner.Command	8 bindings, 4 keys	[(Val, (3, true)), (UInt8, (3, true))]
Effect4.Check	15 bindings, 8 keys	[(Json, (3, true)), (UInt64, (6, true))]
Effect4.CheckRepresentationAnnotationOf.{0} Effect4.Representation	15 bindings, 8 keys	[(Json, (3, true)), (UInt64, (6, true))]
Effect4.Document	30 bindings, 8 keys	[(Representation, (2, true)), (Check, (2, true)), (CheckRepresentationAnnotationOf, (2, true)), (ElementOf, (2, true)), (PropertySignatureOf, (2, true)), (IndexSignatureOf, (2, true)), (Json, (6, true)), (UInt64, (12, true))]
Effect4.ElementOf.{0} Effect4.Representation	15 bindings, 8 keys	[(Json, (3, true)), (UInt64, (6, true))]
Effect4.IndexSignatureOf.{0} Effect4.Representation	15 bindings, 8 keys	[(Json, (3, true)), (UInt64, (6, true))]
Effect4.MultiDocument	30 bindings, 8 keys	[(Representation, (2, true)), (Check, (2, true)), (CheckRepresentationAnnotationOf, (2, true)), (ElementOf, (2, true)), (PropertySignatureOf, (2, true)), (IndexSignatureOf, (2, true)), (Json, (6, true)), (UInt64, (12, true))]
Effect4.Program.ActionTerm Effect4.Program.NativeOp	17 bindings, 11 keys	[(Term, (4, true)), (Terms, (4, true))]
Effect4.Program.CauseTerm	5 bindings, 3 keys	[(Term, (2, true)), (Terms, (2, true))]
Effect4.Program.Eff Effect4.Program.NativeOp	17 bindings, 11 keys	[(Term, (4, true)), (Terms, (4, true))]
Effect4.Program.Effs Effect4.Program.NativeOp	17 bindings, 11 keys	[(Term, (4, true)), (Terms, (4, true))]
Effect4.Program.LayerTerm Effect4.Program.NativeOp	17 bindings, 11 keys	[(Term, (4, true)), (Terms, (4, true))]
Effect4.Program.LayerTerms Effect4.Program.NativeOp	17 bindings, 11 keys	[(Term, (4, true)), (Terms, (4, true))]
Effect4.Program.Stmt Effect4.Program.NativeOp	17 bindings, 11 keys	[(Term, (4, true)), (Terms, (4, true))]
Effect4.Program.Stmts Effect4.Program.NativeOp	17 bindings, 11 keys	[(Term, (4, true)), (Terms, (4, true))]
Effect4.PropertySignatureOf.{0} Effect4.Representation	15 bindings, 8 keys	[(Json, (3, true)), (UInt64, (6, true))]
Effect4.ReferenceEntry	15 bindings, 8 keys	[(Json, (3, true)), (UInt64, (6, true))]
Effect4.Representation	15 bindings, 8 keys	[(Json, (3, true)), (UInt64, (6, true))]
Effect4.Store.ShapeDoc	2 bindings, 1 keys	[(Shape, (2, true))]
## exit=0 seconds=2 cmd=LEAN_NUM_THREADS=4 lake env lean -M6144 docs/research/2026-10-01-landing/seat-G/probes/RepeatedDefs.lean head=6ca2326e dirty=0
