21 signatures in logs/statements-before.log; 21 in logs/statements-final.log
SAME Effect4.Machine.Lift.DecisionLift (28 lines)
SAME Effect4.Machine.Lift.DecisionLift.mk (361 lines)
SAME Effect4.Machine.Lift.loop_lift (39 lines)
SAME Effect4.Machine.Lift.loop_entry (34 lines)
SAME Effect4.Machine.Lift.fireFold_lift (39 lines)
SAME Effect4.Machine.Lift.fireState_lift (29 lines)
SAME Effect4.Machine.Lift.flushAllState_lift (29 lines)
SAME Effect4.Machine.Lift.advanceState_lift (30 lines)
SAME Effect4.Machine.Lift.stepDecisionState_lift (29 lines)
SAME Effect4.Machine.Lift.machineFact_stepDecision (25 lines)
SAME Effect4.Program.Guard.SingleGuard.held_fireStep (42 lines)
SAME Effect4.Program.Guard.SingleGuard.held_fireFold (61 lines)
SAME Effect4.Program.Guard.SingleGuard.held_fireState (29 lines)
SAME Effect4.Program.Guard.SingleGuard.held_flushAllState (30 lines)
SAME Effect4.Program.Guard.SingleGuard.held_advanceState (30 lines)
SAME Effect4.Program.Guard.SingleGuard.held_steppedBy (6 lines)
SAME Effect4.Program.Guard.OuterDriver.fireStep_preserved (36 lines)
SAME Effect4.Program.Guard.OuterDriver.fireFold_preserved (63 lines)
SAME Effect4.Program.Guard.OuterDriver.fireState_preserved (28 lines)
SAME Effect4.Program.Guard.OuterDriver.flushAllState_preserved (28 lines)
SAME Effect4.Program.Guard.OuterDriver.advanceState_preserved (28 lines)
