'Effect4.Program.Guard.SingleGuard.held_foldLift' depends on axioms: [propext, Quot.sound]
'Effect4.Program.Guard.OuterDriver.preserved_foldLift' depends on axioms: [propext, Quot.sound]
'Effect4.Program.Guard.SingleGuard.held_fireFold' depends on axioms: [propext, Quot.sound]
'Effect4.Program.Guard.SingleGuard.held_flushAllState' depends on axioms: [propext, Quot.sound]
'Effect4.Program.Guard.SingleGuard.held_advanceState' depends on axioms: [propext, Quot.sound]
'Effect4.Program.Guard.OuterDriver.fireFold_preserved' depends on axioms: [propext, Quot.sound]
'Effect4.Program.Guard.OuterDriver.flushAllState_preserved' depends on axioms: [propext, Quot.sound]
'Effect4.Program.Guard.OuterDriver.advanceState_preserved' depends on axioms: [propext, Quot.sound]
'Effect4.Program.Guard.SingleGuard.held_fireState' depends on axioms: [propext, Quot.sound]
'Effect4.Program.Guard.OuterDriver.fireState_preserved' depends on axioms: [propext, Quot.sound]
'Effect4.Program.Guard.SingleGuard.held_steppedBy' depends on axioms: [propext, Quot.sound]
'Effect4.Program.Guard.SingleGuard.held_executePrefix' depends on axioms: [propext, Quot.sound]
'Effect4.Program.Guard.guardState_steppedBy' depends on axioms: [propext, Quot.sound]
'Effect4.Program.Guard.requestOrInterrupted_steppedBy' depends on axioms: [propext, Quot.sound]
'Effect4.Program.Guard.guardState_executePrefix' depends on axioms: [propext, Quot.sound]
'Test.Program.GuardFoldLift.held_parked' depends on axioms: [propext, Quot.sound]
'Test.Program.GuardFoldLift.edit_unparks' depends on axioms: [propext, Quot.sound]
'Test.Program.GuardFoldLift.interrupt_field_false' depends on axioms: [propext, Quot.sound]
'Test.Program.GuardFoldLift.no_decisionLift' depends on axioms: [propext, Quot.sound]
'Test.Program.GuardFoldLift.held_is_foldLift' depends on axioms: [propext, Quot.sound]
## exit=0 seconds=1 cmd=LEAN_NUM_THREADS=4 lake env lean -M6144 -DwarningAsError=true docs/research/2026-10-01-landing/seat-G/probes/Step2Axioms.lean head=7baca4c1 dirty=3
