'Research.Pass.Registry.LayerGap.key_service_nat' depends on axioms: [propext, Quot.sound]
'Research.Pass.Registry.LayerGap.errLeak_checked' depends on axioms: [propext, Quot.sound]
'Research.Pass.Registry.LayerGap.forkLeak_checked' depends on axioms: [propext, Quot.sound]
'Research.Pass.Registry.LayerGap.valueLeak_checked' depends on axioms: [propext, Quot.sound]
'Research.Pass.Registry.LayerGap.succeedLeak_checked' depends on axioms: [propext, Quot.sound]
'Research.Pass.Registry.LayerGap.forkLeak_handle' depends on axioms: [propext, Quot.sound]
'Research.Pass.Registry.LayerGap.errLeak_native_exit' depends on axioms: [propext, Quot.sound]
'Research.Pass.Registry.LayerGap.errLeak_violates' depends on axioms: [propext, Quot.sound]
'Research.Pass.Registry.LayerGap.errLeak_reference_exit' depends on axioms: [propext, Quot.sound]
'Research.Pass.Registry.LayerGap.errLeakControl_exit' depends on axioms: [propext, Quot.sound]
'Research.Pass.Registry.LayerGap.errLeakControl_fits' depends on axioms: [propext, Quot.sound]
'Research.Pass.Registry.LayerGap.forkLeak_child_exit' depends on axioms: [propext, Quot.sound]
'Research.Pass.Registry.LayerGap.valueLeak_exit' depends on axioms: [propext, Quot.sound]
'Research.Pass.Registry.LayerGap.valueLeak_violates' depends on axioms: [propext, Quot.sound]
'Research.Pass.Registry.LayerGap.succeedLeak_exit' depends on axioms: [propext, Quot.sound]
'Research.Pass.Registry.LayerGap.succeedLeak_violates' depends on axioms: [propext, Quot.sound]
'Research.Pass.Registry.LayerGap.valueLeak_reference_exit' depends on axioms: [propext, Quot.sound]
'Research.Pass.Registry.LayerGap.valueControl_fits' depends on axioms: [propext, Quot.sound]
'Research.Pass.Registry.LayerGap.errLeak_typeOf' depends on axioms: [propext, Quot.sound]
'Research.Pass.Registry.LayerGap.errLeakTy_closed' does not depend on any axioms
'Research.Pass.Registry.LayerGap.tape_answers_nothing' depends on axioms: [propext]
'Research.Pass.Registry.LayerGap.bad_reachable' depends on axioms: [propext, Quot.sound]
'Research.Pass.Registry.LayerGap.bad_has_bad_exit' depends on axioms: [propext, Quot.sound]
'Research.Pass.Registry.LayerGap.bad_exit_not_typed' depends on axioms: [propext, Quot.sound]
'Research.Pass.Registry.LayerGap.bad_not_typed' depends on axioms: [propext, Quot.sound]
'Research.Pass.Registry.LayerGap.m6_capstone_false_without_hosts' depends on axioms: [propext, Quot.sound]
'Research.Pass.Registry.LayerGap.valueLeak_typeOf' depends on axioms: [propext, Quot.sound]
'Research.Pass.Registry.LayerGap.badValue_has_bad_exit' depends on axioms: [propext, Quot.sound]
'Research.Pass.Registry.LayerGap.badValue_exit_not_typed' depends on axioms: [propext, Quot.sound]
'Research.Pass.Registry.LayerGap.m6_capstone_false_valueLeak' depends on axioms: [propext, Quot.sound]
Layer gap probe: all theorems checked, the print guard passed.
