Effect4.Laws.Api.Supervision: 3 of 40 theorems closed from their statements; 14 source lines they now take
  6	362-367	Effect4.Api.parentOf_append_same	[Quot.sound, propext]
  5	356-360	Effect4.Api.parentOf_append_none	[Quot.sound, propext]
  3	340-342	Effect4.Api.publish_status	[propext]
Effect4.Laws.Machine.Book: 14 of 89 theorems closed from their statements; 55 source lines they now take
  12	740-751	Effect4.Machine.flushAllState_succ	[Quot.sound, propext]
  10	1087-1096	Effect4.Machine.replayEval_cons	[Quot.sound, propext]
  6	1080-1085	Effect4.Machine.replayEval_nil	[Quot.sound, propext]
  6	786-791	Effect4.Machine.flushRootState_zero	[Quot.sound, propext]
  5	332-336	Effect4.Machine.book_emit	[propext]
  2	262-263	Effect4.Machine.machineOk_updateRace	[]
  2	45-46	Effect4.Machine.cons_eq_of	[propext]
  2	268-269	Effect4.Machine.pendingOk_dispatcher	[]
  2	271-272	Effect4.Machine.pendingOk_yield	[]
  2	254-255	Effect4.Machine.machineOk_disarm	[]
  2	259-260	Effect4.Machine.machineOk_middleware	[]
  2	249-250	Effect4.Machine.machineOk_emit	[]
  1	252-252	Effect4.Machine.machineOk_halt	[]
  1	257-257	Effect4.Machine.machineOk_arm	[]
Effect4.Laws.Machine.Clauses: 28 of 166 theorems closed from their statements; 148 source lines they now take
  11	1589-1599	Effect4.Machine.withFiber_interruptAll	[Quot.sound, propext]
  11	1187-1197	Effect4.Machine.settleRace_eq	[]
  10	1754-1763	Effect4.Machine.withFiber_closePar	[Quot.sound, propext]
  10	947-956	Effect4.Machine.publish_fields	[]
  8	1052-1059	Effect4.Machine.fireObserver_resumeAwait	[Quot.sound, propext]
  7	1037-1043	Effect4.Machine.resumePrim_continueWith	[]
  7	778-784	Effect4.Machine.fireObserver_callback	[Quot.sound, propext]
  6	958-963	Effect4.Machine.cleared_fields	[]
  6	1045-1050	Effect4.Machine.stepDecision_installMiddleware	[Quot.sound, propext]
  6	824-829	Effect4.Machine.promiseOutcome_eq	[]
  5	105-109	Effect4.Machine.injectYield_latched	[]
  5	1552-1556	Effect4.Machine.awaitCode_awaitAll	[propext]
  5	865-869	Effect4.Machine.interruptEach_nil	[Quot.sound, propext]
  5	179-183	Effect4.Machine.Dispatcher.enqueue_arms	[]
  5	1530-1534	Effect4.Machine.asVoidCode_eq	[]
  5	1022-1026	Effect4.Machine.exitInterruptChildren_reenters	[]
  4	1080-1083	Effect4.Machine.countdownWalk_nil	[]
  4	185-188	Effect4.Machine.Dispatcher.drain_eq	[]
  4	230-233	Effect4.Machine.RunMachine.arm_fields	[]
  3	831-833	Effect4.Machine.promiseOutcome_failure	[]
  3	190-192	Effect4.Machine.Dispatcher.drain_disarms	[]
  3	60-62	Effect4.Machine.countOp_count	[]
  3	175-177	Effect4.Machine.Dispatcher.enqueue_empty	[]
  3	846-848	Effect4.Machine.RunMachine.fiber?_emit	[]
  3	1738-1740	Effect4.Machine.forkFinalizers_nil	[]
  2	850-851	Effect4.Machine.RunMachine.race?_emit	[]
  2	856-857	Effect4.Machine.RunMachine.stuck_emit	[]
  2	853-854	Effect4.Machine.RunMachine.state_emit	[]
