ℹ [7/57] Replayed Effect4.Schema.Fold
info: src/Effect4/Schema/Fold.lean:925:0: 'Effect4.ElementOf.map_map' depends on axioms: [propext]
info: src/Effect4/Schema/Fold.lean:926:0: 'Effect4.ElementOf.map_id' depends on axioms: [propext]
info: src/Effect4/Schema/Fold.lean:927:0: 'Effect4.PropertySignatureOf.map_map' depends on axioms: [propext]
info: src/Effect4/Schema/Fold.lean:928:0: 'Effect4.PropertySignatureOf.map_id' depends on axioms: [propext]
info: src/Effect4/Schema/Fold.lean:929:0: 'Effect4.IndexSignatureOf.map_map' depends on axioms: [propext]
info: src/Effect4/Schema/Fold.lean:930:0: 'Effect4.IndexSignatureOf.map_id' depends on axioms: [propext]
info: src/Effect4/Schema/Fold.lean:931:0: 'Effect4.CheckRepresentationAnnotationOf.map_map' depends on axioms: [propext, Quot.sound]
info: src/Effect4/Schema/Fold.lean:932:0: 'Effect4.CheckRepresentationAnnotationOf.map_id' depends on axioms: [propext, Quot.sound]
info: src/Effect4/Schema/Fold.lean:933:0: 'Effect4.cata_pos_list_representation_eq' depends on axioms: [propext]
info: src/Effect4/Schema/Fold.lean:934:0: 'Effect4.cata_pos_list_check_eq' depends on axioms: [propext]
info: src/Effect4/Schema/Fold.lean:935:0: 'Effect4.cata_pos_elementOf_representation_eq' depends on axioms: [propext]
info: src/Effect4/Schema/Fold.lean:936:0: 'Effect4.cata_pos_list_elementOf_representation_eq' depends on axioms: [propext]
info: src/Effect4/Schema/Fold.lean:937:0: 'Effect4.cata_pos_propertySignatureOf_representation_eq' depends on axioms: [propext]
info: src/Effect4/Schema/Fold.lean:938:0: 'Effect4.cata_pos_list_propertySignatureOf_representation_eq' depends on axioms: [propext]
info: src/Effect4/Schema/Fold.lean:939:0: 'Effect4.cata_pos_indexSignatureOf_representation_eq' depends on axioms: [propext]
info: src/Effect4/Schema/Fold.lean:940:0: 'Effect4.cata_pos_list_indexSignatureOf_representation_eq' depends on axioms: [propext]
info: src/Effect4/Schema/Fold.lean:941:0: 'Effect4.cata_pos_option_list_representation_eq' depends on axioms: [propext]
info: src/Effect4/Schema/Fold.lean:942:0: 'Effect4.cata_pos_checkRepresentationAnnotationOf_representation_eq' depends on axioms: [propext]
info: src/Effect4/Schema/Fold.lean:943:0: 'Effect4.cata_pos_option_checkRepresentationAnnotationOf_representation_eq' depends on axioms: [propext]
info: src/Effect4/Schema/Fold.lean:944:0: 'Effect4.cata_representation_declaration' depends on axioms: [propext]
info: src/Effect4/Schema/Fold.lean:945:0: 'Effect4.cata_representation_reference' does not depend on any axioms
info: src/Effect4/Schema/Fold.lean:946:0: 'Effect4.cata_representation_suspend' depends on axioms: [propext]
info: src/Effect4/Schema/Fold.lean:947:0: 'Effect4.cata_representation_null' depends on axioms: [propext]
info: src/Effect4/Schema/Fold.lean:948:0: 'Effect4.cata_representation_undefined' depends on axioms: [propext]
info: src/Effect4/Schema/Fold.lean:949:0: 'Effect4.cata_representation_void' depends on axioms: [propext]
info: src/Effect4/Schema/Fold.lean:950:0: 'Effect4.cata_representation_never' depends on axioms: [propext]
info: src/Effect4/Schema/Fold.lean:951:0: 'Effect4.cata_representation_unknown' depends on axioms: [propext]
info: src/Effect4/Schema/Fold.lean:952:0: 'Effect4.cata_representation_any' depends on axioms: [propext]
info: src/Effect4/Schema/Fold.lean:953:0: 'Effect4.cata_representation_string' depends on axioms: [propext]
info: src/Effect4/Schema/Fold.lean:954:0: 'Effect4.cata_representation_number' depends on axioms: [propext]
info: src/Effect4/Schema/Fold.lean:955:0: 'Effect4.cata_representation_boolean' depends on axioms: [propext]
info: src/Effect4/Schema/Fold.lean:956:0: 'Effect4.cata_representation_bigint' depends on axioms: [propext]
info: src/Effect4/Schema/Fold.lean:957:0: 'Effect4.cata_representation_symbol' depends on axioms: [propext]
info: src/Effect4/Schema/Fold.lean:958:0: 'Effect4.cata_representation_literal' depends on axioms: [propext]
info: src/Effect4/Schema/Fold.lean:959:0: 'Effect4.cata_representation_uniqueSymbol' depends on axioms: [propext]
info: src/Effect4/Schema/Fold.lean:960:0: 'Effect4.cata_representation_objectKeyword' depends on axioms: [propext]
info: src/Effect4/Schema/Fold.lean:961:0: 'Effect4.cata_representation_enum' depends on axioms: [propext]
info: src/Effect4/Schema/Fold.lean:962:0: 'Effect4.cata_representation_templateLiteral' depends on axioms: [propext]
info: src/Effect4/Schema/Fold.lean:963:0: 'Effect4.cata_representation_arrays' depends on axioms: [propext]
info: src/Effect4/Schema/Fold.lean:964:0: 'Effect4.cata_representation_objects' depends on axioms: [propext]
info: src/Effect4/Schema/Fold.lean:965:0: 'Effect4.cata_representation_union' depends on axioms: [propext]
info: src/Effect4/Schema/Fold.lean:966:0: 'Effect4.cata_check_filter' depends on axioms: [propext]
info: src/Effect4/Schema/Fold.lean:967:0: 'Effect4.cata_check_filterGroup' depends on axioms: [propext]
info: src/Effect4/Schema/Fold.lean:968:0: 'Effect4.hom_eq_cata_representation' depends on axioms: [propext]
info: src/Effect4/Schema/Fold.lean:969:0: 'Effect4.hom_eq_cata_check' depends on axioms: [propext]
info: src/Effect4/Schema/Fold.lean:970:0: 'Effect4.hom_pos_list_representation' depends on axioms: [propext]
info: src/Effect4/Schema/Fold.lean:971:0: 'Effect4.hom_pos_list_check' depends on axioms: [propext]
info: src/Effect4/Schema/Fold.lean:972:0: 'Effect4.hom_pos_elementOf_representation' depends on axioms: [propext]
info: src/Effect4/Schema/Fold.lean:973:0: 'Effect4.hom_pos_list_elementOf_representation' depends on axioms: [propext]
info: src/Effect4/Schema/Fold.lean:974:0: 'Effect4.hom_pos_propertySignatureOf_representation' depends on axioms: [propext]
info: src/Effect4/Schema/Fold.lean:975:0: 'Effect4.hom_pos_list_propertySignatureOf_representation' depends on axioms: [propext]
info: src/Effect4/Schema/Fold.lean:976:0: 'Effect4.hom_pos_indexSignatureOf_representation' depends on axioms: [propext]
info: src/Effect4/Schema/Fold.lean:977:0: 'Effect4.hom_pos_list_indexSignatureOf_representation' depends on axioms: [propext]
info: src/Effect4/Schema/Fold.lean:978:0: 'Effect4.hom_pos_option_list_representation' depends on axioms: [propext]
info: src/Effect4/Schema/Fold.lean:979:0: 'Effect4.hom_pos_checkRepresentationAnnotationOf_representation' depends on axioms: [propext]
info: src/Effect4/Schema/Fold.lean:980:0: 'Effect4.hom_pos_option_checkRepresentationAnnotationOf_representation' depends on axioms: [propext]
info: src/Effect4/Schema/Fold.lean:981:0: 'Effect4.cata_id_representation' depends on axioms: [propext]
info: src/Effect4/Schema/Fold.lean:982:0: 'Effect4.cata_id_check' depends on axioms: [propext]
info: src/Effect4/Schema/Fold.lean:983:0: 'Effect4.cata_id_pos_list_representation' depends on axioms: [propext]
info: src/Effect4/Schema/Fold.lean:984:0: 'Effect4.cata_id_pos_list_check' depends on axioms: [propext]
info: src/Effect4/Schema/Fold.lean:985:0: 'Effect4.cata_id_pos_elementOf_representation' depends on axioms: [propext]
info: src/Effect4/Schema/Fold.lean:986:0: 'Effect4.cata_id_pos_list_elementOf_representation' depends on axioms: [propext]
info: src/Effect4/Schema/Fold.lean:987:0: 'Effect4.cata_id_pos_propertySignatureOf_representation' depends on axioms: [propext]
info: src/Effect4/Schema/Fold.lean:988:0: 'Effect4.cata_id_pos_list_propertySignatureOf_representation' depends on axioms: [propext]
info: src/Effect4/Schema/Fold.lean:989:0: 'Effect4.cata_id_pos_indexSignatureOf_representation' depends on axioms: [propext]
info: src/Effect4/Schema/Fold.lean:990:0: 'Effect4.cata_id_pos_list_indexSignatureOf_representation' depends on axioms: [propext]
info: src/Effect4/Schema/Fold.lean:991:0: 'Effect4.cata_id_pos_option_list_representation' depends on axioms: [propext]
info: src/Effect4/Schema/Fold.lean:992:0: 'Effect4.cata_id_pos_checkRepresentationAnnotationOf_representation' depends on axioms: [propext]
info: src/Effect4/Schema/Fold.lean:993:0: 'Effect4.cata_id_pos_option_checkRepresentationAnnotationOf_representation' depends on axioms: [propext]
ℹ [35/57] Replayed Effect4.Store.Derived.Json
info: src/Effect4/Store/Derived/Json.lean:350:0: 'Effect4.Store.JsonGen.Float64C.toVal' depends on axioms: [propext]
info: src/Effect4/Store/Derived/Json.lean:351:0: 'Effect4.Store.JsonGen.Float64C.ofVal_toVal' depends on axioms: [propext]
info: src/Effect4/Store/Derived/Json.lean:352:0: 'Effect4.Store.JsonGen.Float64C.ofVal_exact' depends on axioms: [propext]
info: src/Effect4/Store/Derived/Json.lean:353:0: 'Effect4.Store.JsonGen.Float64C.fits' depends on axioms: [propext, Quot.sound]
info: src/Effect4/Store/Derived/Json.lean:354:0: 'Effect4.Store.JsonGen.Float64C.instCanonical' depends on axioms: [propext, Quot.sound]
info: src/Effect4/Store/Derived/Json.lean:355:0: 'Effect4.Store.JsonGen.JsonC.toValJson' depends on axioms: [propext, Quot.sound]
info: src/Effect4/Store/Derived/Json.lean:356:0: 'Effect4.Store.JsonGen.JsonC.rawJson_toValJson' depends on axioms: [propext, Quot.sound]
info: src/Effect4/Store/Derived/Json.lean:357:0: 'Effect4.Store.JsonGen.JsonC.fitsJson' depends on axioms: [propext, Quot.sound]
info: src/Effect4/Store/Derived/Json.lean:358:0: 'Effect4.Store.JsonGen.JsonC.instCanonicalJson' depends on axioms: [propext, Quot.sound]
ℹ [36/57] Replayed Effect4.Store.Derived.Schema
info: src/Effect4/Store/Derived/Schema.lean:1825:0: 'Effect4.Store.SchemaGen.ReferenceKeyC.toVal' depends on axioms: [propext]
info: src/Effect4/Store/Derived/Schema.lean:1826:0: 'Effect4.Store.SchemaGen.ReferenceKeyC.ofVal_toVal' depends on axioms: [propext]
info: src/Effect4/Store/Derived/Schema.lean:1827:0: 'Effect4.Store.SchemaGen.ReferenceKeyC.ofVal_exact' depends on axioms: [propext]
info: src/Effect4/Store/Derived/Schema.lean:1828:0: 'Effect4.Store.SchemaGen.ReferenceKeyC.fits' depends on axioms: [propext, Quot.sound]
info: src/Effect4/Store/Derived/Schema.lean:1829:0: 'Effect4.Store.SchemaGen.ReferenceKeyC.instCanonical' depends on axioms: [propext, Quot.sound]
info: src/Effect4/Store/Derived/Schema.lean:1830:0: 'Effect4.Store.SchemaGen.GlobalSymbolKeyC.toVal' depends on axioms: [propext]
info: src/Effect4/Store/Derived/Schema.lean:1831:0: 'Effect4.Store.SchemaGen.GlobalSymbolKeyC.ofVal_toVal' depends on axioms: [propext]
info: src/Effect4/Store/Derived/Schema.lean:1832:0: 'Effect4.Store.SchemaGen.GlobalSymbolKeyC.ofVal_exact' depends on axioms: [propext]
info: src/Effect4/Store/Derived/Schema.lean:1833:0: 'Effect4.Store.SchemaGen.GlobalSymbolKeyC.fits' depends on axioms: [propext, Quot.sound]
info: src/Effect4/Store/Derived/Schema.lean:1834:0: 'Effect4.Store.SchemaGen.GlobalSymbolKeyC.instCanonical' depends on axioms: [propext, Quot.sound]
info: src/Effect4/Store/Derived/Schema.lean:1835:0: 'Effect4.Store.SchemaGen.AnnotationEntryC.toVal' depends on axioms: [propext, Quot.sound]
info: src/Effect4/Store/Derived/Schema.lean:1836:0: 'Effect4.Store.SchemaGen.AnnotationEntryC.ofVal_toVal' depends on axioms: [propext, Quot.sound]
info: src/Effect4/Store/Derived/Schema.lean:1837:0: 'Effect4.Store.SchemaGen.AnnotationEntryC.ofVal_exact' depends on axioms: [propext, Quot.sound]
info: src/Effect4/Store/Derived/Schema.lean:1838:0: 'Effect4.Store.SchemaGen.AnnotationEntryC.fits' depends on axioms: [propext, Quot.sound]
info: src/Effect4/Store/Derived/Schema.lean:1839:0: 'Effect4.Store.SchemaGen.AnnotationEntryC.instCanonical' depends on axioms: [propext, Quot.sound]
info: src/Effect4/Store/Derived/Schema.lean:1840:0: 'Effect4.Store.SchemaGen.LiteralValueC.toVal' depends on axioms: [propext, Quot.sound]
info: src/Effect4/Store/Derived/Schema.lean:1841:0: 'Effect4.Store.SchemaGen.LiteralValueC.ofVal_toVal' depends on axioms: [propext, Quot.sound]
info: src/Effect4/Store/Derived/Schema.lean:1842:0: 'Effect4.Store.SchemaGen.LiteralValueC.ofVal_exact' depends on axioms: [propext, Quot.sound]
info: src/Effect4/Store/Derived/Schema.lean:1843:0: 'Effect4.Store.SchemaGen.LiteralValueC.fits' depends on axioms: [propext, Quot.sound]
info: src/Effect4/Store/Derived/Schema.lean:1844:0: 'Effect4.Store.SchemaGen.LiteralValueC.instCanonical' depends on axioms: [propext, Quot.sound]
info: src/Effect4/Store/Derived/Schema.lean:1845:0: 'Effect4.Store.SchemaGen.EnumValueC.toVal' depends on axioms: [propext, Quot.sound]
info: src/Effect4/Store/Derived/Schema.lean:1846:0: 'Effect4.Store.SchemaGen.EnumValueC.ofVal_toVal' depends on axioms: [propext, Quot.sound]
info: src/Effect4/Store/Derived/Schema.lean:1847:0: 'Effect4.Store.SchemaGen.EnumValueC.ofVal_exact' depends on axioms: [propext, Quot.sound]
info: src/Effect4/Store/Derived/Schema.lean:1848:0: 'Effect4.Store.SchemaGen.EnumValueC.fits' depends on axioms: [propext, Quot.sound]
info: src/Effect4/Store/Derived/Schema.lean:1849:0: 'Effect4.Store.SchemaGen.EnumValueC.instCanonical' depends on axioms: [propext, Quot.sound]
info: src/Effect4/Store/Derived/Schema.lean:1850:0: 'Effect4.Store.SchemaGen.EnumEntryC.toVal' depends on axioms: [propext, Quot.sound]
info: src/Effect4/Store/Derived/Schema.lean:1851:0: 'Effect4.Store.SchemaGen.EnumEntryC.ofVal_toVal' depends on axioms: [propext, Quot.sound]
info: src/Effect4/Store/Derived/Schema.lean:1852:0: 'Effect4.Store.SchemaGen.EnumEntryC.ofVal_exact' depends on axioms: [propext, Quot.sound]
info: src/Effect4/Store/Derived/Schema.lean:1853:0: 'Effect4.Store.SchemaGen.EnumEntryC.fits' depends on axioms: [propext, Quot.sound]
info: src/Effect4/Store/Derived/Schema.lean:1854:0: 'Effect4.Store.SchemaGen.EnumEntryC.instCanonical' depends on axioms: [propext, Quot.sound]
info: src/Effect4/Store/Derived/Schema.lean:1855:0: 'Effect4.Store.SchemaGen.PropertyKeyC.toVal' depends on axioms: [propext, Quot.sound]
info: src/Effect4/Store/Derived/Schema.lean:1856:0: 'Effect4.Store.SchemaGen.PropertyKeyC.ofVal_toVal' depends on axioms: [propext, Quot.sound]
info: src/Effect4/Store/Derived/Schema.lean:1857:0: 'Effect4.Store.SchemaGen.PropertyKeyC.ofVal_exact' depends on axioms: [propext, Quot.sound]
info: src/Effect4/Store/Derived/Schema.lean:1858:0: 'Effect4.Store.SchemaGen.PropertyKeyC.fits' depends on axioms: [propext, Quot.sound]
info: src/Effect4/Store/Derived/Schema.lean:1859:0: 'Effect4.Store.SchemaGen.PropertyKeyC.instCanonical' depends on axioms: [propext, Quot.sound]
info: src/Effect4/Store/Derived/Schema.lean:1860:0: 'Effect4.Store.SchemaGen.RepresentationAnnotationC.toVal' depends on axioms: [propext, Quot.sound]
info: src/Effect4/Store/Derived/Schema.lean:1861:0: 'Effect4.Store.SchemaGen.RepresentationAnnotationC.ofVal_toVal' depends on axioms: [propext, Quot.sound]
info: src/Effect4/Store/Derived/Schema.lean:1862:0: 'Effect4.Store.SchemaGen.RepresentationAnnotationC.ofVal_exact' depends on axioms: [propext, Quot.sound]
info: src/Effect4/Store/Derived/Schema.lean:1863:0: 'Effect4.Store.SchemaGen.RepresentationAnnotationC.fits' depends on axioms: [propext, Quot.sound]
info: src/Effect4/Store/Derived/Schema.lean:1864:0: 'Effect4.Store.SchemaGen.RepresentationAnnotationC.instCanonical' depends on axioms: [propext, Quot.sound]
info: src/Effect4/Store/Derived/Schema.lean:1865:0: 'Effect4.Store.SchemaGen.UnionModeC.toVal' does not depend on any axioms
info: src/Effect4/Store/Derived/Schema.lean:1866:0: 'Effect4.Store.SchemaGen.UnionModeC.ofVal_toVal' depends on axioms: [propext]
info: src/Effect4/Store/Derived/Schema.lean:1867:0: 'Effect4.Store.SchemaGen.UnionModeC.ofVal_exact' depends on axioms: [propext]
info: src/Effect4/Store/Derived/Schema.lean:1868:0: 'Effect4.Store.SchemaGen.UnionModeC.fits' depends on axioms: [propext]
info: src/Effect4/Store/Derived/Schema.lean:1869:0: 'Effect4.Store.SchemaGen.UnionModeC.instCanonical' depends on axioms: [propext]
info: src/Effect4/Store/Derived/Schema.lean:1870:0: 'Effect4.Store.SchemaGen.RepresentationC.toValRepresentation' depends on axioms: [propext, Quot.sound]
info: src/Effect4/Store/Derived/Schema.lean:1871:0: 'Effect4.Store.SchemaGen.RepresentationC.rawRepresentation_toValRepresentation' depends on axioms: [propext, Quot.sound]
info: src/Effect4/Store/Derived/Schema.lean:1872:0: 'Effect4.Store.SchemaGen.RepresentationC.fitsRepresentation' depends on axioms: [propext, Quot.sound]
info: src/Effect4/Store/Derived/Schema.lean:1873:0: 'Effect4.Store.SchemaGen.RepresentationC.instCanonicalRepresentation' depends on axioms: [propext, Quot.sound]
info: src/Effect4/Store/Derived/Schema.lean:1874:0: 'Effect4.Store.SchemaGen.RepresentationC.toValCheck' depends on axioms: [propext, Quot.sound]
info: src/Effect4/Store/Derived/Schema.lean:1875:0: 'Effect4.Store.SchemaGen.RepresentationC.rawCheck_toValCheck' depends on axioms: [propext, Quot.sound]
info: src/Effect4/Store/Derived/Schema.lean:1876:0: 'Effect4.Store.SchemaGen.RepresentationC.fitsCheck' depends on axioms: [propext, Quot.sound]
info: src/Effect4/Store/Derived/Schema.lean:1877:0: 'Effect4.Store.SchemaGen.RepresentationC.instCanonicalCheck' depends on axioms: [propext, Quot.sound]
info: src/Effect4/Store/Derived/Schema.lean:1878:0: 'Effect4.Store.SchemaGen.RepresentationC.toValCheckRepresentationAnnotationOf' depends on axioms: [propext, Quot.sound]
info: src/Effect4/Store/Derived/Schema.lean:1879:0: 'Effect4.Store.SchemaGen.RepresentationC.rawCheckRepresentationAnnotationOf_toValCheckRepresentationAnnotationOf' depends on axioms: [propext,
 Quot.sound]
info: src/Effect4/Store/Derived/Schema.lean:1880:0: 'Effect4.Store.SchemaGen.RepresentationC.fitsCheckRepresentationAnnotationOf' depends on axioms: [propext, Quot.sound]
info: src/Effect4/Store/Derived/Schema.lean:1881:0: 'Effect4.Store.SchemaGen.RepresentationC.instCanonicalCheckRepresentationAnnotationOf' depends on axioms: [propext,
 Quot.sound]
info: src/Effect4/Store/Derived/Schema.lean:1882:0: 'Effect4.Store.SchemaGen.RepresentationC.toValElementOf' depends on axioms: [propext, Quot.sound]
info: src/Effect4/Store/Derived/Schema.lean:1883:0: 'Effect4.Store.SchemaGen.RepresentationC.rawElementOf_toValElementOf' depends on axioms: [propext, Quot.sound]
info: src/Effect4/Store/Derived/Schema.lean:1884:0: 'Effect4.Store.SchemaGen.RepresentationC.fitsElementOf' depends on axioms: [propext, Quot.sound]
info: src/Effect4/Store/Derived/Schema.lean:1885:0: 'Effect4.Store.SchemaGen.RepresentationC.instCanonicalElementOf' depends on axioms: [propext, Quot.sound]
info: src/Effect4/Store/Derived/Schema.lean:1886:0: 'Effect4.Store.SchemaGen.RepresentationC.toValPropertySignatureOf' depends on axioms: [propext, Quot.sound]
info: src/Effect4/Store/Derived/Schema.lean:1887:0: 'Effect4.Store.SchemaGen.RepresentationC.rawPropertySignatureOf_toValPropertySignatureOf' depends on axioms: [propext,
 Quot.sound]
info: src/Effect4/Store/Derived/Schema.lean:1888:0: 'Effect4.Store.SchemaGen.RepresentationC.fitsPropertySignatureOf' depends on axioms: [propext, Quot.sound]
info: src/Effect4/Store/Derived/Schema.lean:1889:0: 'Effect4.Store.SchemaGen.RepresentationC.instCanonicalPropertySignatureOf' depends on axioms: [propext, Quot.sound]
info: src/Effect4/Store/Derived/Schema.lean:1890:0: 'Effect4.Store.SchemaGen.RepresentationC.toValIndexSignatureOf' depends on axioms: [propext, Quot.sound]
info: src/Effect4/Store/Derived/Schema.lean:1891:0: 'Effect4.Store.SchemaGen.RepresentationC.rawIndexSignatureOf_toValIndexSignatureOf' depends on axioms: [propext,
 Quot.sound]
info: src/Effect4/Store/Derived/Schema.lean:1892:0: 'Effect4.Store.SchemaGen.RepresentationC.fitsIndexSignatureOf' depends on axioms: [propext, Quot.sound]
info: src/Effect4/Store/Derived/Schema.lean:1893:0: 'Effect4.Store.SchemaGen.RepresentationC.instCanonicalIndexSignatureOf' depends on axioms: [propext, Quot.sound]
info: src/Effect4/Store/Derived/Schema.lean:1894:0: 'Effect4.Store.SchemaGen.ReferenceEntryC.toVal' depends on axioms: [propext, Quot.sound]
info: src/Effect4/Store/Derived/Schema.lean:1895:0: 'Effect4.Store.SchemaGen.ReferenceEntryC.ofVal_toVal' depends on axioms: [propext, Quot.sound]
info: src/Effect4/Store/Derived/Schema.lean:1896:0: 'Effect4.Store.SchemaGen.ReferenceEntryC.ofVal_exact' depends on axioms: [propext, Quot.sound]
info: src/Effect4/Store/Derived/Schema.lean:1897:0: 'Effect4.Store.SchemaGen.ReferenceEntryC.fits' depends on axioms: [propext, Quot.sound]
info: src/Effect4/Store/Derived/Schema.lean:1898:0: 'Effect4.Store.SchemaGen.ReferenceEntryC.instCanonical' depends on axioms: [propext, Quot.sound]
info: src/Effect4/Store/Derived/Schema.lean:1899:0: 'Effect4.Store.SchemaGen.DocumentC.toVal' depends on axioms: [propext, Quot.sound]
info: src/Effect4/Store/Derived/Schema.lean:1900:0: 'Effect4.Store.SchemaGen.DocumentC.ofVal_toVal' depends on axioms: [propext, Quot.sound]
info: src/Effect4/Store/Derived/Schema.lean:1901:0: 'Effect4.Store.SchemaGen.DocumentC.ofVal_exact' depends on axioms: [propext, Quot.sound]
info: src/Effect4/Store/Derived/Schema.lean:1902:0: 'Effect4.Store.SchemaGen.DocumentC.fits' depends on axioms: [propext, Quot.sound]
info: src/Effect4/Store/Derived/Schema.lean:1903:0: 'Effect4.Store.SchemaGen.DocumentC.instCanonical' depends on axioms: [propext, Quot.sound]
info: src/Effect4/Store/Derived/Schema.lean:1904:0: 'Effect4.Store.SchemaGen.MultiDocumentC.toVal' depends on axioms: [propext, Quot.sound]
info: src/Effect4/Store/Derived/Schema.lean:1905:0: 'Effect4.Store.SchemaGen.MultiDocumentC.ofVal_toVal' depends on axioms: [propext, Quot.sound]
info: src/Effect4/Store/Derived/Schema.lean:1906:0: 'Effect4.Store.SchemaGen.MultiDocumentC.ofVal_exact' depends on axioms: [propext, Quot.sound]
info: src/Effect4/Store/Derived/Schema.lean:1907:0: 'Effect4.Store.SchemaGen.MultiDocumentC.fits' depends on axioms: [propext, Quot.sound]
info: src/Effect4/Store/Derived/Schema.lean:1908:0: 'Effect4.Store.SchemaGen.MultiDocumentC.instCanonical' depends on axioms: [propext, Quot.sound]
ℹ [55/57] Replayed Test.Store.Templates
info: Test/Store/Templates.lean:369:0: 'Effect4.Store.Templates.ExportKind.ofVal_toVal' depends on axioms: [propext]
info: Test/Store/Templates.lean:370:0: 'Effect4.Store.Templates.ExportKind.ofVal_exact' depends on axioms: [propext]
info: Test/Store/Templates.lean:371:0: 'Effect4.Store.Templates.ExportKind.fits' depends on axioms: [propext]
info: Test/Store/Templates.lean:372:0: 'Effect4.Store.Templates.ExportKind.instCanonical' depends on axioms: [propext]
info: Test/Store/Templates.lean:373:0: 'Effect4.Store.Templates.Entry.ofVal_toVal' depends on axioms: [propext]
info: Test/Store/Templates.lean:374:0: 'Effect4.Store.Templates.Entry.ofVal_exact' depends on axioms: [propext]
info: Test/Store/Templates.lean:375:0: 'Effect4.Store.Templates.Entry.fits' depends on axioms: [propext, Quot.sound]
info: Test/Store/Templates.lean:376:0: 'Effect4.Store.Templates.Entry.instCanonical' depends on axioms: [propext, Quot.sound]
info: Test/Store/Templates.lean:377:0: 'Effect4.Store.Templates.TreeForest.mem_tree' depends on axioms: [propext]
info: Test/Store/Templates.lean:378:0: 'Effect4.Store.Templates.TreeForest.mem_forest' depends on axioms: [propext]
info: Test/Store/Templates.lean:379:0: 'Effect4.Store.Templates.TreeForest.ofValT_toValT' depends on axioms: [propext]
info: Test/Store/Templates.lean:380:0: 'Effect4.Store.Templates.TreeForest.ofValF_toValF' depends on axioms: [propext]
info: Test/Store/Templates.lean:381:0: 'Effect4.Store.Templates.TreeForest.exact_aux' depends on axioms: [propext]
info: Test/Store/Templates.lean:382:0: 'Effect4.Store.Templates.TreeForest.ofValT_exact' depends on axioms: [propext]
info: Test/Store/Templates.lean:383:0: 'Effect4.Store.Templates.TreeForest.fitsT' depends on axioms: [propext, Quot.sound]
info: Test/Store/Templates.lean:384:0: 'Effect4.Store.Templates.TreeForest.fitsF' depends on axioms: [propext, Quot.sound]
info: Test/Store/Templates.lean:385:0: 'Effect4.Store.Templates.Tree.instCanonical' depends on axioms: [propext, Quot.sound]
info: Test/Store/Templates.lean:386:0: 'Effect4.Store.Templates.Forest.instCanonical' depends on axioms: [propext, Quot.sound]
info: Test/Store/Templates.lean:387:0: 'Effect4.Store.Templates.entry' does not depend on any axioms
info: Test/Store/Templates.lean:388:0: 'Effect4.Store.Templates.forest' does not depend on any axioms
info: Test/Store/Templates.lean:389:0: 'Effect4.Store.templateJson' does not depend on any axioms
ℹ [56/57] Replayed Test.Store.NodeContract
info: Test/Store/NodeContract.lean:51:0: Kind.ofByte?_byte : ∀ (k : Kind), Kind.ofByte? k.byte = some k
info: Test/Store/NodeContract.lean:52:0: @Kind.byte_ofByte? : ∀ {b : UInt8} {k : Kind}, Kind.ofByte? b = some k → k.byte = b
info: Test/Store/NodeContract.lean:53:0: @Kind.byte_injective : ∀ {a b : Kind}, a.byte = b.byte → a = b
info: Test/Store/NodeContract.lean:54:0: @Kind.name_injective : ∀ {a b : Kind}, a.name = b.name → a = b
info: Test/Store/NodeContract.lean:171:0: @address_congr : ∀ [inst : Content Effect4.Document] {α : Type} [inst_1 : Content α] {a b : α},
  a = b → address a = address b
info: Test/Store/NodeContract.lean:172:0: @address_eq_or_collision : ∀ [inst : Content Effect4.Document] {α : Type} [inst_1 : Content α] {a b : α},
  (toVal a).WF →
    (toVal b).WF →
      address a = address b →
        a = b ∨ (nodeOf a).encode ≠ (nodeOf b).encode ∧ sha256 (nodeOf a).encode = sha256 (nodeOf b).encode
info: Test/Store/NodeContract.lean:173:0: @address_inj : ∀ [inst : Content Effect4.Document],
  Function.Injective sha256 →
    ∀ {α : Type} [inst_1 : Content α] {a b : α}, (toVal a).WF → (toVal b).WF → address a = address b → a = b
info: Test/Store/NodeContract.lean:174:0: Node.decode_encode : ∀ (n : Node), n.payload.WF → n.version = 0 → Node.decode n.encode = some n
info: Test/Store/NodeContract.lean:175:0: @Node.decode_exact : ∀ {b : Bytes} {n : Node}, Node.decode b = some n → b = n.encode ∧ n.payload.WF ∧ n.version = 0
info: Test/Store/NodeContract.lean:176:0: @Node.encode_injective : ∀ {a b : Node},
  a.payload.WF → b.payload.WF → a.version = 0 → b.version = 0 → a.encode = b.encode → a = b
info: Test/Store/NodeContract.lean:177:0: @metaSchema_accepts : ∀ [inst : Content Effect4.Document], (shape Effect4.Document).accepts (toVal metaSchema) = true
info: Test/Store/NodeContract.lean:178:0: @specOf_document : ∀ [inst : Content Effect4.Document], specOf Effect4.Document = genesisAddress
info: Test/Store/NodeContract.lean:182:0: 'Effect4.Store.Kind.byte' does not depend on any axioms
info: Test/Store/NodeContract.lean:183:0: 'Effect4.Store.Kind.ofByte?_byte' does not depend on any axioms
info: Test/Store/NodeContract.lean:184:0: 'Effect4.Store.Kind.byte_injective' does not depend on any axioms
info: Test/Store/NodeContract.lean:185:0: 'Effect4.Store.Kind.name_injective' does not depend on any axioms
info: Test/Store/NodeContract.lean:186:0: 'Effect4.Store.Node.encode' does not depend on any axioms
info: Test/Store/NodeContract.lean:187:0: 'Effect4.Store.Node.decode' depends on axioms: [propext, Quot.sound]
info: Test/Store/NodeContract.lean:188:0: 'Effect4.Store.Node.decode_encode' depends on axioms: [propext, Quot.sound]
info: Test/Store/NodeContract.lean:189:0: 'Effect4.Store.Node.decode_exact' depends on axioms: [propext, Quot.sound]
info: Test/Store/NodeContract.lean:190:0: 'Effect4.Store.Node.encode_injective' depends on axioms: [propext, Quot.sound]
info: Test/Store/NodeContract.lean:191:0: 'Effect4.Store.instCanonicalRef' depends on axioms: [propext, Quot.sound]
info: Test/Store/NodeContract.lean:192:0: 'Effect4.Store.instCanonicalAnyRef' depends on axioms: [propext]
info: Test/Store/NodeContract.lean:193:0: 'Effect4.Store.metaSchema' depends on axioms: [propext]
info: Test/Store/NodeContract.lean:194:0: 'Effect4.Store.genesisNode' depends on axioms: [propext]
info: Test/Store/NodeContract.lean:195:0: 'Effect4.Store.genesisAddress' depends on axioms: [propext, Quot.sound]
info: Test/Store/NodeContract.lean:196:0: 'Effect4.Store.specOf' depends on axioms: [propext, Quot.sound]
info: Test/Store/NodeContract.lean:197:0: 'Effect4.Store.specFor' depends on axioms: [propext, Quot.sound]
info: Test/Store/NodeContract.lean:198:0: 'Effect4.Store.nodeOf' depends on axioms: [propext, Quot.sound]
info: Test/Store/NodeContract.lean:199:0: 'Effect4.Store.address' depends on axioms: [propext, Quot.sound]
info: Test/Store/NodeContract.lean:200:0: 'Effect4.Store.address_eq_or_collision' depends on axioms: [propext, Quot.sound]
info: Test/Store/NodeContract.lean:201:0: 'Effect4.Store.address_inj' depends on axioms: [propext, Quot.sound]
info: Test/Store/NodeContract.lean:202:0: 'Effect4.Store.specOf_document' depends on axioms: [propext, Quot.sound]
info: Test/Store/NodeContract.lean:203:0: 'Effect4.Store.metaSchema_accepts' depends on axioms: [propext]
info: Test/Store/NodeContract.lean:204:0: 'Test.Store.NodeContract.instContentEntry' depends on axioms: [propext, Quot.sound]
info: Test/Store/NodeContract.lean:205:0: 'Test.Store.NodeContract.entrySpec' depends on axioms: [propext]
info: Test/Store/NodeContract.lean:206:0: 'Test.Store.NodeContract.entryNode' depends on axioms: [propext, Quot.sound]
info: Test/Store/NodeContract.lean:207:0: 'Test.Store.NodeContract.entryAddress' depends on axioms: [propext, Quot.sound]
info: Test/Store/NodeContract.lean:208:0: 'Test.Store.NodeContract.entryTwin' depends on axioms: [propext, Quot.sound]
info: Test/Store/NodeContract.lean:209:0: 'Test.Store.NodeContract.entryTyped' depends on axioms: [propext, Quot.sound]
✔ [57/57] Built OCaml5.Tools.CasGoldens (567ms)
Build completed successfully (57 jobs).
