'Research.Pass.Membership.converse_false' depends on axioms: [propext, Quot.sound]
'Research.Pass.Membership.g1_old' depends on axioms: [propext, Quot.sound]
'Research.Pass.Membership.g1_refused' depends on axioms: [propext, Quot.sound]
'Research.Pass.Membership.g1_control' depends on axioms: [propext, Quot.sound]
'Research.Pass.Membership.g2_old' depends on axioms: [propext, Quot.sound]
'Research.Pass.Membership.g2_refused' depends on axioms: [propext, Quot.sound]
'Research.Pass.Membership.g2_control' depends on axioms: [propext, Quot.sound]
'Research.Pass.Membership.g3_old' depends on axioms: [propext, Quot.sound]
'Research.Pass.Membership.g3_refused' depends on axioms: [propext, Quot.sound]
'Research.Pass.Membership.g3_control' depends on axioms: [propext, Quot.sound]
'Research.Pass.Membership.g4_old' depends on axioms: [propext, Quot.sound]
'Research.Pass.Membership.g4_refused' depends on axioms: [propext, Quot.sound]
'Research.Pass.Membership.g4_control' depends on axioms: [propext, Quot.sound]
'Research.Pass.Membership.g5_old' depends on axioms: [propext, Quot.sound]
'Research.Pass.Membership.g5_refused' depends on axioms: [propext, Quot.sound]
'Research.Pass.Membership.g5_control' depends on axioms: [propext, Quot.sound]
'Research.Pass.Membership.g6_old' depends on axioms: [propext, Quot.sound]
'Research.Pass.Membership.g6_refused' depends on axioms: [propext, Quot.sound]
'Research.Pass.Membership.g6_control' depends on axioms: [propext, Quot.sound]
'Research.Pass.Membership.sub_ref_equiv' depends on axioms: [propext, Quot.sound]
'Research.Pass.Membership.strongValue_not_closed_under_sub' depends on axioms: [propext, Quot.sound]
'Research.Pass.Membership.fitsEq_not_closed_under_sub' depends on axioms: [propext, Quot.sound]
'Research.Pass.Membership.natCell_equiv_spelling' depends on axioms: [propext, Quot.sound]
'Research.Pass.Membership.refReturn_untypable' depends on axioms: [propext, Quot.sound]
'Research.Pass.Membership.refReturn_fits' depends on axioms: [propext, Quot.sound]
'Research.Pass.Membership.pair_builds' depends on axioms: [propext]
'Research.Pass.Membership.fst_projects' depends on axioms: [propext]
'Research.Pass.Membership.strongValue_no_fst' depends on axioms: [propext, Quot.sound]
'Research.Pass.Membership.pair_honest' depends on axioms: [propext, Quot.sound]
'Research.Pass.Membership.refProg_checks' depends on axioms: [propext, Quot.sound]
'Research.Pass.Membership.refProg_untypable' depends on axioms: [propext, Quot.sound]
'Research.Pass.Membership.typedState_load_false' depends on axioms: [propext, Quot.sound]
