'Research.Pass.Membership.fitsExit_success' depends on axioms: [propext, Quot.sound]
'Research.Pass.Membership.fitsExit_of_clean' depends on axioms: [propext, Quot.sound]
'Research.Pass.Membership.cleanExit_of_never_fits' depends on axioms: [propext, Quot.sound]
'Research.Pass.Membership.fitsExit_failure_of_error' depends on axioms: [propext, Quot.sound]
'Research.Pass.Membership.unguard_payload_invF' depends on axioms: [propext, Quot.sound]
'Research.Pass.Membership.finishFinalizer_payload_invF' depends on axioms: [propext, Quot.sound]
'Research.Pass.Membership.settling_ref_allocationF' depends on axioms: [propext, Quot.sound]
'Research.Pass.Membership.settling_forkF' depends on axioms: [propext, Quot.sound]
'Research.Pass.Membership.settling_maskF' depends on axioms: [propext, Quot.sound]
'Research.Pass.Membership.popR_typedF' depends on axioms: [propext, Quot.sound]
'Research.Pass.Membership.hookLaws_interpRF' depends on axioms: [propext, Quot.sound]
'Research.Pass.Membership.popR_typed_interpRF' depends on axioms: [propext, Quot.sound]
'Research.Pass.Membership.saveAnswerR_typedF' depends on axioms: [propext, Quot.sound]
'Research.Pass.Membership.deliver_activeF' depends on axioms: [propext, Quot.sound]
'Research.Pass.Membership.envTyped_appendF' depends on axioms: [propext, Quot.sound]
'Research.Pass.Membership.capture_lookupF' depends on axioms: [propext, Quot.sound]
'Research.Pass.Membership.fork_admittedF' depends on axioms: [propext, Quot.sound]
'Research.Pass.Membership.fits_context_services' depends on axioms: [propext, Quot.sound]
'Research.Pass.Membership.lookup_typedF' depends on axioms: [propext, Quot.sound]
'Research.Pass.Membership.service_admittedF' depends on axioms: [propext, Quot.sound]
'Research.Pass.Membership.refProg_typedF' depends on axioms: [propext, Quot.sound]
