$ python3 (inline): count the Effect4.Program.Ty rows of tools/Conform/Effect4/cases-policy.json
unlisted: refuse; rows (functions): 36; sites: 73; default sites (cover lists): 55; exhaustive sites: 18
default sites absorbing 19-20 constructors (a pure catch-all over everything but one or two): 24
  default   6  Effect4.Program.findInt
  default  19  Effect4.Program.Ty.factors
  default  13  Effect4.Schema.Codec.layout
  default  19  Effect4.Program.fiberTy
  default  19  Effect4.Program.externalValue
  default  19  Effect4.Program.Decision.arms
  default  19  Effect4.Program.Ty.payloadOf
  default  19  Effect4.Program.Ty.payloadOf
  default   7  Effect4.Program.instDecidableEqTy.decEq
  default   7  Effect4.Program.Ty.closed
  default  18  Effect4.Program.Ty.members
  default  17  Effect4.Program.isTagTy
  default   8  Effect4.Schema.Codec.encodeRaw
  default  17  Effect4.Program.NativeAtom.projectProduct
  default   9  Effect4.Program.Ty.infer
  default  19  Effect4.Program.Ty.infer
  default  19  Effect4.Program.Ty.infer
  default  19  Effect4.Program.Ty.infer
  default  19  Effect4.Program.Ty.infer
  default  19  Effect4.Program.Ty.infer
  default  19  Effect4.Program.Ty.infer
  default  19  Effect4.Program.Ty.infer
  default  19  Effect4.Program.Ty.infer
  default  19  Effect4.Program.Ty.infer
  default  19  Effect4.Program.Ty.infer
  default  19  Effect4.Program.Checker.listOf?
  default   2  Effect4.Program.Ty.renderRaw
  default  19  Effect4.Program.methodArgsRow
  default  19  Effect4.Program.methodArgsRow
  default  18  Effect4.Program.causeInputError?
  default  19  Effect4.Program.Ty.isFactor
  default   2  Effect4.Program.Val.hasTy
  default   7  Effect4.Schema.Codec.isSupported
  default   7  Effect4.Program.Ty.instantiate
  default   8  Effect4.Schema.Codec.decodeRaw
  default  12  Effect4.Program.Ty.isMember
  default  19  Effect4.Program.Authoring.ServiceDef.receiver
  default  13  Effect4.Program.Ty.isNever
  default  19  Effect4.Program.Ty.isTagged
  default  19  Effect4.Program.Ty.isTagged
  default   7  Effect4.Program.Ty.normalize
  default   8  Effect4.Program.Ty.sub
  default  17  Effect4.Program.Ty.sub
  default  17  Effect4.Program.Ty.sub
  default  17  Effect4.Program.Ty.sub
  default  17  Effect4.Program.Ty.sub
  default  17  Effect4.Program.Ty.sub
  default  17  Effect4.Program.Ty.sub
  default  17  Effect4.Program.Ty.sub
  default  17  Effect4.Program.Ty.sub
  default  17  Effect4.Program.Ty.sub
  default  17  Effect4.Program.Ty.sub
  default  18  Effect4.Program.Ty.sub
  default  10  Effect4.Program.rawSupportedErrTy
  default  19  Effect4.Program.Checker.exitOf?
