$ cd /Users/pooks/Dev/lean4-effect4-probe-Q
$ ./docs/research/2026-10-01-type-language-probe/Q/bin/qlean.sh -DwarningAsError=true docs/research/2026-10-01-type-language-probe/Q/red/MirrorTyVNoHave.lean
# started 2026-10-01T20:54:38Z (LEAN_NUM_THREADS=1)
docs/research/2026-10-01-type-language-probe/Q/red/MirrorTyVNoHave.lean:10:4: error: fail to show termination for
  tyVNoHave
with errors
failed to infer structural recursion:
Cannot use parameter #1:
  failed to eliminate recursive application
    tyVNoHave t


failed to prove termination, possible solutions:
  - Use `have`-expressions to prove the remaining goals
  - Use `termination_by` to specify a different well-founded relation
  - Use `decreasing_by` to specify your own tactic for discharging this kind of goal
fs : List (String × Ty × Bool)
n : String
t : Ty
o : Bool
property✝ : (n, t, o) ∈ fs
⊢ sizeOf t < 1 + sizeOf fs
# exit=1 seconds=2
