$ cd /Users/pooks/Dev/lean4-effect4-probe-Q
$ ./docs/research/2026-10-01-type-language-probe/Q/check-conservativity.sh 7db30c8a\^ 7db30c8a
# started 2026-10-01T20:33:13Z (LEAN_NUM_THREADS=1)
conservativity: BASE 7db30c8a^, CAND 7db30c8a
C1 goldens: PASS: 295 byte vectors at BASE; 0 changed, 0 removed, 0 changed or removed by policy name, 0 added
C2 alphabets: PASS: 21 tag families, 3 manifests; appended 3 constructors {'Effect4.Program.Ty': ['refOf', 'deferredOf', 'var']}
C3 verdicts: PASS: 862 verdict rows at BASE over 3 lanes; 4 ordered and 2 count tables
C4 policy: REFUSE: 3 added and 0 retired between BASE and CAND; 3 not named in Test/fixtures/baseline/66ee4657-supplement-v1.policy.json
  not named: Effect4.Program.Ty.refOf
  not named: Effect4.Program.Ty.deferredOf
  not named: Effect4.Program.Ty.var
  pre-existing (since the frozen baseline, not named; reported): 0 []
C5 record: git diff --stat over 61 GENERATED_PATHS entries: 15 files changed, 146 insertions(+), 10 deletions(-)
  ocaml/eff/eff_json.ml                   |  3 +++
  ocaml/eff/eff_layout.ml                 |  4 ++--
  ocaml/eff/eff_manifest.txt              |  2 +-
  ocaml/eff/eff_types.ml                  | 14 +++++++++++++-
  ocaml/eff/eff_wire.ml                   | 21 ++++++++++++++++++++
  ocaml/eff/goldens/coverage-metadata.txt |  7 +++++--
  ocaml/eff/goldens/metadata.tsv          |  3 +++
  ocaml/eff/program-structure.json        |  2 +-
  ocaml/engine/e4_program_layout.json     |  6 ++++++
  ocaml/goldens/eff/manifest.txt          |  2 +-
  ocaml/goldens/eff/wire-tags.txt         |  2 +-
  src/Effect4/Program/Fold.lean           | 76 +++++++++++++++++++++++++++++++++++++++++++++++++++++++++++++++++++++++++
  ts/eff/eff.gen.ts                       |  8 +++++++-
  ts/eff/json.gen.ts                      |  3 +++
  ts/eff/wire.gen.ts                      |  3 +++
conservativity: REFUSE (3 of 4 clauses pass)
# exit=1 seconds=17
