# filtered by seat W2: 684 lines in full, 337 kept (dropped: per-declaration axiom receipts, Lake's progress and trace lines; the axiom gate's verdict and every error are kept)
$ cd /Users/pooks/Dev/lean4-effect4-seat-W2
$ lake build Effect4.Laws.Machine.Folds.Stores Effect4.Laws.Machine.Folds.Val Effect4.Laws.Program.Folds.Checker Effect4.Laws.Program.Folds.Denote Effect4.Laws.Program.Folds.Looped Effect4.Laws.Program.Folds.Projections Effect4.Laws.Program.Folds.Provision Effect4.Laws.Program.Folds.Representation Effect4.Laws.Program.Folds.Straight Effect4.Laws.Program.Folds.Term Effect4.Laws.Program.Folds.Ty Effect4.Laws.Program.Typed.Membership Effect4.Laws.Store.Folds.Val
# started 2026-10-01T22:24:41Z (LEAN_NUM_THREADS=4)
info: src/Effect4/Laws/Machine/Clauses.lean:2123:0: Effect4.Machine.M1OriginClauses: 0 open, 10 proved, 10 total; ceiling 0
info: src/Effect4/Laws/Machine/Arena.lean:249:0: Effect4.Machine.ArenaObligations: 0 open, 10 proved, 10 total; ceiling 0
info: src/Effect4/Laws/Machine/Arena.lean:252:0: Effect4.Machine.ArenaSupportWanted: 0 open, 3 proved, 3 total; ceiling 0
info: src/Effect4/Laws/Machine/RefKernel.lean:268:0: Effect4.Machine.RefKernelObligations: 0 open, 2 proved, 2 total; ceiling 0
info: src/Effect4/Laws/Machine/RefKernel.lean:381:0: Effect4.Machine.ArenaObligations: 0 open, 14 proved, 14 total; ceiling 0
info: src/Effect4/Laws/Machine/RefKernel.lean:384:0: Effect4.Machine.M1.RefKernelSupport: 0 open, 1 proved, 1 total; ceiling 0
info: src/Effect4/Laws/Machine/CompletionData.lean:61:0: Effect4.Machine.M1.OwedMapWanted: 0 open, 4 proved, 4 total; ceiling 0
info: src/Effect4/Laws/Machine/CompletionData.lean:98:0: Effect4.Machine.M1.Core: 0 open, 5 proved, 5 total; ceiling 0
info: src/Effect4/Laws/Machine/CompletionData.lean:113:0: Effect4.Machine.M1.CompletionSupport: 0 open, 2 proved, 2 total; ceiling 0
info: src/Effect4/Laws/Machine/StoresLaws.lean:2239:0: Effect4.Machine.M1.StoresLaws: 0 open, 5 proved, 5 total; ceiling 0
info: src/Effect4/Laws/Machine/Approximation.lean:1778:0: Effect4.Machine.M1OriginApproximation: 0 open, 2 proved, 2 total; ceiling 0
info: src/Effect4/Laws/Machine/Handles.lean:6750:0: Effect4.Machine.M1.Handles: 0 open, 9 proved, 9 total; ceiling 0
info: src/Effect4/Laws/Machine/Handles.lean:6751:0: Effect4.Machine.M1.DeferredWanted: 0 open, 1 proved, 1 total; ceiling 0
info: src/Effect4/Laws/Machine/Handles.lean:6752:0: Effect4.Machine.M1Origin: 0 open, 9 proved, 9 total; ceiling 0
info: src/Effect4/Laws/Program/Agreement.lean:1941:0: Effect4.Program.Agreement.M1Origin: 0 open, 1 proved, 1 total; ceiling 0
info: src/Effect4/Laws/Program/Agreement/Machine.lean:1943:0: Effect4.Program.Agreement.M1Quiet: 0 open, 1 proved, 1 total; ceiling 0
info: src/Effect4/Laws/Machine/Behaviour.lean:119:0: Effect4.Machine.M1Trace: 0 open, 1 proved, 1 total; ceiling 0
info: src/Effect4/Laws/Machine/Book.lean:1312:0: Effect4.Machine.M1OriginBook: 0 open, 2 proved, 2 total; ceiling 0
info: src/Effect4/Laws/Machine/Folds/Stores.lean:17:0: fold_of: Effect4.Machine.reasonsOfVal.eq_cata : ∀ (a : Val), reasonsOfVal a = (Store.cata_val reasonsOfVal.alg a).snd
info: src/Effect4/Laws/Machine/Folds/Stores.lean:17:0: fold_of: Effect4.Machine.reasonsOfList.eq_cata : ∀ (a : List Val),
  reasonsOfList a = List.foldr (fun r rrest => r.snd ++ rrest) [] (Store.cata_pos_list_val reasonsOfVal.alg a)
info: src/Effect4/Laws/Machine/Folds/Stores.lean:17:0: fold_of (paramorphism: the carrier pairs the value): Effect4.Machine.reasonsOfVal.alg : Store.ValAlgebra fun fam =>
  Store.ValFam.rec (Store.Val × List (Reason Err Defect FiberId Ann)) fam
info: src/Effect4/Laws/Machine/Folds/Val.lean:18:0: fold_of: Effect4.Machine.Val.keys.eq_cata : ∀ (a : Val), a.keys = Store.cata_val Val.keys.alg a
info: src/Effect4/Laws/Machine/Folds/Val.lean:18:0: fold_of: Effect4.Machine.Val.keysList.eq_cata : ∀ (a : List Val),
  Val.keysList a = List.foldr (fun r rrest => r ++ rrest) [] (Store.cata_pos_list_val Val.keys.alg a)
info: src/Effect4/Laws/Machine/Folds/Val.lean:18:0: fold_of: Effect4.Machine.Val.keys.alg : Store.ValAlgebra fun fam => Store.ValFam.rec (List Handle) fam
info: src/Effect4/Laws/Machine/Folds/Val.lean:19:0: fold_of: Effect4.Machine.Val.validIn.eq_cata : ∀ (s : Stores) (a : Val),
  Val.validIn s a = Store.cata_val (Val.validIn.alg s) a
info: src/Effect4/Laws/Machine/Folds/Val.lean:19:0: fold_of: Effect4.Machine.Val.validInList.eq_cata : ∀ (s : Stores) (a : List Val),
  Val.validInList s a = List.foldr (fun r rrest => r && rrest) true (Store.cata_pos_list_val (Val.validIn.alg s) a)
info: src/Effect4/Laws/Machine/Folds/Val.lean:19:0: fold_of: Effect4.Machine.Val.validIn.alg : Stores → Store.ValAlgebra fun fam => Store.ValFam.rec Bool fam
info: src/Effect4/Laws/Program/Folds/Checker.lean:19:0: fold_of: Effect4.Program.Checker.check.eq_cata : ∀ {Op : Type} (sig : Signature Op) (env : TyEnv) (p : List Nat)
  (a : Eff Op), Checker.check sig env p a = cata_eff (Checker.check.alg sig) a env p
info: src/Effect4/Laws/Program/Folds/Checker.lean:19:0: fold_of: Effect4.Program.Checker.checkLayer.eq_cata : ∀ {Op : Type} (sig : Signature Op) (p : List Nat)
  (a : LayerTerm Op), Checker.checkLayer sig p a = cata_layer (Checker.check.alg sig) a p
info: src/Effect4/Laws/Program/Folds/Checker.lean:19:0: fold_of: Effect4.Program.Checker.checkLayers.eq_cata : ∀ {Op : Type} (sig : Signature Op) (p : List Nat)
  (a : LayerTerms Op), Checker.checkLayers sig p a = cata_layers (Checker.check.alg sig) a p
info: src/Effect4/Laws/Program/Folds/Checker.lean:19:0: fold_of: Effect4.Program.Checker.checkAction.eq_cata : ∀ {Op : Type} (sig : Signature Op) (env : TyEnv) (p : List Nat)
  (a : ActionTerm Op), Checker.checkAction sig env p a = cata_action (Checker.check.alg sig) a env p
info: src/Effect4/Laws/Program/Folds/Checker.lean:19:0: fold_of: Effect4.Program.Checker.checkEffs.eq_cata : ∀ {Op : Type} (sig : Signature Op) (env : TyEnv) (p : List Nat)
  (a : Effs Op), Checker.checkEffs sig env p a = cata_effs (Checker.check.alg sig) a env p
info: src/Effect4/Laws/Program/Folds/Checker.lean:19:0: fold_of: Effect4.Program.Checker.checkStmts.eq_cata : ∀ {Op : Type} (sig : Signature Op) (env : TyEnv) (inLoop : Bool)
  (afterRet : Option (List Nat)) (p : List Nat) (a : Stmts Op),
  Checker.checkStmts sig env inLoop afterRet p a = cata_stmts (Checker.check.alg sig) a env inLoop afterRet p
info: src/Effect4/Laws/Program/Folds/Checker.lean:19:0: fold_of: Effect4.Program.Checker.checkStmt.eq_cata : ∀ {Op : Type} (sig : Signature Op) (env : TyEnv) (inLoop : Bool)
  (p : List Nat) (a : Stmt Op), Checker.checkStmt sig env inLoop p a = cata_stmt (Checker.check.alg sig) a env inLoop p
info: src/Effect4/Laws/Program/Folds/Checker.lean:19:0: fold_of: Effect4.Program.Checker.check.alg : {Op : Type} →
  Signature Op →
    EffAlgebra Op fun fam =>
      EffFam.rec (TyEnv → List Nat → Except TypeRefusal EffTy) (TyEnv → Bool → List Nat → Except TypeRefusal StmtTy)
        (TyEnv → Bool → Option (List Nat) → List Nat → Except TypeRefusal GenTy)
        (TyEnv → List Nat → Except TypeRefusal EffTy) (TyEnv → List Nat → Except TypeRefusal EffTy)
        (List Nat → Except TypeRefusal LayerTy) (List Nat → Except TypeRefusal (List LayerTy)) fam
info: src/Effect4/Laws/Program/Folds/Straight.lean:16:0: fold_of: Effect4.Program.Denote.Straight.eq_cata : ∀ (a : NativeEff), Straight a = cata_eff Straight.alg a
info: src/Effect4/Laws/Program/Folds/Straight.lean:16:0: fold_of: Effect4.Program.Denote.Straight.alg : EffAlgebra NativeOp fun fam =>
  EffFam.rec Bool Unit Unit Unit Unit Unit Unit fam
info: src/Effect4/Laws/Program/Folds/Projections.lean:15:0: fold_of: Effect4.Program.Stmts.toList.eq_cata : ∀ {Op : Type} (a : Stmts Op),
  a.toList = (cata_stmts Stmts.toList.alg a).snd
info: src/Effect4/Laws/Program/Folds/Projections.lean:15:0: fold_of (paramorphism: the carrier pairs the value): Effect4.Program.Stmts.toList.alg : {Op : Type} →
  EffAlgebra Op fun fam =>
    EffFam.rec (Eff Op × Unit) (Stmt Op × Unit) (Stmts Op × List (Stmt Op)) (Effs Op × Unit) (ActionTerm Op × Unit)
      (LayerTerm Op × Unit) (LayerTerms Op × Unit) fam
info: src/Effect4/Laws/Program/Folds/Projections.lean:16:0: fold_of: Effect4.Program.Effs.toList.eq_cata : ∀ {Op : Type} (a : Effs Op), a.toList = (cata_effs Effs.toList.alg a).snd
info: src/Effect4/Laws/Program/Folds/Projections.lean:16:0: fold_of (paramorphism: the carrier pairs the value): Effect4.Program.Effs.toList.alg : {Op : Type} →
  EffAlgebra Op fun fam =>
    EffFam.rec (Eff Op × Unit) (Stmt Op × Unit) (Stmts Op × Unit) (Effs Op × List (Eff Op)) (ActionTerm Op × Unit)
      (LayerTerm Op × Unit) (LayerTerms Op × Unit) fam
info: src/Effect4/Laws/Program/Folds/Projections.lean:17:0: fold_of: Effect4.Program.LayerTerms.toList.eq_cata : ∀ {Op : Type} (a : LayerTerms Op),
  a.toList = (cata_layers LayerTerms.toList.alg a).snd
info: src/Effect4/Laws/Program/Folds/Projections.lean:17:0: fold_of (paramorphism: the carrier pairs the value): Effect4.Program.LayerTerms.toList.alg : {Op : Type} →
  EffAlgebra Op fun fam =>
    EffFam.rec (Eff Op × Unit) (Stmt Op × Unit) (Stmts Op × Unit) (Effs Op × Unit) (ActionTerm Op × Unit)
      (LayerTerm Op × Unit) (LayerTerms Op × List (LayerTerm Op)) fam
info: src/Effect4/Laws/Program/Folds/Projections.lean:18:0: fold_of: Effect4.Program.LayerTerms.length.eq_cata : ∀ {Op : Type} (a : LayerTerms Op),
  a.length = cata_layers LayerTerms.length.alg a
info: src/Effect4/Laws/Program/Folds/Projections.lean:18:0: fold_of: Effect4.Program.LayerTerms.length.alg : {Op : Type} →
  EffAlgebra Op fun fam => EffFam.rec Unit Unit Unit Unit Unit Unit Nat fam
info: src/Effect4/Laws/Program/Folds/Ty.lean:23:0: fold_of: Effect4.Program.Ty.renderRaw.eq_cata : ∀ (a : Ty), a.renderRaw = cata_ty Ty.renderRaw.alg a
info: src/Effect4/Laws/Program/Folds/Ty.lean:23:0: fold_of: Effect4.Program.Ty.renderRaw.alg : TyAlgebra fun fam => TyFam.rec String fam
info: src/Effect4/Laws/Program/Folds/Ty.lean:24:0: fold_of: Effect4.Program.Ty.members.eq_cata : ∀ (a : Ty), a.members = (cata_ty Ty.members.alg a).snd
info: src/Effect4/Laws/Program/Folds/Ty.lean:24:0: fold_of (paramorphism: the carrier pairs the value): Effect4.Program.Ty.members.alg : TyAlgebra fun fam =>
  TyFam.rec (Ty × List Ty) fam
info: src/Effect4/Laws/Program/Folds/Ty.lean:25:0: fold_of: Effect4.Program.Ty.key.eq_cata : ∀ (a : Ty), a.key = cata_ty Ty.key.alg a
info: src/Effect4/Laws/Program/Folds/Ty.lean:25:0: fold_of: Effect4.Program.Ty.key.alg : TyAlgebra fun fam => TyFam.rec (List Nat) fam
info: src/Effect4/Laws/Program/Folds/Ty.lean:26:0: fold_of: Effect4.Program.Ty.isNever.eq_cata : ∀ (a : Ty), a.isNever = cata_ty Ty.isNever.alg a
info: src/Effect4/Laws/Program/Folds/Ty.lean:26:0: fold_of: Effect4.Program.Ty.isNever.alg : TyAlgebra fun fam => TyFam.rec Bool fam
info: src/Effect4/Laws/Program/Folds/Ty.lean:27:0: fold_of: Effect4.Program.Ty.isMember.eq_cata : ∀ (a : Ty), a.isMember = cata_ty Ty.isMember.alg a
info: src/Effect4/Laws/Program/Folds/Ty.lean:27:0: fold_of: Effect4.Program.Ty.isMember.alg : TyAlgebra fun fam => TyFam.rec Bool fam
info: src/Effect4/Laws/Program/Folds/Ty.lean:28:0: fold_of: Effect4.Program.Ty.normalize.eq_cata : ∀ (a : Ty), a.normalize = cata_ty Ty.normalize.alg a
info: src/Effect4/Laws/Program/Folds/Ty.lean:28:0: fold_of: Effect4.Program.Ty.normalize.alg : TyAlgebra fun fam => TyFam.rec Ty fam
info: src/Effect4/Laws/Program/Folds/Ty.lean:29:0: fold_of: Effect4.Program.isTagTy.eq_cata : ∀ (a : Ty), isTagTy a = cata_ty isTagTy.alg a
info: src/Effect4/Laws/Program/Folds/Ty.lean:29:0: fold_of: Effect4.Program.isTagTy.alg : TyAlgebra fun fam => TyFam.rec Bool fam
info: src/Effect4/Laws/Program/Folds/Ty.lean:30:0: fold_of: Effect4.Program.rawSupportedErrTy.eq_cata : ∀ (a : Ty),
  rawSupportedErrTy a = (cata_ty rawSupportedErrTy.alg a).snd
info: src/Effect4/Laws/Program/Folds/Ty.lean:30:0: fold_of (paramorphism: the carrier pairs the value): Effect4.Program.rawSupportedErrTy.alg : TyAlgebra fun fam =>
  TyFam.rec (Ty × Bool) fam
info: src/Effect4/Laws/Program/Folds/Ty.lean:31:0: fold_of: Effect4.Program.NativeAtom.projectProduct.eq_cata : ∀ (second : Bool) (a : Ty),
  NativeAtom.projectProduct second a = (cata_ty (NativeAtom.projectProduct.alg second) a).snd
info: src/Effect4/Laws/Program/Folds/Ty.lean:31:0: fold_of (paramorphism: the carrier pairs the value): Effect4.Program.NativeAtom.projectProduct.alg : Bool →
  TyAlgebra fun fam => TyFam.rec (Ty × Option Ty) fam
info: src/Effect4/Laws/Program/Folds/Ty.lean:32:0: fold_of: Effect4.Program.findInt.eq_cata : ∀ (pos : Path) (a : Ty), findInt pos a = cata_ty findInt.alg a pos
info: src/Effect4/Laws/Program/Folds/Ty.lean:32:0: fold_of: Effect4.Program.findInt.alg : TyAlgebra fun fam => TyFam.rec (Path → Option Path) fam
info: src/Effect4/Laws/Program/Folds/Ty.lean:33:0: fold_of: Effect4.Program.Val.hasTy.eq_cata : ∀ (v : Machine.Val) (ty : Ty) (allocated : optParam (List String) []),
  Val.hasTy v ty allocated = (cata_ty Val.hasTy.alg ty).snd v allocated
info: src/Effect4/Laws/Program/Folds/Ty.lean:33:0: fold_of (paramorphism: the carrier pairs the value): Effect4.Program.Val.hasTy.alg : TyAlgebra fun fam =>
  TyFam.rec (Ty × (Machine.Val → List String → Bool)) fam
info: src/Effect4/Laws/Program/Folds/Ty.lean:34:0: fold_of: Effect4.Schema.Bridge.schema.eq_cata : ∀ (a : Ty), Schema.Bridge.schema a = cata_ty Schema.Bridge.schema.alg a
info: src/Effect4/Laws/Program/Folds/Ty.lean:34:0: fold_of: Effect4.Schema.Bridge.schema.alg : TyAlgebra fun fam => TyFam.rec Representation fam
info: src/Effect4/Laws/Program/Folds/Ty.lean:35:0: fold_of: Effect4.Schema.Codec.layout.eq_cata : ∀ (a : Ty),
  Schema.Codec.layout a = (cata_ty Schema.Codec.layout.alg a).snd
info: src/Effect4/Laws/Program/Folds/Ty.lean:35:0: fold_of (paramorphism: the carrier pairs the value): Effect4.Schema.Codec.layout.alg : TyAlgebra fun fam =>
  TyFam.rec (Ty × Ty) fam
info: src/Effect4/Laws/Program/Folds/Ty.lean:36:0: fold_of: Effect4.Schema.Codec.isSupported.eq_cata : ∀ (a : Ty),
  Schema.Codec.isSupported a = cata_ty Schema.Codec.isSupported.alg a
info: src/Effect4/Laws/Program/Folds/Ty.lean:36:0: fold_of: Effect4.Schema.Codec.isSupported.alg : TyAlgebra fun fam => TyFam.rec Bool fam
info: src/Effect4/Laws/Program/Folds/Ty.lean:37:0: fold_of: Effect4.Schema.Codec.encodeRaw.eq_cata : ∀ (a : Ty) (a_1 : Machine.Val),
  Schema.Codec.encodeRaw a a_1 = (cata_ty Schema.Codec.encodeRaw.alg a).snd a_1
info: src/Effect4/Laws/Program/Folds/Ty.lean:37:0: fold_of (paramorphism: the carrier pairs the value): Effect4.Schema.Codec.encodeRaw.alg : TyAlgebra fun fam =>
  TyFam.rec (Ty × (Machine.Val → Option Json)) fam
info: src/Effect4/Laws/Program/Folds/Ty.lean:38:0: fold_of: Effect4.Schema.Codec.decodeRaw.eq_cata : ∀ (a : Ty) (a_1 : Json),
  Schema.Codec.decodeRaw a a_1 = (cata_ty Schema.Codec.decodeRaw.alg a).snd a_1
info: src/Effect4/Laws/Program/Folds/Ty.lean:38:0: fold_of (paramorphism: the carrier pairs the value): Effect4.Schema.Codec.decodeRaw.alg : TyAlgebra fun fam =>
  TyFam.rec (Ty × (Json → Option Machine.Val)) fam
info: src/Effect4/Laws/Program/Folds/Representation.lean:24:0: fold_of: Effect4.Representation.tag.eq_cata : ∀ (a : Representation),
  a.tag = cata_representation Representation.tag.alg a
info: src/Effect4/Laws/Program/Folds/Representation.lean:24:0: fold_of: Effect4.Representation.tag.alg : RepresentationAlgebra fun fam =>
  RepresentationFam.rec RepresentationTag Unit fam
info: src/Effect4/Laws/Program/Folds/Representation.lean:25:0: fold_of: Effect4.Check.tag.eq_cata : ∀ (a : Check), a.tag = cata_check Check.tag.alg a
info: src/Effect4/Laws/Program/Folds/Representation.lean:25:0: fold_of: Effect4.Check.tag.alg : RepresentationAlgebra fun fam => RepresentationFam.rec Unit CheckTag fam
info: src/Effect4/Laws/Program/Folds/Representation.lean:26:0: fold_of: Effect4.Schema.withChecks?.eq_cata : ∀ (newChecks : List Check) (a : Representation),
  Schema.withChecks? newChecks a = (cata_representation (Schema.withChecks?.alg newChecks) a).snd
info: src/Effect4/Laws/Program/Folds/Representation.lean:26:0: fold_of (paramorphism: the carrier pairs the value): Effect4.Schema.withChecks?.alg : List Check →
  RepresentationAlgebra fun fam => RepresentationFam.rec (Representation × Option Representation) (Check × Unit) fam
info: src/Effect4/Laws/Program/Folds/Representation.lean:27:0: fold_of: Effect4.Schema.Bridge.checkId.eq_cata : ∀ (a : Check),
  Schema.Bridge.checkId a = (cata_check Schema.Bridge.checkId.alg a).snd
info: src/Effect4/Laws/Program/Folds/Representation.lean:27:0: fold_of (paramorphism: the carrier pairs the value): Effect4.Schema.Bridge.checkId.alg : RepresentationAlgebra
  fun fam => RepresentationFam.rec (Representation × Unit) (Check × String) fam
info: src/Effect4/Laws/Program/Folds/Term.lean:20:0: fold_of: Effect4.Program.printTerm.eq_cata : ∀ (a : Term), printTerm a = cata_term printTerm.alg a
info: src/Effect4/Laws/Program/Folds/Term.lean:20:0: fold_of: Effect4.Program.printTerms.eq_cata : ∀ (a : Terms), printTerms a = cata_terms printTerm.alg a
info: src/Effect4/Laws/Program/Folds/Term.lean:20:0: fold_of: Effect4.Program.printTerm.alg : TermAlgebra fun fam => TermFam.rec TypeScript.Expr (List TypeScript.Expr) fam
info: src/Effect4/Laws/Program/Folds/Term.lean:21:0: fold_of: Effect4.Program.Terms.names?.eq_cata : ∀ (a : Terms), a.names? = (cata_terms Terms.names?.alg a).snd
info: src/Effect4/Laws/Program/Folds/Term.lean:21:0: fold_of (paramorphism: the carrier pairs the value): Effect4.Program.Terms.names?.alg : TermAlgebra fun fam =>
  TermFam.rec (Term × Unit) (Terms × Option (List String)) fam
info: src/Effect4/Laws/Program/Folds/Term.lean:22:0: fold_of: Effect4.Program.noRow.eq_cata : ∀ {Op : Type} (spell : String → List String → Option Op) (atom : String)
  (args : Terms), noRow spell atom args = (cata_terms (noRow.alg spell atom) args).snd
info: src/Effect4/Laws/Program/Folds/Term.lean:22:0: fold_of (paramorphism: the carrier pairs the value): Effect4.Program.noRow.alg : {Op : Type} →
  (String → List String → Option Op) → String → TermAlgebra fun fam => TermFam.rec (Term × Unit) (Terms × Bool) fam
info: src/Effect4/Laws/Program/Folds/Term.lean:23:0: fold_of: Effect4.Program.Terms.toList.eq_cata : ∀ (a : Terms), a.toList = (cata_terms Terms.toList.alg a).snd
info: src/Effect4/Laws/Program/Folds/Term.lean:23:0: fold_of (paramorphism: the carrier pairs the value): Effect4.Program.Terms.toList.alg : TermAlgebra fun fam =>
  TermFam.rec (Term × Unit) (Terms × List Term) fam
info: src/Effect4/Laws/Program/Folds/Term.lean:24:0: fold_of: Effect4.Program.Term.scoped.eq_cata : ∀ (n : Nat) (a : Term), Term.scoped n a = cata_term (Term.scoped.alg n) a
info: src/Effect4/Laws/Program/Folds/Term.lean:24:0: fold_of: Effect4.Program.Terms.scoped.eq_cata : ∀ (n : Nat) (a : Terms),
  Terms.scoped n a = cata_terms (Term.scoped.alg n) a
info: src/Effect4/Laws/Program/Folds/Term.lean:24:0: fold_of: Effect4.Program.Term.scoped.alg : Nat → TermAlgebra fun fam => TermFam.rec Bool Bool fam
info: src/Effect4/Laws/Program/Folds/Term.lean:25:0: fold_of: Effect4.Program.Term.weaken.eq_cata : ∀ (cut : Nat) (a : Term),
  Term.weaken cut a = cata_term (Term.weaken.alg cut) a
info: src/Effect4/Laws/Program/Folds/Term.lean:25:0: fold_of: Effect4.Program.Terms.weaken.eq_cata : ∀ (cut : Nat) (a : Terms),
  Terms.weaken cut a = cata_terms (Term.weaken.alg cut) a
info: src/Effect4/Laws/Program/Folds/Term.lean:25:0: fold_of: Effect4.Program.Term.weaken.alg : Nat → TermAlgebra fun fam => TermFam.rec Term Terms fam
info: src/Effect4/Laws/Program/Folds/Term.lean:26:0: fold_of: Effect4.Program.evalTerm.eq_cata : ∀ (env : List Machine.Val) (a : Term),
  evalTerm env a = cata_term (evalTerm.alg env) a
info: src/Effect4/Laws/Program/Folds/Term.lean:26:0: fold_of: Effect4.Program.evalTerms.eq_cata : ∀ (env : List Machine.Val) (a : Terms),
  evalTerms env a = cata_terms (evalTerm.alg env) a
info: src/Effect4/Laws/Program/Folds/Term.lean:26:0: fold_of: Effect4.Program.evalTerm.alg : List Machine.Val →
  TermAlgebra fun fam => TermFam.rec (Option Machine.Val) (Option (List Machine.Val)) fam
info: src/Effect4/Laws/Program/Folds/Term.lean:27:0: fold_of: Effect4.Program.argTy.eq_cata : ∀ {Op : Type} (sig : Signature Op) (env : TyEnv) (const : Bool) (a : Term),
  argTy sig env const a = cata_term (argTy.alg sig env) a const
info: src/Effect4/Laws/Program/Folds/Term.lean:27:0: fold_of: Effect4.Program.argsTy.eq_cata : ∀ {Op : Type} (sig : Signature Op) (env : TyEnv) (const : Bool) (a : Terms),
  argsTy sig env const a = cata_terms (argTy.alg sig env) a const
info: src/Effect4/Laws/Program/Folds/Term.lean:27:0: fold_of: Effect4.Program.argTy.alg : {Op : Type} →
  Signature Op → TyEnv → TermAlgebra fun fam => TermFam.rec (Bool → Option Ty) (Bool → Option (List Ty)) fam
info: src/Effect4/Laws/Program/Typed/State.lean:21:0: 85 positions from 4 roots, 86 source rows
  11	owner
  9	custom
  5	exit
  3	column
  6	journal
  51	hook
  refused	Effect4.Machine.Stores.externals	external rows are the table-aware slice (DI-57); the reference parks them forever
info: src/Effect4/Laws/Program/Folds/Looped.lean:14:0: fold_of: Effect4.Program.Denote.Looped.eq_cata : ∀ (a : NativeEff), Looped a = cata_eff Looped.alg a
info: src/Effect4/Laws/Program/Folds/Looped.lean:14:0: fold_of: Effect4.Program.Denote.Looped.alg : EffAlgebra NativeOp fun fam =>
  EffFam.rec Bool Unit Unit Unit Unit Unit Unit fam
info: src/Effect4/Laws/Program/Simulation/Hooks.lean:729:0: Effect4.Program.Sched.M1Hooks: 0 open, 4 proved, 4 total; ceiling 0
info: src/Effect4/Laws/Program/Simulation/Fibers.lean:538:0: Effect4.Program.Sched.M1OriginFibers: 0 open, 6 proved, 6 total; ceiling 0
info: src/Effect4/Laws/Program/Simulation/Deliver.lean:653:0: Effect4.Program.Sched.M1Deliver: 0 open, 1 proved, 1 total; ceiling 0
info: src/Effect4/Laws/Program/Simulation/Actions.lean:833:0: Effect4.Program.Sched.M1Actions: 0 open, 1 proved, 1 total; ceiling 0
info: src/Effect4/Laws/Program/Simulation/Actions.lean:834:0: Effect4.Program.Sched.M1Origin: 0 open, 10 proved, 10 total; ceiling 0
info: src/Effect4/Laws/Program/Simulation/Evaluate.lean:1037:0: Effect4.Program.Sched.M1Evaluate: 0 open, 2 proved, 2 total; ceiling 0
info: src/Effect4/Laws/Program/Simulation/Pending.lean:295:0: Effect4.Program.Sched.M1PendingOrigin: 0 open, 4 proved, 4 total; ceiling 0
info: src/Effect4/Laws/Program/Simulation/Drive.lean:1146:0: Effect4.Program.Sched.M1Clock: 0 open, 5 proved, 5 total; ceiling 0
info: src/Effect4/Laws/Program/Simulation/Drive.lean:1147:0: Effect4.Program.Sched.M1Drive: 0 open, 7 proved, 7 total; ceiling 0
info: src/Effect4/Laws/Program/Folds/Provision.lean:16:0: fold_of: Effect4.Program.Provision.build.eq_cata : ∀ {Op : Type} (sem : Provision.LeafSem Op) (a : LayerTerm Op)
  (a_1 : Machine.Env.Ctx), Provision.build sem a a_1 = (cata_layer (Provision.build.alg sem) a).snd a_1
info: src/Effect4/Laws/Program/Folds/Provision.lean:16:0: fold_of: Effect4.Program.Provision.buildAll.eq_cata : ∀ {Op : Type} (sem : Provision.LeafSem Op) (a : LayerTerms Op)
  (a_1 : Machine.Env.Ctx), Provision.buildAll sem a a_1 = (cata_layers (Provision.build.alg sem) a).snd a_1
info: src/Effect4/Laws/Program/Folds/Provision.lean:16:0: fold_of (paramorphism: the carrier pairs the value): Effect4.Program.Provision.build.alg : {Op : Type} →
  Provision.LeafSem Op →
    EffAlgebra Op fun fam =>
      EffFam.rec (Eff Op × Unit) (Stmt Op × Unit) (Stmts Op × Unit) (Effs Op × Unit) (ActionTerm Op × Unit)
        (LayerTerm Op × (Machine.Env.Ctx → Option Machine.Env.Ctx))
        (LayerTerms Op × (Machine.Env.Ctx → Option Machine.Env.Ctx)) fam
info: src/Effect4/Laws/Program/Folds/Provision.lean:17:0: fold_of: Effect4.Program.Provision.docsLayer.eq_cata : ∀ (a : LayerTerm Provision.DocsOp),
  Provision.docsLayer a = (cata_layer Provision.docsLayer.alg a).snd
info: src/Effect4/Laws/Program/Folds/Provision.lean:17:0: fold_of: Effect4.Program.Provision.docsLayers.eq_cata : ∀ (a : LayerTerms Provision.DocsOp),
  Provision.docsLayers a = (cata_layers Provision.docsLayer.alg a).snd
info: src/Effect4/Laws/Program/Folds/Provision.lean:17:0: fold_of (paramorphism: the carrier pairs the value): Effect4.Program.Provision.docsLayer.alg : EffAlgebra
  Provision.DocsOp fun fam =>
  EffFam.rec (Eff Provision.DocsOp × Unit) (Stmt Provision.DocsOp × Unit) (Stmts Provision.DocsOp × Unit)
    (Effs Provision.DocsOp × Unit) (ActionTerm Provision.DocsOp × Unit)
    (LayerTerm Provision.DocsOp × Option (LayerTerm NativeOp))
    (LayerTerms Provision.DocsOp × Option (LayerTerms NativeOp)) fam
info: src/Effect4/Laws/Store/Folds/Val.lean:26:0: fold_of: Effect4.Store.Val.render.eq_cata : ∀ (a : Val), a.render = cata_val Val.render.alg a
info: src/Effect4/Laws/Store/Folds/Val.lean:26:0: fold_of: Effect4.Store.Val.renderList.eq_cata : ∀ (a : List Val),
  Val.renderList a = List.foldr (fun r rrest => r :: rrest) [] (cata_pos_list_val Val.render.alg a)
info: src/Effect4/Laws/Store/Folds/Val.lean:26:0: fold_of: Effect4.Store.Val.render.alg : ValAlgebra fun fam => ValFam.rec String fam
info: src/Effect4/Laws/Store/Folds/Val.lean:27:0: fold_of: Effect4.Store.Val.encode.eq_cata : ∀ (a : Val), a.encode = cata_val Val.encode.alg a
info: src/Effect4/Laws/Store/Folds/Val.lean:27:0: fold_of: Effect4.Store.Val.encodeList.eq_cata : ∀ (a : List Val),
  Val.encodeList a = List.foldr (fun r rrest => r ++ rrest) [] (cata_pos_list_val Val.encode.alg a)
info: src/Effect4/Laws/Store/Folds/Val.lean:27:0: fold_of: Effect4.Store.Val.encode.alg : ValAlgebra fun fam => ValFam.rec Bytes fam
info: src/Effect4/Laws/Store/Folds/Val.lean:28:0: fold_of: Effect4.Store.Val.tag.eq_cata : ∀ (a : Val), a.tag = cata_val Val.tag.alg a
info: src/Effect4/Laws/Store/Folds/Val.lean:28:0: fold_of: Effect4.Store.Val.tag.alg : ValAlgebra fun fam => ValFam.rec UInt8 fam
info: src/Effect4/Laws/Store/Folds/Val.lean:29:0: fold_of: Effect4.Store.Val.handles.eq_cata : ∀ (a : Val), a.handles = cata_val Val.handles.alg a
info: src/Effect4/Laws/Store/Folds/Val.lean:29:0: fold_of: Effect4.Store.Val.handlesList.eq_cata : ∀ (a : List Val),
  Val.handlesList a = List.foldr (fun r rrest => r ++ rrest) [] (cata_pos_list_val Val.handles.alg a)
info: src/Effect4/Laws/Store/Folds/Val.lean:29:0: fold_of: Effect4.Store.Val.handles.alg : ValAlgebra fun fam => ValFam.rec (List (UInt8 × Nat)) fam
info: src/Effect4/Laws/Store/Folds/Val.lean:30:0: fold_of: Effect4.Store.Val.beq.eq_cata : ∀ (a a_1 : Val), a.beq a_1 = cata_val Val.beq.alg a a_1
info: src/Effect4/Laws/Store/Folds/Val.lean:30:0: fold_of: Effect4.Store.Val.beqList.eq_cata : ∀ (a a_1 : List Val),
  Val.beqList a a_1 =
    List.foldr (fun r rrest a => decodeBody._sparseCasesOn_1 a (fun head tail => r head && rrest tail) fun h => false)
      (fun a => decodeBody._sparseCasesOn_2 a true fun h => false) (cata_pos_list_val Val.beq.alg a) a_1
info: src/Effect4/Laws/Store/Folds/Val.lean:30:0: fold_of: Effect4.Store.Val.beq.alg : ValAlgebra fun fam => ValFam.rec (Val → Bool) fam
info: src/Effect4/Laws/Store/Folds/Val.lean:31:0: fold_of: Effect4.Store.Val.refs.eq_cata : ∀ (a : Val), a.refs = cata_val Val.refs.alg a
info: src/Effect4/Laws/Store/Folds/Val.lean:31:0: fold_of: Effect4.Store.Val.refsList.eq_cata : ∀ (a : List Val),
  Val.refsList a = List.foldr (fun r rrest => r ++ rrest) [] (cata_pos_list_val Val.refs.alg a)
info: src/Effect4/Laws/Store/Folds/Val.lean:31:0: fold_of: Effect4.Store.Val.refs.alg : ValAlgebra fun fam => ValFam.rec (List AnyRef) fam
info: src/Effect4/Laws/Store/Folds/Val.lean:32:0: fold_of: Effect4.Store.Val.malformedRef.eq_cata : ∀ (a : Val), a.malformedRef = cata_val Val.malformedRef.alg a
info: src/Effect4/Laws/Store/Folds/Val.lean:32:0: fold_of: Effect4.Store.Val.malformedRefList.eq_cata : ∀ (a : List Val),
  Val.malformedRefList a = List.foldr (fun r rrest => r || rrest) false (cata_pos_list_val Val.malformedRef.alg a)
info: src/Effect4/Laws/Store/Folds/Val.lean:32:0: fold_of: Effect4.Store.Val.malformedRef.alg : ValAlgebra fun fam => ValFam.rec Bool fam
info: src/Effect4/Laws/Store/Folds/Val.lean:33:0: fold_of: Effect4.Store.acceptsAt.eq_cata : ∀ (defs : List (String × Shape)) (a : Val) (a_1 : Shape),
  acceptsAt defs a a_1 = cata_val (acceptsAt.alg defs) a a_1
info: src/Effect4/Laws/Store/Folds/Val.lean:33:0: fold_of: Effect4.Store.acceptsFields.eq_cata : ∀ (defs a : List (String × Shape)) (a_1 : List Val),
  acceptsFields defs a a_1 =
    List.foldr
      (fun r rrest a =>
        List.casesOn a false fun head tail =>
          Prod.casesOn head fun fst snd => (candidates defs snd).any r && rrest tail)
      (fun a => List.casesOn a true fun head tail => Prod.casesOn head fun fst snd => false)
      (cata_pos_list_val (acceptsAt.alg defs) a_1) a
info: src/Effect4/Laws/Store/Folds/Val.lean:33:0: fold_of: Effect4.Store.acceptsList.eq_cata : ∀ (defs : List (String × Shape)) (a : Shape) (a_1 : List Val),
  acceptsList defs a a_1 =
    List.foldr (fun r rrest a => (candidates defs a).any r && rrest a) (fun a => true)
      (cata_pos_list_val (acceptsAt.alg defs) a_1) a
info: src/Effect4/Laws/Store/Folds/Val.lean:33:0: fold_of: Effect4.Store.acceptsAt.alg : List (String × Shape) → ValAlgebra fun fam => ValFam.rec (Shape → Bool) fam
info: src/Effect4/Laws/Store/Folds/Val.lean:34:0: fold_of: Effect4.Store.printIn.eq_cata : ∀ (defs : List (String × Shape)) (a : Shape) (a_1 : Val),
  printIn defs a a_1 = cata_val (printIn.alg defs) a_1 a
info: src/Effect4/Laws/Store/Folds/Val.lean:34:0: fold_of: Effect4.Store.printFields.eq_cata : ∀ (defs a : List (String × Shape)) (a_1 : List Val),
  printFields defs a a_1 =
    List.foldr
      (fun r rrest a =>
        acceptsFields._sparseCasesOn_2 a (fun head tail => Prod.casesOn head fun fst snd => (fst, r snd) :: rrest tail)
          fun h => [])
      (fun a => acceptsFields._sparseCasesOn_2 a (fun head tail => Prod.casesOn head fun fst snd => []) fun h => [])
      (cata_pos_list_val (printIn.alg defs) a_1) a
info: src/Effect4/Laws/Store/Folds/Val.lean:34:0: fold_of: Effect4.Store.printList.eq_cata : ∀ (defs : List (String × Shape)) (a : Shape) (a_1 : List Val),
  printList defs a a_1 =
    List.foldr (fun r rrest a => r a :: rrest a) (fun a => []) (cata_pos_list_val (printIn.alg defs) a_1) a
info: src/Effect4/Laws/Store/Folds/Val.lean:34:0: fold_of: Effect4.Store.printIn.alg : List (String × Shape) → ValAlgebra fun fam => ValFam.rec (Shape → Json) fam
info: src/Effect4/Laws/Store/Folds/Val.lean:35:0: fold_of: Effect4.Program.Config.Val.ofStore.eq_cata : ∀ (a : Val),
  Program.Config.Val.ofStore a = cata_val Program.Config.Val.ofStore.alg a
info: src/Effect4/Laws/Store/Folds/Val.lean:35:0: fold_of: Effect4.Program.Config.Val.ofStore.alg : ValAlgebra fun fam => ValFam.rec (Option Program.Config.Val) fam
info: src/Effect4/Laws/Store/Folds/Val.lean:36:0: fold_of: Effect4.Store.Val.WF.eq_cata : ∀ (a : Val), a.WF = (cata_val Val.WF.alg a).snd
info: src/Effect4/Laws/Store/Folds/Val.lean:36:0: fold_of: Effect4.Store.Val.WFList.eq_cata : ∀ (a : List Val),
  Val.WFList a = List.foldr (fun r rrest => r.snd ∧ rrest) True (cata_pos_list_val Val.WF.alg a)
info: src/Effect4/Laws/Store/Folds/Val.lean:36:0: fold_of (paramorphism: the carrier pairs the value): Effect4.Store.Val.WF.alg : ValAlgebra fun fam =>
  ValFam.rec (Val × Prop) fam
info: src/Effect4/Laws/Store/Folds/Val.lean:37:0: fold_of: Effect4.Store.Val.wf.eq_cata : ∀ (a : Val), a.wf = (cata_val Val.wf.alg a).snd
info: src/Effect4/Laws/Store/Folds/Val.lean:37:0: fold_of: Effect4.Store.Val.wfList.eq_cata : ∀ (a : List Val),
  Val.wfList a = List.foldr (fun r rrest => r.snd && rrest) true (cata_pos_list_val Val.wf.alg a)
info: src/Effect4/Laws/Store/Folds/Val.lean:37:0: fold_of (paramorphism: the carrier pairs the value): Effect4.Store.Val.wf.alg : ValAlgebra fun fam =>
  ValFam.rec (Val × Bool) fam
info: src/Effect4/Laws/Store/Folds/Val.lean:38:0: fold_of: Effect4.Store.Val.payload.eq_cata : ∀ (a : Val), a.payload = (cata_val Val.payload.alg a).snd
info: src/Effect4/Laws/Store/Folds/Val.lean:38:0: fold_of (paramorphism: the carrier pairs the value): Effect4.Store.Val.payload.alg : ValAlgebra fun fam =>
  ValFam.rec (Val × Bytes) fam
info: src/Effect4/Laws/Program/Typed/World.lean:810:0: Effect4.Program.Typed.WorldControlWanted: 0 open, 5 proved, 5 total; ceiling 0
info: src/Effect4/Laws/Program/Typed/World.lean:811:0: Effect4.Program.Typed.WorldWanted: 0 open, 20 proved, 20 total; ceiling 0
info: src/Effect4/Laws/Program/Typed/Validity.lean:240:0: Effect4.Program.Typed.M2Validity: 0 open, 15 proved, 15 total; ceiling 0
info: src/Effect4/Laws/Program/Typed/Membership.lean:288:0: fold_of: Effect4.Program.Typed.Fits.eq_cata : ∀ (w : World) (v : Val) (a : Ty),
  Fits w v a = (cata_ty (Fits.alg w) a).snd v
info: src/Effect4/Laws/Program/Typed/Membership.lean:288:0: fold_of (paramorphism: the carrier pairs the value): Effect4.Program.Typed.Fits.alg : World →
  TyAlgebra fun fam => TyFam.rec (Ty × (Val → Prop)) fam
info: src/Effect4/Laws/Program/Folds/Denote.lean:21:0: fold_of: Effect4.Program.Denote.denote.eq_cata : ∀ (a : NativeEff) (a_1 : List Machine.Val),
  Denote.denote a a_1 = cata_eff Denote.denote.alg a a_1
info: src/Effect4/Laws/Program/Folds/Denote.lean:21:0: fold_of: Effect4.Program.Denote.denote.alg : EffAlgebra NativeOp fun fam =>
  EffFam.rec (List Machine.Val → Effects.Program Denote.StoreSig Machine.ExitV) Unit Unit Unit Unit Unit Unit fam
info: src/Effect4/Laws/Program/Folds/Denote.lean:22:0: fold_of: Effect4.Program.Denote.denoteB.eq_cata : ∀ (k : Nat) (a : NativeEff) (a_1 : List Machine.Val),
  Denote.denoteB k a a_1 = (cata_eff (Denote.denoteB.alg k) a).snd a_1
info: src/Effect4/Laws/Program/Folds/Denote.lean:22:0: fold_of (paramorphism: the carrier pairs the value): Effect4.Program.Denote.denoteB.alg : Nat →
  EffAlgebra NativeOp fun fam =>
    EffFam.rec (Eff NativeOp × (List Machine.Val → Effects.Program Denote.StoreSig (Option Machine.ExitV)))
      (Stmt NativeOp × Unit) (Stmts NativeOp × Unit) (Effs NativeOp × Unit) (ActionTerm NativeOp × Unit)
      (LayerTerm NativeOp × Unit) (LayerTerms NativeOp × Unit) fam
info: src/Effect4/Laws/Program/Folds/Denote.lean:23:0: fold_of: Effect4.Program.Denote.denoteWith.eq_cata : ∀ (bad : Machine.ExitV) (a : NativeEff) (a_1 : List Machine.Val),
  Denote.denoteWith bad a a_1 = cata_eff (Denote.denoteWith.alg bad) a a_1
info: src/Effect4/Laws/Program/Folds/Denote.lean:23:0: fold_of: Effect4.Program.Denote.denoteWith.alg : Machine.ExitV →
  EffAlgebra NativeOp fun fam =>
    EffFam.rec (List Machine.Val → Effects.Program Denote.StoreSig Machine.ExitV) Unit Unit Unit Unit Unit Unit fam
info: src/Effect4/Laws/Program/Folds/Denote.lean:24:0: fold_of: Effect4.Program.Denote.denoteBWith.eq_cata : ∀ (bad : Machine.ExitV) (k : Nat) (a : NativeEff)
  (a_1 : List Machine.Val), Denote.denoteBWith bad k a a_1 = (cata_eff (Denote.denoteBWith.alg bad k) a).snd a_1
info: src/Effect4/Laws/Program/Folds/Denote.lean:24:0: fold_of (paramorphism: the carrier pairs the value): Effect4.Program.Denote.denoteBWith.alg : Machine.ExitV →
  Nat →
    EffAlgebra NativeOp fun fam =>
      EffFam.rec (Eff NativeOp × (List Machine.Val → Effects.Program Denote.StoreSig (Option Machine.ExitV)))
        (Stmt NativeOp × Unit) (Stmts NativeOp × Unit) (Effs NativeOp × Unit) (ActionTerm NativeOp × Unit)
        (LayerTerm NativeOp × Unit) (LayerTerms NativeOp × Unit) fam
info: src/Effect4/Laws/Program/Folds/Denote.lean:25:0: fold_of: Effect4.Program.Agreement.depth.eq_cata : ∀ (a : NativeEff), Agreement.depth a = cata_eff Agreement.depth.alg a
info: src/Effect4/Laws/Program/Folds/Denote.lean:25:0: fold_of: Effect4.Program.Agreement.depth.alg : EffAlgebra NativeOp fun fam =>
  EffFam.rec Nat Unit Unit Unit Unit Unit Unit fam
info: src/Effect4/Laws/Program/Folds/Denote.lean:26:0: fold_of: Effect4.Program.Agreement.steps.eq_cata : ∀ (a : NativeEff), Agreement.steps a = cata_eff Agreement.steps.alg a
info: src/Effect4/Laws/Program/Folds/Denote.lean:26:0: fold_of: Effect4.Program.Agreement.steps.alg : EffAlgebra NativeOp fun fam =>
  EffFam.rec Nat Unit Unit Unit Unit Unit Unit fam
info: src/Effect4/Laws/Program/Folds/Denote.lean:27:0: fold_of: Effect4.Program.Agreement.depthB.eq_cata : ∀ (a : NativeEff),
  Agreement.depthB a = cata_eff Agreement.depthB.alg a
info: src/Effect4/Laws/Program/Folds/Denote.lean:27:0: fold_of: Effect4.Program.Agreement.depthB.alg : EffAlgebra NativeOp fun fam =>
  EffFam.rec Nat Unit Unit Unit Unit Unit Unit fam
info: src/Effect4/Laws/Program/Folds/Denote.lean:28:0: fold_of: Effect4.Program.Agreement.boundB.eq_cata : ∀ (k : Nat) (a : NativeEff),
  Agreement.boundB k a = (cata_eff (Agreement.boundB.alg k) a).snd
info: src/Effect4/Laws/Program/Folds/Denote.lean:28:0: fold_of (paramorphism: the carrier pairs the value): Effect4.Program.Agreement.boundB.alg : Nat →
  EffAlgebra NativeOp fun fam =>
    EffFam.rec (Eff NativeOp × Nat) (Stmt NativeOp × Unit) (Stmts NativeOp × Unit) (Effs NativeOp × Unit)
      (ActionTerm NativeOp × Unit) (LayerTerm NativeOp × Unit) (LayerTerms NativeOp × Unit) fam
Build completed successfully (385 jobs).
# exit=0 seconds=191
