$ cd /Users/pooks/Dev/lean4-effect4-seat-W2
$ lake build Tools.WireTags Effect4Gen.Check Test.Store.DerivedCheck
# started 2026-10-01T22:32:54Z (LEAN_NUM_THREADS=4)
ℹ [30/74] Replayed Effect4.Store.Domain.Derived.Json
info: src/Effect4/Store/Domain/Derived/Json.lean:350:0: 'Effect4.Store.JsonGen.Float64C.toVal' depends on axioms: [propext]
info: src/Effect4/Store/Domain/Derived/Json.lean:351:0: 'Effect4.Store.JsonGen.Float64C.ofVal_toVal' depends on axioms: [propext]
info: src/Effect4/Store/Domain/Derived/Json.lean:352:0: 'Effect4.Store.JsonGen.Float64C.ofVal_exact' depends on axioms: [propext]
info: src/Effect4/Store/Domain/Derived/Json.lean:353:0: 'Effect4.Store.JsonGen.Float64C.fits' depends on axioms: [propext, Quot.sound]
info: src/Effect4/Store/Domain/Derived/Json.lean:354:0: 'Effect4.Store.JsonGen.Float64C.instCanonical' depends on axioms: [propext, Quot.sound]
info: src/Effect4/Store/Domain/Derived/Json.lean:355:0: 'Effect4.Store.JsonGen.JsonC.toValJson' depends on axioms: [propext, Quot.sound]
info: src/Effect4/Store/Domain/Derived/Json.lean:356:0: 'Effect4.Store.JsonGen.JsonC.rawJson_toValJson' depends on axioms: [propext, Quot.sound]
info: src/Effect4/Store/Domain/Derived/Json.lean:357:0: 'Effect4.Store.JsonGen.JsonC.fitsJson' depends on axioms: [propext, Quot.sound]
info: src/Effect4/Store/Domain/Derived/Json.lean:358:0: 'Effect4.Store.JsonGen.JsonC.instCanonicalJson' depends on axioms: [propext, Quot.sound]
ℹ [31/74] Replayed Effect4.Store.Domain.Derived.Schema
info: src/Effect4/Store/Domain/Derived/Schema.lean:1825:0: 'Effect4.Store.SchemaGen.ReferenceKeyC.toVal' depends on axioms: [propext]
info: src/Effect4/Store/Domain/Derived/Schema.lean:1826:0: 'Effect4.Store.SchemaGen.ReferenceKeyC.ofVal_toVal' depends on axioms: [propext]
info: src/Effect4/Store/Domain/Derived/Schema.lean:1827:0: 'Effect4.Store.SchemaGen.ReferenceKeyC.ofVal_exact' depends on axioms: [propext]
info: src/Effect4/Store/Domain/Derived/Schema.lean:1828:0: 'Effect4.Store.SchemaGen.ReferenceKeyC.fits' depends on axioms: [propext, Quot.sound]
info: src/Effect4/Store/Domain/Derived/Schema.lean:1829:0: 'Effect4.Store.SchemaGen.ReferenceKeyC.instCanonical' depends on axioms: [propext, Quot.sound]
info: src/Effect4/Store/Domain/Derived/Schema.lean:1830:0: 'Effect4.Store.SchemaGen.GlobalSymbolKeyC.toVal' depends on axioms: [propext]
info: src/Effect4/Store/Domain/Derived/Schema.lean:1831:0: 'Effect4.Store.SchemaGen.GlobalSymbolKeyC.ofVal_toVal' depends on axioms: [propext]
info: src/Effect4/Store/Domain/Derived/Schema.lean:1832:0: 'Effect4.Store.SchemaGen.GlobalSymbolKeyC.ofVal_exact' depends on axioms: [propext]
info: src/Effect4/Store/Domain/Derived/Schema.lean:1833:0: 'Effect4.Store.SchemaGen.GlobalSymbolKeyC.fits' depends on axioms: [propext, Quot.sound]
info: src/Effect4/Store/Domain/Derived/Schema.lean:1834:0: 'Effect4.Store.SchemaGen.GlobalSymbolKeyC.instCanonical' depends on axioms: [propext, Quot.sound]
info: src/Effect4/Store/Domain/Derived/Schema.lean:1835:0: 'Effect4.Store.SchemaGen.AnnotationEntryC.toVal' depends on axioms: [propext, Quot.sound]
info: src/Effect4/Store/Domain/Derived/Schema.lean:1836:0: 'Effect4.Store.SchemaGen.AnnotationEntryC.ofVal_toVal' depends on axioms: [propext, Quot.sound]
info: src/Effect4/Store/Domain/Derived/Schema.lean:1837:0: 'Effect4.Store.SchemaGen.AnnotationEntryC.ofVal_exact' depends on axioms: [propext, Quot.sound]
info: src/Effect4/Store/Domain/Derived/Schema.lean:1838:0: 'Effect4.Store.SchemaGen.AnnotationEntryC.fits' depends on axioms: [propext, Quot.sound]
info: src/Effect4/Store/Domain/Derived/Schema.lean:1839:0: 'Effect4.Store.SchemaGen.AnnotationEntryC.instCanonical' depends on axioms: [propext, Quot.sound]
info: src/Effect4/Store/Domain/Derived/Schema.lean:1840:0: 'Effect4.Store.SchemaGen.LiteralValueC.toVal' depends on axioms: [propext, Quot.sound]
info: src/Effect4/Store/Domain/Derived/Schema.lean:1841:0: 'Effect4.Store.SchemaGen.LiteralValueC.ofVal_toVal' depends on axioms: [propext, Quot.sound]
info: src/Effect4/Store/Domain/Derived/Schema.lean:1842:0: 'Effect4.Store.SchemaGen.LiteralValueC.ofVal_exact' depends on axioms: [propext, Quot.sound]
info: src/Effect4/Store/Domain/Derived/Schema.lean:1843:0: 'Effect4.Store.SchemaGen.LiteralValueC.fits' depends on axioms: [propext, Quot.sound]
info: src/Effect4/Store/Domain/Derived/Schema.lean:1844:0: 'Effect4.Store.SchemaGen.LiteralValueC.instCanonical' depends on axioms: [propext, Quot.sound]
info: src/Effect4/Store/Domain/Derived/Schema.lean:1845:0: 'Effect4.Store.SchemaGen.EnumValueC.toVal' depends on axioms: [propext, Quot.sound]
info: src/Effect4/Store/Domain/Derived/Schema.lean:1846:0: 'Effect4.Store.SchemaGen.EnumValueC.ofVal_toVal' depends on axioms: [propext, Quot.sound]
info: src/Effect4/Store/Domain/Derived/Schema.lean:1847:0: 'Effect4.Store.SchemaGen.EnumValueC.ofVal_exact' depends on axioms: [propext, Quot.sound]
info: src/Effect4/Store/Domain/Derived/Schema.lean:1848:0: 'Effect4.Store.SchemaGen.EnumValueC.fits' depends on axioms: [propext, Quot.sound]
info: src/Effect4/Store/Domain/Derived/Schema.lean:1849:0: 'Effect4.Store.SchemaGen.EnumValueC.instCanonical' depends on axioms: [propext, Quot.sound]
info: src/Effect4/Store/Domain/Derived/Schema.lean:1850:0: 'Effect4.Store.SchemaGen.EnumEntryC.toVal' depends on axioms: [propext, Quot.sound]
info: src/Effect4/Store/Domain/Derived/Schema.lean:1851:0: 'Effect4.Store.SchemaGen.EnumEntryC.ofVal_toVal' depends on axioms: [propext, Quot.sound]
info: src/Effect4/Store/Domain/Derived/Schema.lean:1852:0: 'Effect4.Store.SchemaGen.EnumEntryC.ofVal_exact' depends on axioms: [propext, Quot.sound]
info: src/Effect4/Store/Domain/Derived/Schema.lean:1853:0: 'Effect4.Store.SchemaGen.EnumEntryC.fits' depends on axioms: [propext, Quot.sound]
info: src/Effect4/Store/Domain/Derived/Schema.lean:1854:0: 'Effect4.Store.SchemaGen.EnumEntryC.instCanonical' depends on axioms: [propext, Quot.sound]
info: src/Effect4/Store/Domain/Derived/Schema.lean:1855:0: 'Effect4.Store.SchemaGen.PropertyKeyC.toVal' depends on axioms: [propext, Quot.sound]
info: src/Effect4/Store/Domain/Derived/Schema.lean:1856:0: 'Effect4.Store.SchemaGen.PropertyKeyC.ofVal_toVal' depends on axioms: [propext, Quot.sound]
info: src/Effect4/Store/Domain/Derived/Schema.lean:1857:0: 'Effect4.Store.SchemaGen.PropertyKeyC.ofVal_exact' depends on axioms: [propext, Quot.sound]
info: src/Effect4/Store/Domain/Derived/Schema.lean:1858:0: 'Effect4.Store.SchemaGen.PropertyKeyC.fits' depends on axioms: [propext, Quot.sound]
info: src/Effect4/Store/Domain/Derived/Schema.lean:1859:0: 'Effect4.Store.SchemaGen.PropertyKeyC.instCanonical' depends on axioms: [propext, Quot.sound]
info: src/Effect4/Store/Domain/Derived/Schema.lean:1860:0: 'Effect4.Store.SchemaGen.RepresentationAnnotationC.toVal' depends on axioms: [propext, Quot.sound]
info: src/Effect4/Store/Domain/Derived/Schema.lean:1861:0: 'Effect4.Store.SchemaGen.RepresentationAnnotationC.ofVal_toVal' depends on axioms: [propext, Quot.sound]
info: src/Effect4/Store/Domain/Derived/Schema.lean:1862:0: 'Effect4.Store.SchemaGen.RepresentationAnnotationC.ofVal_exact' depends on axioms: [propext, Quot.sound]
info: src/Effect4/Store/Domain/Derived/Schema.lean:1863:0: 'Effect4.Store.SchemaGen.RepresentationAnnotationC.fits' depends on axioms: [propext, Quot.sound]
info: src/Effect4/Store/Domain/Derived/Schema.lean:1864:0: 'Effect4.Store.SchemaGen.RepresentationAnnotationC.instCanonical' depends on axioms: [propext, Quot.sound]
info: src/Effect4/Store/Domain/Derived/Schema.lean:1865:0: 'Effect4.Store.SchemaGen.UnionModeC.toVal' does not depend on any axioms
info: src/Effect4/Store/Domain/Derived/Schema.lean:1866:0: 'Effect4.Store.SchemaGen.UnionModeC.ofVal_toVal' depends on axioms: [propext]
info: src/Effect4/Store/Domain/Derived/Schema.lean:1867:0: 'Effect4.Store.SchemaGen.UnionModeC.ofVal_exact' depends on axioms: [propext]
info: src/Effect4/Store/Domain/Derived/Schema.lean:1868:0: 'Effect4.Store.SchemaGen.UnionModeC.fits' depends on axioms: [propext]
info: src/Effect4/Store/Domain/Derived/Schema.lean:1869:0: 'Effect4.Store.SchemaGen.UnionModeC.instCanonical' depends on axioms: [propext]
info: src/Effect4/Store/Domain/Derived/Schema.lean:1870:0: 'Effect4.Store.SchemaGen.RepresentationC.toValRepresentation' depends on axioms: [propext, Quot.sound]
info: src/Effect4/Store/Domain/Derived/Schema.lean:1871:0: 'Effect4.Store.SchemaGen.RepresentationC.rawRepresentation_toValRepresentation' depends on axioms: [propext, Quot.sound]
info: src/Effect4/Store/Domain/Derived/Schema.lean:1872:0: 'Effect4.Store.SchemaGen.RepresentationC.fitsRepresentation' depends on axioms: [propext, Quot.sound]
info: src/Effect4/Store/Domain/Derived/Schema.lean:1873:0: 'Effect4.Store.SchemaGen.RepresentationC.instCanonicalRepresentation' depends on axioms: [propext, Quot.sound]
info: src/Effect4/Store/Domain/Derived/Schema.lean:1874:0: 'Effect4.Store.SchemaGen.RepresentationC.toValCheck' depends on axioms: [propext, Quot.sound]
info: src/Effect4/Store/Domain/Derived/Schema.lean:1875:0: 'Effect4.Store.SchemaGen.RepresentationC.rawCheck_toValCheck' depends on axioms: [propext, Quot.sound]
info: src/Effect4/Store/Domain/Derived/Schema.lean:1876:0: 'Effect4.Store.SchemaGen.RepresentationC.fitsCheck' depends on axioms: [propext, Quot.sound]
info: src/Effect4/Store/Domain/Derived/Schema.lean:1877:0: 'Effect4.Store.SchemaGen.RepresentationC.instCanonicalCheck' depends on axioms: [propext, Quot.sound]
info: src/Effect4/Store/Domain/Derived/Schema.lean:1878:0: 'Effect4.Store.SchemaGen.RepresentationC.toValCheckRepresentationAnnotationOf' depends on axioms: [propext, Quot.sound]
info: src/Effect4/Store/Domain/Derived/Schema.lean:1879:0: 'Effect4.Store.SchemaGen.RepresentationC.rawCheckRepresentationAnnotationOf_toValCheckRepresentationAnnotationOf' depends on axioms: [propext,
 Quot.sound]
info: src/Effect4/Store/Domain/Derived/Schema.lean:1880:0: 'Effect4.Store.SchemaGen.RepresentationC.fitsCheckRepresentationAnnotationOf' depends on axioms: [propext, Quot.sound]
info: src/Effect4/Store/Domain/Derived/Schema.lean:1881:0: 'Effect4.Store.SchemaGen.RepresentationC.instCanonicalCheckRepresentationAnnotationOf' depends on axioms: [propext,
 Quot.sound]
info: src/Effect4/Store/Domain/Derived/Schema.lean:1882:0: 'Effect4.Store.SchemaGen.RepresentationC.toValElementOf' depends on axioms: [propext, Quot.sound]
info: src/Effect4/Store/Domain/Derived/Schema.lean:1883:0: 'Effect4.Store.SchemaGen.RepresentationC.rawElementOf_toValElementOf' depends on axioms: [propext, Quot.sound]
info: src/Effect4/Store/Domain/Derived/Schema.lean:1884:0: 'Effect4.Store.SchemaGen.RepresentationC.fitsElementOf' depends on axioms: [propext, Quot.sound]
info: src/Effect4/Store/Domain/Derived/Schema.lean:1885:0: 'Effect4.Store.SchemaGen.RepresentationC.instCanonicalElementOf' depends on axioms: [propext, Quot.sound]
info: src/Effect4/Store/Domain/Derived/Schema.lean:1886:0: 'Effect4.Store.SchemaGen.RepresentationC.toValPropertySignatureOf' depends on axioms: [propext, Quot.sound]
info: src/Effect4/Store/Domain/Derived/Schema.lean:1887:0: 'Effect4.Store.SchemaGen.RepresentationC.rawPropertySignatureOf_toValPropertySignatureOf' depends on axioms: [propext,
 Quot.sound]
info: src/Effect4/Store/Domain/Derived/Schema.lean:1888:0: 'Effect4.Store.SchemaGen.RepresentationC.fitsPropertySignatureOf' depends on axioms: [propext, Quot.sound]
info: src/Effect4/Store/Domain/Derived/Schema.lean:1889:0: 'Effect4.Store.SchemaGen.RepresentationC.instCanonicalPropertySignatureOf' depends on axioms: [propext, Quot.sound]
info: src/Effect4/Store/Domain/Derived/Schema.lean:1890:0: 'Effect4.Store.SchemaGen.RepresentationC.toValIndexSignatureOf' depends on axioms: [propext, Quot.sound]
info: src/Effect4/Store/Domain/Derived/Schema.lean:1891:0: 'Effect4.Store.SchemaGen.RepresentationC.rawIndexSignatureOf_toValIndexSignatureOf' depends on axioms: [propext,
 Quot.sound]
info: src/Effect4/Store/Domain/Derived/Schema.lean:1892:0: 'Effect4.Store.SchemaGen.RepresentationC.fitsIndexSignatureOf' depends on axioms: [propext, Quot.sound]
info: src/Effect4/Store/Domain/Derived/Schema.lean:1893:0: 'Effect4.Store.SchemaGen.RepresentationC.instCanonicalIndexSignatureOf' depends on axioms: [propext, Quot.sound]
info: src/Effect4/Store/Domain/Derived/Schema.lean:1894:0: 'Effect4.Store.SchemaGen.ReferenceEntryC.toVal' depends on axioms: [propext, Quot.sound]
info: src/Effect4/Store/Domain/Derived/Schema.lean:1895:0: 'Effect4.Store.SchemaGen.ReferenceEntryC.ofVal_toVal' depends on axioms: [propext, Quot.sound]
info: src/Effect4/Store/Domain/Derived/Schema.lean:1896:0: 'Effect4.Store.SchemaGen.ReferenceEntryC.ofVal_exact' depends on axioms: [propext, Quot.sound]
info: src/Effect4/Store/Domain/Derived/Schema.lean:1897:0: 'Effect4.Store.SchemaGen.ReferenceEntryC.fits' depends on axioms: [propext, Quot.sound]
info: src/Effect4/Store/Domain/Derived/Schema.lean:1898:0: 'Effect4.Store.SchemaGen.ReferenceEntryC.instCanonical' depends on axioms: [propext, Quot.sound]
info: src/Effect4/Store/Domain/Derived/Schema.lean:1899:0: 'Effect4.Store.SchemaGen.DocumentC.toVal' depends on axioms: [propext, Quot.sound]
info: src/Effect4/Store/Domain/Derived/Schema.lean:1900:0: 'Effect4.Store.SchemaGen.DocumentC.ofVal_toVal' depends on axioms: [propext, Quot.sound]
info: src/Effect4/Store/Domain/Derived/Schema.lean:1901:0: 'Effect4.Store.SchemaGen.DocumentC.ofVal_exact' depends on axioms: [propext, Quot.sound]
info: src/Effect4/Store/Domain/Derived/Schema.lean:1902:0: 'Effect4.Store.SchemaGen.DocumentC.fits' depends on axioms: [propext, Quot.sound]
info: src/Effect4/Store/Domain/Derived/Schema.lean:1903:0: 'Effect4.Store.SchemaGen.DocumentC.instCanonical' depends on axioms: [propext, Quot.sound]
info: src/Effect4/Store/Domain/Derived/Schema.lean:1904:0: 'Effect4.Store.SchemaGen.MultiDocumentC.toVal' depends on axioms: [propext, Quot.sound]
info: src/Effect4/Store/Domain/Derived/Schema.lean:1905:0: 'Effect4.Store.SchemaGen.MultiDocumentC.ofVal_toVal' depends on axioms: [propext, Quot.sound]
info: src/Effect4/Store/Domain/Derived/Schema.lean:1906:0: 'Effect4.Store.SchemaGen.MultiDocumentC.ofVal_exact' depends on axioms: [propext, Quot.sound]
info: src/Effect4/Store/Domain/Derived/Schema.lean:1907:0: 'Effect4.Store.SchemaGen.MultiDocumentC.fits' depends on axioms: [propext, Quot.sound]
info: src/Effect4/Store/Domain/Derived/Schema.lean:1908:0: 'Effect4.Store.SchemaGen.MultiDocumentC.instCanonical' depends on axioms: [propext, Quot.sound]
ℹ [44/74] Replayed Effect4.Program.AtomInventory
info: src/Effect4/Program/AtomInventory.lean:61:0: 'Effect4.Program.NativeAtom.all_complete' depends on axioms: [propext]
info: src/Effect4/Program/AtomInventory.lean:62:0: 'Effect4.Program.NativeAtom.covers_iff' depends on axioms: [propext, Quot.sound]
ℹ [51/74] Replayed Effect4.Program.NodeLenses
info: src/Effect4/Program/NodeLenses.lean:135:0: 'Effect4.Program.Node.child' depends on axioms: [propext]
info: src/Effect4/Program/NodeLenses.lean:136:0: 'Effect4.Program.Node.setChild' depends on axioms: [propext]
ℹ [52/74] Replayed Effect4.Program.Fold
info: src/Effect4/Program/Fold.lean:3350:0: 'Effect4.Program.hom_eq_cata_ty' depends on axioms: [propext]
info: src/Effect4/Program/Fold.lean:3351:0: 'Effect4.Program.cata_id_ty' does not depend on any axioms
info: src/Effect4/Program/Fold.lean:3352:0: 'Effect4.Program.foldM_eq_cata_ty' depends on axioms: [propext, Quot.sound]
info: src/Effect4/Program/Fold.lean:3353:0: 'Effect4.Program.foldM_id_ty' depends on axioms: [propext, Quot.sound]
info: src/Effect4/Program/Fold.lean:3354:0: 'Effect4.Program.foldM_natural_ty' depends on axioms: [propext, Quot.sound]
info: src/Effect4/Program/Fold.lean:3355:0: 'Effect4.Program.hom_eq_cata_term' depends on axioms: [propext]
info: src/Effect4/Program/Fold.lean:3356:0: 'Effect4.Program.hom_eq_cata_terms' depends on axioms: [propext]
info: src/Effect4/Program/Fold.lean:3357:0: 'Effect4.Program.cata_id_term' does not depend on any axioms
info: src/Effect4/Program/Fold.lean:3358:0: 'Effect4.Program.cata_id_terms' does not depend on any axioms
info: src/Effect4/Program/Fold.lean:3359:0: 'Effect4.Program.foldM_eq_cata_term' depends on axioms: [propext, Quot.sound]
info: src/Effect4/Program/Fold.lean:3360:0: 'Effect4.Program.foldM_eq_cata_terms' depends on axioms: [propext, Quot.sound]
info: src/Effect4/Program/Fold.lean:3361:0: 'Effect4.Program.foldM_id_term' depends on axioms: [propext, Quot.sound]
info: src/Effect4/Program/Fold.lean:3362:0: 'Effect4.Program.foldM_id_terms' depends on axioms: [propext, Quot.sound]
info: src/Effect4/Program/Fold.lean:3363:0: 'Effect4.Program.foldM_natural_term' depends on axioms: [propext, Quot.sound]
info: src/Effect4/Program/Fold.lean:3364:0: 'Effect4.Program.foldM_natural_terms' depends on axioms: [propext, Quot.sound]
info: src/Effect4/Program/Fold.lean:3365:0: 'Effect4.Program.hom_eq_cata_cause' depends on axioms: [propext]
info: src/Effect4/Program/Fold.lean:3366:0: 'Effect4.Program.cata_id_cause' does not depend on any axioms
info: src/Effect4/Program/Fold.lean:3367:0: 'Effect4.Program.foldM_eq_cata_cause' depends on axioms: [propext, Quot.sound]
info: src/Effect4/Program/Fold.lean:3368:0: 'Effect4.Program.foldM_id_cause' depends on axioms: [propext, Quot.sound]
info: src/Effect4/Program/Fold.lean:3369:0: 'Effect4.Program.foldM_natural_cause' depends on axioms: [propext, Quot.sound]
info: src/Effect4/Program/Fold.lean:3370:0: 'Effect4.Program.hom_eq_cata_eff' depends on axioms: [propext]
info: src/Effect4/Program/Fold.lean:3371:0: 'Effect4.Program.hom_eq_cata_stmt' depends on axioms: [propext]
info: src/Effect4/Program/Fold.lean:3372:0: 'Effect4.Program.hom_eq_cata_stmts' depends on axioms: [propext]
info: src/Effect4/Program/Fold.lean:3373:0: 'Effect4.Program.hom_eq_cata_effs' depends on axioms: [propext]
info: src/Effect4/Program/Fold.lean:3374:0: 'Effect4.Program.hom_eq_cata_action' depends on axioms: [propext]
info: src/Effect4/Program/Fold.lean:3375:0: 'Effect4.Program.hom_eq_cata_layer' depends on axioms: [propext]
info: src/Effect4/Program/Fold.lean:3376:0: 'Effect4.Program.hom_eq_cata_layers' depends on axioms: [propext]
info: src/Effect4/Program/Fold.lean:3377:0: 'Effect4.Program.cata_id_eff' does not depend on any axioms
info: src/Effect4/Program/Fold.lean:3378:0: 'Effect4.Program.cata_id_stmt' does not depend on any axioms
info: src/Effect4/Program/Fold.lean:3379:0: 'Effect4.Program.cata_id_stmts' does not depend on any axioms
info: src/Effect4/Program/Fold.lean:3380:0: 'Effect4.Program.cata_id_effs' does not depend on any axioms
info: src/Effect4/Program/Fold.lean:3381:0: 'Effect4.Program.cata_id_action' does not depend on any axioms
info: src/Effect4/Program/Fold.lean:3382:0: 'Effect4.Program.cata_id_layer' does not depend on any axioms
info: src/Effect4/Program/Fold.lean:3383:0: 'Effect4.Program.cata_id_layers' does not depend on any axioms
info: src/Effect4/Program/Fold.lean:3384:0: 'Effect4.Program.foldM_eq_cata_eff' depends on axioms: [propext, Quot.sound]
info: src/Effect4/Program/Fold.lean:3385:0: 'Effect4.Program.foldM_eq_cata_stmt' depends on axioms: [propext, Quot.sound]
info: src/Effect4/Program/Fold.lean:3386:0: 'Effect4.Program.foldM_eq_cata_stmts' depends on axioms: [propext, Quot.sound]
info: src/Effect4/Program/Fold.lean:3387:0: 'Effect4.Program.foldM_eq_cata_effs' depends on axioms: [propext, Quot.sound]
info: src/Effect4/Program/Fold.lean:3388:0: 'Effect4.Program.foldM_eq_cata_action' depends on axioms: [propext, Quot.sound]
info: src/Effect4/Program/Fold.lean:3389:0: 'Effect4.Program.foldM_eq_cata_layer' depends on axioms: [propext, Quot.sound]
info: src/Effect4/Program/Fold.lean:3390:0: 'Effect4.Program.foldM_eq_cata_layers' depends on axioms: [propext, Quot.sound]
info: src/Effect4/Program/Fold.lean:3391:0: 'Effect4.Program.foldM_id_eff' depends on axioms: [propext, Quot.sound]
info: src/Effect4/Program/Fold.lean:3392:0: 'Effect4.Program.foldM_id_stmt' depends on axioms: [propext, Quot.sound]
info: src/Effect4/Program/Fold.lean:3393:0: 'Effect4.Program.foldM_id_stmts' depends on axioms: [propext, Quot.sound]
info: src/Effect4/Program/Fold.lean:3394:0: 'Effect4.Program.foldM_id_effs' depends on axioms: [propext, Quot.sound]
info: src/Effect4/Program/Fold.lean:3395:0: 'Effect4.Program.foldM_id_action' depends on axioms: [propext, Quot.sound]
info: src/Effect4/Program/Fold.lean:3396:0: 'Effect4.Program.foldM_id_layer' depends on axioms: [propext, Quot.sound]
info: src/Effect4/Program/Fold.lean:3397:0: 'Effect4.Program.foldM_id_layers' depends on axioms: [propext, Quot.sound]
info: src/Effect4/Program/Fold.lean:3398:0: 'Effect4.Program.foldM_natural_eff' depends on axioms: [propext, Quot.sound]
info: src/Effect4/Program/Fold.lean:3399:0: 'Effect4.Program.foldM_natural_stmt' depends on axioms: [propext, Quot.sound]
info: src/Effect4/Program/Fold.lean:3400:0: 'Effect4.Program.foldM_natural_stmts' depends on axioms: [propext, Quot.sound]
info: src/Effect4/Program/Fold.lean:3401:0: 'Effect4.Program.foldM_natural_effs' depends on axioms: [propext, Quot.sound]
info: src/Effect4/Program/Fold.lean:3402:0: 'Effect4.Program.foldM_natural_action' depends on axioms: [propext, Quot.sound]
info: src/Effect4/Program/Fold.lean:3403:0: 'Effect4.Program.foldM_natural_layer' depends on axioms: [propext, Quot.sound]
info: src/Effect4/Program/Fold.lean:3404:0: 'Effect4.Program.foldM_natural_layers' depends on axioms: [propext, Quot.sound]
info: src/Effect4/Program/Fold.lean:3405:0: 'Effect4.Program.weaken_eq_cata_eff' depends on axioms: [propext]
info: src/Effect4/Program/Fold.lean:3406:0: 'Effect4.Program.weaken_eq_cata_stmt' depends on axioms: [propext]
info: src/Effect4/Program/Fold.lean:3407:0: 'Effect4.Program.weaken_eq_cata_stmts' depends on axioms: [propext]
info: src/Effect4/Program/Fold.lean:3408:0: 'Effect4.Program.weaken_eq_cata_effs' depends on axioms: [propext]
info: src/Effect4/Program/Fold.lean:3409:0: 'Effect4.Program.weaken_eq_cata_action' depends on axioms: [propext]
ℹ [69/74] Replayed Effect4.Store.Domain.Derived.Program
info: src/Effect4/Store/Domain/Derived/Program.lean:2873:0: 'Effect4.Store.ProgramGen.LitC.toVal' depends on axioms: [propext]
info: src/Effect4/Store/Domain/Derived/Program.lean:2874:0: 'Effect4.Store.ProgramGen.LitC.ofVal_toVal' depends on axioms: [propext]
info: src/Effect4/Store/Domain/Derived/Program.lean:2875:0: 'Effect4.Store.ProgramGen.LitC.ofVal_exact' depends on axioms: [propext, Quot.sound]
info: src/Effect4/Store/Domain/Derived/Program.lean:2876:0: 'Effect4.Store.ProgramGen.LitC.fits' depends on axioms: [propext, Quot.sound]
info: src/Effect4/Store/Domain/Derived/Program.lean:2877:0: 'Effect4.Store.ProgramGen.LitC.instCanonical' depends on axioms: [propext, Quot.sound]
info: src/Effect4/Store/Domain/Derived/Program.lean:2878:0: 'Effect4.Store.ProgramGen.FnNameC.toVal' does not depend on any axioms
info: src/Effect4/Store/Domain/Derived/Program.lean:2879:0: 'Effect4.Store.ProgramGen.FnNameC.ofVal_toVal' depends on axioms: [propext]
info: src/Effect4/Store/Domain/Derived/Program.lean:2880:0: 'Effect4.Store.ProgramGen.FnNameC.ofVal_exact' depends on axioms: [propext]
info: src/Effect4/Store/Domain/Derived/Program.lean:2881:0: 'Effect4.Store.ProgramGen.FnNameC.fits' depends on axioms: [propext]
info: src/Effect4/Store/Domain/Derived/Program.lean:2882:0: 'Effect4.Store.ProgramGen.FnNameC.instCanonical' depends on axioms: [propext]
info: src/Effect4/Store/Domain/Derived/Program.lean:2883:0: 'Effect4.Store.ProgramGen.FinalizerStrategyC.toVal' does not depend on any axioms
info: src/Effect4/Store/Domain/Derived/Program.lean:2884:0: 'Effect4.Store.ProgramGen.FinalizerStrategyC.ofVal_toVal' depends on axioms: [propext]
info: src/Effect4/Store/Domain/Derived/Program.lean:2885:0: 'Effect4.Store.ProgramGen.FinalizerStrategyC.ofVal_exact' depends on axioms: [propext]
info: src/Effect4/Store/Domain/Derived/Program.lean:2886:0: 'Effect4.Store.ProgramGen.FinalizerStrategyC.fits' depends on axioms: [propext]
info: src/Effect4/Store/Domain/Derived/Program.lean:2887:0: 'Effect4.Store.ProgramGen.FinalizerStrategyC.instCanonical' depends on axioms: [propext]
info: src/Effect4/Store/Domain/Derived/Program.lean:2888:0: 'Effect4.Store.ProgramGen.MaskModeC.toVal' does not depend on any axioms
info: src/Effect4/Store/Domain/Derived/Program.lean:2889:0: 'Effect4.Store.ProgramGen.MaskModeC.ofVal_toVal' depends on axioms: [propext]
info: src/Effect4/Store/Domain/Derived/Program.lean:2890:0: 'Effect4.Store.ProgramGen.MaskModeC.ofVal_exact' depends on axioms: [propext]
info: src/Effect4/Store/Domain/Derived/Program.lean:2891:0: 'Effect4.Store.ProgramGen.MaskModeC.fits' depends on axioms: [propext]
info: src/Effect4/Store/Domain/Derived/Program.lean:2892:0: 'Effect4.Store.ProgramGen.MaskModeC.instCanonical' depends on axioms: [propext]
info: src/Effect4/Store/Domain/Derived/Program.lean:2893:0: 'Effect4.Store.ProgramGen.ObserverModeC.toVal' does not depend on any axioms
info: src/Effect4/Store/Domain/Derived/Program.lean:2894:0: 'Effect4.Store.ProgramGen.ObserverModeC.ofVal_toVal' depends on axioms: [propext]
info: src/Effect4/Store/Domain/Derived/Program.lean:2895:0: 'Effect4.Store.ProgramGen.ObserverModeC.ofVal_exact' depends on axioms: [propext]
info: src/Effect4/Store/Domain/Derived/Program.lean:2896:0: 'Effect4.Store.ProgramGen.ObserverModeC.fits' depends on axioms: [propext]
info: src/Effect4/Store/Domain/Derived/Program.lean:2897:0: 'Effect4.Store.ProgramGen.ObserverModeC.instCanonical' depends on axioms: [propext]
info: src/Effect4/Store/Domain/Derived/Program.lean:2898:0: 'Effect4.Store.ProgramGen.DecisionC.toVal' depends on axioms: [propext]
info: src/Effect4/Store/Domain/Derived/Program.lean:2899:0: 'Effect4.Store.ProgramGen.DecisionC.ofVal_toVal' depends on axioms: [propext]
info: src/Effect4/Store/Domain/Derived/Program.lean:2900:0: 'Effect4.Store.ProgramGen.DecisionC.ofVal_exact' depends on axioms: [propext, Quot.sound]
info: src/Effect4/Store/Domain/Derived/Program.lean:2901:0: 'Effect4.Store.ProgramGen.DecisionC.fits' depends on axioms: [propext, Quot.sound]
info: src/Effect4/Store/Domain/Derived/Program.lean:2902:0: 'Effect4.Store.ProgramGen.DecisionC.instCanonical' depends on axioms: [propext, Quot.sound]
info: src/Effect4/Store/Domain/Derived/Program.lean:2903:0: 'Effect4.Store.ProgramGen.NativeOpC.toVal' depends on axioms: [propext]
info: src/Effect4/Store/Domain/Derived/Program.lean:2904:0: 'Effect4.Store.ProgramGen.NativeOpC.ofVal_toVal' depends on axioms: [propext]
info: src/Effect4/Store/Domain/Derived/Program.lean:2905:0: 'Effect4.Store.ProgramGen.NativeOpC.ofVal_exact' depends on axioms: [propext, Quot.sound]
info: src/Effect4/Store/Domain/Derived/Program.lean:2906:0: 'Effect4.Store.ProgramGen.NativeOpC.fits' depends on axioms: [propext, Quot.sound]
info: src/Effect4/Store/Domain/Derived/Program.lean:2907:0: 'Effect4.Store.ProgramGen.NativeOpC.instCanonical' depends on axioms: [propext, Quot.sound]
info: src/Effect4/Store/Domain/Derived/Program.lean:2908:0: 'Effect4.Store.ProgramGen.ForkOptionsC.toVal' depends on axioms: [propext]
info: src/Effect4/Store/Domain/Derived/Program.lean:2909:0: 'Effect4.Store.ProgramGen.ForkOptionsC.ofVal_toVal' depends on axioms: [propext]
info: src/Effect4/Store/Domain/Derived/Program.lean:2910:0: 'Effect4.Store.ProgramGen.ForkOptionsC.ofVal_exact' depends on axioms: [propext]
info: src/Effect4/Store/Domain/Derived/Program.lean:2911:0: 'Effect4.Store.ProgramGen.ForkOptionsC.fits' depends on axioms: [propext, Quot.sound]
info: src/Effect4/Store/Domain/Derived/Program.lean:2912:0: 'Effect4.Store.ProgramGen.ForkOptionsC.instCanonical' depends on axioms: [propext, Quot.sound]
info: src/Effect4/Store/Domain/Derived/Program.lean:2913:0: 'Effect4.Store.ProgramGen.TermC.toValTerm' depends on axioms: [propext, Quot.sound]
info: src/Effect4/Store/Domain/Derived/Program.lean:2914:0: 'Effect4.Store.ProgramGen.TermC.rawTerm_toValTerm' depends on axioms: [propext, Quot.sound]
info: src/Effect4/Store/Domain/Derived/Program.lean:2915:0: 'Effect4.Store.ProgramGen.TermC.fitsTerm' depends on axioms: [propext, Quot.sound]
info: src/Effect4/Store/Domain/Derived/Program.lean:2916:0: 'Effect4.Store.ProgramGen.TermC.instCanonicalTerm' depends on axioms: [propext, Quot.sound]
info: src/Effect4/Store/Domain/Derived/Program.lean:2917:0: 'Effect4.Store.ProgramGen.TermC.toValTerms' depends on axioms: [propext, Quot.sound]
info: src/Effect4/Store/Domain/Derived/Program.lean:2918:0: 'Effect4.Store.ProgramGen.TermC.rawTerms_toValTerms' depends on axioms: [propext, Quot.sound]
info: src/Effect4/Store/Domain/Derived/Program.lean:2919:0: 'Effect4.Store.ProgramGen.TermC.fitsTerms' depends on axioms: [propext, Quot.sound]
info: src/Effect4/Store/Domain/Derived/Program.lean:2920:0: 'Effect4.Store.ProgramGen.TermC.instCanonicalTerms' depends on axioms: [propext, Quot.sound]
info: src/Effect4/Store/Domain/Derived/Program.lean:2921:0: 'Effect4.Store.ProgramGen.CauseTermC.toValCauseTerm' depends on axioms: [propext, Quot.sound]
info: src/Effect4/Store/Domain/Derived/Program.lean:2922:0: 'Effect4.Store.ProgramGen.CauseTermC.rawCauseTerm_toValCauseTerm' depends on axioms: [propext, Quot.sound]
info: src/Effect4/Store/Domain/Derived/Program.lean:2923:0: 'Effect4.Store.ProgramGen.CauseTermC.fitsCauseTerm' depends on axioms: [propext, Quot.sound]
info: src/Effect4/Store/Domain/Derived/Program.lean:2924:0: 'Effect4.Store.ProgramGen.CauseTermC.instCanonicalCauseTerm' depends on axioms: [propext, Quot.sound]
info: src/Effect4/Store/Domain/Derived/Program.lean:2925:0: 'Effect4.Store.ProgramGen.ServiceNameC.toVal' depends on axioms: [propext]
info: src/Effect4/Store/Domain/Derived/Program.lean:2926:0: 'Effect4.Store.ProgramGen.ServiceNameC.ofVal_toVal' depends on axioms: [propext]
info: src/Effect4/Store/Domain/Derived/Program.lean:2927:0: 'Effect4.Store.ProgramGen.ServiceNameC.ofVal_exact' depends on axioms: [propext]
info: src/Effect4/Store/Domain/Derived/Program.lean:2928:0: 'Effect4.Store.ProgramGen.ServiceNameC.fits' depends on axioms: [propext, Quot.sound]
info: src/Effect4/Store/Domain/Derived/Program.lean:2929:0: 'Effect4.Store.ProgramGen.ServiceNameC.instCanonical' depends on axioms: [propext, Quot.sound]
info: src/Effect4/Store/Domain/Derived/Program.lean:2930:0: 'Effect4.Store.ProgramGen.ServiceTypeCodeC.toVal' depends on axioms: [propext]
info: src/Effect4/Store/Domain/Derived/Program.lean:2931:0: 'Effect4.Store.ProgramGen.ServiceTypeCodeC.ofVal_toVal' depends on axioms: [propext]
info: src/Effect4/Store/Domain/Derived/Program.lean:2932:0: 'Effect4.Store.ProgramGen.ServiceTypeCodeC.ofVal_exact' depends on axioms: [propext]
info: src/Effect4/Store/Domain/Derived/Program.lean:2933:0: 'Effect4.Store.ProgramGen.ServiceTypeCodeC.fits' depends on axioms: [propext, Quot.sound]
info: src/Effect4/Store/Domain/Derived/Program.lean:2934:0: 'Effect4.Store.ProgramGen.ServiceTypeCodeC.instCanonical' depends on axioms: [propext, Quot.sound]
info: src/Effect4/Store/Domain/Derived/Program.lean:2935:0: 'Effect4.Store.ProgramGen.ServiceKeyC.toVal' depends on axioms: [propext, Quot.sound]
info: src/Effect4/Store/Domain/Derived/Program.lean:2936:0: 'Effect4.Store.ProgramGen.ServiceKeyC.ofVal_toVal' depends on axioms: [propext, Quot.sound]
info: src/Effect4/Store/Domain/Derived/Program.lean:2937:0: 'Effect4.Store.ProgramGen.ServiceKeyC.ofVal_exact' depends on axioms: [propext, Quot.sound]
info: src/Effect4/Store/Domain/Derived/Program.lean:2938:0: 'Effect4.Store.ProgramGen.ServiceKeyC.fits' depends on axioms: [propext, Quot.sound]
info: src/Effect4/Store/Domain/Derived/Program.lean:2939:0: 'Effect4.Store.ProgramGen.ServiceKeyC.instCanonical' depends on axioms: [propext, Quot.sound]
info: src/Effect4/Store/Domain/Derived/Program.lean:2940:0: 'Effect4.Store.ProgramGen.TyC.toValTy' depends on axioms: [propext]
info: src/Effect4/Store/Domain/Derived/Program.lean:2941:0: 'Effect4.Store.ProgramGen.TyC.rawTy_toValTy' depends on axioms: [propext]
info: src/Effect4/Store/Domain/Derived/Program.lean:2942:0: 'Effect4.Store.ProgramGen.TyC.fitsTy' depends on axioms: [propext, Quot.sound]
info: src/Effect4/Store/Domain/Derived/Program.lean:2943:0: 'Effect4.Store.ProgramGen.TyC.instCanonicalTy' depends on axioms: [propext, Quot.sound]
info: src/Effect4/Store/Domain/Derived/Program.lean:2944:0: 'Effect4.Store.ProgramGen.EffC.toValEff' depends on axioms: [propext, Quot.sound]
info: src/Effect4/Store/Domain/Derived/Program.lean:2945:0: 'Effect4.Store.ProgramGen.EffC.rawEff_toValEff' depends on axioms: [propext, Quot.sound]
info: src/Effect4/Store/Domain/Derived/Program.lean:2946:0: 'Effect4.Store.ProgramGen.EffC.fitsEff' depends on axioms: [propext, Quot.sound]
info: src/Effect4/Store/Domain/Derived/Program.lean:2947:0: 'Effect4.Store.ProgramGen.EffC.instCanonicalEff' depends on axioms: [propext, Quot.sound]
info: src/Effect4/Store/Domain/Derived/Program.lean:2948:0: 'Effect4.Store.ProgramGen.EffC.toValStmt' depends on axioms: [propext, Quot.sound]
info: src/Effect4/Store/Domain/Derived/Program.lean:2949:0: 'Effect4.Store.ProgramGen.EffC.rawStmt_toValStmt' depends on axioms: [propext, Quot.sound]
info: src/Effect4/Store/Domain/Derived/Program.lean:2950:0: 'Effect4.Store.ProgramGen.EffC.fitsStmt' depends on axioms: [propext, Quot.sound]
info: src/Effect4/Store/Domain/Derived/Program.lean:2951:0: 'Effect4.Store.ProgramGen.EffC.instCanonicalStmt' depends on axioms: [propext, Quot.sound]
info: src/Effect4/Store/Domain/Derived/Program.lean:2952:0: 'Effect4.Store.ProgramGen.EffC.toValStmts' depends on axioms: [propext, Quot.sound]
info: src/Effect4/Store/Domain/Derived/Program.lean:2953:0: 'Effect4.Store.ProgramGen.EffC.rawStmts_toValStmts' depends on axioms: [propext, Quot.sound]
info: src/Effect4/Store/Domain/Derived/Program.lean:2954:0: 'Effect4.Store.ProgramGen.EffC.fitsStmts' depends on axioms: [propext, Quot.sound]
info: src/Effect4/Store/Domain/Derived/Program.lean:2955:0: 'Effect4.Store.ProgramGen.EffC.instCanonicalStmts' depends on axioms: [propext, Quot.sound]
info: src/Effect4/Store/Domain/Derived/Program.lean:2956:0: 'Effect4.Store.ProgramGen.EffC.toValEffs' depends on axioms: [propext, Quot.sound]
info: src/Effect4/Store/Domain/Derived/Program.lean:2957:0: 'Effect4.Store.ProgramGen.EffC.rawEffs_toValEffs' depends on axioms: [propext, Quot.sound]
info: src/Effect4/Store/Domain/Derived/Program.lean:2958:0: 'Effect4.Store.ProgramGen.EffC.fitsEffs' depends on axioms: [propext, Quot.sound]
info: src/Effect4/Store/Domain/Derived/Program.lean:2959:0: 'Effect4.Store.ProgramGen.EffC.instCanonicalEffs' depends on axioms: [propext, Quot.sound]
info: src/Effect4/Store/Domain/Derived/Program.lean:2960:0: 'Effect4.Store.ProgramGen.EffC.toValActionTerm' depends on axioms: [propext, Quot.sound]
info: src/Effect4/Store/Domain/Derived/Program.lean:2961:0: 'Effect4.Store.ProgramGen.EffC.rawActionTerm_toValActionTerm' depends on axioms: [propext, Quot.sound]
info: src/Effect4/Store/Domain/Derived/Program.lean:2962:0: 'Effect4.Store.ProgramGen.EffC.fitsActionTerm' depends on axioms: [propext, Quot.sound]
info: src/Effect4/Store/Domain/Derived/Program.lean:2963:0: 'Effect4.Store.ProgramGen.EffC.instCanonicalActionTerm' depends on axioms: [propext, Quot.sound]
info: src/Effect4/Store/Domain/Derived/Program.lean:2964:0: 'Effect4.Store.ProgramGen.EffC.toValLayerTerm' depends on axioms: [propext, Quot.sound]
info: src/Effect4/Store/Domain/Derived/Program.lean:2965:0: 'Effect4.Store.ProgramGen.EffC.rawLayerTerm_toValLayerTerm' depends on axioms: [propext, Quot.sound]
info: src/Effect4/Store/Domain/Derived/Program.lean:2966:0: 'Effect4.Store.ProgramGen.EffC.fitsLayerTerm' depends on axioms: [propext, Quot.sound]
info: src/Effect4/Store/Domain/Derived/Program.lean:2967:0: 'Effect4.Store.ProgramGen.EffC.instCanonicalLayerTerm' depends on axioms: [propext, Quot.sound]
info: src/Effect4/Store/Domain/Derived/Program.lean:2968:0: 'Effect4.Store.ProgramGen.EffC.toValLayerTerms' depends on axioms: [propext, Quot.sound]
info: src/Effect4/Store/Domain/Derived/Program.lean:2969:0: 'Effect4.Store.ProgramGen.EffC.rawLayerTerms_toValLayerTerms' depends on axioms: [propext, Quot.sound]
info: src/Effect4/Store/Domain/Derived/Program.lean:2970:0: 'Effect4.Store.ProgramGen.EffC.fitsLayerTerms' depends on axioms: [propext, Quot.sound]
info: src/Effect4/Store/Domain/Derived/Program.lean:2971:0: 'Effect4.Store.ProgramGen.EffC.instCanonicalLayerTerms' depends on axioms: [propext, Quot.sound]
info: src/Effect4/Store/Domain/Derived/Program.lean:2972:0: 'Effect4.Store.ProgramGen.RowKindC.toVal' does not depend on any axioms
info: src/Effect4/Store/Domain/Derived/Program.lean:2973:0: 'Effect4.Store.ProgramGen.RowKindC.ofVal_toVal' depends on axioms: [propext]
info: src/Effect4/Store/Domain/Derived/Program.lean:2974:0: 'Effect4.Store.ProgramGen.RowKindC.ofVal_exact' depends on axioms: [propext]
info: src/Effect4/Store/Domain/Derived/Program.lean:2975:0: 'Effect4.Store.ProgramGen.RowKindC.fits' depends on axioms: [propext]
info: src/Effect4/Store/Domain/Derived/Program.lean:2976:0: 'Effect4.Store.ProgramGen.RowKindC.instCanonical' depends on axioms: [propext]
info: src/Effect4/Store/Domain/Derived/Program.lean:2977:0: 'Effect4.Store.ProgramGen.RowShapeC.toVal' does not depend on any axioms
info: src/Effect4/Store/Domain/Derived/Program.lean:2978:0: 'Effect4.Store.ProgramGen.RowShapeC.ofVal_toVal' depends on axioms: [propext]
info: src/Effect4/Store/Domain/Derived/Program.lean:2979:0: 'Effect4.Store.ProgramGen.RowShapeC.ofVal_exact' depends on axioms: [propext]
info: src/Effect4/Store/Domain/Derived/Program.lean:2980:0: 'Effect4.Store.ProgramGen.RowShapeC.fits' depends on axioms: [propext]
info: src/Effect4/Store/Domain/Derived/Program.lean:2981:0: 'Effect4.Store.ProgramGen.RowShapeC.instCanonical' depends on axioms: [propext]
info: src/Effect4/Store/Domain/Derived/Program.lean:2982:0: 'Effect4.Store.ProgramGen.RegistrationC.toVal' does not depend on any axioms
info: src/Effect4/Store/Domain/Derived/Program.lean:2983:0: 'Effect4.Store.ProgramGen.RegistrationC.ofVal_toVal' depends on axioms: [propext]
info: src/Effect4/Store/Domain/Derived/Program.lean:2984:0: 'Effect4.Store.ProgramGen.RegistrationC.ofVal_exact' depends on axioms: [propext]
info: src/Effect4/Store/Domain/Derived/Program.lean:2985:0: 'Effect4.Store.ProgramGen.RegistrationC.fits' depends on axioms: [propext]
info: src/Effect4/Store/Domain/Derived/Program.lean:2986:0: 'Effect4.Store.ProgramGen.RegistrationC.instCanonical' depends on axioms: [propext]
info: src/Effect4/Store/Domain/Derived/Program.lean:2987:0: 'Effect4.Store.ProgramGen.RowC.toVal' depends on axioms: [propext, Quot.sound]
info: src/Effect4/Store/Domain/Derived/Program.lean:2988:0: 'Effect4.Store.ProgramGen.RowC.ofVal_toVal' depends on axioms: [propext, Quot.sound]
info: src/Effect4/Store/Domain/Derived/Program.lean:2989:0: 'Effect4.Store.ProgramGen.RowC.ofVal_exact' depends on axioms: [propext, Quot.sound]
info: src/Effect4/Store/Domain/Derived/Program.lean:2990:0: 'Effect4.Store.ProgramGen.RowC.fits' depends on axioms: [propext, Quot.sound]
info: src/Effect4/Store/Domain/Derived/Program.lean:2991:0: 'Effect4.Store.ProgramGen.RowC.instCanonical' depends on axioms: [propext, Quot.sound]
info: src/Effect4/Store/Domain/Derived/Program.lean:2992:0: 'Effect4.Store.ProgramGen.EffTyC.toVal' depends on axioms: [propext, Quot.sound]
info: src/Effect4/Store/Domain/Derived/Program.lean:2993:0: 'Effect4.Store.ProgramGen.EffTyC.ofVal_toVal' depends on axioms: [propext, Quot.sound]
info: src/Effect4/Store/Domain/Derived/Program.lean:2994:0: 'Effect4.Store.ProgramGen.EffTyC.ofVal_exact' depends on axioms: [propext, Quot.sound]
info: src/Effect4/Store/Domain/Derived/Program.lean:2995:0: 'Effect4.Store.ProgramGen.EffTyC.fits' depends on axioms: [propext, Quot.sound]
info: src/Effect4/Store/Domain/Derived/Program.lean:2996:0: 'Effect4.Store.ProgramGen.EffTyC.instCanonical' depends on axioms: [propext, Quot.sound]
ℹ [72/74] Replayed Effect4.Store.Domain.PinDerived
info: src/Effect4/Store/Domain/PinDerived.lean:297:0: 'Effect4.Store.PinGen.PinRoleC.toVal' does not depend on any axioms
info: src/Effect4/Store/Domain/PinDerived.lean:298:0: 'Effect4.Store.PinGen.PinRoleC.ofVal_toVal' depends on axioms: [propext]
info: src/Effect4/Store/Domain/PinDerived.lean:299:0: 'Effect4.Store.PinGen.PinRoleC.ofVal_exact' depends on axioms: [propext]
info: src/Effect4/Store/Domain/PinDerived.lean:300:0: 'Effect4.Store.PinGen.PinRoleC.fits' depends on axioms: [propext]
info: src/Effect4/Store/Domain/PinDerived.lean:301:0: 'Effect4.Store.PinGen.PinRoleC.instCanonical' depends on axioms: [propext]
info: src/Effect4/Store/Domain/PinDerived.lean:302:0: 'Effect4.Store.PinGen.PinC.toVal' depends on axioms: [propext, Quot.sound]
info: src/Effect4/Store/Domain/PinDerived.lean:303:0: 'Effect4.Store.PinGen.PinC.ofVal_toVal' depends on axioms: [propext, Quot.sound]
info: src/Effect4/Store/Domain/PinDerived.lean:304:0: 'Effect4.Store.PinGen.PinC.ofVal_exact' depends on axioms: [propext, Quot.sound]
info: src/Effect4/Store/Domain/PinDerived.lean:305:0: 'Effect4.Store.PinGen.PinC.fits' depends on axioms: [propext, Quot.sound]
info: src/Effect4/Store/Domain/PinDerived.lean:306:0: 'Effect4.Store.PinGen.PinC.instCanonical' depends on axioms: [propext, Quot.sound]
info: src/Effect4/Store/Domain/PinDerived.lean:307:0: 'Effect4.Store.PinGen.PinC.instContent' depends on axioms: [propext, Quot.sound]
info: src/Effect4/Store/Domain/PinDerived.lean:308:0: 'Effect4.Store.PinGen.TreeC.toVal' depends on axioms: [propext, Quot.sound]
info: src/Effect4/Store/Domain/PinDerived.lean:309:0: 'Effect4.Store.PinGen.TreeC.ofVal_toVal' depends on axioms: [propext, Quot.sound]
info: src/Effect4/Store/Domain/PinDerived.lean:310:0: 'Effect4.Store.PinGen.TreeC.ofVal_exact' depends on axioms: [propext, Quot.sound]
info: src/Effect4/Store/Domain/PinDerived.lean:311:0: 'Effect4.Store.PinGen.TreeC.fits' depends on axioms: [propext, Quot.sound]
info: src/Effect4/Store/Domain/PinDerived.lean:312:0: 'Effect4.Store.PinGen.TreeC.instCanonical' depends on axioms: [propext, Quot.sound]
info: src/Effect4/Store/Domain/PinDerived.lean:313:0: 'Effect4.Store.PinGen.TreeC.instContent' depends on axioms: [propext, Quot.sound]
✔ [73/74] Built Effect4Gen.Check (6.7s)
ℹ [74/74] Built Test.Store.DerivedCheck (44s)
info: Test/Store/DerivedCheck.lean:54:0: ok      src/Effect4/Store/Domain/Derived/Json.lean: Float64 projects Effect4.Float64 (1 cases)
ok      src/Effect4/Store/Domain/Derived/Json.lean: Json projects Effect4.Json (6 cases)
ok      src/Effect4/Store/Domain/Derived/Schema.lean: ReferenceKey projects Effect4.ReferenceKey (1 cases)
ok      src/Effect4/Store/Domain/Derived/Schema.lean: GlobalSymbolKey projects Effect4.GlobalSymbolKey (1 cases)
ok      src/Effect4/Store/Domain/Derived/Schema.lean: AnnotationEntry projects Effect4.AnnotationEntry (1 cases)
ok      src/Effect4/Store/Domain/Derived/Schema.lean: LiteralValue projects Effect4.LiteralValue (4 cases)
ok      src/Effect4/Store/Domain/Derived/Schema.lean: EnumValue projects Effect4.EnumValue (2 cases)
ok      src/Effect4/Store/Domain/Derived/Schema.lean: EnumEntry projects Effect4.EnumEntry (1 cases)
ok      src/Effect4/Store/Domain/Derived/Schema.lean: PropertyKey projects Effect4.PropertyKey (3 cases)
ok      src/Effect4/Store/Domain/Derived/Schema.lean: RepresentationAnnotation projects Effect4.RepresentationAnnotation (1 cases)
ok      src/Effect4/Store/Domain/Derived/Schema.lean: UnionMode projects Effect4.UnionMode (2 cases)
ok      src/Effect4/Store/Domain/Derived/Schema.lean: Representation projects Effect4.Representation (22 cases)
ok      src/Effect4/Store/Domain/Derived/Schema.lean: Check projects Effect4.Check (2 cases)
ok      src/Effect4/Store/Domain/Derived/Schema.lean: CheckRepresentationAnnotationOf projects Effect4.CheckRepresentationAnnotationOf (1 cases)
ok      src/Effect4/Store/Domain/Derived/Schema.lean: ElementOf projects Effect4.ElementOf (1 cases)
ok      src/Effect4/Store/Domain/Derived/Schema.lean: PropertySignatureOf projects Effect4.PropertySignatureOf (1 cases)
ok      src/Effect4/Store/Domain/Derived/Schema.lean: IndexSignatureOf projects Effect4.IndexSignatureOf (1 cases)
ok      src/Effect4/Store/Domain/Derived/Schema.lean: ReferenceEntry projects Effect4.ReferenceEntry (1 cases)
ok      src/Effect4/Store/Domain/Derived/Schema.lean: Document projects Effect4.Document (1 cases)
ok      src/Effect4/Store/Domain/Derived/Schema.lean: MultiDocument projects Effect4.MultiDocument (1 cases)
ok      src/Effect4/Store/Domain/Derived/Program.lean: Lit projects Effect4.Program.Lit (4 cases)
ok      src/Effect4/Store/Domain/Derived/Program.lean: FnName projects Effect4.Machine.FnName (5 cases)
ok      src/Effect4/Store/Domain/Derived/Program.lean: FinalizerStrategy projects Effect4.FinalizerStrategy (2 cases)
ok      src/Effect4/Store/Domain/Derived/Program.lean: MaskMode projects Effect4.Supervision.MaskMode (3 cases)
ok      src/Effect4/Store/Domain/Derived/Program.lean: ObserverMode projects Effect4.Supervision.ObserverMode (2 cases)
ok      src/Effect4/Store/Domain/Derived/Program.lean: Decision projects Effect4.Program.Decision (3 cases)
ok      src/Effect4/Store/Domain/Derived/Program.lean: NativeOp projects Effect4.Program.NativeOp (23 cases)
ok      src/Effect4/Store/Domain/Derived/Program.lean: ForkOptions projects Effect4.Supervision.ForkOptions (1 cases)
ok      src/Effect4/Store/Domain/Derived/Program.lean: Term projects Effect4.Program.Term (3 cases)
ok      src/Effect4/Store/Domain/Derived/Program.lean: Terms projects Effect4.Program.Terms (2 cases)
ok      src/Effect4/Store/Domain/Derived/Program.lean: CauseTerm projects Effect4.Program.CauseTerm (4 cases)
ok      src/Effect4/Store/Domain/Derived/Program.lean: ServiceName projects Effect4.ServiceName (1 cases)
ok      src/Effect4/Store/Domain/Derived/Program.lean: ServiceTypeCode projects Effect4.ServiceTypeCode (1 cases)
ok      src/Effect4/Store/Domain/Derived/Program.lean: ServiceKey projects Effect4.ServiceKey (1 cases)
ok      src/Effect4/Store/Domain/Derived/Program.lean: Ty projects Effect4.Program.Ty (20 cases)
ok      src/Effect4/Store/Domain/Derived/Program.lean: Eff projects Effect4.Program.Eff (25 cases)
ok      src/Effect4/Store/Domain/Derived/Program.lean: Stmt projects Effect4.Program.Stmt (6 cases)
ok      src/Effect4/Store/Domain/Derived/Program.lean: Stmts projects Effect4.Program.Stmts (2 cases)
ok      src/Effect4/Store/Domain/Derived/Program.lean: Effs projects Effect4.Program.Effs (2 cases)
ok      src/Effect4/Store/Domain/Derived/Program.lean: ActionTerm projects Effect4.Program.ActionTerm (16 cases)
ok      src/Effect4/Store/Domain/Derived/Program.lean: LayerTerm projects Effect4.Program.LayerTerm (10 cases)
ok      src/Effect4/Store/Domain/Derived/Program.lean: LayerTerms projects Effect4.Program.LayerTerms (2 cases)
ok      src/Effect4/Store/Domain/Derived/Program.lean: RowKind projects Effect4.Program.RowKind (3 cases)
ok      src/Effect4/Store/Domain/Derived/Program.lean: RowShape projects Effect4.Program.RowShape (4 cases)
ok      src/Effect4/Store/Domain/Derived/Program.lean: Registration projects Effect4.Program.Registration (2 cases)
ok      src/Effect4/Store/Domain/Derived/Program.lean: Row projects Effect4.Program.Row (1 cases)
ok      src/Effect4/Store/Domain/Derived/Program.lean: EffTy projects Effect4.Program.EffTy (1 cases)
ok      src/Effect4/Store/Domain/PinDerived.lean: PinRole projects Effect4.Store.PinRole (2 cases)
ok      src/Effect4/Store/Domain/PinDerived.lean: Pin projects Effect4.Store.Pin (1 cases)
ok      src/Effect4/Store/Domain/PinDerived.lean: Tree projects Effect4.Store.Tree (1 cases)
info: Test/Store/DerivedCheck.lean:91:0: 'Test.Store.DerivedCheck.derivedFiles' does not depend on any axioms
Build completed successfully (74 jobs).
# exit=0 seconds=52
