set -o pipefail; lake build 2>&1 | tee .lake/gen/build.log
✔ [555/869] Built Effect4 (2.7s)
✔ [1239/1245] Built ProofGraph.Registry (3.2s)
✔ [1240/1255] Built Effect4:shared (581ms)
✔ [1242/1271] Built Effect4.Laws.Author.Explain (1.9s)
✔ [1247/1271] Built Test.Program.H2PartOne (2.0s)
✔ [1260/1271] Built Effect4.Laws.Author (1.6s)
✔ [1262/1272] Built Test.Program.Gen (868ms)
✔ [1265/1275] Built Test.Program.ProtocolPosts (2.2s)
✔ [1269/1275] Built Effect4.Laws (1.9s)
✔ [1271/1292] Built Test.Dogfood.Scenario (1.6s)
✔ [1284/1292] Built Test.Dogfood.Stage (1.3s)
✔ [1287/1300] Built Test.Audit.ScenarioGate (1.6s)
✔ [1309/1326] Built Test.Dogfood.P2HandlerLayers (1.4s)
✔ [1316/1334] Built Test.Audit.AxiomGate (1.7s)
✔ [1318/1334] Built Conform.Effect4.LcnfMl (1.7s)
✔ [1319/1334] Built Test.Dogfood.Scenario.Todo (1.4s)
✔ [1320/1335] Built Test.Dogfood.Scenario.Routing (1.9s)
✔ [1328/1336] Built Test.Audit.LetReturn (2.0s)
✔ [1329/1336] Built Test.Api.SessionMeaning (2.3s)
✔ [1330/1337] Built Test.Audit.Explain (11s)
✔ [1332/1338] Built Tools.Exposure (1.1s)
✔ [1335/1345] Built Test.Audit.Exposure (995ms)
✔ [1342/1346] Built Test.Program.StepLanguage (1.5s)
✔ [1343/1347] Built Test.Program.StepConstruction (1.4s)
✔ [1344/1348] Built Test.Program.StepConstructors (1.5s)
✔ [1345/1349] Built Test.Program.StepFolds (1.5s)
✔ [1346/1350] Built Test.Program.StepInputs (1.3s)
✔ [1347/1351] Built Test.Program.StepLists (1.6s)
✔ [1348/1352] Built Test.Audit.ProofStyle (10s)
✔ [1349/1353] Built Test.Program.StepTuples (1.7s)
✔ [1350/1354] Built Test.Program.SemaphoreData (1.4s)
✔ [1351/1355] Built Test.Program.PoolData (1.4s)
✔ [1352/1356] Built Test.Program.QueueData (1.4s)
✔ [1353/1363] Built Test.Program.LatchSteps (1.4s)
✔ [1361/1367] Built Test.Program.LatchRegistration (1.4s)
✔ [1362/1376] Built Test.Dogfood.P4RateLimiter (1.6s)
✔ [1371/1377] Built Test.Dogfood.P1HttpCache (1.7s)
✔ [1372/1378] Built Test.Program.TypedSplit (1.3s)
✔ [1373/1379] Built Test.Dogfood.Scenario.Timeout (2.1s)
✔ [1374/1379] Built Test.Program.TermFits (1.4s)
✔ [1375/1380] Built Test.Program.SignatureControls (1.5s)
✔ [1376/1381] Built Test.Program.SketchControls (1.4s)
✔ [1377/1382] Built Test.Program.DefinitionsControls (1.3s)
✔ [1378/1383] Built Test.Program.ReplaceControls (1.5s)
✔ [1379/1384] Built Test.Program.TypedProgRows (1.3s)
✔ [1380/1385] Built Test.Program.AdmissionColumns (1.4s)
✔ [1381/1386] Built Test.Program.FormationContract (1.4s)
✔ [1382/1387] Built Test.Program.FormationClosed (1.5s)
✔ [1383/1388] Built Test.Codegen.TermRows (11s)
✔ [1384/1388] Built Test.Program.MaskContract (875ms)
✔ [1385/1390] Built Test.Program.FoldContract (1.8s)
✔ [1386/1391] Built Test.Program.MaskEngine (553ms)
✔ [1387/1392] Built Test.Program.MaskClaims (1.4s)
✔ [1388/1393] Built Test.Program.FoldHygiene (1.3s)
✔ [1389/1394] Built Test.Program.Ascribe (1.3s)
✔ [1390/1395] Built Test.Program.RecordValues (1.3s)
✔ [1391/1396] Built Test.Program.MapValues (476ms)
✔ [1392/1397] Built Test.Program.MapTyping (1.4s)
✔ [1393/1398] Built Test.Program.QueueScenarios (7.7s)
✔ [1394/1399] Built Test.Program.MapHandles (1.2s)
✔ [1395/1400] Built Test.Program.RecordOperations (1.4s)
✔ [1396/1401] Built Test.Program.QueueMask (2.1s)
✔ [1397/1402] Built Test.Program.UnionRule (1.5s)
✔ [1398/1403] Built Test.Program.Eliminators (1.7s)
✔ [1399/1404] Built Test.Program.Order (1.3s)
✔ [1400/1405] Built Test.Program.FoldFamilySelection (1.1s)
✔ [1401/1406] Built Test.Program.RecordRefusals (492ms)
✔ [1402/1407] Built Test.Program.RecordTerms (497ms)
✔ [1403/1408] Built Test.Program.RecordTag (1.4s)
✔ [1404/1409] Built Test.Program.AuthoringRecords (1.3s)
✔ [1405/1410] Built Test.Program.TupleTerms (439ms)
✔ [1406/1411] Built Test.Program.TupleRefusals (454ms)
✔ [1407/1412] Built Test.Program.TupleTyping (1.3s)
✔ [1408/1413] Built Test.Program.TupleMembership (1.3s)
✔ [1409/1415] Built Test.Program.TupleHandles (1.3s)
✔ [1410/1415] Built Test.Program.AuthoringTuples (1.2s)
✔ [1411/1416] Built Test.Program.ProtocolCertificates (1.2s)
✔ [1412/1417] Built Test.Program.TypedWorldValidity (1.4s)
✔ [1413/1418] Built Test.Program.ProtocolLaws (1.6s)
✔ [1414/1419] Built Test.Program.TypedProgBindRed (1.7s)
✔ [1415/1420] Built Test.Program.SignatureSum (846ms)
✔ [1416/1421] Built Test.Program.TypedResidual (1.4s)
✔ [1417/1422] Built Test.Program.TypedControl (1.5s)
✔ [1418/1423] Built Test.Program.TypedDenotation (1.6s)
✔ [1419/1424] Built Test.Program.LayerRefs (1.4s)
✔ [1420/1425] Built Test.Program.ReferenceExpansion (1.7s)
✔ [1421/1427] Built Test.Program.LayerDenotation (2.6s)
✔ [1422/1427] Built Test.Program.TyTables (565ms)
✔ [1423/1428] Built Test.Program.TyWave (553ms)
✔ [1424/1429] Built Test.Program.GuardFoldLift (1.5s)
✔ [1425/1430] Built Test.Program.ParkHandshake (1.4s)
✔ [1426/1431] Built Test.Program.ExitConnector (1.6s)
✔ [1427/1432] Built Test.Program.TypedCorpus (1.9s)
✔ [1428/1433] Built Test.Program.LoadedAdmission (1.7s)
✔ [1429/1434] Built Test.Program.AdmissionCensus (1.5s)
✔ [1430/1435] Built Test.Program.TypedStack (1.4s)
✔ [1431/1436] Built Test.Program.FramesNotKripke (1.9s)
✔ [1432/1437] Built Test.Program.TimerColumn (1.6s)
✔ [1433/1438] Built Test.Program.MemoTable (1.4s)
✔ [1434/1439] Built Test.Program.WaiterColumn (1.5s)
✔ [1435/1440] Built Test.Program.RegistrationColumn (1.6s)
✔ [1436/1441] Built Test.Program.ScopeExitCallback (1.4s)
✔ [1437/1442] Built Test.Program.EnrollmentBound (1.5s)
✔ [1438/1443] Built Test.Program.RegistrationYield (1.7s)
✔ [1439/1444] Built Test.Program.LaunchEntrant (1.4s)
✔ [1440/1445] Built Test.Program.HostWalk (1.4s)
✔ [1441/1446] Built Test.Program.LoopProtocols (1.4s)
✔ [1442/1447] Built Test.Program.AnswerSchema (1.4s)
✔ [1443/1448] Built Test.Program.RawHandleTerms (1.3s)
✔ [1444/1449] Built Test.Program.CompletionDueControls (1.3s)
✔ [1445/1460] Built Test.Program.ReadOnlyStoreClauses (1.4s)
✔ [1456/1488] Built Test.Program.CapabilityMembership (1.3s)
✔ [1482/1490] Built Test.Program.CompileContract (2.1s)
✔ [1486/1492] Built Test.Program.TypedContract (1.9s)
✔ [1487/1493] Built Test.Program.WeakenContract (536ms)
✔ [1488/1494] Built Test.Program.LayerSharingContract (438ms)
✔ [1489/1495] Built Test.Program.AuthoringDeclare (1.2s)
✔ [1490/1495] Built Test.Program.AuthorContract (1.7s)
✔ [1491/1496] Built Test.Program.AuthoringScope (556ms)
✔ [1492/1497] Built Test.Program.AuthoringContract (1.6s)
✔ [1493/1498] Built Test.Program.FragmentCensusContract (448ms)
✔ [1494/1499] Built Test.Program.LoopSugarContract (1.3s)
✔ [1495/1500] Built Test.Program.DenoteContract (1.4s)
✔ [1496/1502] Built Test.Program.DenoteBContract (1.4s)
✔ [1497/1502] Built Test.Program.IterLimit (487ms)
✔ [1498/1503] Built Test.Program.StoreComodel (1.3s)
✔ [1499/1504] Built Test.Program.MeaningSoundContract (1.4s)
✔ [1500/1505] Built Test.Program.LoopSoundContract (1.4s)
✔ [1501/1506] Built Test.Program.LoopAgreementContract (1.4s)
✔ [1502/1507] Built Test.Program.AgreementContract (3.1s)
✔ [1503/1508] Built Test.Program.QueueContract (548ms)
✔ [1504/1509] Built Test.Program.MeaningEqContract (1.5s)
✔ [1505/1510] Built Test.Program.QueueCapacity (1.1s)
✔ [1506/1511] Built Test.Program.QueueProfile (1.1s)
✔ [1507/1512] Built Test.Program.QueueSteps (1.9s)
✔ [1508/1513] Built Test.Program.QueueDefs (1.7s)
✔ [1509/1514] Built Test.Program.AuthoringDefs (493ms)
✔ [1510/1515] Built Test.Program.AuthoringModule (1.5s)
✔ [1511/1516] Built Test.Program.ModuleDefinitions (1.4s)
✔ [1512/1517] Built Test.Program.QueueOps (3.3s)
✔ [1513/1518] Built Test.Program.QueueInvariant (1.5s)
✔ [1514/1520] Built Test.Program.QueueTraces (6.3s)
✔ [1515/1521] Built Test.Program.QueueAgreement (2.1s)
✔ [1516/1522] Built Test.Program.QueueEngine (1.9s)
✔ [1517/1523] Built Test.Program.QueueRelation (1.7s)
✔ [1518/1524] Built Test.Program.QueueFaces (1.9s)
✔ [1519/1524] Built Test.Program.QueueTyping (1.8s)
✔ [1520/1525] Built Test.Program.SemaphoreContract (1.4s)
✔ [1521/1526] Built Test.Program.QueueWorkload (1.6s)
✔ [1522/1527] Built Test.Program.SemaphoreSteps (1.6s)
✔ [1523/1528] Built Test.Program.SemaphoreAgreement (2.4s)
✔ [1524/1529] Built Test.Program.SemaphoreRelation (1.6s)
✔ [1525/1533] Built Test.Program.SemaphoreWrapper (1.4s)
✔ [1526/1534] Built Test.Program.SemaphoreScenarios (14s)
✔ [1527/1535] Built Test.Program.SemaphoreFaces (1.7s)
✔ [1528/1535] Built Test.Program.SemaphoreTraces (5.4s)
✔ [1529/1535] Built Test.Program.SemaphoreOps (2.7s)
✔ [1530/1535] Built Test.Program.SemaphoreEngine (1.8s)
✔ [1531/1536] Built Test.Program.PoolContract (1.5s)
✔ [1532/1536] Built Test.Program.PoolSteps (1.9s)
✔ [1533/1539] Built Test.Program.PoolAgreement (2.2s)
✔ [1534/1543] Built Test.Program.PoolRelation (1.7s)
✔ [1535/1544] Built Test.Program.PoolScenarios (27s)
✔ [1536/1545] Built Test.Program.ProgressContract (1.7s)
✔ [1537/1546] Built Test.Program.InvocationContract (639ms)
✔ [1538/1547] Built Test.Program.HostSpecContract (639ms)
✔ [1539/1548] Built Test.Program.HostBoundaryContract (455ms)
✔ [1540/1548] Built Test.Program.SchedContract (1.3s)
✔ [1541/1550] Built Test.Program.DenoteRContract (1.6s)
✔ [1542/1551] Built Test.Program.ScopeMarkers (1.3s)
✔ [1543/1552] Built Test.Program.RuntimeRReference (1.6s)
✔ [1544/1553] Built Test.Program.RuntimeRContract (3.4s)
✔ [1545/1554] Built Test.Program.RuntimeRShapesContract (1.5s)
✔ [1546/1555] Built Test.Program.SimulationContract (1.8s)
✔ [1547/1556] Built Test.Program.DenoteRowsContract (2.2s)
✔ [1548/1557] Built Test.Program.TableReference (1.6s)
✔ [1549/1558] Built Test.Program.ProvisionContract (491ms)
✔ [1550/1559] Built Test.Program.ProvideRows (1.2s)
✔ [1551/1560] Built Test.Program.ConfigContract (619ms)
✔ [1552/1561] Built Test.Program.ScopedTypingContract (746ms)
✔ [1553/1562] Built Test.Program.NativeAtomContract (642ms)
✔ [1554/1563] Built Test.Program.AtomTable (398ms)
✔ [1555/1564] Built Test.Program.AtomRulesRed (1.8s)
✔ [1556/1565] Built Test.Program.CheckerRulesRed (914ms)
✔ [1557/1566] Built Test.Program.TypedStateRulesRed (1.3s)
✔ [1558/1567] Built Test.Program.ErrorQueriesContract (1.3s)
✔ [1559/1571] Built Test.Program.CatchIfContract (1.4s)
✔ [1564/1572] Built Test.Program.TypeAlgebraContract (2.1s)
✔ [1565/1573] Built Test.Program.TyViewContract (1.5s)
✔ [1566/1574] Built Test.Program.PoolPublic (33s)
✔ [1567/1575] Built Test.Program.ValueModelContract (1.5s)
✔ [1568/1575] Built Test.Program.PoolFaces (2.2s)
✔ [1569/1575] Built Test.Program.PoolOps (3.4s)
✔ [1570/1575] Built Test.Program.PoolTraces (13s)
✔ [1571/1576] Built Test.Program.TypingCheckContract (1.1s)
✔ [1572/1577] Built Test.Program.LinkedRowsContract (1.8s)
✔ [1573/1578] Built Test.Program.BlameContract (949ms)
✔ [1574/1579] Built Test.Program.FocusControls (2.1s)
✔ [1575/1580] Built Test.Program.PoolEngine (15s)
✔ [1576/1580] Built Test.Program.TableControls (1.9s)
✔ [1577/1588] Built Test.Program.PartsControls (2.2s)
✔ [1582/1589] Built Test.Program.SpliceControls (1.7s)
✔ [1583/1589] Built Test.Program.JsonFormControls (1.9s)
✔ [1584/1589] Built Test.Program.SessionToolControls (1.7s)
✔ [1585/1590] Built Test.Program.CallInstance (1.9s)
✔ [1586/1591] Built Test.Program.EditControls (2.8s)
✔ [1587/1592] Built Test.Program.QueryControls (2.0s)
✔ [1588/1593] Built Test.Program.DecisionContract (1.8s)
✔ [1590/1594] Built Test.Program.BoundsControls (2.4s)
✔ [1591/1597] Built Test.Dogfood.P5LedgerService (1.7s)
✔ [1592/1598] Built Test.Dogfood.P3WorkerQueue (2.3s)
✔ [1593/1599] Built Test.Dogfood.Scenario.Atomic (4.9s)
✔ [1594/1600] Built Test.Dogfood.Scenario.Workers (3.5s)
✔ [1595/1602] Built Test.Dogfood.Scenario.Gate (2.8s)
✔ [1596/1603] Built Test.Dogfood.Scenario.TodoPaged (2.4s)
✔ [1597/1604] Built Test.Program.ScopedOpContract (1.0s)
✔ [1598/1605] Built Test.Program.SliceLattice (4.5s)
✔ [1599/1606] Built Test.Program.StepCallback (2.5s)
✔ [1600/1607] Built Test.Program.RefModel (2.3s)
✔ [1601/1608] Built Test.Program.RefAgreement (2.2s)
✔ [1602/1609] Built Test.Program.RefPrograms (1.6s)
✔ [1603/1610] Built Test.Program.RefFaces (1.5s)
✔ [1604/1611] Built Test.Program.PartitionedSemaphorePrograms (1.8s)
✔ [1605/1612] Built Test.Program.PartitionedSemaphoreFaces (1.6s)
✔ [1606/1613] Built Test.Program.PartitionedSemaphoreBookkeeping (1.8s)
✔ [1608/1617] Built Test.Program.StreamArray (1.9s)
✔ [1609/1617] Built Test.Program.SynchronizedRef (1.9s)
✔ [1610/1617] Built Test.Program.PubSubSingle (2.0s)
✔ [1611/1617] Built Test.Dogfood.Scenario.QueueWorkers (45s)
✔ [1612/1617] Built Test.Dogfood.Scenario.Faces (1.9s)
✔ [1613/1617] Built Test.Dogfood.Scenario.Tape (2.0s)
✔ [1614/1617] Built Test.Dogfood.Scenario.Lowered (10s)
ℹ [1615/1617] Built Test.All (23s)
info: Test/All.lean:344:0: Effect4 library-root gate: 253 API/utility modules, 391 Laws-only modules; every library source is reachable; Effect4 never reaches Laws
info: Test/All.lean:344:0: Effect4 module and axiom gate: checked 987 modules and 103941 declarations; phases (ms): sources and closure 12, library roots 241, declarations 2738, resolution 682, axioms 17146, exemptions 293; semantic/test axioms are [propext,
 Quot.sound]; exact implementation boundary (22 module(s), 23 declaration(s)) additionally allows Classical.choice
info: Test/All.lean:344:0: Effect4 goal gate: 30 planned goal(s), each a theorem whose body is `sorry` outside the Effect4 root; 12 declaration(s) rest on goals; no other declaration reaches sorryAx
✔ [1616/1617] Built Test (1.6s)
Build completed successfully (1617 jobs).
lake build semantics-report Test.Program.TypedProgBindRed Test.Program.ProtocolPosts Test.Dogfood.P1HttpCache Test.Dogfood.P2HandlerLayers Test.Dogfood.P3WorkerQueue Test.Dogfood.P4RateLimiter Test.Dogfood.P5LedgerService Test.Dogfood.Scenario Test.Dogfood.Scenario.Workers Test.Dogfood.Scenario.Routing Test.Dogfood.Scenario.Atomic Test.Dogfood.Scenario.Timeout Test.Dogfood.Scenario.Tape Test.Dogfood.Scenario.QueueWorkers
✔ [21/115] Built ProofGraph.Registry:c.o (789ms)
✔ [1012/1016] Built Tools.Semantics (2.6s)
✔ [1014/1016] Built Drivers.Semantics (1.1s)
✔ [1016/1016] Built «semantics-report»:exe (1.7s)
Build completed successfully (1016 jobs).
rm -rf .lake/gen/semantics-report && mkdir -p .lake/gen/semantics-report
lake exe semantics-report .lake/gen/semantics-report
cp .lake/gen/semantics-report/semantics.md generated/semantics.md
