# check: q3-profile-red
# date: 2026-10-01T19:32:15Z
# cwd: /Users/pooks/Dev/lean4-effect4-probe-S/docs/research/2026-10-01-type-language-probe/S/host
# command: bun run q3-profile-red.ts
# versions: bun 1.4.2; tsgo 7.0.0-dev.20260629.1; node v22.23.2
ok   NAT: rc.112's persisted form of the readable text equals Lean's document modulo nS
ok   NAT: decode 0 default
ok   NAT: decode 42 default
ok   NAT: decode -1 default
ok   NAT: decode 1.5 default
ok   NAT: decode "42" default
ok   NAT: decode 9007199254740992 default
ok   NAT: decode 0 default
ok   NAT: decode 0 strict
ok   NAT: decode 42 strict
ok   NAT: decode -1 strict
ok   NAT: decode 1.5 strict
ok   NAT: decode "42" strict
ok   NAT: decode 9007199254740992 strict
ok   NAT: decode 0 strict
ok   INT: rc.112's persisted form of the readable text equals Lean's document modulo nS
ok   INT: decode 0 default
ok   INT: decode -15 default
ok   INT: decode 1.5 default
ok   INT: decode "1" default
ok   INT: decode 9007199254740992 default
ok   INT: decode 0 strict
ok   INT: decode -15 strict
ok   INT: decode 1.5 strict
ok   INT: decode "1" strict
ok   INT: decode 9007199254740992 strict
ok   RECORD: rc.112's persisted form of the readable text equals Lean's document modulo nS
ok   RECORD: decode {"a":1,"b":"x"} default
ok   RECORD: decode {"b":"x","a":1} default
ok   RECORD: decode {"a":1} default
ok   RECORD: decode {"a":"1","b":"x"} default
ok   RECORD: decode {"a":1,"b":"x","c":true} default
ok   RECORD: decode {"a":1.5,"b":"x"} default
ok   RECORD: decode {"a":1,"b":"x"} strict
ok   RECORD: decode {"b":"x","a":1} strict
ok   RECORD: decode {"a":1} strict
ok   RECORD: decode {"a":"1","b":"x"} strict
ok   RECORD: decode {"a":1,"b":"x","c":true} strict
ok   RECORD: decode {"a":1.5,"b":"x"} strict
ok   OPTIONAL: rc.112's persisted form of the readable text equals Lean's document modulo nS
ok   OPTIONAL: decode {"b":"x"} default
ok   OPTIONAL: decode {"a":1,"b":"x"} default
ok   OPTIONAL: decode {"b":"x"} default
ok   OPTIONAL: decode {"a":null,"b":"x"} default
ok   OPTIONAL: decode {"b":"x"} strict
ok   OPTIONAL: decode {"a":1,"b":"x"} strict
ok   OPTIONAL: decode {"b":"x"} strict
ok   OPTIONAL: decode {"a":null,"b":"x"} strict
ok   OPTIONAL_UNDEF: rc.112's persisted form of the readable text equals Lean's document modulo nS
ok   OPTIONAL_UNDEF: decode {} default
ok   OPTIONAL_UNDEF: decode {"a":1} default
ok   OPTIONAL_UNDEF: decode {} default
ok   OPTIONAL_UNDEF: decode {"a":null} default
ok   OPTIONAL_UNDEF: decode {} strict
ok   OPTIONAL_UNDEF: decode {"a":1} strict
ok   OPTIONAL_UNDEF: decode {} strict
ok   OPTIONAL_UNDEF: decode {"a":null} strict
ok   MAP: rc.112's persisted form of the readable text equals Lean's document modulo nS
ok   MAP: decode {} default
ok   MAP: decode {"a":1,"b":2} default
ok   MAP: decode {"a":"x"} default
ok   MAP: decode {"a":1.5} default
ok   MAP: decode {"a":2} default
ok   MAP: decode {} strict
ok   MAP: decode {"a":1,"b":2} strict
ok   MAP: decode {"a":"x"} strict
ok   MAP: decode {"a":1.5} strict
ok   MAP: decode {"a":2} strict
ok   TAGGED2: rc.112's persisted form of the readable text equals Lean's document modulo nS
ok   TAGGED2: decode {"_tag":"A","x":1} default
ok   TAGGED2: decode {"_tag":"B","y":"s"} default
ok   TAGGED2: decode {"_tag":"A","y":"s"} default
ok   TAGGED2: decode {} default
ok   TAGGED2: decode {"_tag":"A","x":1} strict
ok   TAGGED2: decode {"_tag":"B","y":"s"} strict
ok   TAGGED2: decode {"_tag":"A","y":"s"} strict
ok   TAGGED2: decode {} strict
ok   TAGGED3: rc.112's persisted form of the readable text equals Lean's document modulo nS
ok   TAGGED3: decode {"_tag":"A","x":1} default
ok   TAGGED3: decode {"_tag":"B","y":"s"} default
ok   TAGGED3: decode {"_tag":"C"} default
ok   TAGGED3: decode {"_tag":"D"} default
ok   TAGGED3: decode {"_tag":"C","x":1} default
ok   TAGGED3: decode {"_tag":"A","x":1} strict
ok   TAGGED3: decode {"_tag":"B","y":"s"} strict
ok   TAGGED3: decode {"_tag":"C"} strict
ok   TAGGED3: decode {"_tag":"D"} strict
ok   TAGGED3: decode {"_tag":"C","x":1} strict
ok   LIT3_NESTED: rc.112's persisted form of the readable text equals Lean's document modulo nS
ok   LIT3_NESTED: decode "a" default
ok   LIT3_NESTED: decode "b" default
ok   LIT3_NESTED: decode "c" default
ok   LIT3_NESTED: decode "d" default
ok   LIT3_NESTED: decode 1 default
ok   LIT3_NESTED: decode "a" strict
ok   LIT3_NESTED: decode "b" strict
ok   LIT3_NESTED: decode "c" strict
ok   LIT3_NESTED: decode "d" strict
ok   LIT3_NESTED: decode 1 strict
ok   LIT3_FLAT: rc.112's persisted form of the readable text equals Lean's document modulo nS
ok   LIT3_FLAT: decode "a" default
ok   LIT3_FLAT: decode "b" default
ok   LIT3_FLAT: decode "c" default
ok   LIT3_FLAT: decode "d" default
ok   LIT3_FLAT: decode 1 default
ok   LIT3_FLAT: decode "a" strict
ok   LIT3_FLAT: decode "b" strict
ok   LIT3_FLAT: decode "c" strict
ok   LIT3_FLAT: decode "d" strict
ok   LIT3_FLAT: decode 1 strict
FAIL TUPLE3: rc.112's persisted form of the readable text equals Lean's document modulo nS :: actual={"_tag":"Arrays","checks":[],"elements":[{"isOptional":false,"type":{"_tag":"Number","checks":[{"_tag":"Filter","representation":{"id":"effect/schema/isInt","payload":null},"aborted":false}]}},{"isOptional":false,"type":{"_tag":"String","checks":[]}},{"isOptional":false,"type":{"_tag":"Boolean","checks":[]}}],"rest":[]} expected={"_tag":"Arrays","checks":[],"elements":[],"rest":[{"_tag":"Number","checks":[{"_tag":"Filter","representation":{"id":"effect/schema/isInt","payload":null},"aborted":false}]}]}
ok   TUPLE3: decode [1,"x",true] default
ok   TUPLE3: decode [1,"x"] default
ok   TUPLE3: decode [1,"x",true,0] default
ok   TUPLE3: decode ["1","x",true] default
ok   TUPLE3: decode [1,"x",true] strict
ok   TUPLE3: decode [1,"x"] strict
ok   TUPLE3: decode [1,"x",true,0] strict
ok   TUPLE3: decode ["1","x",true] strict
ok   ARRAY: rc.112's persisted form of the readable text equals Lean's document modulo nS
ok   ARRAY: decode [] default
ok   ARRAY: decode ["a","b"] default
ok   ARRAY: decode [1] default
ok   ARRAY: decode [] strict
ok   ARRAY: decode ["a","b"] strict
ok   ARRAY: decode [1] strict
ok   NESTED: rc.112's persisted form of the readable text equals Lean's document modulo nS
ok   NESTED: decode {"user":{"age":42,"name":"Sam"}} default
ok   NESTED: decode {"user":{"age":-1,"name":"Sam"}} default
ok   NESTED: decode {"user":{"age":1}} default
ok   NESTED: decode {"user":{"age":42,"name":"Sam"}} strict
ok   NESTED: decode {"user":{"age":-1,"name":"Sam"}} strict
ok   NESTED: decode {"user":{"age":1}} strict
ok   SPECIAL: rc.112's persisted form of the readable text equals Lean's document modulo nS
ok   SPECIAL: decode {"9":4,"10":3,"__proto__":1,"a-b":"x","é":true,"constructor":"c","":2} default
ok   SPECIAL: decode {"9":4,"10":3,"a-b":"x","é":true,"constructor":"c","":2} default
ok   SPECIAL: decode {"9":-4,"10":3,"__proto__":1,"a-b":"x","é":true,"constructor":"c","":2} default
ok   SPECIAL: decode {"9":4,"10":3,"__proto__":1,"a-b":"x","é":true,"constructor":"c","":2} strict
ok   SPECIAL: decode {"9":4,"10":3,"a-b":"x","é":true,"constructor":"c","":2} strict
ok   SPECIAL: decode {"9":-4,"10":3,"__proto__":1,"a-b":"x","é":true,"constructor":"c","":2} strict
ok   ESCAPED: rc.112's persisted form of the readable text equals Lean's document modulo nS
ok   ESCAPED: decode {"x\"y":"s","a":1} default
ok   ESCAPED: decode {"a":1} default
ok   ESCAPED: decode {"x\"y":"s","a":1} strict
ok   ESCAPED: decode {"a":1} strict
ok   MUTABLE: rc.112's persisted form of the readable text equals Lean's document modulo nS
ok   MUTABLE: decode {} default
ok   MUTABLE: decode {"a-b":"ok"} default
ok   MUTABLE: decode {} default
ok   MUTABLE: decode {"a-b":1} default
ok   MUTABLE: decode {} strict
ok   MUTABLE: decode {"a-b":"ok"} strict
ok   MUTABLE: decode {} strict
ok   MUTABLE: decode {"a-b":1} strict
ok   ESC_PROTO: no code is emitted (Lean refuses)
ok   MAP_NUMBER: no code is emitted (Lean refuses)
ok   REST: no code is emitted (Lean refuses)
ok   RC_INT: no code is emitted (Lean refuses)
ok   N_PROTO: rc.112's persisted form of the readable text equals Lean's document modulo nS
ok   N_PROTO: decode {"__proto__":1} default
ok   N_PROTO: decode {} default
ok   N_PROTO: decode {"__proto__":"x"} default
ok   N_PROTO: decode {"__proto__":1} strict
ok   N_PROTO: decode {} strict
ok   N_PROTO: decode {"__proto__":"x"} strict
ok   N_HYPHEN: rc.112's persisted form of the readable text equals Lean's document modulo nS
ok   N_HYPHEN: decode {"a-b":"x"} default
ok   N_HYPHEN: decode {} default
ok   N_HYPHEN: decode {"a-b":1} default
ok   N_HYPHEN: decode {"a-b":"x"} strict
ok   N_HYPHEN: decode {} strict
ok   N_HYPHEN: decode {"a-b":1} strict
ok   N_UNICODE: rc.112's persisted form of the readable text equals Lean's document modulo nS
ok   N_UNICODE: decode {"é":true,"日本":1,"😀":"x"} default
ok   N_UNICODE: decode {"é":true,"日本":1} default
ok   N_UNICODE: decode {"é":true,"日本":1,"😀":"x"} strict
ok   N_UNICODE: decode {"é":true,"日本":1} strict
ok   N_RESERVED: rc.112's persisted form of the readable text equals Lean's document modulo nS
ok   N_RESERVED: decode {"constructor":"c","toString":"t","default":1,"class":true} default
ok   N_RESERVED: decode {} default
ok   N_RESERVED: decode {"constructor":"c","toString":"t","default":1} default
ok   N_RESERVED: decode {"constructor":"c","toString":"t","default":1,"class":true} strict
ok   N_RESERVED: decode {} strict
ok   N_RESERVED: decode {"constructor":"c","toString":"t","default":1} strict
ok   N_EMPTY: rc.112's persisted form of the readable text equals Lean's document modulo nS
ok   N_EMPTY: decode {"":1} default
ok   N_EMPTY: decode {} default
ok   N_EMPTY: decode {"":"x"} default
ok   N_EMPTY: decode {"":1} strict
ok   N_EMPTY: decode {} strict
ok   N_EMPTY: decode {"":"x"} strict
ok   N_NUMERIC: rc.112's persisted form of the readable text equals Lean's document modulo nS
ok   N_NUMERIC: decode {"9":3,"10":2,"01":1,"1e3":4} default
ok   N_NUMERIC: decode {"9":3,"10":2,"01":1} default
ok   N_NUMERIC: decode {"1":1,"9":3,"10":2,"1e3":4} default
ok   N_NUMERIC: decode {"9":3,"10":2,"01":1,"1e3":4} strict
ok   N_NUMERIC: decode {"9":3,"10":2,"01":1} strict
ok   N_NUMERIC: decode {"1":1,"9":3,"10":2,"1e3":4} strict
ok   N_QUOTE: rc.112's persisted form of the readable text equals Lean's document modulo nS
ok   N_QUOTE: decode {"x\"y":"s","line\nbreak":1} default
ok   N_QUOTE: decode {"x\"y":"s"} default
ok   N_QUOTE: decode {"x\"y":"s","line\nbreak":1} strict
ok   N_QUOTE: decode {"x\"y":"s"} strict
ok   OPTION: no code is emitted (Lean refuses)
ok   RESULT: no code is emitted (Lean refuses)
ok   EXIT: no code is emitted (Lean refuses)
ok   BYTES: no code is emitted (Lean refuses)
ok   RC_INT: rc.112 revives its own document (the profile's refusal is the allowlist's)
SUMMARY examples=31 decode-comparisons=176 failures=1 (red twin)
# exit=1 seconds=0
