# check: q3-profile
# date: 2026-10-01T19:29:45Z
# cwd: /Users/pooks/Dev/lean4-effect4-probe-S/docs/research/2026-10-01-type-language-probe/S/host
# command: bun run q3-profile.ts
# versions: bun 1.4.2; tsgo 7.0.0-dev.20260629.1; node v22.23.2
ok   NAT: rc.112's persisted form of the readable text equals Lean's document modulo nS
ok   NAT: decode 0 default
ok   NAT: decode 42 default
ok   NAT: decode -1 default
ok   NAT: decode 1.5 default
ok   NAT: decode "42" default
ok   NAT: decode 9007199254740992 default
ok   NAT: decode 0 default
ok   NAT: decode 0 strict
ok   NAT: decode 42 strict
ok   NAT: decode -1 strict
ok   NAT: decode 1.5 strict
ok   NAT: decode "42" strict
ok   NAT: decode 9007199254740992 strict
ok   NAT: decode 0 strict
ok   INT: rc.112's persisted form of the readable text equals Lean's document modulo nS
ok   INT: decode 0 default
ok   INT: decode -15 default
ok   INT: decode 1.5 default
ok   INT: decode "1" default
ok   INT: decode 9007199254740992 default
ok   INT: decode 0 strict
ok   INT: decode -15 strict
ok   INT: decode 1.5 strict
ok   INT: decode "1" strict
ok   INT: decode 9007199254740992 strict
ok   RECORD: rc.112's persisted form of the readable text equals Lean's document modulo nS
ok   RECORD: decode {"a":1,"b":"x"} default
ok   RECORD: decode {"b":"x","a":1} default
ok   RECORD: decode {"a":1} default
ok   RECORD: decode {"a":"1","b":"x"} default
ok   RECORD: decode {"a":1,"b":"x","c":true} default
ok   RECORD: decode {"a":1.5,"b":"x"} default
ok   RECORD: decode {"a":1,"b":"x"} strict
ok   RECORD: decode {"b":"x","a":1} strict
ok   RECORD: decode {"a":1} strict
ok   RECORD: decode {"a":"1","b":"x"} strict
ok   RECORD: decode {"a":1,"b":"x","c":true} strict
ok   RECORD: decode {"a":1.5,"b":"x"} strict
ok   OPTIONAL: rc.112's persisted form of the readable text equals Lean's document modulo nS
ok   OPTIONAL: decode {"b":"x"} default
ok   OPTIONAL: decode {"a":1,"b":"x"} default
ok   OPTIONAL: decode {"b":"x"} default
ok   OPTIONAL: decode {"a":null,"b":"x"} default
ok   OPTIONAL: decode {"b":"x"} strict
ok   OPTIONAL: decode {"a":1,"b":"x"} strict
ok   OPTIONAL: decode {"b":"x"} strict
ok   OPTIONAL: decode {"a":null,"b":"x"} strict
ok   OPTIONAL_UNDEF: rc.112's persisted form of the readable text equals Lean's document modulo nS
ok   OPTIONAL_UNDEF: decode {} default
ok   OPTIONAL_UNDEF: decode {"a":1} default
ok   OPTIONAL_UNDEF: decode {} default
ok   OPTIONAL_UNDEF: decode {"a":null} default
ok   OPTIONAL_UNDEF: decode {} strict
ok   OPTIONAL_UNDEF: decode {"a":1} strict
ok   OPTIONAL_UNDEF: decode {} strict
ok   OPTIONAL_UNDEF: decode {"a":null} strict
ok   MAP: rc.112's persisted form of the readable text equals Lean's document modulo nS
ok   MAP: decode {} default
ok   MAP: decode {"a":1,"b":2} default
ok   MAP: decode {"a":"x"} default
ok   MAP: decode {"a":1.5} default
ok   MAP: decode {"a":2} default
ok   MAP: decode {} strict
ok   MAP: decode {"a":1,"b":2} strict
ok   MAP: decode {"a":"x"} strict
ok   MAP: decode {"a":1.5} strict
ok   MAP: decode {"a":2} strict
ok   TAGGED2: rc.112's persisted form of the readable text equals Lean's document modulo nS
ok   TAGGED2: decode {"_tag":"A","x":1} default
ok   TAGGED2: decode {"_tag":"B","y":"s"} default
ok   TAGGED2: decode {"_tag":"A","y":"s"} default
ok   TAGGED2: decode {} default
ok   TAGGED2: decode {"_tag":"A","x":1} strict
ok   TAGGED2: decode {"_tag":"B","y":"s"} strict
ok   TAGGED2: decode {"_tag":"A","y":"s"} strict
ok   TAGGED2: decode {} strict
ok   TAGGED3: rc.112's persisted form of the readable text equals Lean's document modulo nS
ok   TAGGED3: decode {"_tag":"A","x":1} default
ok   TAGGED3: decode {"_tag":"B","y":"s"} default
ok   TAGGED3: decode {"_tag":"C"} default
ok   TAGGED3: decode {"_tag":"D"} default
ok   TAGGED3: decode {"_tag":"C","x":1} default
ok   TAGGED3: decode {"_tag":"A","x":1} strict
ok   TAGGED3: decode {"_tag":"B","y":"s"} strict
ok   TAGGED3: decode {"_tag":"C"} strict
ok   TAGGED3: decode {"_tag":"D"} strict
ok   TAGGED3: decode {"_tag":"C","x":1} strict
ok   LIT3_NESTED: rc.112's persisted form of the readable text equals Lean's document modulo nS
ok   LIT3_NESTED: decode "a" default
ok   LIT3_NESTED: decode "b" default
ok   LIT3_NESTED: decode "c" default
ok   LIT3_NESTED: decode "d" default
ok   LIT3_NESTED: decode 1 default
ok   LIT3_NESTED: decode "a" strict
ok   LIT3_NESTED: decode "b" strict
ok   LIT3_NESTED: decode "c" strict
ok   LIT3_NESTED: decode "d" strict
ok   LIT3_NESTED: decode 1 strict
ok   LIT3_FLAT: rc.112's persisted form of the readable text equals Lean's document modulo nS
ok   LIT3_FLAT: decode "a" default
ok   LIT3_FLAT: decode "b" default
ok   LIT3_FLAT: decode "c" default
ok   LIT3_FLAT: decode "d" default
ok   LIT3_FLAT: decode 1 default
ok   LIT3_FLAT: decode "a" strict
ok   LIT3_FLAT: decode "b" strict
ok   LIT3_FLAT: decode "c" strict
ok   LIT3_FLAT: decode "d" strict
ok   LIT3_FLAT: decode 1 strict
ok   TUPLE3: rc.112's persisted form of the readable text equals Lean's document modulo nS
ok   TUPLE3: decode [1,"x",true] default
ok   TUPLE3: decode [1,"x"] default
ok   TUPLE3: decode [1,"x",true,0] default
ok   TUPLE3: decode ["1","x",true] default
ok   TUPLE3: decode [1,"x",true] strict
ok   TUPLE3: decode [1,"x"] strict
ok   TUPLE3: decode [1,"x",true,0] strict
ok   TUPLE3: decode ["1","x",true] strict
ok   ARRAY: rc.112's persisted form of the readable text equals Lean's document modulo nS
ok   ARRAY: decode [] default
ok   ARRAY: decode ["a","b"] default
ok   ARRAY: decode [1] default
ok   ARRAY: decode [] strict
ok   ARRAY: decode ["a","b"] strict
ok   ARRAY: decode [1] strict
ok   NESTED: rc.112's persisted form of the readable text equals Lean's document modulo nS
ok   NESTED: decode {"user":{"age":42,"name":"Sam"}} default
ok   NESTED: decode {"user":{"age":-1,"name":"Sam"}} default
ok   NESTED: decode {"user":{"age":1}} default
ok   NESTED: decode {"user":{"age":42,"name":"Sam"}} strict
ok   NESTED: decode {"user":{"age":-1,"name":"Sam"}} strict
ok   NESTED: decode {"user":{"age":1}} strict
ok   SPECIAL: rc.112's persisted form of the readable text equals Lean's document modulo nS
ok   SPECIAL: decode {"9":4,"10":3,"__proto__":1,"a-b":"x","é":true,"constructor":"c","":2} default
ok   SPECIAL: decode {"9":4,"10":3,"a-b":"x","é":true,"constructor":"c","":2} default
ok   SPECIAL: decode {"9":-4,"10":3,"__proto__":1,"a-b":"x","é":true,"constructor":"c","":2} default
ok   SPECIAL: decode {"9":4,"10":3,"__proto__":1,"a-b":"x","é":true,"constructor":"c","":2} strict
ok   SPECIAL: decode {"9":4,"10":3,"a-b":"x","é":true,"constructor":"c","":2} strict
ok   SPECIAL: decode {"9":-4,"10":3,"__proto__":1,"a-b":"x","é":true,"constructor":"c","":2} strict
ok   ESCAPED: rc.112's persisted form of the readable text equals Lean's document modulo nS
ok   ESCAPED: decode {"x\"y":"s","a":1} default
ok   ESCAPED: decode {"a":1} default
ok   ESCAPED: decode {"x\"y":"s","a":1} strict
ok   ESCAPED: decode {"a":1} strict
ok   MUTABLE: rc.112's persisted form of the readable text equals Lean's document modulo nS
ok   MUTABLE: decode {} default
ok   MUTABLE: decode {"a-b":"ok"} default
ok   MUTABLE: decode {} default
ok   MUTABLE: decode {"a-b":1} default
ok   MUTABLE: decode {} strict
ok   MUTABLE: decode {"a-b":"ok"} strict
ok   MUTABLE: decode {} strict
ok   MUTABLE: decode {"a-b":1} strict
ok   ESC_PROTO: no code is emitted (Lean refuses)
ok   MAP_NUMBER: no code is emitted (Lean refuses)
ok   REST: no code is emitted (Lean refuses)
ok   RC_INT: no code is emitted (Lean refuses)
ok   RC_INT: rc.112 revives its own document (the profile's refusal is the allowlist's)
SUMMARY examples=20 decode-comparisons=138 failures=0
# exit=0 seconds=0
