# check: q4-routes.rerun
# date: 2026-10-01T19:36:12Z
# cwd: /Users/pooks/Dev/lean4-effect4-probe-S/docs/research/2026-10-01-type-language-probe/S/host
# command: bun run q4-routes.ts
# versions: bun 1.4.2; tsgo 7.0.0-dev.20260629.1; node v22.23.2
ROW {"name":"NAT","kind":"ordinary","lean":"code","upstream":"code","leanBytes":14,"upstreamBytes":177,"upstreamTypeBytes":6,"leanRepr":"equal","upstreamRepr":"equal","leanDecode":"14/14","upstreamDecode":"14/14"}
UPSTREAM_NAT: Schema.Number.check(Schema.isInt().annotate({ "expected": "an integer" })).check(Schema.isGreaterThanOrEqualTo(0).annotate({ "expected": "a value greater than or equal to 0" }))
ROW {"name":"INT","kind":"ordinary","lean":"code","upstream":"code","leanBytes":10,"upstreamBytes":74,"upstreamTypeBytes":6,"leanRepr":"equal","upstreamRepr":"equal","leanDecode":"10/10","upstreamDecode":"10/10"}
UPSTREAM_INT: Schema.Number.check(Schema.isInt().annotate({ "expected": "an integer" }))
ROW {"name":"RECORD","kind":"ordinary","lean":"code","upstream":"code","leanBytes":50,"upstreamBytes":118,"upstreamTypeBytes":46,"leanRepr":"equal","upstreamRepr":"equal","leanDecode":"10/10","upstreamDecode":"10/10"}
UPSTREAM_RECORD: Schema.Struct({ "a": Schema.Number.check(Schema.isInt().annotate({ "expected": "an integer" })), "b": Schema.String })
ROW {"name":"OPTIONAL","kind":"ordinary","lean":"code","upstream":"code","leanBytes":70,"upstreamBytes":138,"upstreamTypeBytes":47,"leanRepr":"equal","upstreamRepr":"equal","leanDecode":"8/8","upstreamDecode":"8/8"}
UPSTREAM_OPTIONAL: Schema.Struct({ "a": Schema.optionalKey(Schema.Number.check(Schema.isInt().annotate({ "expected": "an integer" }))), "b": Schema.String })
ROW {"name":"OPTIONAL_UNDEF","kind":"ordinary","lean":"code","upstream":"code","leanBytes":86,"upstreamBytes":152,"upstreamTypeBytes":37,"leanRepr":"equal","upstreamRepr":"equal","leanDecode":"8/8","upstreamDecode":"8/8"}
UPSTREAM_OPTIONAL_UNDEF: Schema.Struct({ "a": Schema.optionalKey(Schema.Union([Schema.Number.check(Schema.isInt().annotate({ "expected": "an integer" })), Schema.Undefined])) })
ROW {"name":"MAP","kind":"ordinary","lean":"code","upstream":"code","leanBytes":40,"upstreamBytes":104,"upstreamTypeBytes":32,"leanRepr":"equal","upstreamRepr":"equal","leanDecode":"8/8","upstreamDecode":"8/8"}
UPSTREAM_MAP: Schema.Record(Schema.String, Schema.Number.check(Schema.isInt().annotate({ "expected": "an integer" })))
ROW {"name":"TAGGED2","kind":"ordinary","lean":"code","upstream":"code","leanBytes":139,"upstreamBytes":211,"upstreamTypeBytes":95,"leanRepr":"equal","upstreamRepr":"equal","leanDecode":"8/8","upstreamDecode":"8/8"}
UPSTREAM_TAGGED2: Schema.Union([Schema.Struct({ "_tag": Schema.Literal("A"), "x": Schema.Number.check(Schema.isInt().annotate({ "expected": "an integer" })) }), Schema.Struct({ "_tag": Schema.Literal("B"), "y": Schema.String })])
ROW {"name":"TAGGED3","kind":"ordinary","lean":"code","upstream":"code","leanBytes":185,"upstreamBytes":275,"upstreamTypeBytes":122,"leanRepr":"equal","upstreamRepr":"equal","leanDecode":"8/8","upstreamDecode":"8/8"}
UPSTREAM_TAGGED3: Schema.Union([Schema.Struct({ "_tag": Schema.Literal("A"), "x": Schema.Number.check(Schema.isInt().annotate({ "expected": "an integer" })) }), Schema.Union([Schema.Struct({ "_tag": Schema.Literal("B"), "y": Schema.String }), Schema.Struct({ "_tag": Schema.Literal("C") })])])
ROW {"name":"LIT3_NESTED","kind":"ordinary","lean":"code","upstream":"code","leanBytes":32,"upstreamBytes":64,"upstreamTypeBytes":15,"leanRepr":"equal","upstreamRepr":"equal","leanDecode":"10/10","upstreamDecode":"10/10"}
UPSTREAM_LIT3_NESTED: Schema.Union([Schema.Literal("a"), Schema.Literals(["b", "c"])])
ROW {"name":"LIT3_FLAT","kind":"ordinary","lean":"code","upstream":"code","leanBytes":32,"upstreamBytes":32,"upstreamTypeBytes":15,"leanRepr":"equal","upstreamRepr":"equal","leanDecode":"10/10","upstreamDecode":"10/10"}
UPSTREAM_LIT3_FLAT: Schema.Literals(["a", "b", "c"])
ROW {"name":"TUPLE3","kind":"ordinary","lean":"code","upstream":"code","leanBytes":57,"upstreamBytes":121,"upstreamTypeBytes":34,"leanRepr":"equal","upstreamRepr":"equal","leanDecode":"6/6","upstreamDecode":"6/6"}
UPSTREAM_TUPLE3: Schema.Tuple([Schema.Number.check(Schema.isInt().annotate({ "expected": "an integer" })), Schema.String, Schema.Boolean])
ROW {"name":"ARRAY","kind":"ordinary","lean":"code","upstream":"code","leanBytes":27,"upstreamBytes":27,"upstreamTypeBytes":21,"leanRepr":"equal","upstreamRepr":"equal","leanDecode":"6/6","upstreamDecode":"6/6"}
UPSTREAM_ARRAY: Schema.Array(Schema.String)
ROW {"name":"NESTED","kind":"ordinary","lean":"code","upstream":"code","leanBytes":84,"upstreamBytes":253,"upstreamTypeBytes":72,"leanRepr":"equal","upstreamRepr":"equal","leanDecode":"6/6","upstreamDecode":"6/6"}
UPSTREAM_NESTED: Schema.Struct({ "user": Schema.Struct({ "age": Schema.Number.check(Schema.isInt().annotate({ "expected": "an integer" })).check(Schema.isGreaterThanOrEqualTo(0).annotate({ "expected": "a value greater than or equal to 0" })), "name": Schema.String }) })
ROW {"name":"SPECIAL","kind":"adversarial","lean":"code","upstream":"code","leanBytes":171,"upstreamBytes":526,"upstreamTypeBytes":178,"leanRepr":"equal","upstreamRepr":"differs","leanDecode":"4/4","upstreamDecode":"0/4"}
UPSTREAM_SPECIAL: Schema.Struct({ "9": Schema.Number.check(Schema.isInt().annotate({ "expected": "an integer" })).check(Schema.isGreaterThanOrEqualTo(0).annotate({ "expected": "a value greater than or equal to 0" })), "10": Schema.Number.check(Schema.isInt().annotate({ "expected": "an integer" })), "__proto__": Schema.Number.check(Schema.isInt().annotate({ "expected": "an integer" })), "a-b": Schema.String, "é": Schema.Boolean, "constructor": Schema.String, "": Schema.Number.check(Schema.isInt().annotate({ "expected": "an integer" })) })
ROW {"name":"ESCAPED","kind":"adversarial","lean":"code","upstream":"code","leanBytes":57,"upstreamBytes":121,"upstreamTypeBytes":49,"leanRepr":"equal","upstreamRepr":"equal","leanDecode":"4/4","upstreamDecode":"4/4"}
UPSTREAM_ESCAPED: Schema.Struct({ "x\"y": Schema.String, "a": Schema.Number.check(Schema.isInt().annotate({ "expected": "an integer" })) })
ROW {"name":"MUTABLE","kind":"adversarial","lean":"code","upstream":"code","leanBytes":78,"upstreamBytes":78,"upstreamTypeBytes":18,"leanRepr":"equal","upstreamRepr":"equal","leanDecode":"8/8","upstreamDecode":"8/8"}
UPSTREAM_MUTABLE: Schema.Struct({ "a-b": Schema.optionalKey(Schema.mutableKey(Schema.String)) })
ROW {"name":"ESC_PROTO","kind":"adversarial","lean":"refused","upstream":"code","leanBytes":null,"upstreamBytes":129,"upstreamTypeBytes":57,"leanRepr":"—","upstreamRepr":"differs","leanDecode":"—","upstreamDecode":"0/0"}
UPSTREAM_ESC_PROTO: Schema.Struct({ "__proto__": Schema.Number.check(Schema.isInt().annotate({ "expected": "an integer" })), "x\"y": Schema.String })
ROW {"name":"MAP_NUMBER","kind":"ordinary","lean":"refused","upstream":"code","leanBytes":null,"upstreamBytes":104,"upstreamTypeBytes":32,"leanRepr":"—","upstreamRepr":"equal","leanDecode":"—","upstreamDecode":"8/8"}
UPSTREAM_MAP_NUMBER: Schema.Record(Schema.Number, Schema.Number.check(Schema.isInt().annotate({ "expected": "an integer" })))
ROW {"name":"REST","kind":"ordinary","lean":"refused","upstream":"code","leanBytes":null,"upstreamBytes":229,"upstreamTypeBytes":59,"leanRepr":"—","upstreamRepr":"equal","leanDecode":"—","upstreamDecode":"8/8"}
UPSTREAM_REST: Schema.StructWithRest(Schema.Struct({ "a": Schema.Number.check(Schema.isInt().annotate({ "expected": "an integer" })) }), [Schema.Record(Schema.String, Schema.Number.check(Schema.isInt().annotate({ "expected": "an integer" })))])
ROW {"name":"RC_INT","kind":"ordinary","lean":"refused","upstream":"code","leanBytes":null,"upstreamBytes":74,"upstreamTypeBytes":6,"leanRepr":"—","upstreamRepr":"equal","leanDecode":"—","upstreamDecode":"6/6"}
UPSTREAM_RC_INT: Schema.Number.check(Schema.isInt().annotate({ "expected": "an integer" }))
ROW {"name":"N_PROTO","kind":"adversarial","lean":"code","upstream":"code","leanBytes":44,"upstreamBytes":106,"upstreamTypeBytes":32,"leanRepr":"equal","upstreamRepr":"differs","leanDecode":"6/6","upstreamDecode":"2/6"}
UPSTREAM_N_PROTO: Schema.Struct({ "__proto__": Schema.Number.check(Schema.isInt().annotate({ "expected": "an integer" })) })
ROW {"name":"N_HYPHEN","kind":"adversarial","lean":"code","upstream":"code","leanBytes":39,"upstreamBytes":39,"upstreamTypeBytes":26,"leanRepr":"equal","upstreamRepr":"equal","leanDecode":"6/6","upstreamDecode":"6/6"}
UPSTREAM_N_HYPHEN: Schema.Struct({ "a-b": Schema.String })
ROW {"name":"N_UNICODE","kind":"adversarial","lean":"code","upstream":"code","leanBytes":84,"upstreamBytes":148,"upstreamTypeBytes":78,"leanRepr":"equal","upstreamRepr":"equal","leanDecode":"4/4","upstreamDecode":"4/4"}
UPSTREAM_N_UNICODE: Schema.Struct({ "é": Schema.Boolean, "日本": Schema.Number.check(Schema.isInt().annotate({ "expected": "an integer" })), "😀": Schema.String })
ROW {"name":"N_RESERVED","kind":"adversarial","lean":"code","upstream":"code","leanBytes":118,"upstreamBytes":186,"upstreamTypeBytes":118,"leanRepr":"equal","upstreamRepr":"equal","leanDecode":"4/4","upstreamDecode":"4/4"}
UPSTREAM_N_RESERVED: Schema.Struct({ "constructor": Schema.String, "toString": Schema.String, "default": Schema.Number.check(Schema.isInt().annotate({ "expected": "an integer" })), "class": Schema.Boolean })
ROW {"name":"N_EMPTY","kind":"adversarial","lean":"code","upstream":"code","leanBytes":33,"upstreamBytes":97,"upstreamTypeBytes":23,"leanRepr":"equal","upstreamRepr":"equal","leanDecode":"6/6","upstreamDecode":"6/6"}
UPSTREAM_N_EMPTY: Schema.Struct({ "": Schema.Number.check(Schema.isInt().annotate({ "expected": "an integer" })) })
ROW {"name":"N_NUMERIC","kind":"adversarial","lean":"code","upstream":"code","leanBytes":89,"upstreamBytes":345,"upstreamTypeBytes":94,"leanRepr":"equal","upstreamRepr":"equal","leanDecode":"4/4","upstreamDecode":"4/4"}
UPSTREAM_N_NUMERIC: Schema.Struct({ "9": Schema.Number.check(Schema.isInt().annotate({ "expected": "an integer" })), "10": Schema.Number.check(Schema.isInt().annotate({ "expected": "an integer" })), "01": Schema.Number.check(Schema.isInt().annotate({ "expected": "an integer" })), "1e3": Schema.Number.check(Schema.isInt().annotate({ "expected": "an integer" })) })
ROW {"name":"N_QUOTE","kind":"adversarial","lean":"code","upstream":"code","leanBytes":67,"upstreamBytes":131,"upstreamTypeBytes":59,"leanRepr":"equal","upstreamRepr":"equal","leanDecode":"4/4","upstreamDecode":"4/4"}
UPSTREAM_N_QUOTE: Schema.Struct({ "x\"y": Schema.String, "line\nbreak": Schema.Number.check(Schema.isInt().annotate({ "expected": "an integer" })) })
ROW {"name":"OPTION","kind":"ordinary","lean":"refused","upstream":"code","leanBytes":null,"upstreamBytes":124,"upstreamTypeBytes":21,"leanRepr":"—","upstreamRepr":"equal","leanDecode":"—","upstreamDecode":"8/8"}
UPSTREAM_OPTION: Schema.Option(Schema.Number.check(Schema.isInt().annotate({ "expected": "an integer" }))).annotate({ "expected": "Option" })
ROW {"name":"RESULT","kind":"ordinary","lean":"refused","upstream":"code","leanBytes":null,"upstreamBytes":139,"upstreamTypeBytes":29,"leanRepr":"—","upstreamRepr":"equal","leanDecode":"—","upstreamDecode":"8/8"}
UPSTREAM_RESULT: Schema.Result(Schema.Number.check(Schema.isInt().annotate({ "expected": "an integer" })), Schema.String).annotate({ "expected": "Result" })
ROW {"name":"EXIT","kind":"ordinary","lean":"refused","upstream":"refused (fromRepresentation: Missing reviver for effect/schema/Defect)","leanBytes":null,"upstreamBytes":null,"upstreamTypeBytes":null,"leanRepr":"—","upstreamRepr":"—","leanDecode":"—","upstreamDecode":"—"}
ROW {"name":"BYTES","kind":"ordinary","lean":"refused","upstream":"code","leanBytes":null,"upstreamBytes":56,"upstreamTypeBytes":21,"leanRepr":"—","upstreamRepr":"equal","leanDecode":"—","upstreamDecode":"6/6"}
UPSTREAM_BYTES: Schema.Uint8Array.annotate({ "expected": "Uint8Array" })
ROW {"name":"EXIT_AS_RC","kind":"ordinary","lean":"refused","upstream":"code","leanBytes":null,"upstreamBytes":187,"upstreamTypeBytes":38,"leanRepr":"—","upstreamRepr":"equal","leanDecode":"—","upstreamDecode":"0/0"}
UPSTREAM_EXIT_AS_RC: Schema.Exit(Schema.Number.check(Schema.isInt().annotate({ "expected": "an integer" })), Schema.String, Schema.Json.annotate({ "expected": "JSON value" })).annotate({ "expected": "Exit" })
UPSTREAM_IMPORTS ["import * as Option from \"effect/Option\"","import * as Result from \"effect/Result\"","import * as Exit from \"effect/Exit\""]
SUMMARY_ordinary examples=21 codeL=13 codeU=20 faithfulL=13 faithfulU=20 bytesL=826 bytesU=2659
SUMMARY_adversarial examples=11 codeL=10 codeU=11 faithfulL=10 faithfulU=8 bytesL=780 bytesU=1906
SUMMARY_common examples=23 bytesL=1606 bytesU=3523 typeBytesU=1223
SUMMARY checks=33 failures=0
# exit=0 seconds=0
