# check: rev5-runtime
# date: 2026-10-01T18:46:37Z
# cwd: /Users/pooks/Dev/lean4-effect4-probe-S/docs/research/2026-10-01-type-language-probe/S/host
# command: bash -c cd ../rev5 && bun run runtime.mjs
# versions: bun 1.4.2; tsgo 7.0.0-dev.20260629.1; node v22.23.2
{
  "numericControls": [
    {
      "input": "0",
      "nat": true,
      "int": true
    },
    {
      "input": "42",
      "nat": true,
      "int": true
    },
    {
      "input": "-1",
      "nat": false,
      "int": true
    },
    {
      "input": "1.5",
      "nat": false,
      "int": false
    },
    {
      "input": "42",
      "nat": false,
      "int": false
    },
    {
      "input": "9007199254740991",
      "nat": true,
      "int": true
    },
    {
      "input": "9007199254740992",
      "nat": false,
      "int": false
    },
    {
      "input": "NaN",
      "nat": false,
      "int": false
    },
    {
      "input": "Infinity",
      "nat": false,
      "int": false
    },
    {
      "input": "-Infinity",
      "nat": false,
      "int": false
    },
    {
      "input": "0",
      "nat": true,
      "int": true
    }
  ],
  "naturalAliasAgreesOnControls": true,
  "duplicateExpression": "REFUSED",
  "duplicateFields": "No code emitted; refused",
  "checkChildExpression": "REFUSED",
  "upstreamChildError": "Missing reviver for custom/missing\n  at [\"representation\"][\"checks\"][0][\"representation\"][\"schemas\"][0][\"representation\"]",
  "annotationControls": {
    "semanticObjectError": "REFUSED",
    "semanticObjectPreserve": "REFUSED",
    "checkDisabling": "REFUSED",
    "documentationKeys": [
      "identifier",
      "title",
      "description",
      "documentation",
      "examples",
      "default",
      "message",
      "expected"
    ],
    "annotationComparisons": 144
  },
  "result": "Current semantic-annotation inputs are refused before code emission. Supported generated expressions and documentation-erasure comparisons pass. Historical malformed duplicate output remains a rejecting compiler control."
}
# exit=0 seconds=0
