mode	implementation	items	sample	nanoseconds	checksum
constant-item-height	reference	200	0	4423459	477600
constant-item-height	indexed	200	0	1047667	477600
constant-item-height	indexed	200	1	869416	477800
constant-item-height	reference	200	1	4444667	477800
constant-item-height	reference	200	2	4178916	478000
constant-item-height	indexed	200	2	868292	478000
list-item-height	reference	200	0	4247000	477600
list-item-height	indexed	200	0	906458	477600
list-item-height	indexed	200	1	914125	477800
list-item-height	reference	200	1	4197208	477800
list-item-height	reference	200	2	4233500	478000
list-item-height	indexed	200	2	905791	478000
constant-item-height	reference	500	0	25439708	2994000
constant-item-height	indexed	500	0	2537791	2994000
constant-item-height	indexed	500	1	2498208	2994500
constant-item-height	reference	500	1	25268417	2994500
constant-item-height	reference	500	2	25034459	2995000
constant-item-height	indexed	500	2	2540000	2995000
list-item-height	reference	500	0	25582875	2994000
list-item-height	indexed	500	0	2689542	2994000
list-item-height	indexed	500	1	2725375	2994500
list-item-height	reference	500	1	25775125	2994500
list-item-height	reference	500	2	25358584	2995000
list-item-height	indexed	500	2	2716917	2995000
constant-item-height	reference	1000	0	101110708	11988000
constant-item-height	indexed	1000	0	5592791	11988000
constant-item-height	indexed	1000	1	5571666	11989000
constant-item-height	reference	1000	1	100305625	11989000
constant-item-height	reference	1000	2	100868708	11990000
constant-item-height	indexed	1000	2	5652000	11990000
list-item-height	reference	1000	0	103850542	11988000
list-item-height	indexed	1000	0	6807083	11988000
list-item-height	indexed	1000	1	6372291	11989000
list-item-height	reference	1000	1	103470792	11989000
list-item-height	reference	1000	2	101159750	11990000
list-item-height	indexed	1000	2	6534917	11990000
constant-item-height	reference	2000	0	406617458	47976000
constant-item-height	indexed	2000	0	12322292	47976000
constant-item-height	indexed	2000	1	12104875	47978000
constant-item-height	reference	2000	1	417954792	47978000
constant-item-height	reference	2000	2	409860208	47980000
constant-item-height	indexed	2000	2	12417250	47980000
list-item-height	reference	2000	0	408700750	47976000
list-item-height	indexed	2000	0	15392459	47976000
list-item-height	indexed	2000	1	14654041	47978000
list-item-height	reference	2000	1	417710834	47978000
list-item-height	reference	2000	2	427520250	47980000
list-item-height	indexed	2000	2	14701542	47980000
