mode	implementation	items	sample	nanoseconds	checksum
constant-item-height	reference	200	0	84	477600
constant-item-height	indexed	200	0	83	477600
constant-item-height	indexed	200	1	83	477800
constant-item-height	reference	200	1	42	477800
constant-item-height	reference	200	2	42	478000
constant-item-height	indexed	200	2	0	478000
list-item-height	reference	200	0	41	477600
list-item-height	indexed	200	0	42	477600
list-item-height	indexed	200	1	41	477800
list-item-height	reference	200	1	42	477800
list-item-height	reference	200	2	41	478000
list-item-height	indexed	200	2	41	478000
constant-item-height	reference	500	0	0	2994000
constant-item-height	indexed	500	0	83	2994000
constant-item-height	indexed	500	1	83	2994500
constant-item-height	reference	500	1	42	2994500
constant-item-height	reference	500	2	84	2995000
constant-item-height	indexed	500	2	0	2995000
list-item-height	reference	500	0	0	2994000
list-item-height	indexed	500	0	41	2994000
list-item-height	indexed	500	1	42	2994500
list-item-height	reference	500	1	41	2994500
list-item-height	reference	500	2	83	2995000
list-item-height	indexed	500	2	42	2995000
constant-item-height	reference	1000	0	42	11988000
constant-item-height	indexed	1000	0	42	11988000
constant-item-height	indexed	1000	1	83	11989000
constant-item-height	reference	1000	1	83	11989000
constant-item-height	reference	1000	2	84	11990000
constant-item-height	indexed	1000	2	83	11990000
list-item-height	reference	1000	0	41	11988000
list-item-height	indexed	1000	0	83	11988000
list-item-height	indexed	1000	1	84	11989000
list-item-height	reference	1000	1	84	11989000
list-item-height	reference	1000	2	41	11990000
list-item-height	indexed	1000	2	42	11990000
constant-item-height	reference	2000	0	125	47976000
constant-item-height	indexed	2000	0	42	47976000
constant-item-height	indexed	2000	1	125	47978000
constant-item-height	reference	2000	1	83	47978000
constant-item-height	reference	2000	2	83	47980000
constant-item-height	indexed	2000	2	41	47980000
list-item-height	reference	2000	0	166	47976000
list-item-height	indexed	2000	0	42	47976000
list-item-height	indexed	2000	1	42	47978000
list-item-height	reference	2000	1	125	47978000
list-item-height	reference	2000	2	84	47980000
list-item-height	indexed	2000	2	417	47980000
