/Users/pooks/Dev/lean4-effect4/docs/research/2026-10-01-data-probe/pedigree/verify-Red.lean:25:0: error: Expression
  decide (Schema.Bridge.ofSchema groupedInt = none)
did not evaluate to `true`
/Users/pooks/Dev/lean4-effect4/docs/research/2026-10-01-data-probe/pedigree/verify-Red.lean:30:0: error: Expression
  decide (Schema.decode overlap jSuccess = none)
did not evaluate to `true`
/Users/pooks/Dev/lean4-effect4/docs/research/2026-10-01-data-probe/pedigree/verify-Red.lean:37:0: error: Expression
  match admitProgram pHostNat [hostRow Ty.nat (Ty.never.except Ty.never)] with
  | Except.ok a => false
  | Except.error a => true
did not evaluate to `true`
/Users/pooks/Dev/lean4-effect4/docs/research/2026-10-01-data-probe/pedigree/verify-Red.lean:44:0: error: Expression
  match admitProgram pHostNeverRequest [hostRow (Ty.never.prod Ty.nat) Ty.nat] with
  | Except.ok a => false
  | Except.error a => true
did not evaluate to `true`
/Users/pooks/Dev/lean4-effect4/docs/research/2026-10-01-data-probe/pedigree/verify-Red.lean:51:2: error: Type mismatch
  trivial
has type
  True
but is expected to have type
  match Val.ctor 0 [Val.nat 0] with
  | Val.ctor 0 [err] => Typed.Fits w err Ty.never
  | Val.ctor 1 [val] => Typed.Fits w val Ty.never
  | x => False
bash  lake env lean -M6144 -DwarningAsError=true   0.50s user 0.88s system 99% cpu 1.399 total
exit=1
