== tsgo -p tsconfig.verify-objects-pairerr.json
verify-objects-pairerr.ts(29,14): error TS2375: Type 'Effect<readonly [number, string] | readonly [200, unknown] | readonly [401, string] | readonly [404, string], readonly [string, string], never>' is not assignable to type 'Effect<readonly [number, string], readonly [string, string], never>' with 'exactOptionalPropertyTypes: true'. Consider adding 'undefined' to the types of the target's properties.
  Type 'readonly [number, string] | readonly [200, unknown] | readonly [401, string] | readonly [404, string]' is not assignable to type 'readonly [number, string]'.
    Type 'readonly [200, unknown]' is not assignable to type 'readonly [number, string]'.
      Type at position 1 in source is not compatible with type at position 1 in target.
        Type 'unknown' is not assignable to type 'string'.
verify-objects-pairerr.ts(29,215): error TS2345: Argument of type 'unknown' is not assignable to parameter of type 'string | number'.
verify-objects-pairerr.ts(29,219): error TS2345: Argument of type 'AppConfigShape' is not assignable to parameter of type 'readonly [unknown, unknown]'.
verify-objects-pairerr.ts(29,463): error TS2345: Argument of type 'unknown' is not assignable to parameter of type 'string | number'.
verify-objects-pairerr.ts(29,467): error TS2345: Argument of type 'unknown' is not assignable to parameter of type 'readonly [unknown, unknown]'.
verify-objects-pairerr.ts(29,471): error TS2345: Argument of type 'User' is not assignable to parameter of type 'readonly [unknown, unknown]'.
verify-objects-pairerr.ts(29,495): error TS2345: Argument of type 'unknown' is not assignable to parameter of type 'string | number'.
verify-objects-pairerr.ts(29,499): error TS2345: Argument of type 'User' is not assignable to parameter of type 'readonly [unknown, unknown]'.
verify-objects-pairerr.ts(29,733): error TS2345: Argument of type 'unknown' is not assignable to parameter of type 'readonly [unknown, unknown]'.
verify-objects-pairerr.ts(29,737): error TS2345: Argument of type 'User' is not assignable to parameter of type 'readonly [unknown, unknown]'.
exit=1
== tsgo -p tsconfig.verify-pairs-classerr.json
verify-pairs-classerr.ts(33,198): error TS2375: Type 'Effect<never, readonly ["Unauthorized", "bad token"], never> | Effect<readonly [number, readonly [string, "admin" | "member"]], SqlError | readonly ["NotFound", "1"] | readonly ["Unauthorized", "not yours"], never>' is not assignable to type 'Effect<readonly [number, readonly [string, "admin" | "member"]], readonly ["Unauthorized", "bad token"], never>' with 'exactOptionalPropertyTypes: true'. Consider adding 'undefined' to the types of the target's properties.
  Type 'Effect<readonly [number, readonly [string, "admin" | "member"]], SqlError | readonly ["NotFound", "1"] | readonly ["Unauthorized", "not yours"], never>' is not assignable to type 'Effect<readonly [number, readonly [string, "admin" | "member"]], readonly ["Unauthorized", "bad token"], never>' with 'exactOptionalPropertyTypes: true'. Consider adding 'undefined' to the types of the target's properties.
    Type 'SqlError | readonly ["NotFound", "1"] | readonly ["Unauthorized", "not yours"]' is not assignable to type 'readonly ["Unauthorized", "bad token"]'.
      Type 'SqlError' is not assignable to type 'readonly ["Unauthorized", "bad token"]'.
verify-pairs-classerr.ts(33,452): error TS2375: Type 'Effect<never, readonly ["Unauthorized", "not yours"], never> | Effect<readonly [number, readonly [string, "admin" | "member"]], SqlError | readonly ["NotFound", "2"], never>' is not assignable to type 'Effect<readonly [number, readonly [string, "admin" | "member"]], readonly ["Unauthorized", "not yours"], never>' with 'exactOptionalPropertyTypes: true'. Consider adding 'undefined' to the types of the target's properties.
  Type 'Effect<readonly [number, readonly [string, "admin" | "member"]], SqlError | readonly ["NotFound", "2"], never>' is not assignable to type 'Effect<readonly [number, readonly [string, "admin" | "member"]], readonly ["Unauthorized", "not yours"], never>' with 'exactOptionalPropertyTypes: true'. Consider adding 'undefined' to the types of the target's properties.
    Type 'SqlError | readonly ["NotFound", "2"]' is not assignable to type 'readonly ["Unauthorized", "not yours"]'.
      Type 'SqlError' is not assignable to type 'readonly ["Unauthorized", "not yours"]'.
exit=1
