ℹ [191/274] Replayed Effect4.Laws.Machine.Clauses
info: src/Effect4/Laws/Machine/Clauses.lean:2115:0: Effect4.Machine.M1OriginClauses: 0 open, 10 proved, 10 total; ceiling 0
ℹ [198/274] Replayed Effect4.Laws.Machine.Arena
info: src/Effect4/Laws/Machine/Arena.lean:249:0: Effect4.Machine.ArenaObligations: 0 open, 10 proved, 10 total; ceiling 0
info: src/Effect4/Laws/Machine/Arena.lean:252:0: Effect4.Machine.ArenaSupportWanted: 0 open, 3 proved, 3 total; ceiling 0
ℹ [199/274] Replayed Effect4.Laws.Machine.RefKernel
info: src/Effect4/Laws/Machine/RefKernel.lean:272:0: Effect4.Machine.ArenaObligations: 0 open, 14 proved, 14 total; ceiling 0
info: src/Effect4/Laws/Machine/RefKernel.lean:275:0: Effect4.Machine.M1.RefKernelSupport: 0 open, 1 proved, 1 total; ceiling 0
ℹ [200/274] Replayed Effect4.Laws.Machine.CompletionData
info: src/Effect4/Laws/Machine/CompletionData.lean:61:0: Effect4.Machine.M1.OwedMapWanted: 0 open, 4 proved, 4 total; ceiling 0
info: src/Effect4/Laws/Machine/CompletionData.lean:98:0: Effect4.Machine.M1.Core: 0 open, 5 proved, 5 total; ceiling 0
info: src/Effect4/Laws/Machine/CompletionData.lean:113:0: Effect4.Machine.M1.CompletionSupport: 0 open, 2 proved, 2 total; ceiling 0
ℹ [201/274] Replayed Effect4.Laws.Machine.StoresLaws
info: src/Effect4/Laws/Machine/StoresLaws.lean:2058:0: Effect4.Machine.M1.StoresLaws: 0 open, 5 proved, 5 total; ceiling 0
ℹ [202/274] Replayed Effect4.Laws.Machine.Approximation
info: src/Effect4/Laws/Machine/Approximation.lean:1694:0: Effect4.Machine.M1OriginApproximation: 0 open, 2 proved, 2 total; ceiling 0
ℹ [203/274] Replayed Effect4.Laws.Machine.Handles
info: src/Effect4/Laws/Machine/Handles.lean:6714:0: Effect4.Machine.M1.Handles: 0 open, 9 proved, 9 total; ceiling 5
info: src/Effect4/Laws/Machine/Handles.lean:6715:0: Effect4.Machine.M1.DeferredWanted: 0 open, 1 proved, 1 total; ceiling 0
info: src/Effect4/Laws/Machine/Handles.lean:6716:0: Effect4.Machine.M1Origin: 0 open, 9 proved, 9 total; ceiling 4
ℹ [208/274] Replayed Effect4.Program.AtomInventory
info: src/Effect4/Program/AtomInventory.lean:61:0: 'Effect4.Program.NativeAtom.all_complete' depends on axioms: [propext]
info: src/Effect4/Program/AtomInventory.lean:62:0: 'Effect4.Program.NativeAtom.covers_iff' depends on axioms: [propext, Quot.sound]
ℹ [214/274] Replayed Effect4.Program.NodeLenses
info: src/Effect4/Program/NodeLenses.lean:135:0: 'Effect4.Program.Node.child' depends on axioms: [propext]
info: src/Effect4/Program/NodeLenses.lean:136:0: 'Effect4.Program.Node.setChild' depends on axioms: [propext]
ℹ [215/274] Replayed Effect4.Program.Fold
info: src/Effect4/Program/Fold.lean:3350:0: 'Effect4.Program.hom_eq_cata_ty' depends on axioms: [propext]
info: src/Effect4/Program/Fold.lean:3351:0: 'Effect4.Program.cata_id_ty' does not depend on any axioms
info: src/Effect4/Program/Fold.lean:3352:0: 'Effect4.Program.foldM_eq_cata_ty' depends on axioms: [propext, Quot.sound]
info: src/Effect4/Program/Fold.lean:3353:0: 'Effect4.Program.foldM_id_ty' depends on axioms: [propext, Quot.sound]
info: src/Effect4/Program/Fold.lean:3354:0: 'Effect4.Program.foldM_natural_ty' depends on axioms: [propext, Quot.sound]
info: src/Effect4/Program/Fold.lean:3355:0: 'Effect4.Program.hom_eq_cata_term' depends on axioms: [propext]
info: src/Effect4/Program/Fold.lean:3356:0: 'Effect4.Program.hom_eq_cata_terms' depends on axioms: [propext]
info: src/Effect4/Program/Fold.lean:3357:0: 'Effect4.Program.cata_id_term' does not depend on any axioms
info: src/Effect4/Program/Fold.lean:3358:0: 'Effect4.Program.cata_id_terms' does not depend on any axioms
info: src/Effect4/Program/Fold.lean:3359:0: 'Effect4.Program.foldM_eq_cata_term' depends on axioms: [propext, Quot.sound]
info: src/Effect4/Program/Fold.lean:3360:0: 'Effect4.Program.foldM_eq_cata_terms' depends on axioms: [propext, Quot.sound]
info: src/Effect4/Program/Fold.lean:3361:0: 'Effect4.Program.foldM_id_term' depends on axioms: [propext, Quot.sound]
info: src/Effect4/Program/Fold.lean:3362:0: 'Effect4.Program.foldM_id_terms' depends on axioms: [propext, Quot.sound]
info: src/Effect4/Program/Fold.lean:3363:0: 'Effect4.Program.foldM_natural_term' depends on axioms: [propext, Quot.sound]
info: src/Effect4/Program/Fold.lean:3364:0: 'Effect4.Program.foldM_natural_terms' depends on axioms: [propext, Quot.sound]
info: src/Effect4/Program/Fold.lean:3365:0: 'Effect4.Program.hom_eq_cata_cause' depends on axioms: [propext]
info: src/Effect4/Program/Fold.lean:3366:0: 'Effect4.Program.cata_id_cause' does not depend on any axioms
info: src/Effect4/Program/Fold.lean:3367:0: 'Effect4.Program.foldM_eq_cata_cause' depends on axioms: [propext, Quot.sound]
info: src/Effect4/Program/Fold.lean:3368:0: 'Effect4.Program.foldM_id_cause' depends on axioms: [propext, Quot.sound]
info: src/Effect4/Program/Fold.lean:3369:0: 'Effect4.Program.foldM_natural_cause' depends on axioms: [propext, Quot.sound]
info: src/Effect4/Program/Fold.lean:3370:0: 'Effect4.Program.hom_eq_cata_eff' depends on axioms: [propext]
info: src/Effect4/Program/Fold.lean:3371:0: 'Effect4.Program.hom_eq_cata_stmt' depends on axioms: [propext]
info: src/Effect4/Program/Fold.lean:3372:0: 'Effect4.Program.hom_eq_cata_stmts' depends on axioms: [propext]
info: src/Effect4/Program/Fold.lean:3373:0: 'Effect4.Program.hom_eq_cata_effs' depends on axioms: [propext]
info: src/Effect4/Program/Fold.lean:3374:0: 'Effect4.Program.hom_eq_cata_action' depends on axioms: [propext]
info: src/Effect4/Program/Fold.lean:3375:0: 'Effect4.Program.hom_eq_cata_layer' depends on axioms: [propext]
info: src/Effect4/Program/Fold.lean:3376:0: 'Effect4.Program.hom_eq_cata_layers' depends on axioms: [propext]
info: src/Effect4/Program/Fold.lean:3377:0: 'Effect4.Program.cata_id_eff' does not depend on any axioms
info: src/Effect4/Program/Fold.lean:3378:0: 'Effect4.Program.cata_id_stmt' does not depend on any axioms
info: src/Effect4/Program/Fold.lean:3379:0: 'Effect4.Program.cata_id_stmts' does not depend on any axioms
info: src/Effect4/Program/Fold.lean:3380:0: 'Effect4.Program.cata_id_effs' does not depend on any axioms
info: src/Effect4/Program/Fold.lean:3381:0: 'Effect4.Program.cata_id_action' does not depend on any axioms
info: src/Effect4/Program/Fold.lean:3382:0: 'Effect4.Program.cata_id_layer' does not depend on any axioms
info: src/Effect4/Program/Fold.lean:3383:0: 'Effect4.Program.cata_id_layers' does not depend on any axioms
info: src/Effect4/Program/Fold.lean:3384:0: 'Effect4.Program.foldM_eq_cata_eff' depends on axioms: [propext, Quot.sound]
info: src/Effect4/Program/Fold.lean:3385:0: 'Effect4.Program.foldM_eq_cata_stmt' depends on axioms: [propext, Quot.sound]
info: src/Effect4/Program/Fold.lean:3386:0: 'Effect4.Program.foldM_eq_cata_stmts' depends on axioms: [propext, Quot.sound]
info: src/Effect4/Program/Fold.lean:3387:0: 'Effect4.Program.foldM_eq_cata_effs' depends on axioms: [propext, Quot.sound]
info: src/Effect4/Program/Fold.lean:3388:0: 'Effect4.Program.foldM_eq_cata_action' depends on axioms: [propext, Quot.sound]
info: src/Effect4/Program/Fold.lean:3389:0: 'Effect4.Program.foldM_eq_cata_layer' depends on axioms: [propext, Quot.sound]
info: src/Effect4/Program/Fold.lean:3390:0: 'Effect4.Program.foldM_eq_cata_layers' depends on axioms: [propext, Quot.sound]
info: src/Effect4/Program/Fold.lean:3391:0: 'Effect4.Program.foldM_id_eff' depends on axioms: [propext, Quot.sound]
info: src/Effect4/Program/Fold.lean:3392:0: 'Effect4.Program.foldM_id_stmt' depends on axioms: [propext, Quot.sound]
info: src/Effect4/Program/Fold.lean:3393:0: 'Effect4.Program.foldM_id_stmts' depends on axioms: [propext, Quot.sound]
info: src/Effect4/Program/Fold.lean:3394:0: 'Effect4.Program.foldM_id_effs' depends on axioms: [propext, Quot.sound]
info: src/Effect4/Program/Fold.lean:3395:0: 'Effect4.Program.foldM_id_action' depends on axioms: [propext, Quot.sound]
info: src/Effect4/Program/Fold.lean:3396:0: 'Effect4.Program.foldM_id_layer' depends on axioms: [propext, Quot.sound]
info: src/Effect4/Program/Fold.lean:3397:0: 'Effect4.Program.foldM_id_layers' depends on axioms: [propext, Quot.sound]
info: src/Effect4/Program/Fold.lean:3398:0: 'Effect4.Program.foldM_natural_eff' depends on axioms: [propext, Quot.sound]
info: src/Effect4/Program/Fold.lean:3399:0: 'Effect4.Program.foldM_natural_stmt' depends on axioms: [propext, Quot.sound]
info: src/Effect4/Program/Fold.lean:3400:0: 'Effect4.Program.foldM_natural_stmts' depends on axioms: [propext, Quot.sound]
info: src/Effect4/Program/Fold.lean:3401:0: 'Effect4.Program.foldM_natural_effs' depends on axioms: [propext, Quot.sound]
info: src/Effect4/Program/Fold.lean:3402:0: 'Effect4.Program.foldM_natural_action' depends on axioms: [propext, Quot.sound]
info: src/Effect4/Program/Fold.lean:3403:0: 'Effect4.Program.foldM_natural_layer' depends on axioms: [propext, Quot.sound]
info: src/Effect4/Program/Fold.lean:3404:0: 'Effect4.Program.foldM_natural_layers' depends on axioms: [propext, Quot.sound]
info: src/Effect4/Program/Fold.lean:3405:0: 'Effect4.Program.weaken_eq_cata_eff' depends on axioms: [propext]
info: src/Effect4/Program/Fold.lean:3406:0: 'Effect4.Program.weaken_eq_cata_stmt' depends on axioms: [propext]
info: src/Effect4/Program/Fold.lean:3407:0: 'Effect4.Program.weaken_eq_cata_stmts' depends on axioms: [propext]
info: src/Effect4/Program/Fold.lean:3408:0: 'Effect4.Program.weaken_eq_cata_effs' depends on axioms: [propext]
info: src/Effect4/Program/Fold.lean:3409:0: 'Effect4.Program.weaken_eq_cata_action' depends on axioms: [propext]
ℹ [237/274] Replayed Effect4.Schema.Fold
info: src/Effect4/Schema/Fold.lean:925:0: 'Effect4.ElementOf.map_map' depends on axioms: [propext]
info: src/Effect4/Schema/Fold.lean:926:0: 'Effect4.ElementOf.map_id' depends on axioms: [propext]
info: src/Effect4/Schema/Fold.lean:927:0: 'Effect4.PropertySignatureOf.map_map' depends on axioms: [propext]
info: src/Effect4/Schema/Fold.lean:928:0: 'Effect4.PropertySignatureOf.map_id' depends on axioms: [propext]
info: src/Effect4/Schema/Fold.lean:929:0: 'Effect4.IndexSignatureOf.map_map' depends on axioms: [propext]
info: src/Effect4/Schema/Fold.lean:930:0: 'Effect4.IndexSignatureOf.map_id' depends on axioms: [propext]
info: src/Effect4/Schema/Fold.lean:931:0: 'Effect4.CheckRepresentationAnnotationOf.map_map' depends on axioms: [propext, Quot.sound]
info: src/Effect4/Schema/Fold.lean:932:0: 'Effect4.CheckRepresentationAnnotationOf.map_id' depends on axioms: [propext, Quot.sound]
info: src/Effect4/Schema/Fold.lean:933:0: 'Effect4.cata_pos_list_representation_eq' depends on axioms: [propext]
info: src/Effect4/Schema/Fold.lean:934:0: 'Effect4.cata_pos_list_check_eq' depends on axioms: [propext]
info: src/Effect4/Schema/Fold.lean:935:0: 'Effect4.cata_pos_elementOf_representation_eq' depends on axioms: [propext]
info: src/Effect4/Schema/Fold.lean:936:0: 'Effect4.cata_pos_list_elementOf_representation_eq' depends on axioms: [propext]
info: src/Effect4/Schema/Fold.lean:937:0: 'Effect4.cata_pos_propertySignatureOf_representation_eq' depends on axioms: [propext]
info: src/Effect4/Schema/Fold.lean:938:0: 'Effect4.cata_pos_list_propertySignatureOf_representation_eq' depends on axioms: [propext]
info: src/Effect4/Schema/Fold.lean:939:0: 'Effect4.cata_pos_indexSignatureOf_representation_eq' depends on axioms: [propext]
info: src/Effect4/Schema/Fold.lean:940:0: 'Effect4.cata_pos_list_indexSignatureOf_representation_eq' depends on axioms: [propext]
info: src/Effect4/Schema/Fold.lean:941:0: 'Effect4.cata_pos_option_list_representation_eq' depends on axioms: [propext]
info: src/Effect4/Schema/Fold.lean:942:0: 'Effect4.cata_pos_checkRepresentationAnnotationOf_representation_eq' depends on axioms: [propext]
info: src/Effect4/Schema/Fold.lean:943:0: 'Effect4.cata_pos_option_checkRepresentationAnnotationOf_representation_eq' depends on axioms: [propext]
info: src/Effect4/Schema/Fold.lean:944:0: 'Effect4.cata_representation_declaration' depends on axioms: [propext]
info: src/Effect4/Schema/Fold.lean:945:0: 'Effect4.cata_representation_reference' does not depend on any axioms
info: src/Effect4/Schema/Fold.lean:946:0: 'Effect4.cata_representation_suspend' depends on axioms: [propext]
info: src/Effect4/Schema/Fold.lean:947:0: 'Effect4.cata_representation_null' depends on axioms: [propext]
info: src/Effect4/Schema/Fold.lean:948:0: 'Effect4.cata_representation_undefined' depends on axioms: [propext]
info: src/Effect4/Schema/Fold.lean:949:0: 'Effect4.cata_representation_void' depends on axioms: [propext]
info: src/Effect4/Schema/Fold.lean:950:0: 'Effect4.cata_representation_never' depends on axioms: [propext]
info: src/Effect4/Schema/Fold.lean:951:0: 'Effect4.cata_representation_unknown' depends on axioms: [propext]
info: src/Effect4/Schema/Fold.lean:952:0: 'Effect4.cata_representation_any' depends on axioms: [propext]
info: src/Effect4/Schema/Fold.lean:953:0: 'Effect4.cata_representation_string' depends on axioms: [propext]
info: src/Effect4/Schema/Fold.lean:954:0: 'Effect4.cata_representation_number' depends on axioms: [propext]
info: src/Effect4/Schema/Fold.lean:955:0: 'Effect4.cata_representation_boolean' depends on axioms: [propext]
info: src/Effect4/Schema/Fold.lean:956:0: 'Effect4.cata_representation_bigint' depends on axioms: [propext]
info: src/Effect4/Schema/Fold.lean:957:0: 'Effect4.cata_representation_symbol' depends on axioms: [propext]
info: src/Effect4/Schema/Fold.lean:958:0: 'Effect4.cata_representation_literal' depends on axioms: [propext]
info: src/Effect4/Schema/Fold.lean:959:0: 'Effect4.cata_representation_uniqueSymbol' depends on axioms: [propext]
info: src/Effect4/Schema/Fold.lean:960:0: 'Effect4.cata_representation_objectKeyword' depends on axioms: [propext]
info: src/Effect4/Schema/Fold.lean:961:0: 'Effect4.cata_representation_enum' depends on axioms: [propext]
info: src/Effect4/Schema/Fold.lean:962:0: 'Effect4.cata_representation_templateLiteral' depends on axioms: [propext]
info: src/Effect4/Schema/Fold.lean:963:0: 'Effect4.cata_representation_arrays' depends on axioms: [propext]
info: src/Effect4/Schema/Fold.lean:964:0: 'Effect4.cata_representation_objects' depends on axioms: [propext]
info: src/Effect4/Schema/Fold.lean:965:0: 'Effect4.cata_representation_union' depends on axioms: [propext]
info: src/Effect4/Schema/Fold.lean:966:0: 'Effect4.cata_check_filter' depends on axioms: [propext]
info: src/Effect4/Schema/Fold.lean:967:0: 'Effect4.cata_check_filterGroup' depends on axioms: [propext]
info: src/Effect4/Schema/Fold.lean:968:0: 'Effect4.hom_eq_cata_representation' depends on axioms: [propext]
info: src/Effect4/Schema/Fold.lean:969:0: 'Effect4.hom_eq_cata_check' depends on axioms: [propext]
info: src/Effect4/Schema/Fold.lean:970:0: 'Effect4.hom_pos_list_representation' depends on axioms: [propext]
info: src/Effect4/Schema/Fold.lean:971:0: 'Effect4.hom_pos_list_check' depends on axioms: [propext]
info: src/Effect4/Schema/Fold.lean:972:0: 'Effect4.hom_pos_elementOf_representation' depends on axioms: [propext]
info: src/Effect4/Schema/Fold.lean:973:0: 'Effect4.hom_pos_list_elementOf_representation' depends on axioms: [propext]
info: src/Effect4/Schema/Fold.lean:974:0: 'Effect4.hom_pos_propertySignatureOf_representation' depends on axioms: [propext]
info: src/Effect4/Schema/Fold.lean:975:0: 'Effect4.hom_pos_list_propertySignatureOf_representation' depends on axioms: [propext]
info: src/Effect4/Schema/Fold.lean:976:0: 'Effect4.hom_pos_indexSignatureOf_representation' depends on axioms: [propext]
info: src/Effect4/Schema/Fold.lean:977:0: 'Effect4.hom_pos_list_indexSignatureOf_representation' depends on axioms: [propext]
info: src/Effect4/Schema/Fold.lean:978:0: 'Effect4.hom_pos_option_list_representation' depends on axioms: [propext]
info: src/Effect4/Schema/Fold.lean:979:0: 'Effect4.hom_pos_checkRepresentationAnnotationOf_representation' depends on axioms: [propext]
info: src/Effect4/Schema/Fold.lean:980:0: 'Effect4.hom_pos_option_checkRepresentationAnnotationOf_representation' depends on axioms: [propext]
info: src/Effect4/Schema/Fold.lean:981:0: 'Effect4.cata_id_representation' depends on axioms: [propext]
info: src/Effect4/Schema/Fold.lean:982:0: 'Effect4.cata_id_check' depends on axioms: [propext]
info: src/Effect4/Schema/Fold.lean:983:0: 'Effect4.cata_id_pos_list_representation' depends on axioms: [propext]
info: src/Effect4/Schema/Fold.lean:984:0: 'Effect4.cata_id_pos_list_check' depends on axioms: [propext]
info: src/Effect4/Schema/Fold.lean:985:0: 'Effect4.cata_id_pos_elementOf_representation' depends on axioms: [propext]
info: src/Effect4/Schema/Fold.lean:986:0: 'Effect4.cata_id_pos_list_elementOf_representation' depends on axioms: [propext]
info: src/Effect4/Schema/Fold.lean:987:0: 'Effect4.cata_id_pos_propertySignatureOf_representation' depends on axioms: [propext]
info: src/Effect4/Schema/Fold.lean:988:0: 'Effect4.cata_id_pos_list_propertySignatureOf_representation' depends on axioms: [propext]
info: src/Effect4/Schema/Fold.lean:989:0: 'Effect4.cata_id_pos_indexSignatureOf_representation' depends on axioms: [propext]
info: src/Effect4/Schema/Fold.lean:990:0: 'Effect4.cata_id_pos_list_indexSignatureOf_representation' depends on axioms: [propext]
info: src/Effect4/Schema/Fold.lean:991:0: 'Effect4.cata_id_pos_option_list_representation' depends on axioms: [propext]
info: src/Effect4/Schema/Fold.lean:992:0: 'Effect4.cata_id_pos_checkRepresentationAnnotationOf_representation' depends on axioms: [propext]
info: src/Effect4/Schema/Fold.lean:993:0: 'Effect4.cata_id_pos_option_checkRepresentationAnnotationOf_representation' depends on axioms: [propext]
ℹ [251/274] Replayed Effect4.Laws.Machine.Behaviour
info: src/Effect4/Laws/Machine/Behaviour.lean:119:0: Effect4.Machine.M1Trace: 0 open, 1 proved, 1 total; ceiling 1
ℹ [254/360] Replayed Effect4.Laws.Program.Folds.Ty
info: src/Effect4/Laws/Program/Folds/Ty.lean:23:0: fold_of: Effect4.Program.Ty.renderRaw.eq_cata : ∀ (a : Ty), a.renderRaw = cata_ty Ty.renderRaw.alg a
info: src/Effect4/Laws/Program/Folds/Ty.lean:23:0: fold_of: Effect4.Program.Ty.renderRaw.alg : TyAlgebra fun fam => TyFam.rec String fam
info: src/Effect4/Laws/Program/Folds/Ty.lean:24:0: fold_of: Effect4.Program.Ty.members.eq_cata : ∀ (a : Ty), a.members = (cata_ty Ty.members.alg a).snd
info: src/Effect4/Laws/Program/Folds/Ty.lean:24:0: fold_of (paramorphism: the carrier pairs the value): Effect4.Program.Ty.members.alg : TyAlgebra fun fam =>
  TyFam.rec (Ty × List Ty) fam
info: src/Effect4/Laws/Program/Folds/Ty.lean:25:0: fold_of: Effect4.Program.Ty.key.eq_cata : ∀ (a : Ty), a.key = cata_ty Ty.key.alg a
info: src/Effect4/Laws/Program/Folds/Ty.lean:25:0: fold_of: Effect4.Program.Ty.key.alg : TyAlgebra fun fam => TyFam.rec (List Nat) fam
info: src/Effect4/Laws/Program/Folds/Ty.lean:26:0: fold_of: Effect4.Program.Ty.isNever.eq_cata : ∀ (a : Ty), a.isNever = cata_ty Ty.isNever.alg a
info: src/Effect4/Laws/Program/Folds/Ty.lean:26:0: fold_of: Effect4.Program.Ty.isNever.alg : TyAlgebra fun fam => TyFam.rec Bool fam
info: src/Effect4/Laws/Program/Folds/Ty.lean:27:0: fold_of: Effect4.Program.Ty.isMember.eq_cata : ∀ (a : Ty), a.isMember = cata_ty Ty.isMember.alg a
info: src/Effect4/Laws/Program/Folds/Ty.lean:27:0: fold_of: Effect4.Program.Ty.isMember.alg : TyAlgebra fun fam => TyFam.rec Bool fam
info: src/Effect4/Laws/Program/Folds/Ty.lean:28:0: fold_of: Effect4.Program.Ty.normalize.eq_cata : ∀ (a : Ty), a.normalize = cata_ty Ty.normalize.alg a
info: src/Effect4/Laws/Program/Folds/Ty.lean:28:0: fold_of: Effect4.Program.Ty.normalize.alg : TyAlgebra fun fam => TyFam.rec Ty fam
info: src/Effect4/Laws/Program/Folds/Ty.lean:29:0: fold_of: Effect4.Program.isTagTy.eq_cata : ∀ (a : Ty), isTagTy a = cata_ty isTagTy.alg a
info: src/Effect4/Laws/Program/Folds/Ty.lean:29:0: fold_of: Effect4.Program.isTagTy.alg : TyAlgebra fun fam => TyFam.rec Bool fam
info: src/Effect4/Laws/Program/Folds/Ty.lean:30:0: fold_of: Effect4.Program.rawSupportedErrTy.eq_cata : ∀ (a : Ty),
  rawSupportedErrTy a = (cata_ty rawSupportedErrTy.alg a).snd
info: src/Effect4/Laws/Program/Folds/Ty.lean:30:0: fold_of (paramorphism: the carrier pairs the value): Effect4.Program.rawSupportedErrTy.alg : TyAlgebra fun fam =>
  TyFam.rec (Ty × Bool) fam
info: src/Effect4/Laws/Program/Folds/Ty.lean:31:0: fold_of: Effect4.Program.NativeAtom.projectProduct.eq_cata : ∀ (second : Bool) (a : Ty),
  NativeAtom.projectProduct second a = (cata_ty (NativeAtom.projectProduct.alg second) a).snd
info: src/Effect4/Laws/Program/Folds/Ty.lean:31:0: fold_of (paramorphism: the carrier pairs the value): Effect4.Program.NativeAtom.projectProduct.alg : Bool →
  TyAlgebra fun fam => TyFam.rec (Ty × Option Ty) fam
info: src/Effect4/Laws/Program/Folds/Ty.lean:32:0: fold_of: Effect4.Program.findInt.eq_cata : ∀ (pos : Path) (a : Ty), findInt pos a = cata_ty findInt.alg a pos
info: src/Effect4/Laws/Program/Folds/Ty.lean:32:0: fold_of: Effect4.Program.findInt.alg : TyAlgebra fun fam => TyFam.rec (Path → Option Path) fam
info: src/Effect4/Laws/Program/Folds/Ty.lean:33:0: fold_of: Effect4.Program.Val.hasTy.eq_cata : ∀ (v : Machine.Val) (ty : Ty) (allocated : optParam (List String) []),
  Val.hasTy v ty allocated = (cata_ty Val.hasTy.alg ty).snd v allocated
info: src/Effect4/Laws/Program/Folds/Ty.lean:33:0: fold_of (paramorphism: the carrier pairs the value): Effect4.Program.Val.hasTy.alg : TyAlgebra fun fam =>
  TyFam.rec (Ty × (Machine.Val → List String → Bool)) fam
info: src/Effect4/Laws/Program/Folds/Ty.lean:34:0: fold_of: Effect4.Schema.Bridge.schema.eq_cata : ∀ (a : Ty), Schema.Bridge.schema a = cata_ty Schema.Bridge.schema.alg a
info: src/Effect4/Laws/Program/Folds/Ty.lean:34:0: fold_of: Effect4.Schema.Bridge.schema.alg : TyAlgebra fun fam => TyFam.rec Representation fam
info: src/Effect4/Laws/Program/Folds/Ty.lean:35:0: fold_of: Effect4.Schema.Codec.layout.eq_cata : ∀ (a : Ty),
  Schema.Codec.layout a = (cata_ty Schema.Codec.layout.alg a).snd
info: src/Effect4/Laws/Program/Folds/Ty.lean:35:0: fold_of (paramorphism: the carrier pairs the value): Effect4.Schema.Codec.layout.alg : TyAlgebra fun fam =>
  TyFam.rec (Ty × Ty) fam
info: src/Effect4/Laws/Program/Folds/Ty.lean:36:0: fold_of: Effect4.Schema.Codec.isSupported.eq_cata : ∀ (a : Ty),
  Schema.Codec.isSupported a = cata_ty Schema.Codec.isSupported.alg a
info: src/Effect4/Laws/Program/Folds/Ty.lean:36:0: fold_of: Effect4.Schema.Codec.isSupported.alg : TyAlgebra fun fam => TyFam.rec Bool fam
info: src/Effect4/Laws/Program/Folds/Ty.lean:37:0: fold_of: Effect4.Schema.Codec.encodeRaw.eq_cata : ∀ (a : Ty) (a_1 : Machine.Val),
  Schema.Codec.encodeRaw a a_1 = (cata_ty Schema.Codec.encodeRaw.alg a).snd a_1
info: src/Effect4/Laws/Program/Folds/Ty.lean:37:0: fold_of (paramorphism: the carrier pairs the value): Effect4.Schema.Codec.encodeRaw.alg : TyAlgebra fun fam =>
  TyFam.rec (Ty × (Machine.Val → Option Json)) fam
info: src/Effect4/Laws/Program/Folds/Ty.lean:38:0: fold_of: Effect4.Schema.Codec.decodeRaw.eq_cata : ∀ (a : Ty) (a_1 : Json),
  Schema.Codec.decodeRaw a a_1 = (cata_ty Schema.Codec.decodeRaw.alg a).snd a_1
info: src/Effect4/Laws/Program/Folds/Ty.lean:38:0: fold_of (paramorphism: the carrier pairs the value): Effect4.Schema.Codec.decodeRaw.alg : TyAlgebra fun fam =>
  TyFam.rec (Ty × (Json → Option Machine.Val)) fam
ℹ [262/360] Replayed Effect4.Laws.Program.Agreement
info: src/Effect4/Laws/Program/Agreement.lean:1931:0: Effect4.Program.Agreement.M1Origin: 0 open, 1 proved, 1 total; ceiling 0
ℹ [271/360] Replayed Effect4.Laws.Program.Typed.State
info: src/Effect4/Laws/Program/Typed/State.lean:21:0: 85 positions from 4 roots, 86 source rows
  11	owner
  8	custom
  5	exit
  3	column
  1	refused
  6	journal
  51	hook
  refused	Effect4.Machine.Stores.externals	external rows are the table-aware slice (DI-57); the reference parks them forever
  refused	Effect4.ScopeState.closed.exit	DI-94 fixes the release type at Exit<unknown, unknown>; connecting stored scope exits to the invariant remains open
ℹ [273/360] Replayed Effect4.Laws.Program.Typed.World
info: src/Effect4/Laws/Program/Typed/World.lean:756:0: Effect4.Program.Typed.WorldControlWanted: 0 open, 5 proved, 5 total; ceiling 0
info: src/Effect4/Laws/Program/Typed/World.lean:757:0: Effect4.Program.Typed.WorldWanted: 1 open, 19 proved, 20 total; ceiling 1
ℹ [275/360] Replayed Effect4.Laws.Machine.Book
info: src/Effect4/Laws/Machine/Book.lean:1285:0: Effect4.Machine.M1OriginBook: 0 open, 1 proved, 1 total; ceiling 0
ℹ [295/360] Replayed Effect4.Api.Derived
info: src/Effect4/Api/Derived.lean:312:0: 'Effect4.Store.ApiGen.FiberIdC.toVal' depends on axioms: [propext]
info: src/Effect4/Api/Derived.lean:313:0: 'Effect4.Store.ApiGen.FiberIdC.ofVal_toVal' depends on axioms: [propext]
info: src/Effect4/Api/Derived.lean:314:0: 'Effect4.Store.ApiGen.FiberIdC.ofVal_exact' depends on axioms: [propext]
info: src/Effect4/Api/Derived.lean:315:0: 'Effect4.Store.ApiGen.FiberIdC.fits' depends on axioms: [propext, Quot.sound]
info: src/Effect4/Api/Derived.lean:316:0: 'Effect4.Store.ApiGen.FiberIdC.instCanonical' depends on axioms: [propext, Quot.sound]
info: src/Effect4/Api/Derived.lean:317:0: 'Effect4.Store.ApiGen.KeyC.toVal' depends on axioms: [propext, Quot.sound]
info: src/Effect4/Api/Derived.lean:318:0: 'Effect4.Store.ApiGen.KeyC.ofVal_toVal' depends on axioms: [propext, Quot.sound]
info: src/Effect4/Api/Derived.lean:319:0: 'Effect4.Store.ApiGen.KeyC.ofVal_exact' depends on axioms: [propext, Quot.sound]
info: src/Effect4/Api/Derived.lean:320:0: 'Effect4.Store.ApiGen.KeyC.fits' depends on axioms: [propext, Quot.sound]
info: src/Effect4/Api/Derived.lean:321:0: 'Effect4.Store.ApiGen.KeyC.instCanonical' depends on axioms: [propext, Quot.sound]
info: src/Effect4/Api/Derived.lean:322:0: 'Effect4.Store.ApiGen.ExhaustionC.toVal' does not depend on any axioms
info: src/Effect4/Api/Derived.lean:323:0: 'Effect4.Store.ApiGen.ExhaustionC.ofVal_toVal' depends on axioms: [propext]
info: src/Effect4/Api/Derived.lean:324:0: 'Effect4.Store.ApiGen.ExhaustionC.ofVal_exact' depends on axioms: [propext]
info: src/Effect4/Api/Derived.lean:325:0: 'Effect4.Store.ApiGen.ExhaustionC.fits' depends on axioms: [propext]
info: src/Effect4/Api/Derived.lean:326:0: 'Effect4.Store.ApiGen.ExhaustionC.instCanonical' depends on axioms: [propext]
info: src/Effect4/Api/Derived.lean:327:0: 'Effect4.Store.ApiGen.FrontierReasonC.toVal' depends on axioms: [propext, Quot.sound]
info: src/Effect4/Api/Derived.lean:328:0: 'Effect4.Store.ApiGen.FrontierReasonC.ofVal_toVal' depends on axioms: [propext, Quot.sound]
info: src/Effect4/Api/Derived.lean:329:0: 'Effect4.Store.ApiGen.FrontierReasonC.ofVal_exact' depends on axioms: [propext, Quot.sound]
info: src/Effect4/Api/Derived.lean:330:0: 'Effect4.Store.ApiGen.FrontierReasonC.fits' depends on axioms: [propext, Quot.sound]
info: src/Effect4/Api/Derived.lean:331:0: 'Effect4.Store.ApiGen.FrontierReasonC.instCanonical' depends on axioms: [propext, Quot.sound]
ℹ [300/360] Replayed Effect4.Store.Domain.Derived.Program
info: src/Effect4/Store/Domain/Derived/Program.lean:2873:0: 'Effect4.Store.ProgramGen.LitC.toVal' depends on axioms: [propext]
info: src/Effect4/Store/Domain/Derived/Program.lean:2874:0: 'Effect4.Store.ProgramGen.LitC.ofVal_toVal' depends on axioms: [propext]
info: src/Effect4/Store/Domain/Derived/Program.lean:2875:0: 'Effect4.Store.ProgramGen.LitC.ofVal_exact' depends on axioms: [propext, Quot.sound]
info: src/Effect4/Store/Domain/Derived/Program.lean:2876:0: 'Effect4.Store.ProgramGen.LitC.fits' depends on axioms: [propext, Quot.sound]
info: src/Effect4/Store/Domain/Derived/Program.lean:2877:0: 'Effect4.Store.ProgramGen.LitC.instCanonical' depends on axioms: [propext, Quot.sound]
info: src/Effect4/Store/Domain/Derived/Program.lean:2878:0: 'Effect4.Store.ProgramGen.FnNameC.toVal' does not depend on any axioms
info: src/Effect4/Store/Domain/Derived/Program.lean:2879:0: 'Effect4.Store.ProgramGen.FnNameC.ofVal_toVal' depends on axioms: [propext]
info: src/Effect4/Store/Domain/Derived/Program.lean:2880:0: 'Effect4.Store.ProgramGen.FnNameC.ofVal_exact' depends on axioms: [propext]
info: src/Effect4/Store/Domain/Derived/Program.lean:2881:0: 'Effect4.Store.ProgramGen.FnNameC.fits' depends on axioms: [propext]
info: src/Effect4/Store/Domain/Derived/Program.lean:2882:0: 'Effect4.Store.ProgramGen.FnNameC.instCanonical' depends on axioms: [propext]
info: src/Effect4/Store/Domain/Derived/Program.lean:2883:0: 'Effect4.Store.ProgramGen.FinalizerStrategyC.toVal' does not depend on any axioms
info: src/Effect4/Store/Domain/Derived/Program.lean:2884:0: 'Effect4.Store.ProgramGen.FinalizerStrategyC.ofVal_toVal' depends on axioms: [propext]
info: src/Effect4/Store/Domain/Derived/Program.lean:2885:0: 'Effect4.Store.ProgramGen.FinalizerStrategyC.ofVal_exact' depends on axioms: [propext]
info: src/Effect4/Store/Domain/Derived/Program.lean:2886:0: 'Effect4.Store.ProgramGen.FinalizerStrategyC.fits' depends on axioms: [propext]
info: src/Effect4/Store/Domain/Derived/Program.lean:2887:0: 'Effect4.Store.ProgramGen.FinalizerStrategyC.instCanonical' depends on axioms: [propext]
info: src/Effect4/Store/Domain/Derived/Program.lean:2888:0: 'Effect4.Store.ProgramGen.MaskModeC.toVal' does not depend on any axioms
info: src/Effect4/Store/Domain/Derived/Program.lean:2889:0: 'Effect4.Store.ProgramGen.MaskModeC.ofVal_toVal' depends on axioms: [propext]
info: src/Effect4/Store/Domain/Derived/Program.lean:2890:0: 'Effect4.Store.ProgramGen.MaskModeC.ofVal_exact' depends on axioms: [propext]
info: src/Effect4/Store/Domain/Derived/Program.lean:2891:0: 'Effect4.Store.ProgramGen.MaskModeC.fits' depends on axioms: [propext]
info: src/Effect4/Store/Domain/Derived/Program.lean:2892:0: 'Effect4.Store.ProgramGen.MaskModeC.instCanonical' depends on axioms: [propext]
info: src/Effect4/Store/Domain/Derived/Program.lean:2893:0: 'Effect4.Store.ProgramGen.ObserverModeC.toVal' does not depend on any axioms
info: src/Effect4/Store/Domain/Derived/Program.lean:2894:0: 'Effect4.Store.ProgramGen.ObserverModeC.ofVal_toVal' depends on axioms: [propext]
info: src/Effect4/Store/Domain/Derived/Program.lean:2895:0: 'Effect4.Store.ProgramGen.ObserverModeC.ofVal_exact' depends on axioms: [propext]
info: src/Effect4/Store/Domain/Derived/Program.lean:2896:0: 'Effect4.Store.ProgramGen.ObserverModeC.fits' depends on axioms: [propext]
info: src/Effect4/Store/Domain/Derived/Program.lean:2897:0: 'Effect4.Store.ProgramGen.ObserverModeC.instCanonical' depends on axioms: [propext]
info: src/Effect4/Store/Domain/Derived/Program.lean:2898:0: 'Effect4.Store.ProgramGen.DecisionC.toVal' depends on axioms: [propext]
info: src/Effect4/Store/Domain/Derived/Program.lean:2899:0: 'Effect4.Store.ProgramGen.DecisionC.ofVal_toVal' depends on axioms: [propext]
info: src/Effect4/Store/Domain/Derived/Program.lean:2900:0: 'Effect4.Store.ProgramGen.DecisionC.ofVal_exact' depends on axioms: [propext, Quot.sound]
info: src/Effect4/Store/Domain/Derived/Program.lean:2901:0: 'Effect4.Store.ProgramGen.DecisionC.fits' depends on axioms: [propext, Quot.sound]
info: src/Effect4/Store/Domain/Derived/Program.lean:2902:0: 'Effect4.Store.ProgramGen.DecisionC.instCanonical' depends on axioms: [propext, Quot.sound]
info: src/Effect4/Store/Domain/Derived/Program.lean:2903:0: 'Effect4.Store.ProgramGen.NativeOpC.toVal' depends on axioms: [propext]
info: src/Effect4/Store/Domain/Derived/Program.lean:2904:0: 'Effect4.Store.ProgramGen.NativeOpC.ofVal_toVal' depends on axioms: [propext]
info: src/Effect4/Store/Domain/Derived/Program.lean:2905:0: 'Effect4.Store.ProgramGen.NativeOpC.ofVal_exact' depends on axioms: [propext, Quot.sound]
info: src/Effect4/Store/Domain/Derived/Program.lean:2906:0: 'Effect4.Store.ProgramGen.NativeOpC.fits' depends on axioms: [propext, Quot.sound]
info: src/Effect4/Store/Domain/Derived/Program.lean:2907:0: 'Effect4.Store.ProgramGen.NativeOpC.instCanonical' depends on axioms: [propext, Quot.sound]
info: src/Effect4/Store/Domain/Derived/Program.lean:2908:0: 'Effect4.Store.ProgramGen.ForkOptionsC.toVal' depends on axioms: [propext]
info: src/Effect4/Store/Domain/Derived/Program.lean:2909:0: 'Effect4.Store.ProgramGen.ForkOptionsC.ofVal_toVal' depends on axioms: [propext]
info: src/Effect4/Store/Domain/Derived/Program.lean:2910:0: 'Effect4.Store.ProgramGen.ForkOptionsC.ofVal_exact' depends on axioms: [propext]
info: src/Effect4/Store/Domain/Derived/Program.lean:2911:0: 'Effect4.Store.ProgramGen.ForkOptionsC.fits' depends on axioms: [propext, Quot.sound]
info: src/Effect4/Store/Domain/Derived/Program.lean:2912:0: 'Effect4.Store.ProgramGen.ForkOptionsC.instCanonical' depends on axioms: [propext, Quot.sound]
info: src/Effect4/Store/Domain/Derived/Program.lean:2913:0: 'Effect4.Store.ProgramGen.TermC.toValTerm' depends on axioms: [propext, Quot.sound]
info: src/Effect4/Store/Domain/Derived/Program.lean:2914:0: 'Effect4.Store.ProgramGen.TermC.rawTerm_toValTerm' depends on axioms: [propext, Quot.sound]
info: src/Effect4/Store/Domain/Derived/Program.lean:2915:0: 'Effect4.Store.ProgramGen.TermC.fitsTerm' depends on axioms: [propext, Quot.sound]
info: src/Effect4/Store/Domain/Derived/Program.lean:2916:0: 'Effect4.Store.ProgramGen.TermC.instCanonicalTerm' depends on axioms: [propext, Quot.sound]
info: src/Effect4/Store/Domain/Derived/Program.lean:2917:0: 'Effect4.Store.ProgramGen.TermC.toValTerms' depends on axioms: [propext, Quot.sound]
info: src/Effect4/Store/Domain/Derived/Program.lean:2918:0: 'Effect4.Store.ProgramGen.TermC.rawTerms_toValTerms' depends on axioms: [propext, Quot.sound]
info: src/Effect4/Store/Domain/Derived/Program.lean:2919:0: 'Effect4.Store.ProgramGen.TermC.fitsTerms' depends on axioms: [propext, Quot.sound]
info: src/Effect4/Store/Domain/Derived/Program.lean:2920:0: 'Effect4.Store.ProgramGen.TermC.instCanonicalTerms' depends on axioms: [propext, Quot.sound]
info: src/Effect4/Store/Domain/Derived/Program.lean:2921:0: 'Effect4.Store.ProgramGen.CauseTermC.toValCauseTerm' depends on axioms: [propext, Quot.sound]
info: src/Effect4/Store/Domain/Derived/Program.lean:2922:0: 'Effect4.Store.ProgramGen.CauseTermC.rawCauseTerm_toValCauseTerm' depends on axioms: [propext, Quot.sound]
info: src/Effect4/Store/Domain/Derived/Program.lean:2923:0: 'Effect4.Store.ProgramGen.CauseTermC.fitsCauseTerm' depends on axioms: [propext, Quot.sound]
info: src/Effect4/Store/Domain/Derived/Program.lean:2924:0: 'Effect4.Store.ProgramGen.CauseTermC.instCanonicalCauseTerm' depends on axioms: [propext, Quot.sound]
info: src/Effect4/Store/Domain/Derived/Program.lean:2925:0: 'Effect4.Store.ProgramGen.ServiceNameC.toVal' depends on axioms: [propext]
info: src/Effect4/Store/Domain/Derived/Program.lean:2926:0: 'Effect4.Store.ProgramGen.ServiceNameC.ofVal_toVal' depends on axioms: [propext]
info: src/Effect4/Store/Domain/Derived/Program.lean:2927:0: 'Effect4.Store.ProgramGen.ServiceNameC.ofVal_exact' depends on axioms: [propext]
info: src/Effect4/Store/Domain/Derived/Program.lean:2928:0: 'Effect4.Store.ProgramGen.ServiceNameC.fits' depends on axioms: [propext, Quot.sound]
info: src/Effect4/Store/Domain/Derived/Program.lean:2929:0: 'Effect4.Store.ProgramGen.ServiceNameC.instCanonical' depends on axioms: [propext, Quot.sound]
info: src/Effect4/Store/Domain/Derived/Program.lean:2930:0: 'Effect4.Store.ProgramGen.ServiceTypeCodeC.toVal' depends on axioms: [propext]
info: src/Effect4/Store/Domain/Derived/Program.lean:2931:0: 'Effect4.Store.ProgramGen.ServiceTypeCodeC.ofVal_toVal' depends on axioms: [propext]
info: src/Effect4/Store/Domain/Derived/Program.lean:2932:0: 'Effect4.Store.ProgramGen.ServiceTypeCodeC.ofVal_exact' depends on axioms: [propext]
info: src/Effect4/Store/Domain/Derived/Program.lean:2933:0: 'Effect4.Store.ProgramGen.ServiceTypeCodeC.fits' depends on axioms: [propext, Quot.sound]
info: src/Effect4/Store/Domain/Derived/Program.lean:2934:0: 'Effect4.Store.ProgramGen.ServiceTypeCodeC.instCanonical' depends on axioms: [propext, Quot.sound]
info: src/Effect4/Store/Domain/Derived/Program.lean:2935:0: 'Effect4.Store.ProgramGen.ServiceKeyC.toVal' depends on axioms: [propext, Quot.sound]
info: src/Effect4/Store/Domain/Derived/Program.lean:2936:0: 'Effect4.Store.ProgramGen.ServiceKeyC.ofVal_toVal' depends on axioms: [propext, Quot.sound]
info: src/Effect4/Store/Domain/Derived/Program.lean:2937:0: 'Effect4.Store.ProgramGen.ServiceKeyC.ofVal_exact' depends on axioms: [propext, Quot.sound]
info: src/Effect4/Store/Domain/Derived/Program.lean:2938:0: 'Effect4.Store.ProgramGen.ServiceKeyC.fits' depends on axioms: [propext, Quot.sound]
info: src/Effect4/Store/Domain/Derived/Program.lean:2939:0: 'Effect4.Store.ProgramGen.ServiceKeyC.instCanonical' depends on axioms: [propext, Quot.sound]
info: src/Effect4/Store/Domain/Derived/Program.lean:2940:0: 'Effect4.Store.ProgramGen.TyC.toValTy' depends on axioms: [propext]
info: src/Effect4/Store/Domain/Derived/Program.lean:2941:0: 'Effect4.Store.ProgramGen.TyC.rawTy_toValTy' depends on axioms: [propext]
info: src/Effect4/Store/Domain/Derived/Program.lean:2942:0: 'Effect4.Store.ProgramGen.TyC.fitsTy' depends on axioms: [propext, Quot.sound]
info: src/Effect4/Store/Domain/Derived/Program.lean:2943:0: 'Effect4.Store.ProgramGen.TyC.instCanonicalTy' depends on axioms: [propext, Quot.sound]
info: src/Effect4/Store/Domain/Derived/Program.lean:2944:0: 'Effect4.Store.ProgramGen.EffC.toValEff' depends on axioms: [propext, Quot.sound]
info: src/Effect4/Store/Domain/Derived/Program.lean:2945:0: 'Effect4.Store.ProgramGen.EffC.rawEff_toValEff' depends on axioms: [propext, Quot.sound]
info: src/Effect4/Store/Domain/Derived/Program.lean:2946:0: 'Effect4.Store.ProgramGen.EffC.fitsEff' depends on axioms: [propext, Quot.sound]
info: src/Effect4/Store/Domain/Derived/Program.lean:2947:0: 'Effect4.Store.ProgramGen.EffC.instCanonicalEff' depends on axioms: [propext, Quot.sound]
info: src/Effect4/Store/Domain/Derived/Program.lean:2948:0: 'Effect4.Store.ProgramGen.EffC.toValStmt' depends on axioms: [propext, Quot.sound]
info: src/Effect4/Store/Domain/Derived/Program.lean:2949:0: 'Effect4.Store.ProgramGen.EffC.rawStmt_toValStmt' depends on axioms: [propext, Quot.sound]
info: src/Effect4/Store/Domain/Derived/Program.lean:2950:0: 'Effect4.Store.ProgramGen.EffC.fitsStmt' depends on axioms: [propext, Quot.sound]
info: src/Effect4/Store/Domain/Derived/Program.lean:2951:0: 'Effect4.Store.ProgramGen.EffC.instCanonicalStmt' depends on axioms: [propext, Quot.sound]
info: src/Effect4/Store/Domain/Derived/Program.lean:2952:0: 'Effect4.Store.ProgramGen.EffC.toValStmts' depends on axioms: [propext, Quot.sound]
info: src/Effect4/Store/Domain/Derived/Program.lean:2953:0: 'Effect4.Store.ProgramGen.EffC.rawStmts_toValStmts' depends on axioms: [propext, Quot.sound]
info: src/Effect4/Store/Domain/Derived/Program.lean:2954:0: 'Effect4.Store.ProgramGen.EffC.fitsStmts' depends on axioms: [propext, Quot.sound]
info: src/Effect4/Store/Domain/Derived/Program.lean:2955:0: 'Effect4.Store.ProgramGen.EffC.instCanonicalStmts' depends on axioms: [propext, Quot.sound]
info: src/Effect4/Store/Domain/Derived/Program.lean:2956:0: 'Effect4.Store.ProgramGen.EffC.toValEffs' depends on axioms: [propext, Quot.sound]
info: src/Effect4/Store/Domain/Derived/Program.lean:2957:0: 'Effect4.Store.ProgramGen.EffC.rawEffs_toValEffs' depends on axioms: [propext, Quot.sound]
info: src/Effect4/Store/Domain/Derived/Program.lean:2958:0: 'Effect4.Store.ProgramGen.EffC.fitsEffs' depends on axioms: [propext, Quot.sound]
info: src/Effect4/Store/Domain/Derived/Program.lean:2959:0: 'Effect4.Store.ProgramGen.EffC.instCanonicalEffs' depends on axioms: [propext, Quot.sound]
info: src/Effect4/Store/Domain/Derived/Program.lean:2960:0: 'Effect4.Store.ProgramGen.EffC.toValActionTerm' depends on axioms: [propext, Quot.sound]
info: src/Effect4/Store/Domain/Derived/Program.lean:2961:0: 'Effect4.Store.ProgramGen.EffC.rawActionTerm_toValActionTerm' depends on axioms: [propext, Quot.sound]
info: src/Effect4/Store/Domain/Derived/Program.lean:2962:0: 'Effect4.Store.ProgramGen.EffC.fitsActionTerm' depends on axioms: [propext, Quot.sound]
info: src/Effect4/Store/Domain/Derived/Program.lean:2963:0: 'Effect4.Store.ProgramGen.EffC.instCanonicalActionTerm' depends on axioms: [propext, Quot.sound]
info: src/Effect4/Store/Domain/Derived/Program.lean:2964:0: 'Effect4.Store.ProgramGen.EffC.toValLayerTerm' depends on axioms: [propext, Quot.sound]
info: src/Effect4/Store/Domain/Derived/Program.lean:2965:0: 'Effect4.Store.ProgramGen.EffC.rawLayerTerm_toValLayerTerm' depends on axioms: [propext, Quot.sound]
info: src/Effect4/Store/Domain/Derived/Program.lean:2966:0: 'Effect4.Store.ProgramGen.EffC.fitsLayerTerm' depends on axioms: [propext, Quot.sound]
info: src/Effect4/Store/Domain/Derived/Program.lean:2967:0: 'Effect4.Store.ProgramGen.EffC.instCanonicalLayerTerm' depends on axioms: [propext, Quot.sound]
info: src/Effect4/Store/Domain/Derived/Program.lean:2968:0: 'Effect4.Store.ProgramGen.EffC.toValLayerTerms' depends on axioms: [propext, Quot.sound]
info: src/Effect4/Store/Domain/Derived/Program.lean:2969:0: 'Effect4.Store.ProgramGen.EffC.rawLayerTerms_toValLayerTerms' depends on axioms: [propext, Quot.sound]
info: src/Effect4/Store/Domain/Derived/Program.lean:2970:0: 'Effect4.Store.ProgramGen.EffC.fitsLayerTerms' depends on axioms: [propext, Quot.sound]
info: src/Effect4/Store/Domain/Derived/Program.lean:2971:0: 'Effect4.Store.ProgramGen.EffC.instCanonicalLayerTerms' depends on axioms: [propext, Quot.sound]
info: src/Effect4/Store/Domain/Derived/Program.lean:2972:0: 'Effect4.Store.ProgramGen.RowKindC.toVal' does not depend on any axioms
info: src/Effect4/Store/Domain/Derived/Program.lean:2973:0: 'Effect4.Store.ProgramGen.RowKindC.ofVal_toVal' depends on axioms: [propext]
info: src/Effect4/Store/Domain/Derived/Program.lean:2974:0: 'Effect4.Store.ProgramGen.RowKindC.ofVal_exact' depends on axioms: [propext]
info: src/Effect4/Store/Domain/Derived/Program.lean:2975:0: 'Effect4.Store.ProgramGen.RowKindC.fits' depends on axioms: [propext]
info: src/Effect4/Store/Domain/Derived/Program.lean:2976:0: 'Effect4.Store.ProgramGen.RowKindC.instCanonical' depends on axioms: [propext]
info: src/Effect4/Store/Domain/Derived/Program.lean:2977:0: 'Effect4.Store.ProgramGen.RowShapeC.toVal' does not depend on any axioms
info: src/Effect4/Store/Domain/Derived/Program.lean:2978:0: 'Effect4.Store.ProgramGen.RowShapeC.ofVal_toVal' depends on axioms: [propext]
info: src/Effect4/Store/Domain/Derived/Program.lean:2979:0: 'Effect4.Store.ProgramGen.RowShapeC.ofVal_exact' depends on axioms: [propext]
info: src/Effect4/Store/Domain/Derived/Program.lean:2980:0: 'Effect4.Store.ProgramGen.RowShapeC.fits' depends on axioms: [propext]
info: src/Effect4/Store/Domain/Derived/Program.lean:2981:0: 'Effect4.Store.ProgramGen.RowShapeC.instCanonical' depends on axioms: [propext]
info: src/Effect4/Store/Domain/Derived/Program.lean:2982:0: 'Effect4.Store.ProgramGen.RegistrationC.toVal' does not depend on any axioms
info: src/Effect4/Store/Domain/Derived/Program.lean:2983:0: 'Effect4.Store.ProgramGen.RegistrationC.ofVal_toVal' depends on axioms: [propext]
info: src/Effect4/Store/Domain/Derived/Program.lean:2984:0: 'Effect4.Store.ProgramGen.RegistrationC.ofVal_exact' depends on axioms: [propext]
info: src/Effect4/Store/Domain/Derived/Program.lean:2985:0: 'Effect4.Store.ProgramGen.RegistrationC.fits' depends on axioms: [propext]
info: src/Effect4/Store/Domain/Derived/Program.lean:2986:0: 'Effect4.Store.ProgramGen.RegistrationC.instCanonical' depends on axioms: [propext]
info: src/Effect4/Store/Domain/Derived/Program.lean:2987:0: 'Effect4.Store.ProgramGen.RowC.toVal' depends on axioms: [propext, Quot.sound]
info: src/Effect4/Store/Domain/Derived/Program.lean:2988:0: 'Effect4.Store.ProgramGen.RowC.ofVal_toVal' depends on axioms: [propext, Quot.sound]
info: src/Effect4/Store/Domain/Derived/Program.lean:2989:0: 'Effect4.Store.ProgramGen.RowC.ofVal_exact' depends on axioms: [propext, Quot.sound]
info: src/Effect4/Store/Domain/Derived/Program.lean:2990:0: 'Effect4.Store.ProgramGen.RowC.fits' depends on axioms: [propext, Quot.sound]
info: src/Effect4/Store/Domain/Derived/Program.lean:2991:0: 'Effect4.Store.ProgramGen.RowC.instCanonical' depends on axioms: [propext, Quot.sound]
info: src/Effect4/Store/Domain/Derived/Program.lean:2992:0: 'Effect4.Store.ProgramGen.EffTyC.toVal' depends on axioms: [propext, Quot.sound]
info: src/Effect4/Store/Domain/Derived/Program.lean:2993:0: 'Effect4.Store.ProgramGen.EffTyC.ofVal_toVal' depends on axioms: [propext, Quot.sound]
info: src/Effect4/Store/Domain/Derived/Program.lean:2994:0: 'Effect4.Store.ProgramGen.EffTyC.ofVal_exact' depends on axioms: [propext, Quot.sound]
info: src/Effect4/Store/Domain/Derived/Program.lean:2995:0: 'Effect4.Store.ProgramGen.EffTyC.fits' depends on axioms: [propext, Quot.sound]
info: src/Effect4/Store/Domain/Derived/Program.lean:2996:0: 'Effect4.Store.ProgramGen.EffTyC.instCanonical' depends on axioms: [propext, Quot.sound]
ℹ [347/360] Replayed Effect4.Laws.Program.Simulation.Hooks
info: src/Effect4/Laws/Program/Simulation/Hooks.lean:729:0: Effect4.Program.Sched.M1Hooks: 0 open, 4 proved, 4 total; ceiling 0
ℹ [349/360] Replayed Effect4.Laws.Program.Simulation.Fibers
info: src/Effect4/Laws/Program/Simulation/Fibers.lean:523:0: Effect4.Program.Sched.M1OriginFibers: 0 open, 6 proved, 6 total; ceiling 0
ℹ [350/360] Replayed Effect4.Laws.Program.Simulation.Deliver
info: src/Effect4/Laws/Program/Simulation/Deliver.lean:651:0: Effect4.Program.Sched.M1Deliver: 0 open, 1 proved, 1 total; ceiling 1
ℹ [351/360] Replayed Effect4.Laws.Program.Simulation.Actions
info: src/Effect4/Laws/Program/Simulation/Actions.lean:827:0: Effect4.Program.Sched.M1Actions: 0 open, 1 proved, 1 total; ceiling 1
info: src/Effect4/Laws/Program/Simulation/Actions.lean:828:0: Effect4.Program.Sched.M1Origin: 0 open, 10 proved, 10 total; ceiling 7
ℹ [352/360] Replayed Effect4.Laws.Program.Simulation.Evaluate
info: src/Effect4/Laws/Program/Simulation/Evaluate.lean:1037:0: Effect4.Program.Sched.M1Evaluate: 0 open, 2 proved, 2 total; ceiling 2
ℹ [353/360] Replayed Effect4.Laws.Program.Simulation.Pending
info: src/Effect4/Laws/Program/Simulation/Pending.lean:295:0: Effect4.Program.Sched.M1PendingOrigin: 0 open, 4 proved, 4 total; ceiling 3
ℹ [354/360] Replayed Effect4.Laws.Program.Simulation.Drive
info: src/Effect4/Laws/Program/Simulation/Drive.lean:1146:0: Effect4.Program.Sched.M1Clock: 0 open, 5 proved, 5 total; ceiling 0
info: src/Effect4/Laws/Program/Simulation/Drive.lean:1147:0: Effect4.Program.Sched.M1Drive: 0 open, 7 proved, 7 total; ceiling 1
ℹ [358/360] Replayed Effect4.Laws.Program.Agreement.Machine
info: src/Effect4/Laws/Program/Agreement/Machine.lean:1939:0: Effect4.Program.Agreement.M1Quiet: 0 open, 1 proved, 1 total; ceiling 0
ℹ [360/360] Built Effect4.Laws.Program.Typed.Validity (13s)
info: src/Effect4/Laws/Program/Typed/Validity.lean:99:0: Effect4.Program.Typed.M2Validity: 15 open, 0 proved, 15 total; ceiling 15
Build completed successfully (360 jobs).
