# probe: /Users/pooks/Dev/lean4-effect4/docs/research/2026-10-01-formal-pass/proofs/probes/StaleCode.lean
# sha256: a707805b2fc140dace8c0804597f654ab669c41bec496a3cffce2074f7e7134d
# head: ea5b28b5
# started: 2026-10-01 06:28:29
'FormalPass.Proofs.StaleCode.typed_source' depends on axioms: [propext, Quot.sound]
'FormalPass.Proofs.StaleCode.reach6' depends on axioms: [propext, Quot.sound]
'FormalPass.Proofs.StaleCode.reach7' depends on axioms: [propext, Quot.sound]
'FormalPass.Proofs.StaleCode.window6' depends on axioms: [propext, Quot.sound]
'FormalPass.Proofs.StaleCode.finished7' depends on axioms: [propext, Quot.sound]
'FormalPass.Proofs.StaleCode.finished7m' depends on axioms: [propext, Quot.sound]
'FormalPass.Proofs.StaleCode.only_root6' depends on axioms: [propext, Quot.sound]
'FormalPass.Proofs.StaleCode.only_root7' depends on axioms: [propext, Quot.sound]
'FormalPass.Proofs.StaleCode.residue6_shape' depends on axioms: [propext, Quot.sound]
'FormalPass.Proofs.StaleCode.residue6_machine' depends on axioms: [propext, Quot.sound]
'FormalPass.Proofs.StaleCode.untyped_of_stale' depends on axioms: [propext, Quot.sound]
'FormalPass.Proofs.StaleCode.window_untyped' depends on axioms: [propext, Quot.sound]
'FormalPass.Proofs.StaleCode.finished_untyped' depends on axioms: [propext, Quot.sound]
'FormalPass.Proofs.StaleCode.capstone_false_finished' depends on axioms: [propext, Quot.sound]
'FormalPass.Proofs.StaleCode.capstone_false_window' depends on axioms: [propext, Quot.sound]
'FormalPass.Proofs.StaleCode.admitted_noAnswer' depends on axioms: [propext, Quot.sound]
'FormalPass.Proofs.StaleCode.ledger_jointly_false_window' depends on axioms: [propext, Quot.sound]
'FormalPass.Proofs.StaleCode.ledger_jointly_false_finished' depends on axioms: [propext, Quot.sound]
'FormalPass.Proofs.StaleCode.exitsTyped6' depends on axioms: [propext, Quot.sound]
'FormalPass.Proofs.StaleCode.exitsTyped7' depends on axioms: [propext, Quot.sound]
# exit: 0
# wall seconds (including lock wait): 1
#         1.82 real         0.94 user         1.00 sys
#           1694154752  maximum resident set size
