Tools.View.Run.framesBuilt._closed_0: []
Tools.View.Run.framePrepared._closed_0: []
Tools.View.Run.prepare: [List.nil,
 Effect4.Program.SigApp.mk,
 Effect4.Program.Sketch.mk,
 Effect4.Program.EditSession.open,
 Option.none,
 Tools.View.Program.sessionPage,
 Bool.true,
 Tools.View.Program.lines,
 List.mapTR.loop._at_.Tools.View.Run.prepare.spec_0,
 Array.toList,
 List.zipWith._at_.List.zip.spec_0._redArg,
 Array.mk,
 Tools.View.Program.codePanel,
 Tools.View.Run.Prepared.mk]
Tools.View.Run.framePrepared._closed_2: []
Tools.View.Run.framePrepared._closed_1: []
Tools.View.Run.framePrepared._closed_5: []
Tools.View.Run.framePrepared._closed_4: []
Tools.View.Run.framesBuilt.go: [Nat.decEq,
 List.nil,
 Effect4.Run.nextControl,
 List.nil,
 Nat.sub,
 Effect4.Run.controlOnce,
 Option.some,
 Tools.View.Run.decisionText,
 Tools.View.Run.framePrepared,
 Tools.View.Run.framesBuilt.go,
 List.cons]
Tools.View.Run.framesBuilt: [Effect4.Api.Budget.mk,
 Effect4.Run.open,
 Tools.View.Run.prepare,
 Option.none,
 Tools.View.Run.framePrepared,
 Tools.View.Run.framesBuilt.go,
 List.cons,
 List.lengthTR._redArg,
 List.foldl._at_.Tools.View.Run.framesBuilt.spec_0,
 List.nil,
 List.mapTR.loop._at_.Tools.View.Run.framesBuilt.spec_1,
 List.foldl._at_.Tools.View.Run.framesBuilt.spec_2,
 List.zipIdxTR._redArg,
 List.mapTR.loop._at_.Tools.View.Run.framesBuilt.spec_3]
Tools.View.Run.framesBuilt._closed_2: []
Tools.View.Run.framePrepared._closed_3: [Tools.View.Run.framePrepared._closed_2,
 Tools.View.Run.framePrepared._closed_1,
 Prod.mk]
Tools.View.Run.framePrepared: [Array.usize,
 _private.Init.Data.Array.Basic.0.Array.mapMUnsafe.map._at_.Tools.View.Run.framePrepared.spec_3,
 String.append,
 String.append,
 Tools.View.Run.runText,
 Prod.mk,
 List.lengthTR._redArg,
 Nat.reprFast,
 String.append,
 String.append,
 Option.none,
 Bool.true,
 Tools.View.Run.fiberGraph,
 Tools.View.Graph.layout,
 Tools.View.Panel.mk,
 Option.some,
 Tools.View.Page.mk,
 Tools.View.Run.states,
 Array.mkEmpty,
 List.filterMapTR.go._at_.Tools.View.Run.framePrepared.spec_2,
 List.head?._redArg,
 Option.none,
 Option.some,
 Effect4.Run.machine,
 List.nil,
 List.filterTR.loop._at_.Tools.View.Run.framePrepared.spec_1,
 Effect4.Run.machine,
 Tools.View.Run.states,
 List.nil,
 Effect4.Run.machine]
Tools.View.Run.framesBuilt._closed_1: [Effect4.Api.Budget.mk]
Compiled frame entry prepares once; recursive and dynamic frame helpers do not.
