{
  "allAgree": true,
  "results": [
    {
      "name": "green: the slice instance",
      "accepted": true,
      "expected": true,
      "agrees": true,
      "error": null
    },
    {
      "name": "red: wall-clock key at the root",
      "accepted": false,
      "expected": false,
      "agrees": true,
      "error": "SchemaError(Expected no excess property\n  at [\"timestamp\"])"
    },
    {
      "name": "default decoder strips the wall-clock key (accepted)",
      "accepted": true,
      "expected": true,
      "agrees": true,
      "error": null
    },
    {
      "name": "red: dangling concept link",
      "accepted": false,
      "expected": false,
      "agrees": true,
      "error": "SchemaError(claims[0] (seq-typed): unknown concept store-typing\nconcepts (residual-program-typing): counts.claims is 4, the claims say 3\nconcepts (residual-program-typing): counts.proved is 1, the claims say 0)"
    },
    {
      "name": "red: duplicate claim id",
      "accepted": false,
      "expected": false,
      "agrees": true,
      "error": "SchemaError(claims: duplicate id seq-typed)"
    },
    {
      "name": "red: proved without a witness",
      "accepted": false,
      "expected": false,
      "agrees": true,
      "error": "SchemaError(Missing key\n  at [\"claims\"][0][\"status\"][\"witness\"])"
    },
    {
      "name": "red: malformed nested name",
      "accepted": false,
      "expected": false,
      "agrees": true,
      "error": "SchemaError(Expected a string matching the RegExp ^\\S+$\n  at [\"claims\"][0][\"status\"][\"witness\"][\"name\"])"
    },
    {
      "name": "red: unknown status tag",
      "accepted": false,
      "expected": false,
      "agrees": true,
      "error": "SchemaError(Expected { readonly \"_tag\": \"proved\", ... } | { readonly \"_tag\": \"wanted\", ... } | { readonly \"_tag\": \"refuted\", ... } | { readonly \"_tag\": \"absent\", ... } | { readonly \"_tag\": \"assumed\", ... }\n  at [\"claims\"][0][\"status\"])"
    },
    {
      "name": "red: malformed register id",
      "accepted": false,
      "expected": false,
      "agrees": true,
      "error": "SchemaError(Expected a string matching the RegExp ^E4-[A-Z0-9]+-CE-[0-9]{3}$\n  at [\"claims\"][2][\"status\"][\"counterexample\"][\"id\"])"
    },
    {
      "name": "red: register status not a register word",
      "accepted": false,
      "expected": false,
      "agrees": true,
      "error": "SchemaError(Expected \"SEEDED\" | \"PINNED\" | \"RESERVED\" | \"MOVED\" | \"REPAIRED\" | \"RETIRED\"\n  at [\"claims\"][2][\"status\"][\"counterexample\"][\"registerStatus\"])"
    },
    {
      "name": "red: concept counts disagree with the claims",
      "accepted": false,
      "expected": false,
      "agrees": true,
      "error": "SchemaError(concepts (residual-program-typing): counts.proved is 2, the claims say 1)"
    },
    {
      "name": "red: negative count",
      "accepted": false,
      "expected": false,
      "agrees": true,
      "error": "SchemaError(Expected a value greater than or equal to 0\n  at [\"concepts\"][0][\"counts\"][\"assumed\"])"
    },
    {
      "name": "red: one goal counted by two claims",
      "accepted": false,
      "expected": false,
      "agrees": true,
      "error": "SchemaError(claims: goal Effect4.Program.Typed.M3bAssembly.denoteR_typed counted by two claims\nconcepts (residual-program-typing): counts.wanted is 1, the claims say 2\nconcepts (residual-program-typing): counts.absent is 1, the claims say 0)"
    },
    {
      "name": "red: placement outside tagged/inherited",
      "accepted": false,
      "expected": false,
      "agrees": true,
      "error": "SchemaError(Expected \"tagged\" | \"inherited\"\n  at [\"placement\"][\"declarations\"][0][\"placement\"])"
    },
    {
      "name": "red: absent without a reason",
      "accepted": false,
      "expected": false,
      "agrees": true,
      "error": "SchemaError(Expected a string matching the RegExp \\S\n  at [\"claims\"][3][\"status\"][\"reason\"])"
    },
    {
      "name": "red: malformed nested counterexample witness",
      "accepted": false,
      "expected": false,
      "agrees": true,
      "error": "SchemaError(Missing key\n  at [\"claims\"][2][\"status\"][\"counterexample\"][\"witness\"][\"module\"])"
    }
  ]
}
