Effect4.Api.M1Origin.forkScoped_none_origins: 21/21 binders; law Effect4.Api.forkScoped_none_origins; exact true; adapter false
Effect4.Api.M1Origin.spawn_fibers: 18/18 binders; law Effect4.Api.spawn_fibers; exact true; adapter false
Effect4.Api.M1Origin.spawn_origins: 19/19 binders; law Effect4.Api.spawn_origins; exact true; adapter false
Effect4.Api.M1Origin.start_origins: 16/16 binders; law Effect4.Api.start_origins; exact true; adapter false
Effect4.Api.M1Origin.status_persists: 8/8 binders; law Effect4.Api.status_persists; exact true; adapter false
Effect4.Api.M1Trace.action_forkIn_forked: 21/21 binders; law Effect4.Api.action_forkIn_forked; exact true; adapter false
Effect4.Api.M1Trace.action_forkScoped_forked: 22/22 binders; law Effect4.Api.action_forkScoped_forked; exact true; adapter false
Effect4.Api.M1Trace.action_fork_forked: 20/20 binders; law Effect4.Api.action_fork_forked; exact true; adapter false
Effect4.Api.M1Trace.forkFinalizers_forked: 17/17 binders; law Effect4.Api.forkFinalizers_forked; exact true; adapter false
Effect4.Api.M1Trace.forkIn_forked: 20/20 binders; law Effect4.Api.forkIn_forked; exact true; adapter false
Effect4.Api.M1Trace.forkScoped_forked: 21/21 binders; law Effect4.Api.forkScoped_forked; exact true; adapter false
Effect4.Api.M1Trace.forkScoped_none_forked: 20/20 binders; law Effect4.Api.forkScoped_none_forked; exact true; adapter false
Effect4.Api.M1Trace.fork_forked: 19/19 binders; law Effect4.Api.fork_forked; exact true; adapter false
Effect4.Api.M1Trace.forkedOf_append: 12/12 binders; law Effect4.Api.forkedOf_append; exact true; adapter false
Effect4.Api.M1Trace.launchEntrant_forked: 18/18 binders; law Effect4.Api.launchEntrant_forked; exact true; adapter false
Effect4.Api.M1Trace.spawn_forked: 18/18 binders; law Effect4.Api.spawn_forked; exact true; adapter false
Effect4.Api.M1Trace.start_forked: 16/16 binders; law Effect4.Api.start_forked; exact true; adapter false
Effect4.Machine.ArenaObligations.deferred_cellAt: 3/3 binders; law Effect4.Machine.Arena.deferred_cellAt; exact true; adapter false
Effect4.Machine.ArenaObligations.deferred_make: 2/2 binders; law Effect4.Machine.Arena.deferred_make; exact true; adapter false
Effect4.Machine.ArenaObligations.deferred_setCell: 4/4 binders; law Effect4.Machine.Arena.deferred_setCell; exact true; adapter false
Effect4.Machine.ArenaObligations.list_lawful: 1/1 binders; law Effect4.Machine.Arena.list_lawful; exact true; adapter false
Effect4.Machine.ArenaObligations.peek_toList: 6/6 binders; law Effect4.Machine.Arena.peek_toList; exact true; adapter false
Effect4.Machine.ArenaObligations.refStepOfA_keeps: 13/13 binders; law Effect4.Machine.refStepOfA_keeps; exact true; adapter false
Effect4.Machine.ArenaObligations.refStepOfA_list: 3/3 binders; law Effect4.Machine.refStepOfA_list; exact true; adapter false
Effect4.Machine.ArenaObligations.refStepOfA_size: 9/9 binders; law Effect4.Machine.refStepOfA_size; exact true; adapter false
Effect4.Machine.ArenaObligations.toList_alloc: 6/6 binders; law Effect4.Machine.Arena.toList_alloc; exact true; adapter false
Effect4.Machine.ArenaObligations.toList_empty: 4/4 binders; law Effect4.Machine.Arena.toList_empty; exact true; adapter false
Effect4.Machine.ArenaObligations.toList_length: 5/5 binders; law Effect4.Machine.Arena.toList_length; exact true; adapter false
Effect4.Machine.ArenaObligations.toList_list: 3/3 binders; law Effect4.Machine.Arena.toList_list; exact true; adapter false
Effect4.Machine.ArenaObligations.toList_poke: 7/7 binders; law Effect4.Machine.Arena.toList_poke; exact true; adapter false
Effect4.Machine.ArenaObligations.toList_refStepOf: 6/6 binders; law Effect4.Machine.toList_refStepOf; exact true; adapter false
Effect4.Machine.ArenaSupportWanted.lookup_filterMap: 8/8 binders; law Effect4.Machine.Arena.lookup_filterMap; exact true; adapter false
Effect4.Machine.ArenaSupportWanted.map_some_filterMap: 5/5 binders; law Effect4.Machine.Arena.map_some_filterMap; exact true; adapter false
Effect4.Machine.ArenaSupportWanted.peek_none: 7/7 binders; law Effect4.Machine.Arena.peek_none; exact true; adapter false
Effect4.Machine.M1.CompletionSupport.poll_reads_cell: 4/4 binders; law Effect4.Machine.poll_reads_cell; exact true; adapter false
Effect4.Machine.M1.CompletionSupport.store_lookup_lt: 5/5 binders; law Effect4.Machine.store_lookup_lt; exact true; adapter false
Effect4.Machine.M1.DeferredImageSupportWanted.list_image_iff: 4/4 binders; law Effect4.Machine.Refinement.list_image_iff; exact true; adapter false
Effect4.Machine.M1.DeferredWanted.completionPrim_injective: 0/0 binders; law Effect4.Machine.Refinement.completionPrim_injective; exact true; adapter false
Effect4.Machine.M1.DeferredWanted.deferredOk_iff_image: 1/1 binders; law Effect4.Machine.Refinement.deferredOk_iff_image; exact true; adapter false
Effect4.Machine.M1.DeferredWanted.factors_deferreds: 2/2 binders; law Effect4.Machine.Refinement.factors_deferreds; exact true; adapter false
Effect4.Machine.M1.DeferredWanted.factors_respects_eq: 9/9 binders; law Effect4.Machine.Refinement.factors_respects_eq; exact true; adapter false
Effect4.Machine.M1.DeferredWanted.factors_through_deferreds: 5/5 binders; law Effect4.Machine.Refinement.factors_through_deferreds; exact true; adapter false
Effect4.Machine.M1.DeferredWanted.factors_trans: 9/9 binders; law Effect4.Machine.Refinement.factors_trans; exact true; adapter false
Effect4.Machine.M1.DeferredWanted.map_cancel: 7/7 binders; law Effect4.Machine.DeferredStore.map_cancel; exact true; adapter false
Effect4.Machine.M1.DeferredWanted.map_cellAt: 5/5 binders; law Effect4.Machine.DeferredStore.map_cellAt; exact true; adapter false
Effect4.Machine.M1.DeferredWanted.map_comp: 6/6 binders; law Effect4.Machine.DeferredStore.map_comp; exact true; adapter false
Effect4.Machine.M1.DeferredWanted.map_complete: 6/6 binders; law Effect4.Machine.DeferredStore.map_complete; exact true; adapter false
Effect4.Machine.M1.DeferredWanted.map_drainDue: 4/4 binders; law Effect4.Machine.DeferredStore.map_drainDue; exact true; adapter false
Effect4.Machine.M1.DeferredWanted.map_id: 2/2 binders; law Effect4.Machine.DeferredStore.map_id; exact true; adapter false
Effect4.Machine.M1.DeferredWanted.map_isDone: 5/5 binders; law Effect4.Machine.DeferredStore.map_isDone; exact true; adapter false
Effect4.Machine.M1.DeferredWanted.map_make: 4/4 binders; law Effect4.Machine.DeferredStore.map_make; exact true; adapter false
Effect4.Machine.M1.DeferredWanted.map_poll: 5/5 binders; law Effect4.Machine.DeferredStore.map_poll; exact true; adapter false
Effect4.Machine.M1.DeferredWanted.map_register: 7/7 binders; law Effect4.Machine.DeferredStore.map_register; exact true; adapter false
Effect4.Machine.M1.DeferredWanted.map_setCell: 6/6 binders; law Effect4.Machine.DeferredStore.map_setCell; exact true; adapter false
Effect4.Machine.M1.DeferredWanted.map_wakeBatch: 5/5 binders; law Effect4.Machine.DeferredStore.map_wakeBatch; exact true; adapter false
Effect4.Machine.M1.DeferredWanted.projects_cancel: 6/6 binders; law Effect4.Machine.Refinement.projects_cancel; exact true; adapter false
Effect4.Machine.M1.DeferredWanted.projects_cellAt: 4/4 binders; law Effect4.Machine.Refinement.projects_cellAt; exact true; adapter false
Effect4.Machine.M1.DeferredWanted.projects_complete: 5/5 binders; law Effect4.Machine.Refinement.projects_complete; exact true; adapter false
Effect4.Machine.M1.DeferredWanted.projects_drainDue: 3/3 binders; law Effect4.Machine.Refinement.projects_drainDue; exact true; adapter false
Effect4.Machine.M1.DeferredWanted.projects_isDone: 4/4 binders; law Effect4.Machine.Refinement.projects_isDone; exact true; adapter false
Effect4.Machine.M1.DeferredWanted.projects_make: 3/3 binders; law Effect4.Machine.Refinement.projects_make; exact true; adapter false
Effect4.Machine.M1.DeferredWanted.projects_poll: 4/4 binders; law Effect4.Machine.Refinement.projects_poll; exact true; adapter false
Effect4.Machine.M1.DeferredWanted.projects_register: 6/6 binders; law Effect4.Machine.Refinement.projects_register; exact true; adapter false
Effect4.Machine.M1.DeferredWanted.projects_setCell: 5/5 binders; law Effect4.Machine.Refinement.projects_setCell; exact true; adapter false
Effect4.Machine.M1.DeferredWanted.projects_wakeBatch: 4/4 binders; law Effect4.Machine.Refinement.projects_wakeBatch; exact true; adapter false
Effect4.Machine.M1.Handles.cellAt_keys_subset: 4/4 binders; law Effect4.Machine.DeferredStore.cellAt_keys_subset; exact true; adapter false
Effect4.Machine.M1.Handles.complete_keys: 3/3 binders; law Effect4.Machine.DeferredStore.complete_keys; exact true; adapter false
Effect4.Machine.M1.Handles.drainDue_keys: 1/1 binders; law Effect4.Machine.DeferredStore.drainDue_keys; exact true; adapter false
Effect4.Machine.M1.Handles.flatMap_resumes_const: 2/2 binders; law Effect4.Machine.flatMap_resumes_const; exact true; adapter false
Effect4.Machine.M1.Handles.register_keys: 4/4 binders; law Effect4.Machine.DeferredStore.register_keys; exact true; adapter false
Effect4.Machine.M1.Handles.setCell_appendDue_keys: 7/7 binders; law Effect4.Machine.DeferredStore.setCell_appendDue_keys; exact true; adapter false
Effect4.Machine.M1.Handles.setCell_keys_of_subset: 4/4 binders; law Effect4.Machine.DeferredStore.setCell_keys_of_subset; exact true; adapter false
Effect4.Machine.M1.RefKernelSupport.toList_writeBackA: 6/6 binders; law Effect4.Machine.toList_writeBackA; exact true; adapter false
Effect4.Machine.M1.StoresLaws.DeferredStore.complete_cells_length: 3/3 binders; law Effect4.Machine.DeferredStore.complete_cells_length; exact true; adapter false
Effect4.Machine.M1.StoresLaws.syncOpStep_deferredCompleteWith: 3/3 binders; law Effect4.Machine.syncOpStep_deferredCompleteWith; exact true; adapter false
Effect4.Machine.M1.StoresLaws.syncOpStep_deferredInterruptWith: 3/3 binders; law Effect4.Machine.syncOpStep_deferredInterruptWith; exact true; adapter false
Effect4.Machine.M1.StoresLaws.syncOpStep_memoBuild: 3/3 binders; law Effect4.Machine.syncOpStep_memoBuild; exact true; adapter false
Effect4.Machine.M1.StoresLaws.syncOpStep_memoComplete_some: 6/6 binders; law Effect4.Machine.syncOpStep_memoComplete_some; exact true; adapter false
Effect4.Machine.M1Clock.advanceState_minted_of_evaluator: 13/13 binders; law Effect4.Machine.advanceState_minted_of_evaluator; exact true; adapter false
Effect4.Machine.M1Clock.advanceState_stable: 26/26 binders; law Effect4.Machine.advanceState_stable; exact true; adapter false
Effect4.Machine.M1Clock.advance_extends: 18/18 binders; law Effect4.Machine.advance_extends; exact true; adapter false
Effect4.Machine.M1Clock.advance_trace_mono: 20/20 binders; law Effect4.Machine.advance_trace_mono; exact true; adapter false
Effect4.Machine.M1Clock.book_advanceState: 37/37 binders; law Effect4.Machine.book_advanceState; exact true; adapter false
Effect4.Machine.M1Clock.syncOpStep_clockNow: 1/1 binders; law Effect4.Machine.syncOpStep_clockNow; exact true; adapter false
Effect4.Machine.M1Origin.fork_arm_minted: 24/24 binders; law Effect4.Machine.fork_arm_minted; exact true; adapter false
Effect4.Machine.M1Origin.launchEntrant_minted: 11/11 binders; law Effect4.Machine.launchEntrant_minted; exact true; adapter false
Effect4.Machine.M1Origin.make_keys_subset: 10/10 binders; law Effect4.Machine.make_keys_subset; exact true; adapter false
Effect4.Machine.M1Origin.spawnChild_keys_subset: 10/10 binders; law Effect4.Machine.spawnChild_keys_subset; exact true; adapter false
Effect4.Machine.M1Origin.spawn_minted: 11/11 binders; law Effect4.Machine.spawn_minted; exact true; adapter false
Effect4.Machine.M1Origin.withFiber_forkIn_minted: 15/15 binders; law Effect4.Machine.withFiber_forkIn_minted; exact true; adapter false
Effect4.Machine.M1Origin.withFiber_forkScoped_minted: 14/14 binders; law Effect4.Machine.withFiber_forkScoped_minted; exact true; adapter false
Effect4.Machine.M1Origin.withFiber_fork_minted: 14/14 binders; law Effect4.Machine.withFiber_fork_minted; exact true; adapter false
Effect4.Machine.M1Origin.withFiber_raceAll_minted: 13/13 binders; law Effect4.Machine.withFiber_raceAll_minted; exact true; adapter false
Effect4.Machine.M1OriginApproximation.launchEntrant_grows: 15/15 binders; law Effect4.Machine.launchEntrant_grows; exact true; adapter false
Effect4.Machine.M1OriginApproximation.spawn_grows: 15/15 binders; law Effect4.Machine.spawn_grows; exact true; adapter false
Effect4.Machine.M1OriginBook.fiberMeans_origin: 19/19 binders; law Effect4.Machine.fiberMeans_origin; exact true; adapter false
Effect4.Machine.M1OriginClauses.drive_launch_runs: 27/27 binders; law Effect4.Machine.drive_launch_runs; exact true; adapter false
Effect4.Machine.M1OriginClauses.launchEntrant_eq: 15/15 binders; law Effect4.Machine.launchEntrant_eq; exact true; adapter false
Effect4.Machine.M1OriginClauses.spawnChild_fields: 15/15 binders; law Effect4.Machine.spawnChild_fields; exact true; adapter false
Effect4.Machine.M1OriginClauses.spawn_eq: 15/15 binders; law Effect4.Machine.spawn_eq; exact true; adapter false
Effect4.Machine.M1OriginClauses.spawn_untracked: 15/15 binders; law Effect4.Machine.spawn_untracked; exact true; adapter false
Effect4.Machine.M1OriginClauses.withFiber_fork: 20/20 binders; law Effect4.Machine.withFiber_fork; exact true; adapter false
Effect4.Machine.M1OriginClauses.withFiber_forkIn: 21/21 binders; law Effect4.Machine.withFiber_forkIn; exact true; adapter false
Effect4.Machine.M1OriginClauses.withFiber_forkScoped_ambient: 22/22 binders; law Effect4.Machine.withFiber_forkScoped_ambient; exact true; adapter false
Effect4.Machine.M1OriginClauses.withFiber_forkScoped_none: 21/21 binders; law Effect4.Machine.withFiber_forkScoped_none; exact true; adapter false
Effect4.Machine.M1OriginClauses.withFiber_raceAll: 19/19 binders; law Effect4.Machine.withFiber_raceAll; exact true; adapter false
Effect4.Machine.RefKernelObligations.indexed_ref_step_preserves: 12/12 binders; law Effect4.Machine.indexed_ref_step_preserves; exact true; adapter false
Effect4.Machine.RefKernelObligations.refWriteBack_peek_other: 5/5 binders; law Effect4.Machine.refWriteBack_peek_other; exact true; adapter false
Effect4.Machine.Refinement.CompositionObligations.projects_compose: 14/14 binders; law Effect4.Machine.Refinement.projects_compose; exact true; adapter false
Effect4.Machine.Refinement.CompositionObligations.projects_induces_refines: 9/9 binders; law Effect4.Machine.Refinement.projects_induces_refines; exact true; adapter false
Effect4.Machine.Witnesses.M1Witnesses.w10_into_completes_on_failure: 0/0 binders; law Effect4.Machine.Witnesses.w10_into_completes_on_failure; exact true; adapter false
Effect4.Program.Agreement.M1Origin.withFiberOf_forkLayer: 4/4 binders; law Effect4.Program.Agreement.withFiberOf_forkLayer; exact true; adapter false
Effect4.Program.Agreement.M1Quiet.complete_quiet: 5/5 binders; law Effect4.Program.Agreement.DeferredStore.complete_quiet; exact true; adapter false
Effect4.Program.Guard.FrameOwned.M1.deferred_register_sites: 4/4 binders; law Effect4.Program.Guard.FrameOwned.deferred_register_sites; exact true; adapter false
Effect4.Program.Guard.FrameOwned.M1.evaluateNative_frameOwned: 7/7 binders; law Effect4.Program.Guard.FrameOwned.evaluateNative_frameOwned; exact true; adapter false
Effect4.Program.Guard.FrameOwned.M1.evaluatePrim_owned: 8/8 binders; law Effect4.Program.Guard.FrameOwned.evaluatePrim_owned; exact true; adapter false
Effect4.Program.Guard.FrameOwned.M1.exitScoped_owned: 7/7 binders; law Effect4.Program.Guard.FrameOwned.exitScoped_owned; exact true; adapter false
Effect4.Program.Guard.FrameOwned.M1.iteration_frameOwned: 7/7 binders; law Effect4.Program.Guard.FrameOwned.iteration_frameOwned; exact true; adapter false
Effect4.Program.Guard.FrameOwned.M1.registerAsync_result_sites: 9/9 binders; law Effect4.Program.Guard.FrameOwned.registerAsync_result_sites; exact true; adapter false
Effect4.Program.Guard.FrameOwned.M1.registerAsync_sites: 7/7 binders; law Effect4.Program.Guard.FrameOwned.registerAsync_sites; exact true; adapter false
Effect4.Program.Guard.FrameOwned.M1Hooks.interruptAsCode_sites: 5/5 binders; law Effect4.Program.Guard.FrameOwned.interruptAsCode_sites; exact true; adapter false
Effect4.Program.Guard.FrameOwned.M1Hooks.interruptCode_sites: 4/4 binders; law Effect4.Program.Guard.FrameOwned.interruptCode_sites; exact true; adapter false
Effect4.Program.Guard.FrameOwned.M1Origin.beginRace_owned: 10/10 binders; law Effect4.Program.Guard.FrameOwned.beginRace_owned; exact true; adapter false
Effect4.Program.Guard.FrameOwned.M1Results.closeScopeUnsafe_some_sites: 7/7 binders; law Effect4.Program.Guard.FrameOwned.closeScopeUnsafe_some_sites; exact true; adapter false
Effect4.Program.Guard.FrameOwned.M1Results.countdownPark_result_owned: 11/11 binders; law Effect4.Program.Guard.FrameOwned.countdownPark_result_owned; exact true; adapter false
Effect4.Program.Guard.M1.codeSites_dueResumes: 5/5 binders; law Effect4.Program.Guard.codeSites_dueResumes; exact true; adapter false
Effect4.Program.Guard.M1.guardState_storeFresh: 5/5 binders; law Effect4.Program.Guard.guardState_storeFresh; exact true; adapter false
Effect4.Program.Guard.M1.guardState_withState: 4/4 binders; law Effect4.Program.Guard.guardState_withState; exact true; adapter false
Effect4.Program.Guard.M1.guardState_withStoreKeys: 4/4 binders; law Effect4.Program.Guard.guardState_withStoreKeys; exact true; adapter false
Effect4.Program.Guard.M1Clock.clock_resume_not_external_key: 11/11 binders; law Effect4.Program.Guard.clock_resume_not_external_key; exact true; adapter false
Effect4.Program.Guard.M1Clock.requestOf_advance_zero: 6/6 binders; law Effect4.Program.Guard.requestOf_advance_zero; exact true; adapter false
Effect4.Program.Guard.M1Clock.timer_clockStep_key: 6/6 binders; law Effect4.Program.Guard.timer_clockStep_key; exact true; adapter false
Effect4.Program.Guard.M1Clock.timer_fireNext_key: 6/6 binders; law Effect4.Program.Guard.timer_fireNext_key; exact true; adapter false
Effect4.Program.Guard.M1Completion.deferredKeys_complete_subset: 3/3 binders; law Effect4.Program.Guard.deferredKeys_complete_subset; exact true; adapter false
Effect4.Program.Guard.M1Completion.deferredKeys_due_append: 2/2 binders; law Effect4.Program.Guard.deferredKeys_due_append; exact true; adapter false
Effect4.Program.Guard.M1Origin.fiberGuardState_freshChild: 7/7 binders; law Effect4.Program.Guard.fiberGuardState_freshChild; exact true; adapter false
Effect4.Program.Guard.M1Origin.guardQueue_launchEntrant: 9/9 binders; law Effect4.Program.Guard.guardQueue_launchEntrant; exact true; adapter false
Effect4.Program.Guard.M1Origin.guardQueue_spawn: 9/9 binders; law Effect4.Program.Guard.guardQueue_spawn; exact true; adapter false
Effect4.Program.Guard.M1Origin.guardState_launchEntrant: 9/9 binders; law Effect4.Program.Guard.guardState_launchEntrant; exact true; adapter false
Effect4.Program.Guard.M1Origin.guardState_spawn: 9/9 binders; law Effect4.Program.Guard.guardState_spawn; exact true; adapter false
Effect4.Program.Guard.M1Origin.interruptedAt_launchEntrant: 9/9 binders; law Effect4.Program.Guard.interruptedAt_launchEntrant; exact true; adapter false
Effect4.Program.Guard.M1Origin.interruptedAt_spawn: 9/9 binders; law Effect4.Program.Guard.interruptedAt_spawn; exact true; adapter false
Effect4.Program.Guard.M1Origin.raceCodeOwned_beginRace: 8/8 binders; law Effect4.Program.Guard.raceCodeOwned_beginRace; exact true; adapter false
Effect4.Program.Guard.M1Origin.requestOf_launchEntrant: 9/9 binders; law Effect4.Program.Guard.requestOf_launchEntrant; exact true; adapter false
Effect4.Program.Guard.M1Origin.requestOf_spawn: 9/9 binders; law Effect4.Program.Guard.requestOf_spawn; exact true; adapter false
Effect4.Program.Guard.M1Origin.reservedKeys_launchEntrant: 9/9 binders; law Effect4.Program.Guard.reservedKeys_launchEntrant; exact true; adapter false
Effect4.Program.Guard.M1Origin.reservedKeys_spawn: 9/9 binders; law Effect4.Program.Guard.reservedKeys_spawn; exact true; adapter false
Effect4.Program.Guard.M1Origin.spawn_child_below: 7/7 binders; law Effect4.Program.Guard.spawn_child_below; exact true; adapter false
Effect4.Program.Guard.M1Origin.spawn_child_fresh: 8/8 binders; law Effect4.Program.Guard.spawn_child_fresh; exact true; adapter false
Effect4.Program.Guard.M1Origin.spawn_child_lookup: 8/8 binders; law Effect4.Program.Guard.spawn_child_lookup; exact true; adapter false
Effect4.Program.Guard.M1Origin.spawn_child_raceSites: 8/8 binders; law Effect4.Program.Guard.spawn_child_raceSites; exact true; adapter false
Effect4.Program.Guard.M1Origin.spawn_machine: 7/7 binders; law Effect4.Program.Guard.spawn_machine; exact true; adapter false
Effect4.Program.Guard.M1Origin.spawn_parent_unchanged: 7/7 binders; law Effect4.Program.Guard.spawn_parent_unchanged; exact true; adapter false
Effect4.Program.Guard.NativeState.M1.StateStep.store: 4/4 binders; law Effect4.Program.Guard.NativeState.StateStep.store; exact true; adapter false
Effect4.Program.Guard.NativeState.M1.StateStep.storeFresh: 5/5 binders; law Effect4.Program.Guard.NativeState.StateStep.storeFresh; exact true; adapter false
Effect4.Program.Guard.NativeState.M1.registerAsync_state: 7/7 binders; law Effect4.Program.Guard.NativeState.registerAsync_state; exact true; adapter false
Effect4.Program.Guard.NativeState.M1.registerExternal_storeKeys: 7/7 binders; law Effect4.Program.Guard.NativeState.registerExternal_storeKeys; exact true; adapter false
Effect4.Program.Guard.NativeState.M1.storeKeys_registerDeferred: 4/4 binders; law Effect4.Program.Guard.NativeState.storeKeys_registerDeferred; exact true; adapter false
Effect4.Program.Guard.NativeState.M1.storeKeys_sleep: 4/4 binders; law Effect4.Program.Guard.NativeState.storeKeys_sleep; exact true; adapter false
Effect4.Program.Guard.NativeState.M1Origin.StateStep.beginRace: 11/11 binders; law Effect4.Program.Guard.NativeState.StateStep.beginRace; exact true; adapter false
Effect4.Program.Guard.NativeState.M1Origin.StateStep.spawn: 10/10 binders; law Effect4.Program.Guard.NativeState.StateStep.spawn; exact true; adapter false
Effect4.Program.Guard.NativeState.M1Results.registerAsync: 7/7 binders; law Effect4.Program.Guard.NativeState.StateStep.registerAsync; exact true; adapter false
Effect4.Program.Guard.NativeStateLinks.M1Origin.Links.beginRace: 6/6 binders; law Effect4.Program.Guard.NativeStateLinks.Links.beginRace; exact true; adapter false
Effect4.Program.Guard.NativeStateLinks.M1Origin.Links.spawn: 8/8 binders; law Effect4.Program.Guard.NativeStateLinks.Links.spawn; exact true; adapter false
Effect4.Program.Guard.OuterDriver.M1Clock.advanceState_preserved: 8/8 binders; law Effect4.Program.Guard.OuterDriver.advanceState_preserved; exact true; adapter false
Effect4.Program.Guard.OuterDriver.M1Clock.advanceTick_preserved: 9/9 binders; law Effect4.Program.Guard.OuterDriver.advanceTick_preserved; exact true; adapter false
Effect4.Program.Guard.OuterDriver.M1Clock.clockStep_owed_facts: 6/6 binders; law Effect4.Program.Guard.OuterDriver.clockStep_owed_facts; exact true; adapter false
Effect4.Program.Guard.OuterDriver.M1Clock.clockStep_preserved: 5/5 binders; law Effect4.Program.Guard.OuterDriver.clockStep_preserved; exact true; adapter false
Effect4.Program.Guard.OuterDriver.M1Clock.guardState_advanceState: 8/8 binders; law Effect4.Program.Guard.OuterDriver.guardState_advanceState; exact true; adapter false
Effect4.Program.Guard.OuterDriver.M1Clock.interruptedAt_advanceState: 10/10 binders; law Effect4.Program.Guard.OuterDriver.interruptedAt_advanceState; exact true; adapter false
Effect4.Program.Guard.OuterDriver.M1Clock.requestOrInterrupted_advanceState: 12/12 binders; law Effect4.Program.Guard.OuterDriver.requestOrInterrupted_advanceState; exact true; adapter false
Effect4.Program.Guard.OuterDriver.M1Clock.reservedKeys_advanceState: 10/10 binders; law Effect4.Program.Guard.OuterDriver.reservedKeys_advanceState; exact true; adapter false
Effect4.Program.Guard.OuterDriver.M1Clock.timer_clockStep_keys: 4/4 binders; law Effect4.Program.Guard.OuterDriver.timer_clockStep_keys; exact true; adapter false
Effect4.Program.Guard.SingleGuard.M1Clock.clockStep_owed_safe: 10/10 binders; law Effect4.Program.Guard.SingleGuard.clockStep_owed_safe; exact true; adapter false
Effect4.Program.Guard.SingleGuard.M1Clock.clockStep_storeKeys: 4/4 binders; law Effect4.Program.Guard.SingleGuard.clockStep_storeKeys; exact true; adapter false
Effect4.Program.Guard.SingleGuard.M1Clock.held_advanceState: 10/10 binders; law Effect4.Program.Guard.SingleGuard.held_advanceState; exact true; adapter false
Effect4.Program.Guard.SingleGuard.M1Clock.timer_clockStep_keys: 3/3 binders; law Effect4.Program.Guard.SingleGuard.timer_clockStep_keys; exact true; adapter false
Effect4.Program.Guard.SingleGuard.M1Clock.timer_fireNext_keys: 3/3 binders; law Effect4.Program.Guard.SingleGuard.timer_fireNext_keys; exact true; adapter false
Effect4.Program.Sched.M1Actions.scopeLinkFiber_ok: 9/9 binders; law Effect4.Program.Sched.scopeLinkFiber_ok; exact true; adapter false
Effect4.Program.Sched.M1Clock.clockStep_frame: 3/3 binders; law Effect4.Program.Sched.clockStep_frame; exact true; adapter false
Effect4.Program.Sched.M1Clock.clockStep_rel: 4/4 binders; law Effect4.Program.Sched.clockStep_rel; exact true; adapter false
Effect4.Program.Sched.M1Clock.clockStep_term: 3/3 binders; law Effect4.Program.Sched.clockStep_term; exact true; adapter false
Effect4.Program.Sched.M1Clock.registerAsyncR_sleep: 6/6 binders; law Effect4.Program.Sched.registerAsyncR_sleep; exact true; adapter false
Effect4.Program.Sched.M1Clock.registerAsync_sleep: 6/6 binders; law Effect4.Program.Sched.registerAsync_sleep; exact true; adapter false
Effect4.Program.Sched.M1Deliver.storesOk_closeScopeUnsafe: 8/8 binders; law Effect4.Program.Sched.storesOk_closeScopeUnsafe; exact true; adapter false
Effect4.Program.Sched.M1Drive.clockStep_frame: 3/3 binders; law Effect4.Program.Sched.clockStep_frame; exact true; adapter false
Effect4.Program.Sched.M1Drive.clockStep_rel: 4/4 binders; law Effect4.Program.Sched.clockStep_rel; exact true; adapter false
Effect4.Program.Sched.M1Drive.clockStep_term: 3/3 binders; law Effect4.Program.Sched.clockStep_term; exact true; adapter false
Effect4.Program.Sched.M1Drive.drain_rel: 2/2 binders; law Effect4.Program.Sched.drain_rel; exact true; adapter false
Effect4.Program.Sched.M1Drive.dropFinalizer_ok: 7/7 binders; law Effect4.Program.Sched.dropFinalizer_ok; exact true; adapter false
Effect4.Program.Sched.M1Drive.dueResumes_frame: 2/2 binders; law Effect4.Program.Sched.dueResumes_frame; exact true; adapter false
Effect4.Program.Sched.M1Drive.dueResumes_term: 2/2 binders; law Effect4.Program.Sched.dueResumes_term; exact true; adapter false
Effect4.Program.Sched.M1Evaluate.registerAsyncR_await: 6/6 binders; law Effect4.Program.Sched.registerAsyncR_await; exact true; adapter false
Effect4.Program.Sched.M1Evaluate.registerAsync_await: 6/6 binders; law Effect4.Program.Sched.registerAsync_await; exact true; adapter false
Effect4.Program.Sched.M1Hooks.exit_completion_means: 2/2 binders; law Effect4.Program.Sched.exit_completion_means; exact true; adapter false
Effect4.Program.Sched.M1Hooks.storesOk_empty: 0/0 binders; law Effect4.Program.Sched.storesOk_empty; exact true; adapter false
Effect4.Program.Sched.M1Hooks.storesOk_syncOpStep: 6/6 binders; law Effect4.Program.Sched.storesOk_syncOpStep; exact true; adapter false
Effect4.Program.Sched.M1Hooks.storesOk_wakeList: 4/4 binders; law Effect4.Program.Sched.storesOk_wakeList; exact true; adapter false
Effect4.Program.Sched.M1Origin.actionAt_fork: 8/8 binders; law Effect4.Program.Sched.actionAt_fork; exact true; adapter false
Effect4.Program.Sched.M1Origin.actionAt_forkIn: 9/9 binders; law Effect4.Program.Sched.actionAt_forkIn; exact true; adapter false
Effect4.Program.Sched.M1Origin.actionAt_not_forkScoped: 8/8 binders; law Effect4.Program.Sched.actionAt_not_forkScoped; exact true; adapter false
Effect4.Program.Sched.M1Origin.actionAt_raceAll: 7/7 binders; law Effect4.Program.Sched.actionAt_raceAll; exact true; adapter false
Effect4.Program.Sched.M1Origin.beginRace_rel: 14/14 binders; law Effect4.Program.Sched.beginRace_rel; exact true; adapter false
Effect4.Program.Sched.M1Origin.forkIn_rel: 19/19 binders; law Effect4.Program.Sched.forkIn_rel; exact true; adapter false
Effect4.Program.Sched.M1Origin.fork_rel: 18/18 binders; law Effect4.Program.Sched.fork_rel; exact true; adapter false
Effect4.Program.Sched.M1Origin.pendingOk_make: 6/6 binders; law Effect4.Program.Sched.pendingOk_make; exact true; adapter false
Effect4.Program.Sched.M1Origin.raceAll_rel: 14/14 binders; law Effect4.Program.Sched.raceAll_rel; exact true; adapter false
Effect4.Program.Sched.M1Origin.spawn_rel: 16/16 binders; law Effect4.Program.Sched.spawn_rel; exact true; adapter false
Effect4.Program.Sched.M1OriginFibers.fmeans_make: 9/9 binders; law Effect4.Program.Sched.fmeans_make; exact true; adapter false
Effect4.Program.Sched.M1OriginFibers.make_pending_empty: 6/6 binders; law Effect4.Program.Sched.make_pending_empty; exact true; adapter false
Effect4.Program.Sched.M1OriginFibers.raceMeans_mk': 11/11 binders; law Effect4.Program.Sched.raceMeans_mk'; exact true; adapter false
Effect4.Program.Sched.M1OriginFibers.raceMeans_nextSite: 4/4 binders; law Effect4.Program.Sched.raceMeans_nextSite; exact true; adapter false
Effect4.Program.Sched.M1PendingOrigin.beginRace_pendingOk: 7/7 binders; law Effect4.Program.Sched.beginRace_pendingOk; exact false; adapter true
Effect4.Program.Sched.M1PendingOrigin.forkIn_pendingOk: 11/11 binders; law Effect4.Program.Sched.forkIn_pendingOk; exact false; adapter true
Effect4.Program.Sched.M1PendingOrigin.forkScoped_pendingOk: 10/10 binders; law Effect4.Program.Sched.forkScoped_pendingOk; exact false; adapter true
Effect4.Program.Sched.M1PendingOrigin.fork_pendingOk: 10/10 binders; law Effect4.Program.Sched.fork_pendingOk; exact false; adapter true
Effect4.Program.Typed.M2Validity.completionOk_mono: 6/6 binders; law Effect4.Program.Typed.completionOk_mono; exact true; adapter false
Effect4.Program.Typed.M2Validity.completion_transport: 7/7 binders; law Effect4.Program.Typed.completion_transport; exact true; adapter false
Effect4.Program.Typed.M2Validity.exitFits_mono: 6/6 binders; law Effect4.Program.Typed.exitFits_mono; exact true; adapter false
Effect4.Program.Typed.M2Validity.heapTypedAt_mono: 6/6 binders; law Effect4.Program.Typed.heapTypedAt_mono; exact true; adapter false
Effect4.Program.Typed.M2Validity.initial_world_valid: 5/5 binders; law Effect4.Program.Typed.initial_world_valid; exact true; adapter false
Effect4.Program.Typed.M2Validity.leHost_base: 3/3 binders; law Effect4.Program.Typed.leHost_base; exact true; adapter false
Effect4.Program.Typed.M2Validity.leHost_refl: 1/1 binders; law Effect4.Program.Typed.leHost_refl; exact true; adapter false
Effect4.Program.Typed.M2Validity.leHost_trans: 5/5 binders; law Effect4.Program.Typed.leHost_trans; exact true; adapter false
Effect4.Program.Typed.M2Validity.promiseTypedAt_mono: 6/6 binders; law Effect4.Program.Typed.promiseTypedAt_mono; exact true; adapter false
Effect4.Program.Typed.M2Validity.ref_completion_live: 7/7 binders; law Effect4.Program.Typed.ref_completion_live; exact true; adapter false
Effect4.Program.Typed.M2Validity.valid_deferredMake_fresh: 4/4 binders; law Effect4.Program.Typed.valid_deferredMake_fresh; exact true; adapter false
Effect4.Program.Typed.M2Validity.valid_nextToken_fresh: 5/5 binders; law Effect4.Program.Typed.valid_nextToken_fresh; exact true; adapter false
Effect4.Program.Typed.M2Validity.valid_refMake_fresh: 4/4 binders; law Effect4.Program.Typed.valid_refMake_fresh; exact true; adapter false
Effect4.Program.Typed.M2Validity.valueOk_mono: 6/6 binders; law Effect4.Program.Typed.valueOk_mono; exact true; adapter false
Effect4.Program.Typed.M2Validity.value_transport: 6/6 binders; law Effect4.Program.Typed.value_transport; exact true; adapter false
Effect4.Program.Typed.M3aAdmissionObligations.finishFinalizer_payload_inv: 6/6 binders; law Effect4.Program.Typed.finishFinalizer_payload_inv; exact true; adapter false
Effect4.Program.Typed.M3aAdmissionObligations.unguard_payload_inv: 6/6 binders; law Effect4.Program.Typed.unguard_payload_inv; exact true; adapter false
Effect4.Program.Typed.M3aResidualObligations.settling_fork: 5/5 binders; law Effect4.Program.Typed.settling_fork; exact true; adapter false
Effect4.Program.Typed.M3aResidualObligations.settling_mask: 6/6 binders; law Effect4.Program.Typed.settling_mask; exact true; adapter false
Effect4.Program.Typed.M3aResidualObligations.settling_ref_allocation: 3/3 binders; law Effect4.Program.Typed.settling_ref_allocation; exact true; adapter false
Effect4.Program.Typed.M3aResidualObligations.settling_ref_preserves_nat: 4/4 binders; law Effect4.Program.Typed.settling_ref_preserves_nat; exact true; adapter false
Effect4.Program.Typed.WorldControlWanted.heap_bad: 0/0 binders; law Effect4.Program.Typed.heap_bad; exact true; adapter false
Effect4.Program.Typed.WorldControlWanted.heap_good: 0/0 binders; law Effect4.Program.Typed.heap_good; exact true; adapter false
Effect4.Program.Typed.WorldControlWanted.invalid_refl: 0/0 binders; law Effect4.Program.Typed.invalid_refl; exact true; adapter false
Effect4.Program.Typed.WorldControlWanted.stores_ordered: 0/0 binders; law Effect4.Program.Typed.stores_ordered; exact true; adapter false
Effect4.Program.Typed.WorldControlWanted.world_order_refuses: 0/0 binders; law Effect4.Program.Typed.world_order_refuses; exact true; adapter false
Effect4.Program.Typed.WorldWanted.deferredMake_extension: 6/6 binders; law Effect4.Program.Typed.deferredMake_extension; exact true; adapter false
Effect4.Program.Typed.WorldWanted.fork_extension: 4/4 binders; law Effect4.Program.Typed.fork_extension; exact true; adapter false
Effect4.Program.Typed.WorldWanted.heapNat_iff: 2/2 binders; law Effect4.Program.Typed.heapNat_iff; exact true; adapter false
Effect4.Program.Typed.WorldWanted.heapNotMonotone: 0/0 binders; law Effect4.Program.Typed.heapNotMonotone; exact true; adapter false
Effect4.Program.Typed.WorldWanted.heap_coverage_iff: 1/1 binders; law Effect4.Program.Typed.heap_coverage_iff; exact true; adapter false
Effect4.Program.Typed.WorldWanted.heap_typed_at_mono: 6/6 binders; law Effect4.Program.Typed.heap_typed_at_mono; exact true; adapter false
Effect4.Program.Typed.WorldWanted.insert_extends: 7/7 binders; law Effect4.Program.Typed.insert_extends; exact true; adapter false
Effect4.Program.Typed.WorldWanted.insert_here: 6/6 binders; law Effect4.Program.Typed.insert_here; exact true; adapter false
Effect4.Program.Typed.WorldWanted.insert_other: 8/8 binders; law Effect4.Program.Typed.insert_other; exact true; adapter false
Effect4.Program.Typed.WorldWanted.memoBuild_extension: 8/8 binders; law Effect4.Program.Typed.memoBuild_extension; exact true; adapter false
Effect4.Program.Typed.WorldWanted.order_refl: 1/1 binders; law Effect4.Program.Typed.order_refl; exact true; adapter false
Effect4.Program.Typed.WorldWanted.order_trans: 5/5 binders; law Effect4.Program.Typed.order_trans; exact true; adapter false
Effect4.Program.Typed.WorldWanted.park_extension: 5/5 binders; law Effect4.Program.Typed.park_extension; exact true; adapter false
Effect4.Program.Typed.WorldWanted.promise_coverage_iff: 1/1 binders; law Effect4.Program.Typed.promise_coverage_iff; exact true; adapter false
Effect4.Program.Typed.WorldWanted.promise_typed_at_mono: 6/6 binders; law Effect4.Program.Typed.promise_typed_at_mono; exact true; adapter false
Effect4.Program.Typed.WorldWanted.protocol_order: 0/0 binders; law Effect4.Program.Typed.protocol_order; exact true; adapter false
Effect4.Program.Typed.WorldWanted.refMake_extension: 8/8 binders; law Effect4.Program.Typed.refMake_extension; exact true; adapter false
Effect4.Program.Typed.WorldWanted.ref_completion_inv: 3/3 binders; law Effect4.Program.Typed.ref_completion_inv; exact true; adapter false
Effect4.Program.Typed.WorldWanted.table_refl: 3/3 binders; law Effect4.Program.Typed.table_refl; exact true; adapter false
Effect4.Program.Typed.WorldWanted.table_trans: 7/7 binders; law Effect4.Program.Typed.table_trans; exact true; adapter false
Effect4: 262 paired, 80 without a namesake, 0 mismatches
OPEN Effect4.Api.M1Origin.source_fork_site
OPEN Effect4.Api.TraceFacts.M1Trace.step_agrees
OPEN Effect4.Program.Guard.M4Handshake.parkHandshake_reachable
OPEN Effect4.Api.TraceFacts.M1Trace.reachable_agrees
OPEN Effect4.Api.M1Origin.source_two_race_sites
OPEN Effect4.Api.M1Origin.source_forkScoped_site
OPEN Effect4.Api.M1Origin.source_race_site
OPEN Effect4.Api.M1Origin.source_forkIn_site
OPEN Effect4.Run.M1Trace.observe_replace_trace
UNIQUE LEDGER: 342 total; 333 proved; 9 open
COUNTEREXAMPLE AXIOMS Test.Counterexamples.AsyncHookContract.ReviewedControlAdmitted.below.pure: [propext, Quot.sound]
COUNTEREXAMPLE AXIOMS Test.Counterexamples.AsyncHookContract.frozen_hook_rejects_unit: [propext, Quot.sound]
COUNTEREXAMPLE AXIOMS Test.Counterexamples.AsyncHookContract.ReviewedControlAdmitted.rec: [propext, Quot.sound]
COUNTEREXAMPLE AXIOMS Test.Counterexamples.AsyncHookContract.atSleep._sparseCasesOn_4: [propext]
COUNTEREXAMPLE AXIOMS Test.Counterexamples.AsyncHookContract.ReviewedControlAdmitted.recOn: [propext, Quot.sound]
COUNTEREXAMPLE AXIOMS Test.Counterexamples.AsyncHookContract.sleepStack: [propext, Quot.sound]
COUNTEREXAMPLE AXIOMS Test.Counterexamples.AsyncHookContract.sleeping: []
COUNTEREXAMPLE AXIOMS Test.Program.TypedControl.cancel_typed: [propext, Quot.sound]
COUNTEREXAMPLE AXIOMS Test.Program.TypedControl.strongExit_unit: [propext, Quot.sound]
COUNTEREXAMPLE AXIOMS Test.Counterexamples.AsyncHookContract.W: []
COUNTEREXAMPLE AXIOMS Test.Program.TypedControl.leakyGuard_rejected: [propext, Quot.sound]
COUNTEREXAMPLE AXIOMS Test.Counterexamples.AsyncHookContract.ReviewedControlAdmitted.below.finishFinalizer: [propext,
 Quot.sound]
COUNTEREXAMPLE AXIOMS Test.Counterexamples.AsyncHookContract.ReviewedControlAdmitted: [propext, Quot.sound]
COUNTEREXAMPLE AXIOMS Test.Program.TypedControl.natCatch: [propext]
COUNTEREXAMPLE AXIOMS Test.Counterexamples.AsyncHookContract.ReviewedControlAdmitted.scopeExit: [propext, Quot.sound]
COUNTEREXAMPLE AXIOMS Test.Counterexamples.AsyncHookContract.ReviewedControlAdmitted.casesOn: [propext, Quot.sound]
COUNTEREXAMPLE AXIOMS Test.Counterexamples.AsyncHookContract.sleep_stack_rejected: [propext, Quot.sound]
COUNTEREXAMPLE AXIOMS Test.Counterexamples.AsyncHookContract.ReviewedSleepStack: [propext, Quot.sound]
COUNTEREXAMPLE AXIOMS Test.Program.TypedControl.natCatch_typed.match_1_3: []
COUNTEREXAMPLE AXIOMS Test.Program.TypedControl.natErr.eq_1: []
COUNTEREXAMPLE AXIOMS Test.Program.TypedControl.natCatch_typed.match_1_9: []
COUNTEREXAMPLE AXIOMS Test.Program.TypedControl.natToBool_typed: [propext, Quot.sound]
COUNTEREXAMPLE AXIOMS Test.Program.TypedControl.guard_rejects_wrong_arm: [propext, Quot.sound]
COUNTEREXAMPLE AXIOMS Test.Counterexamples.AsyncHookContract.cancellation_cannot_type: [propext, Quot.sound]
COUNTEREXAMPLE AXIOMS Test.Counterexamples.AsyncHookContract.atSleep.match_1: [propext]
COUNTEREXAMPLE AXIOMS Test.Counterexamples.AsyncHookContract.ReviewedControlAdmitted.below.rec: [propext, Quot.sound]
COUNTEREXAMPLE AXIOMS Test.Counterexamples.AsyncHookContract.ReviewedControlAdmitted.scoped: [propext, Quot.sound]
COUNTEREXAMPLE AXIOMS Test.Counterexamples.AsyncHookContract.atSleep._sparseCasesOn_5: [propext]
COUNTEREXAMPLE AXIOMS Test.Program.TypedControl.natErr_fits.match_1_1: []
COUNTEREXAMPLE AXIOMS Test.Counterexamples.AsyncHookContract.ReviewedControlAdmitted.unguard: [propext, Quot.sound]
COUNTEREXAMPLE AXIOMS Test.Program.TypedControl.strongExit_unit.match_1_1: []
COUNTEREXAMPLE AXIOMS Test.Program.TypedControl.sleep_stack_accepted: [propext, Quot.sound]
COUNTEREXAMPLE AXIOMS Test.Counterexamples.AsyncHookContract.reviewedFiberPost: [propext, Quot.sound]
COUNTEREXAMPLE AXIOMS Test.Counterexamples.AsyncHookContract.clean_cancellation_cannot_type: [propext, Quot.sound]
COUNTEREXAMPLE AXIOMS Test.Counterexamples.AsyncHookContract.atSleep.match_10: [propext]
COUNTEREXAMPLE AXIOMS Test.Counterexamples.AsyncHookContract.clean_cancellation_still_rejected: [propext, Quot.sound]
COUNTEREXAMPLE AXIOMS Test.Counterexamples.AsyncHookContract.atSleep._sparseCasesOn_1: [propext]
COUNTEREXAMPLE AXIOMS Test.Program.TypedControl.natCatch.match_1: []
COUNTEREXAMPLE AXIOMS Test.Program.TypedControl.strongExit_nat.match_1_1: []
COUNTEREXAMPLE AXIOMS Test.Counterexamples.AsyncHookContract.ReviewedControlAdmitted.pure: [propext]
COUNTEREXAMPLE AXIOMS Test.Counterexamples.AsyncHookContract.ReviewedTypedProg: [propext, Quot.sound]
COUNTEREXAMPLE AXIOMS Test.Counterexamples.AsyncHookContract.control_cancellation_cannot_type: [propext, Quot.sound]
COUNTEREXAMPLE AXIOMS Test.Program.TypedControl.cancel_interrupt_typed: [propext, Quot.sound]
COUNTEREXAMPLE AXIOMS Test.Counterexamples.AsyncHookContract.ReviewedControlAdmitted.below.scoped: [propext, Quot.sound]
COUNTEREXAMPLE AXIOMS Test.Program.TypedControl.natErr_fits._simp_1_4: [propext]
COUNTEREXAMPLE AXIOMS Test.Counterexamples.AsyncHookContract.ReviewedControlAdmitted.below.scopeExit: [propext,
 Quot.sound]
COUNTEREXAMPLE AXIOMS Test.Counterexamples.AsyncHookContract.parked: [propext, Quot.sound]
COUNTEREXAMPLE AXIOMS Test.Counterexamples.AsyncHookContract.cancellation_exit: [propext, Quot.sound]
COUNTEREXAMPLE AXIOMS Test.Counterexamples.AsyncHookContract.atSleep: [propext, Quot.sound]
COUNTEREXAMPLE AXIOMS Test.Counterexamples.AsyncHookContract.reviewed_unguard_payload_inv: [propext, Quot.sound]
COUNTEREXAMPLE AXIOMS Test.Counterexamples.AsyncHookContract.ReviewedAsync: [propext, Quot.sound]
COUNTEREXAMPLE AXIOMS Test.Counterexamples.AsyncHookContract.ReviewedControlAdmitted.finishFinalizer: [propext,
 Quot.sound]
COUNTEREXAMPLE AXIOMS Test.Counterexamples.AsyncHookContract.poisonedCause: []
COUNTEREXAMPLE AXIOMS Test.Counterexamples.AsyncHookContract.ReviewedControlAdmitted.vis_inl: [propext, Quot.sound]
COUNTEREXAMPLE AXIOMS Test.Program.TypedControl.leakyGuard: [propext]
COUNTEREXAMPLE AXIOMS Test.Counterexamples.AsyncHookContract.ReviewedControlAdmitted.below.casesOn: [propext,
 Quot.sound]
COUNTEREXAMPLE AXIOMS Test.Program.TypedControl.natErr_fits: [propext, Quot.sound]
COUNTEREXAMPLE AXIOMS Test.Counterexamples.AsyncHookContract.atSleep._sparseCasesOn_7: [propext]
COUNTEREXAMPLE AXIOMS Test.Counterexamples.AsyncHookContract.ReviewedControlAdmitted.below.vis_inl: [propext,
 Quot.sound]
COUNTEREXAMPLE AXIOMS Test.Counterexamples.AsyncHookContract.store_rejects_wrong_answer: [propext]
COUNTEREXAMPLE AXIOMS Test.Program.TypedControl.natCatch_typed.match_1_1: []
COUNTEREXAMPLE AXIOMS Test.Counterexamples.AsyncHookContract.ReviewedControlAdmitted.other: [propext, Quot.sound]
COUNTEREXAMPLE AXIOMS Test.Counterexamples.AsyncHookContract.reviewedFiberPost.match_1: [propext]
COUNTEREXAMPLE AXIOMS Test.Counterexamples.AsyncHookContract.atSleep._sparseCasesOn_6: [propext]
COUNTEREXAMPLE AXIOMS Test.Counterexamples.AsyncHookContract.ReviewedControlAdmitted.brecOn: [propext, Quot.sound]
COUNTEREXAMPLE AXIOMS Test.Counterexamples.AsyncHookContract.sleepCancel: []
COUNTEREXAMPLE AXIOMS Test.Program.TypedControl.W: []
COUNTEREXAMPLE AXIOMS Test.Program.TypedControl.natToBool: [propext]
COUNTEREXAMPLE AXIOMS Test.Counterexamples.AsyncHookContract.ReviewedControlAdmitted.below.other: [propext, Quot.sound]
COUNTEREXAMPLE AXIOMS Test.Counterexamples.AsyncHookContract.sleep_stack_exact: [propext, Quot.sound]
COUNTEREXAMPLE AXIOMS Test.Counterexamples.AsyncHookContract.ReviewedΨ_F: [propext, Quot.sound]
COUNTEREXAMPLE AXIOMS Test.Program.TypedControl.strongExit_nat: [propext, Quot.sound]
COUNTEREXAMPLE AXIOMS Test.Counterexamples.AsyncHookContract.atSleep._sparseCasesOn_3: [propext]
COUNTEREXAMPLE AXIOMS Test.Counterexamples.AsyncHookContract.atSleep._sparseCasesOn_2: [propext]
COUNTEREXAMPLE AXIOMS Test.Program.TypedControl.natCatch_typed.match_1_7: []
COUNTEREXAMPLE AXIOMS Test.Counterexamples.AsyncHookContract.ReviewedControlAdmitted.below: [propext, Quot.sound]
COUNTEREXAMPLE AXIOMS Test.Program.TypedControl.natErr: []
COUNTEREXAMPLE AXIOMS Test.Counterexamples.AsyncHookContract.does_not_fit: [propext, Quot.sound]
COUNTEREXAMPLE AXIOMS Test.Program.TypedControl.unguard_payload_rejected: [propext, Quot.sound]
COUNTEREXAMPLE AXIOMS Test.Program.TypedControl.natCatch_typed.match_1_5: []
COUNTEREXAMPLE AXIOMS Test.Counterexamples.AsyncHookContract.clean_input_fits: [propext, Quot.sound]
COUNTEREXAMPLE AXIOMS Test.Counterexamples.AsyncHookContract.reviewedFiberPost._sparseCasesOn_1: [propext]
COUNTEREXAMPLE AXIOMS Test.Counterexamples.AsyncHookContract.ReviewedControlAdmitted.below.unguard: [propext,
 Quot.sound]
COUNTEREXAMPLE AXIOMS Test.Counterexamples.AsyncHookContract.guard_admits_wrong_arm: [propext, Quot.sound]
COUNTEREXAMPLE AXIOMS Test.Program.TypedControl.natCatch_typed: [propext, Quot.sound]
COUNTEREXAMPLE AND CONTROL MODULES: 85 declarations checked at [propext, Quot.sound]
