'Research.TypesSeat.prog3_leaf_false' depends on axioms: [propext, Quot.sound]
'Research.TypesSeat.prog3_leaf_amended' depends on axioms: [propext, Quot.sound]
'Research.TypesSeat.subN_normalize_right' depends on axioms: [propext, Quot.sound]
'Research.TypesSeat.fiberDeclaredN_normalize' depends on axioms: [propext, Quot.sound]
'Research.TypesSeat.equivN_normalize' depends on axioms: [propext, Quot.sound]
'Research.TypesSeat.fiberDeclaredN_sub' depends on axioms: [propext, Quot.sound]
'Research.TypesSeat.fiberDeclaredN_w0' depends on axioms: [propext, Quot.sound]
'Research.TypesSeat.not_fits_join' depends on axioms: [propext, Quot.sound]
'Research.TypesSeat.subN_trans' depends on axioms: [propext, Quot.sound]
'Research.TypesSeat.sub_le_subN' depends on axioms: [propext, Quot.sound]
'Research.TypesSeat.subN_equiv_iff' depends on axioms: [propext, Quot.sound]
'Research.TypesSeat.ofRaw_eq_iff' depends on axioms: [propext, Quot.sound]
'Research.TypesSeat.sub_u_factor_false' depends on axioms: [propext, Quot.sound]
'Research.TypesSeat.T_not_sub_normal' depends on axioms: [propext, Quot.sound]
'Research.TypesSeat.T_subN_equiv' depends on axioms: [propext, Quot.sound]
'Research.TypesSeat.normal_sub_T' depends on axioms: [propext, Quot.sound]
'Research.TypesSeat.fits_fiber_raw' depends on axioms: [propext, Quot.sound]
'Research.TypesSeat.not_fits_fiber_normal' depends on axioms: [propext, Quot.sound]
'Research.TypesSeat.fiber_types_equiv' depends on axioms: [propext, Quot.sound]
'Research.TypesSeat.fits_cell_normal' depends on axioms: [propext, Quot.sound]
'Research.TypesSeat.not_fits_cell_raw' depends on axioms: [propext, Quot.sound]
'Research.TypesSeat.cell_types_equiv' depends on axioms: [propext, Quot.sound]
'Research.TypesSeat.hasTy_invariant' depends on axioms: [propext, Quot.sound]
bash  lake env lean -M6144 -DwarningAsError=true   0.85s user 1.35s system 32% cpu 6.835 total
exit=0
