/Users/pooks/Dev/lean4-effect4/docs/research/2026-10-01-formal-pass/types/verify-HandleInhabitedProbe.lean:50:55: error: Expected type must not contain free variables
  Env.Context.getV emptyCtx.services key = none

Hint: Use the `+revert` option to automatically clean up and revert free variables
/Users/pooks/Dev/lean4-effect4/docs/research/2026-10-01-formal-pass/types/verify-HandleInhabitedProbe.lean:52:27: error: Application type mismatch: The argument
  hget
has type
  Eq.{1} none (some sv)
but is expected to have type
  Eq.{?u.8 + 2} ?m.39 ?m.41
in the application
  Option.noConfusion hget
/Users/pooks/Dev/lean4-effect4/docs/research/2026-10-01-formal-pass/types/verify-HandleInhabitedProbe.lean:71:12: error: don't know how to synthesize implicit argument `p`
  @Exists.intro Val (fun v => Typed.Fits (wAll ?m.137) v (Ty.handle NativeOp.refTarget))
    (Val.handle HandleKind.cell.byte 0) (ref_inhabited ?m.137)
context:
hc : internalHandleTargets.contains NativeOp.refTarget = true
⊢ Val → Prop
/Users/pooks/Dev/lean4-effect4/docs/research/2026-10-01-formal-pass/types/verify-HandleInhabitedProbe.lean:71:38: error: don't know how to synthesize placeholder for argument `t`
context:
hc : internalHandleTargets.contains NativeOp.refTarget = true
⊢ String
/Users/pooks/Dev/lean4-effect4/docs/research/2026-10-01-formal-pass/types/verify-HandleInhabitedProbe.lean:71:18: error: don't know how to synthesize placeholder for argument `t`
context:
hc : internalHandleTargets.contains NativeOp.refTarget = true
⊢ String
'Research.TypesVerify.Handle.ref_inhabited' depends on axioms: [propext, Quot.sound]
'Research.TypesVerify.Handle.deferred_inhabited' depends on axioms: [propext, Quot.sound]
'Research.TypesVerify.Handle.scope_inhabited' depends on axioms: [propext, Quot.sound]
'Research.TypesVerify.Handle.context_inhabited' depends on axioms: [propext, sorryAx, Quot.sound]
'Research.TypesVerify.Handle.external_inhabited' depends on axioms: [propext, Quot.sound]
'Research.TypesVerify.Handle.handle_inhabited' depends on axioms: [propext, sorryAx, Quot.sound]
bash $S lake env lean -M6144 -DwarningAsError=true   0.58s user 0.98s system 85% cpu 1.813 total
exit=1
