A3_RETAINED|Effect4.Machine.fireObserver_grows|hops_leaf|3:interruptEach_grows|447:39
A3_RETAINED|Effect4.Machine.fireObserver_grows|hops_leaf|3:interruptEach_grows|447:39
A3_RETAINED|Effect4.Machine.withFiber_extends|hops_leaf|2:start_grows|523:23
A3_RETAINED|Effect4.Machine.withFiber_extends|hops_leaf|2:start_grows|523:23
A3_RETAINED|Effect4.Machine.withFiber_extends|hops_leaf|2:start_grows|523:23
A3_RETAINED|Effect4.Machine.withFiber_extends|hops_leaf|2:start_grows|523:23
A3_RETAINED|Effect4.Machine.withFiber_extends|hops_leaf|5:linkScope_grows|523:23
A3_RETAINED|Effect4.Machine.withFiber_extends|hops_leaf|5:linkScope_grows|523:23
A3_RETAINED|Effect4.Machine.withFiber_extends|hops_leaf|5:linkScope_grows|523:23
A3_RETAINED|Effect4.Machine.withFiber_extends|hops_leaf|4:countdownPark_grows|523:23
A3_RETAINED|Effect4.Machine.withFiber_extends|hops_leaf|4:countdownPark_grows|523:23
A3_RETAINED|Effect4.Machine.withFiber_extends|hops_leaf|4:countdownPark_grows|523:23
A3_RETAINED|Effect4.Machine.withFiber_extends|hops_leaf|4:countdownPark_grows|523:23
A3_RETAINED|Effect4.Machine.withFiber_extends|hops_leaf|4:countdownPark_grows|523:23
A3_RETAINED|Effect4.Machine.withFiber_extends|hops_leaf|4:countdownPark_grows|523:23
A3_RETAINED|Effect4.Machine.withFiber_extends|hops_leaf|4:countdownPark_grows|523:23
A3_RETAINED|Effect4.Machine.withFiber_extends|hops_leaf|4:countdownPark_grows|523:23
A3_RETAINED|Effect4.Machine.withFiber_extends|hops_leaf|4:countdownPark_grows|523:23
A3_RETAINED|Effect4.Machine.withFiber_extends|hops_leaf|6:forkFinalizers_grows|523:23
A3_RETAINED|Effect4.Machine.evaluatePrim_extends|hops_leaf|4:countdownPark_grows|536:23
A3_RETAINED|Effect4.Machine.evaluatePrim_extends|hops_leaf|4:countdownPark_grows|536:23
A3_RETAINED|Effect4.Machine.driveStep_grows|hops_cmd|5:exitFiber_grows|595:23
A3_RETAINED|Effect4.Machine.driveStep_grows|hops_leaf|1:spawn_grows|595:23
A3_RETAINED|Effect4.Machine.driveStep_grows|hops_observers|1:hops_leaf|595:23
A3_RETAINED|Effect4.Machine.driveStep_grows|hops_cmd|1:hops_observers|595:23
A3_RETAINED|Effect4.Machine.driveStep_grows|hops_cmd|3:fireObserver_grows|595:23
A3_RETAINED|Effect4.Machine.driveStep_grows|hops_cmd|6:settle_grows|595:23
A3_RETAINED|Effect4.Machine.driveStep_grows|hops_cmd|3:fireObserver_grows|595:23
A3_RETAINED|Effect4.Machine.driveStep_grows|hops_leaf|5:linkScope_grows|595:23
A3_RETAINED|Effect4.Machine.driveStep_grows|hops_observers|1:hops_leaf|595:23
A3_RETAINED|Effect4.Machine.driveStep_grows|hops_cmd|1:hops_observers|595:23
A3_RETAINED|Effect4.Machine.driveStep_grows|hops_cmd|2:drainOwed_grows|595:23
A3_RETAINED|Effect4.Machine.stepDecision_extends|hops_loop|2:drive_extends|752:23
A3_RETAINED|Effect4.Machine.stepDecision_extends|hops_loop|2:drive_extends|752:23
A3_RETAINED|Effect4.Machine.stepDecision_extends|hops_loop|2:drive_extends|752:23
A3_RETAINED|Effect4.Machine.stepDecision_extends|hops_loop|2:drive_extends|752:23
Effect4.Machine.M1OriginApproximation: 0 open, 2 proved, 2 total; ceiling 0
A3_PROOF|Effect4.Machine.flushAll_stable|3045615000|2448254564
A3_PROOF|Effect4.Machine.replay_colimit_eq_of_sufficient|4245097518|2240434932
A3_PROOF|_private._stdin.0.Effect4.Machine.evaluatePrim.match_7.eq_4|186321973|3646617552
A3_PROOF|_private._stdin.0.Effect4.Machine.fireObserver.match_1.eq_1|4173281450|434126113
A3_PROOF|Effect4.Machine.Suffices.eq_2|703123690|3441281271
A3_PROOF|Effect4.Machine.drive_nil|498396226|4059573191
A3_PROOF|_private._stdin.0.Effect4.Machine.ReplayResult.thenReplay.match_1.eq_1|2208344742|2350149853
A3_PROOF|_private._stdin.0.Effect4.Machine.evaluatePrim.withFiber.match_26.eq_15|1967135701|505502344
A3_PROOF|Effect4.Machine.exitFiber_grows|2692126024|4131734965
A3_PROOF|_private._stdin.0.Effect4.Machine.fireObserver.match_11.eq_4|2601796729|2792151977
A3_PROOF|_private._stdin.0.Effect4.Machine.evaluatePrim.interruptAs.match_3.eq_2|4124389554|3177754331
A3_PROOF|Effect4.Machine.advanceState.eq_def|228134979|1615972339
A3_PROOF|Effect4.Machine.drive_add|2017303515|3730727085
A3_PROOF|Effect4.Machine.leastUpTo_le|3735293967|97125945
A3_PROOF|_private._stdin.0.Effect4.Machine.evaluatePrim.withFiber.match_26.eq_1|3989146283|1258555596
A3_PROOF|Effect4.Machine.M1Clock.advance_trace_mono|805909807|3839930317
A3_PROOF|_private._stdin.0.Effect4.Machine.fireObserver.match_11.eq_6|3539236750|655798679
A3_PROOF|Effect4.Machine.finalizerOr_extends|8883223|4113360457
A3_PROOF|Effect4.Machine.leastUpTo.eq_def|3941606695|1349137698
A3_PROOF|Effect4.Machine.replay_frontier_mono_single|3947471924|2623389086
A3_PROOF|_private._stdin.0.Effect4.Machine.fireObserver.match_3.eq_1|817821437|466169858
A3_PROOF|Effect4.Machine.fire_stable|3986228041|3397302181
A3_PROOF|Effect4.Machine.RunMachine.Extends.trans|3187942303|1766659639
A3_PROOF|Effect4.Machine.drainOwed.eq_def|2291473912|706495180
A3_PROOF|_private._stdin.0.Effect4.Machine.ReplayResult.thenReplay.match_1.eq_2|3216789454|4119807284
A3_PROOF|Effect4.Machine.ReplayResult.frontier_le|2295449820|2193917880
A3_PROOF|_private._stdin.0.Effect4.Machine.fireObserver.match_1.eq_2|2809330771|2474863180
A3_PROOF|Effect4.Machine.Suffices.eq_1|2812351547|626620847
A3_PROOF|Effect4.Machine.fireTasks_trace_mono|3836837815|623889926
A3_PROOF|_private._stdin.0.Effect4.Machine.launchEntrant.match_1.eq_1|216581096|1218641329
A3_PROOF|Effect4.Machine.stepDecisionState_stable|2166544166|2757283239
A3_PROOF|Effect4.Machine.flushAll_trace_extends|1992723673|4196444769
A3_PROOF|Effect4.Machine.advance_trace_mono|1310455365|1639401209
A3_PROOF|_private._stdin.0.Effect4.Machine.fireObserver.match_3.eq_2|1506305346|2675725683
A3_PROOF|Effect4.Machine.drive_trace_extends|3875189915|1028068186
A3_PROOF|Effect4.Machine.Suffices_mono|1144583502|3998960627
A3_PROOF|_private._stdin.0.Effect4.Machine.evaluatePrim.withFiber.match_26.eq_2|2309573632|2061014009
A3_PROOF|Effect4.Machine.fireTasks_false|1491140997|1439852543
A3_PROOF|_private._stdin.0.Effect4.Machine.evaluatePrim.interruptAs.match_3.eq_1|1489045935|2184843714
A3_PROOF|_private._stdin.0.Effect4.Machine.forkFinalizers.match_3.eq_1|3652650155|3538747573
A3_PROOF|Effect4.Machine.replay_obs_mono_of_suffices|2865961972|1359726098
A3_PROOF|Effect4.Machine.evaluatePrim._sparseCasesOn_12.else_eq|1814036445|55671497
A3_PROOF|_private._stdin.0.Effect4.Machine.evaluatePrim.match_10.eq_5|3765237372|3253603211
A3_PROOF|_private._stdin.0.Effect4.Machine.evaluatePrim.withFiber.match_26.eq_22|4079242702|3830012275
A3_PROOF|Effect4.Machine.drive_stable_of_done|1435934879|3389963798
A3_PROOF|_private._stdin.0.Effect4.Machine.driveStep.match_5.eq_1|3375090706|1139706791
A3_PROOF|Effect4.Machine.drive_trace_mono|2135386491|2184079669
A3_PROOF|_private._stdin.0.Effect4.Machine.settle.match_1.eq_3|4204340700|3827771030
A3_PROOF|Effect4.Machine.drive_extends_of_step|433318378|4258200409
A3_PROOF|Effect4.Machine.leastUpTo_least|361812674|494026552
A3_PROOF|_private._stdin.0.Effect4.Machine.flushAllState.match_1.eq_1|4157225007|1769403370
A3_PROOF|Effect4.Machine.fire_extends|3982942168|3387928781
A3_PROOF|_private._stdin.0.Effect4.Machine.fireObserver.match_11.eq_2|1629251631|3111133705
A3_PROOF|_private._stdin.0.Effect4.Machine.iteration.match_1.eq_1|1728473697|1220618517
A3_PROOF|_private._stdin.0.Effect4.Machine.evaluatePrim.withFiber.match_26.eq_11|2679675047|2911661103
A3_PROOF|Effect4.Machine.fireTasks_stopped|2432847830|2907550582
A3_PROOF|_private._stdin.0.Effect4.Machine.interruptEach_cons.match_1.eq_2|921200717|1957163565
A3_PROOF|_private._stdin.0.Effect4.Machine.Suffices.match_3.eq_2|1642504784|539441236
A3_PROOF|Effect4.Machine.settle_grows|4113328303|3443047426
A3_PROOF|Effect4.Machine.M1Clock.advanceState_stable|737943545|3088555624
A3_PROOF|Effect4.Machine.stepDecision_trace_mono_all|676238960|485273529
A3_PROOF|_private._stdin.0.Effect4.Machine.evaluatePrim.match_7.eq_2|3486345320|4245478824
A3_PROOF|_private._stdin.0.Effect4.Machine.forkFinalizers.match_1.eq_1|4255136228|1661634392
A3_PROOF|Effect4.Machine.leastUpTo_isSome|937279084|938138215
A3_PROOF|_private._stdin.0.Effect4.Machine.evaluatePrim.withFiber.match_26.eq_3|2233156339|2535923065
A3_PROOF|_private._stdin.0.Effect4.Machine.driveStep.match_7.eq_2|2754048581|2607939527
A3_PROOF|Effect4.Machine.leastSufficient_isSome|884516004|4062576931
A3_PROOF|Effect4.Machine.leastUpTo_le._proof_1_4|174150957|3235930924
A3_PROOF|_private._stdin.0.Effect4.Machine.evaluatePrim.finalizerOr.match_1.eq_2|523421948|3248592941
A3_PROOF|Effect4.Machine.leastSufficient_least|1257293992|3178534910
A3_PROOF|Effect4.Machine.driveState_succ_cons|1085479667|3505487208
A3_PROOF|_private._stdin.0.Effect4.Machine.Suffices.match_1.eq_1|2565946923|1538160961
A3_PROOF|_private._stdin.0.Effect4.Machine.evaluatePrim.withFiber.match_26.eq_19|3069906160|3962688904
A3_PROOF|Effect4.Machine.leastUpTo_bound_mono|372703779|1471724313
A3_PROOF|_private._stdin.0.Effect4.Machine.evaluatePrim.withFiber.match_26.eq_6|2404610766|163804936
A3_PROOF|_private._stdin.0.Effect4.Machine.evaluatePrim.match_7.eq_1|3854930169|333132342
A3_PROOF|_private._stdin.0.Effect4.Machine.flushAllState.match_1.eq_2|3844781133|3850991040
A3_PROOF|_private._stdin.0.Effect4.Machine.fireObserver.match_11.eq_1|1568226663|3312746133
A3_PROOF|Effect4.Machine.drive_succ_cons|3380377172|1231184265
A3_PROOF|_private._stdin.0.Effect4.Machine.ReplayResult.le.match_1.eq_3|584153224|3331222675
A3_PROOF|Effect4.Machine.advanceState_stable|2159194946|1074979755
A3_PROOF|_private._stdin.0.Effect4.Machine.iteration.match_1.eq_2|2209676168|188199468
A3_PROOF|Effect4.Machine.leastUpTo_none|2220409700|962016276
A3_PROOF|_private._stdin.0.Effect4.Machine.interruptEach_cons.match_1.eq_1|1760317690|4066095251
A3_PROOF|Effect4.Machine.ReplayResult.thenReplay.eq_3|2962027182|994236035
A3_PROOF|_private._stdin.0.Effect4.Machine.Suffices.match_3.eq_1|1504053083|2243371393
A3_PROOF|Effect4.Machine.replayEval_append_machine|1087453247|639158302
A3_PROOF|_private._stdin.0.Effect4.Machine.ReplayResult.thenReplay.match_1.eq_4|32910016|2496678548
A3_PROOF|Effect4.Machine.flushAll_extends|4031344165|333194
A3_PROOF|Effect4.Machine.stepDecision_stable|1899909886|294603903
A3_PROOF|Effect4.Machine.fireState_stable|3629399695|1146991925
A3_PROOF|Effect4.Machine.fireStep.eq_1|3481325521|1862992115
A3_PROOF|Effect4.Machine.replay_obs_mono|366758968|2367277862
A3_PROOF|Effect4.Machine.stepDecision_trace_mono|1778949712|2457489111
A3_PROOF|_private._stdin.0.Effect4.Machine.settle.match_1.eq_5|64444848|230097989
A3_PROOF|_private._stdin.0.Effect4.Machine.exitFiber.exitStore.match_1.eq_2|4099548073|3713888739
A3_PROOF|_private._stdin.0.Effect4.Machine.evaluatePrim.match_10.eq_3|2453109726|717126406
A3_PROOF|_private._stdin.0.Effect4.Machine.evaluatePrim.withFiber.match_1.eq_2|1153453780|1092732959
A3_PROOF|Effect4.Machine.settled.eq_1|2692103562|892900594
A3_PROOF|Effect4.Machine.drive_stable_of_stuck|882515001|2797096005
A3_PROOF|Effect4.Machine.replayEval.eq_2|854985615|2018128342
A3_PROOF|_private._stdin.0.Effect4.Machine.driveStep.match_1.eq_2|3277082717|3278596478
A3_PROOF|_private._stdin.0.Effect4.Machine.evaluatePrim.match_3.eq_1|631130785|3674814251
A3_PROOF|Effect4.Machine.launchEntrant_grows|261472367|229871649
A3_PROOF|Effect4.Machine.interruptAs_extends|204460765|1730134266
A3_PROOF|Effect4.Machine.driveStep_grows|2961702645|2352814948
A3_PROOF|Effect4.Machine.RunMachine.Extends.eq_1|1895820181|4185574374
A3_PROOF|_private._stdin.0.Effect4.Machine.replayEval.match_1.eq_2|3365873559|2934809657
A3_PROOF|Effect4.Machine.replayEval_trace_extends|1366487027|3202684133
A3_PROOF|Effect4.Machine.advance_extends|98360045|3027382139
A3_PROOF|Effect4.Machine.postTask_extends|3503256317|3757382601
A3_PROOF|Effect4.Machine.fire_eq_fireState|2791113855|1945798443
A3_PROOF|_private._stdin.0.Effect4.Machine.ReplayResult.le.match_1.eq_2|2509363048|3724106192
A3_PROOF|Effect4.Machine.ReplayResult.thenReplay.eq_2|2629552072|1300850679
A3_PROOF|Effect4.Machine.drainOwed_grows_aux|3758893901|485036435
A3_PROOF|_private._stdin.0.Effect4.Machine.evaluatePrim.withFiber.match_26.eq_5|602685028|463418900
A3_PROOF|Effect4.Machine.leastUpTo.eq_1|1105880015|3518993116
A3_PROOF|Effect4.Machine.advanceState.eq_1|3505159336|3932820658
A3_PROOF|Effect4.Machine.fireState.eq_1|1029082696|43284564
A3_PROOF|_private._stdin.0.Effect4.Machine.evaluatePrim.withFiber.match_26.eq_9|2978613724|1489212171
A3_PROOF|Effect4.Machine.ReplayResult.terminal.eq_1|2727122232|3305453660
A3_PROOF|_private._stdin.0.Effect4.Machine.evaluatePrim.withFiber.match_26.eq_7|3843904735|2389128285
A3_PROOF|Effect4.Machine.RunMachine.emit_trace|687102472|3703937697
A3_PROOF|_private._stdin.0.Effect4.Machine.evaluatePrim.withFiber.match_24.eq_1|3323552994|2443505955
A3_PROOF|Effect4.Machine.registerRace_extends|2675955742|2357301793
A3_PROOF|Effect4.Machine.flushRoot_stable|884307886|393142457
A3_PROOF|Effect4.Machine.RunMachine.updateRace_trace|2530129561|184278429
A3_PROOF|Effect4.Machine.RunMachine.Grows.refl|2963266063|321730419
A3_PROOF|Effect4.Machine.replay_colimit|2394042770|1442980290
A3_PROOF|_private._stdin.0.Effect4.Machine.evaluatePrim.withFiber.match_17.eq_1|430406653|4057220207
A3_PROOF|_private._stdin.0.Effect4.Machine.RunMachine.originOf.match_3.eq_2|2825444499|3574189983
A3_PROOF|_private._stdin.0.Effect4.Machine.finalizerCode.match_1.eq_2|1371386459|1779575603
A3_PROOF|Effect4.Machine.M1OriginApproximation.spawn_grows|805427109|4094722064
A3_PROOF|_private._stdin.0.Effect4.Machine.settle.match_1.eq_4|3104855474|623134064
A3_PROOF|Effect4.Machine.start_grows|2204172401|4106696172
A3_PROOF|Effect4.Machine.evaluatePrim._sparseCasesOn_7.else_eq|3208762635|2161707916
A3_PROOF|_private._stdin.0.Effect4.Machine.linkScope.match_3.eq_2|3657549109|420939633
A3_PROOF|Effect4.Machine.replayEval_nil_machine|1659022266|2267970346
A3_PROOF|_private._stdin.0.Effect4.Machine.evaluatePrim.withFiber.match_26.eq_16|2850139493|4102336202
A3_PROOF|_private._stdin.0.Effect4.Machine.spawn.match_1.eq_2|2571952144|2724531526
A3_PROOF|_private._stdin.0.Effect4.Machine.evaluatePrim.withFiber.match_26.eq_24|3432839155|2550484643
A3_PROOF|_private._stdin.0.Effect4.Machine.evaluatePrim.withFiber.match_26.eq_23|3157853843|2074768176
A3_PROOF|_private._stdin.0.Effect4.Machine.leastUpTo.match_3.eq_2|3529824237|2175854884
A3_PROOF|_private._stdin.0.Effect4.Machine.registerRace.match_1.eq_2|255267150|1641265190
A3_PROOF|_private._stdin.0.Effect4.Machine.fireObserver.match_7.eq_2|702784993|1861178337
A3_PROOF|_private._stdin.0.Effect4.Machine.finalizerCode.match_1.eq_1|4178307672|2641167160
A3_PROOF|Effect4.Machine.flushRoot_trace_extends|2617576398|2572261878
A3_PROOF|Effect4.Machine.Suffices_of_le|619811330|3218955371
A3_PROOF|_private._stdin.0.Effect4.Machine.evaluatePrim.withFiber.match_26.eq_13|3499595793|2564818123
A3_PROOF|Effect4.Machine.M1OriginApproximation.spawn_grows.checked|1463189355|4081436363
A3_PROOF|_private._stdin.0.Effect4.Machine.RunMachine.originOf.match_3.eq_1|492001888|3431760274
A3_PROOF|_private._stdin.0.Effect4.Machine.evaluatePrim.withFiber.match_17.eq_2|1362979215|2537973428
A3_PROOF|Effect4.Machine.withFiber_extends|2879027957|4242335096
A3_PROOF|Effect4.Machine.forkFinalizers.eq_def|3360477130|1577170354
A3_PROOF|Effect4.Machine.stepDecision_stuck_stable|615868465|1099349507
A3_PROOF|Effect4.Machine.leastSufficient_bound_mono|467995493|3400058693
A3_PROOF|Effect4.Machine.driveState_nil|2419582700|3165548137
A3_PROOF|Effect4.Machine.Suffices.congr_simp|4156981814|1922322101
A3_PROOF|Effect4.Machine.drive_stable_of_settled|308448851|598052214
A3_PROOF|Effect4.Machine.RunMachine.arm_trace|1349105907|1361667807
A3_PROOF|Effect4.Machine.forkFinalizers_grows|1001074386|1723906757
A3_PROOF|_private._stdin.0.Effect4.Machine.fireObserver.match_5.eq_1|2565629818|665528619
A3_PROOF|Effect4.Machine.fire_trace_mono|873240815|2746107073
A3_PROOF|_private._stdin.0.Effect4.Machine.ReplayResult.thenReplay.match_1.eq_3|3469975681|2689535749
A3_PROOF|Effect4.Machine.stepFrame_extends|1187005338|3324169912
A3_PROOF|Effect4.Machine.ReplayResult.thenReplay.eq_4|2842273401|726853156
A3_PROOF|_private._stdin.0.Effect4.Machine.evaluatePrim.match_10.eq_4|3438556480|159019993
A3_PROOF|Effect4.Machine.replayEval_of_stuck|302094386|2326334078
A3_PROOF|_private._stdin.0.Effect4.Machine.drainOwed.match_3.eq_1|615957312|936342484
A3_PROOF|Effect4.Machine.replayEval.eq_def|1670872045|3836692625
A3_PROOF|Effect4.Machine.injectYield_extends|1210715318|812529048
A3_PROOF|_private._stdin.0.Effect4.Machine.linkScope.match_3.eq_3|192867043|1992702163
A3_PROOF|_private._stdin.0.Effect4.Machine.spawn.match_1.eq_3|97257608|3743428275
A3_PROOF|_private._stdin.0.Effect4.Machine.stepDecisionState.match_3.eq_2|2271323198|393900923
A3_PROOF|Effect4.Machine.evaluatePrim.finalizerOr._sparseCasesOn_3.else_eq|806471707|3952858442
A3_PROOF|Effect4.Machine.fireObserver_fold_grows|3929598507|3269272060
A3_PROOF|Effect4.Machine.driveState_done_add|367182612|881887999
A3_PROOF|_private._stdin.0.Effect4.Machine.drainOwed.match_1.eq_1|2152000211|33136152
A3_PROOF|Effect4.Machine.RunMachine.Extends.exists|955710405|1872856402
A3_PROOF|Effect4.Machine.replay_stable|4228781720|4158372777
A3_PROOF|_private._stdin.0.Effect4.Machine.evaluatePrim.match_12.eq_1|1388553090|853957121
A3_PROOF|_private._stdin.0.Effect4.Machine.evaluatePrim.withFiber.match_26.eq_17|2149095673|33997717
A3_PROOF|Effect4.Machine.M1OriginApproximation.launchEntrant_grows.checked|261472367|4243198168
A3_PROOF|_private._stdin.0.Effect4.Machine.settle.match_1.eq_2|4254844299|2067976181
A3_PROOF|Effect4.Machine.evaluatePrim.finalizerOr._sparseCasesOn_4.else_eq|753851733|4000784604
A3_PROOF|_private._stdin.0.Effect4.Machine.drainOwed.match_3.eq_2|1638147931|36931661
A3_PROOF|Effect4.Machine.drive_zero|2920615006|2689098235
A3_PROOF|Effect4.Machine.countdownPark_grows|1322071289|731497801
A3_PROOF|Effect4.Machine.fireTasks_stable|1084904070|2739082046
A3_PROOF|Effect4.Machine.replay_stuck_mono_single|1411836358|2395342035
A3_PROOF|_private._stdin.0.Effect4.Machine.stepDecisionState.match_3.eq_1|2289235486|3151833485
A3_PROOF|_private._stdin.0.Effect4.Machine.drainOwed.match_1.eq_2|2722370714|3429964765
A3_PROOF|Effect4.Machine.finishFrame_extends|4109781309|4160023724
A3_PROOF|_private._stdin.0.Effect4.Machine.evaluatePrim.match_12.eq_2|946339543|2103680648
A3_PROOF|Effect4.Machine.fireStep_extends|1112827712|1316240155
A3_PROOF|Effect4.Machine.leastSufficient_le|1767627670|3840442783
A3_PROOF|_private._stdin.0.Effect4.Machine.settle.match_1.eq_1|1480182196|3334520932
A3_PROOF|Effect4.Machine.replayEval_append|233200693|2615852541
A3_PROOF|Effect4.Machine.fireTasks_extends|392603558|2770603277
A3_PROOF|Effect4.Machine.driveState_add|3825951489|3192022402
A3_PROOF|Effect4.Machine.flushAll_eq_flushAllState|1398209967|1552060091
A3_PROOF|Effect4.Machine.fire_trace_extends|3486559057|3524140167
A3_PROOF|_private._stdin.0.Effect4.Machine.Suffices.match_1.eq_2|4130845053|2167900864
A3_PROOF|Effect4.Machine.drive_extends|3982283638|2848445331
A3_PROOF|_private._stdin.0.Effect4.Machine.fireObserver.match_11.eq_5|2582412374|1837312879
A3_PROOF|Effect4.Machine.driveState_stuck|3595785699|1840166355
A3_PROOF|_private._stdin.0.Effect4.Machine.evaluatePrim.match_7.eq_5|2771680009|4244937356
A3_PROOF|_private._stdin.0.Effect4.Machine.driveStep.match_7.eq_1|3744558726|1506201025
A3_PROOF|_private._stdin.0.Effect4.Machine.evaluatePrim.withFiber.match_26.eq_14|2337731|1263790833
A3_PROOF|Effect4.Machine.flushRootState_stable|2047651684|1902063469
A3_PROOF|Effect4.Machine.flushRoot_eq_flushRootState|3643857739|3282220911
A3_PROOF|_private._stdin.0.Effect4.Machine.evaluatePrim.finalizerOr.match_1.eq_1|2198684726|1189887360
A3_PROOF|_private._stdin.0.Effect4.Machine.evaluatePrim.match_5.eq_2|4248112038|1013050872
A3_PROOF|Effect4.Machine.exitFiber.exitStore._sparseCasesOn_1.else_eq|2396473006|374101665
A3_PROOF|_private._stdin.0.Effect4.Machine.countdownWalk.match_1.eq_2|2717187893|301045462
A3_PROOF|_private._stdin.0.Effect4.Machine.evaluatePrim.withFiber.match_7.eq_1|2099027341|346384599
A3_PROOF|Effect4.Machine.stepDecision_trace_extends|286525665|844395294
A3_PROOF|_private._stdin.0.Effect4.Machine.evaluatePrim.match_10.eq_2|2829250460|1113829395
A3_PROOF|_private._stdin.0.Effect4.Machine.settle.match_1.eq_6|641466762|1674226470
A3_PROOF|Effect4.Machine.interruptEach_grows|2331949870|753934327
A3_PROOF|Effect4.Machine.drive_trace_mono_of_step|2064144923|1638123266
A3_PROOF|_private._stdin.0.Effect4.Machine.evaluatePrim.finalizerOr.match_3.eq_1|934010185|3303854163
A3_PROOF|_private._stdin.0.Effect4.Machine.countdownPark.match_1.eq_2|19126026|3620774578
A3_PROOF|Effect4.Machine.stepDecision_eq_state|2542339986|1073203795
A3_PROOF|_private._stdin.0.Effect4.Machine.evaluatePrim.withFiber.match_26.eq_12|1715725840|2274383637
A3_PROOF|Effect4.Machine.drainOwed_grows|3758893901|3556477666
A3_PROOF|_private._stdin.0.Effect4.Machine.evaluatePrim.match_12.eq_3|1192483140|3502511860
A3_PROOF|_private._stdin.0.Effect4.Machine.driveStep.match_5.eq_2|3702692374|1674533208
A3_PROOF|Effect4.Machine.leastSufficient_sound|1645342885|1526299500
A3_PROOF|Effect4.Machine.ReplayResult.le_trans|4170700847|1822395318
A3_PROOF|Effect4.Machine.stepDecision_extends|2900647921|2378849500
A3_PROOF|_private._stdin.0.Effect4.Machine.forkFinalizers.match_3.eq_2|3124348349|643741923
A3_PROOF|Effect4.Machine.flushRoot_extends|2480776079|1846930116
A3_PROOF|Effect4.Machine.iteration_extends|3599163872|2760721814
A3_PROOF|_private._stdin.0.Effect4.Machine.evaluatePrim.withFiber.match_7.eq_2|154634985|4046002056
A3_PROOF|_private._stdin.0.Effect4.Machine.countdownWalk.match_1.eq_1|1550528198|597225267
A3_PROOF|_private._stdin.0.Effect4.Machine.evaluatePrim.match_10.eq_1|1045900514|2038509455
A3_PROOF|_private._stdin.0.Effect4.Machine.evaluatePrim.finalizerOr.match_3.eq_2|2493070219|1285907861
A3_PROOF|_private._stdin.0.Effect4.Machine.countdownPark.match_1.eq_1|3970286165|878002420
A3_PROOF|Effect4.Machine.M1OriginApproximation.launchEntrant_grows|1304619140|3162526656
A3_PROOF|Effect4.Machine.RunMachine.Extends.refl|1325881189|2220809689
A3_PROOF|_private._stdin.0.Effect4.Machine.evaluatePrim.match_5.eq_1|3873249745|808568478
A3_PROOF|_private._stdin.0.Effect4.Machine.evaluatePrim.match_7.eq_3|3224188721|350143783
A3_PROOF|Effect4.Machine.leastUpTo.eq_2|2084210966|3395566371
A3_PROOF|Effect4.Machine.ReplayResult.le_antisymm_terminal|3558745553|3613363157
A3_PROOF|Effect4.Machine.RunMachine.disarm_trace|1074893497|3861124617
A3_PROOF|Effect4.Machine.M1Clock.advance_extends|377207484|3433841406
A3_PROOF|Effect4.Machine.ReplayResult.le_refl|4291128098|2091142328
A3_PROOF|_private._stdin.0.Effect4.Machine.fireObserver.match_11.eq_3|1542019315|4110256244
A3_PROOF|Effect4.Machine.advanceState.eq_2|384129338|3372336765
A3_PROOF|Effect4.Machine.driveState_settled_add|3584273298|1878712435
A3_PROOF|_private._stdin.0.Effect4.Machine.ReplayResult.le.match_1.eq_1|4266732331|3280783358
A3_PROOF|Effect4.Machine.RunMachine.modify_trace|2841420233|1388017028
A3_PROOF|Effect4.Machine.ReplayResult.thenReplay.eq_1|1005169080|336942486
A3_PROOF|Effect4.Machine.leastUpTo_sound|1511390809|3266119847
A3_PROOF|Effect4.Machine.replayEval_append_fuel|3394102192|3161978736
A3_PROOF|_private._stdin.0.Effect4.Machine.evaluatePrim.withFiber.match_24.eq_2|1380505195|810614063
A3_PROOF|Effect4.Machine.ReplayResult.terminal.eq_2|1317343746|617833418
A3_PROOF|Effect4.Machine.Suffices.eq_def|2132981283|2922478246
A3_PROOF|Effect4.Machine.RunMachine.update_trace|3669286513|3954574749
A3_PROOF|Effect4.Machine.replayEval_single_machine|3003225902|165571589
A3_PROOF|Effect4.Machine.linkScope_grows|1960397717|2441758270
A3_PROOF|_private._stdin.0.Effect4.Machine.exitFiber.exitStore.match_1.eq_1|3332565542|363935103
A3_PROOF|Effect4.Machine.prepareAsyncAnswer.eq_1|951989607|3438180676
A3_PROOF|_private._stdin.0.Effect4.Machine.evaluatePrim.withFiber.match_1.eq_1|246057064|1342601603
A3_PROOF|Effect4.Machine.leastUpTo_least._proof_1_4|3810076919|1689554942
A3_PROOF|Effect4.Machine.replayEval_extends|2279507323|4047038280
A3_PROOF|Effect4.Machine.spawn_grows|1463189355|1276496221
A3_PROOF|_private._stdin.0.Effect4.Machine.replayEval.match_1.eq_1|3763212456|2676829267
A3_PROOF|Effect4.Machine.drive_eq_driveState|1395139586|3759754422
A3_PROOF|Effect4.Machine.replayEval.eq_1|1363661839|1960996461
A3_PROOF|Effect4.Machine.evaluatePrim_extends|3640494479|2740281210
A3_PROOF|_private._stdin.0.Effect4.Machine.driveStep.match_1.eq_1|1066440699|4201704306
A3_PROOF|_private._stdin.0.Effect4.Machine.evaluatePrim.match_3.eq_2|2051133601|3913614067
A3_PROOF|Effect4.Machine.drive_stuck|1135722779|1317770900
A3_PROOF|Effect4.Machine.fireObserver_grows|350935427|1095449008
A3_PROOF|Effect4.Machine.flushAll_trace_mono|1785468534|2808140875
A3_PROOF|_private._stdin.0.Effect4.Machine.leastUpTo.match_1.eq_2|3451874594|3856867692
A3_PROOF|Effect4.Machine.ReplayResult.terminal.eq_3|2690608401|3260373558
A3_PROOF|_private._stdin.0.Effect4.Machine.evaluatePrim.withFiber.match_26.eq_20|1200403070|1271869942
A3_PROOF|_private._stdin.0.Effect4.Machine.evaluatePrim.finishFrame.match_1.eq_2|2845547750|43474286
A3_PROOF|_private._stdin.0.Effect4.Machine.advanceState.match_1.eq_2|2694184051|8652060
A3_PROOF|_private._stdin.0.Effect4.Machine.linkScope.match_1.eq_2|3498329719|954152915
A3_PROOF|Effect4.Machine.RunMachine.halt_trace|2406017813|1951101613
A3_PROOF|_private._stdin.0.Effect4.Machine.evaluatePrim.withFiber.match_26.eq_18|3939066126|3739297395
A3_PROOF|_private._stdin.0.Effect4.Machine.fireObserver.match_5.eq_2|658887373|261468820
A3_PROOF|_private._stdin.0.Effect4.Machine.evaluatePrim.withFiber.match_26.eq_21|2262528670|283026455
A3_PROOF|_private._stdin.0.Effect4.Machine.evaluatePrim.withFiber.match_26.eq_10|2959570433|4115987765
A3_PROOF|_private._stdin.0.Effect4.Machine.evaluatePrim.withFiber.match_26.eq_4|21611637|3984382497
A3_PROOF|_private._stdin.0.Effect4.Machine.linkScope.match_1.eq_1|2705138270|3024756661
A3_PROOF|Effect4.Machine.Suffices_of_replay_terminal|598612791|1953321974
A3_PROOF|_private._stdin.0.Effect4.Machine.advanceState.match_1.eq_1|2554454216|3949249396
A3_PROOF|_private._stdin.0.Effect4.Machine.evaluatePrim.withFiber.match_26.eq_8|3750173142|4002955556
A3_PROOF|_private._stdin.0.Effect4.Machine.evaluatePrim.finishFrame.match_1.eq_1|1811294715|166466245
A3_PROOF|_private._stdin.0.Effect4.Machine.leastUpTo.match_1.eq_1|1736247811|1033798539
A3_PROOF|_private._stdin.0.Effect4.Machine.spawn.match_1.eq_1|83941913|2749390224
A3_PROOF|_private._stdin.0.Effect4.Machine.fireObserver.match_7.eq_1|426736975|712867707
A3_PROOF|Effect4.Machine.driveState_zero|1359078107|1692656107
A3_PROOF|_private._stdin.0.Effect4.Machine.leastUpTo.match_3.eq_1|3329880956|1063311440
A3_PROOF|Effect4.Machine.leastUpTo_le._proof_1_5|220287730|1675450278
A3_PROOF|Effect4.Machine.flushAllState_stable|99693444|1958657114
A3_PROOF|_private._stdin.0.Effect4.Machine.linkScope.match_3.eq_1|3688563998|4160243102
A3_PROOF|_private._stdin.0.Effect4.Machine.registerRace.match_1.eq_1|3833299925|570787750
A3_PROOF_COUNT|303
