A3_RETAINED|Effect4.Machine.Scheduling.observer_queue|queue_hops|3:interrupts_queue|165:39
A3_RETAINED|Effect4.Machine.Scheduling.observer_queue|queue_hops|3:interrupts_queue|165:39
A3_RETAINED|Effect4.Machine.Scheduling.observer_queue|queue_hops|3:interrupts_queue|165:39
A3_RETAINED|Effect4.Machine.Scheduling.observer_queue|queue_hops|3:interrupts_queue|165:39
A3_RETAINED|Effect4.Machine.Scheduling.withFiber_queue|queue_hops|2:start_queue|224:23
A3_RETAINED|Effect4.Machine.Scheduling.withFiber_queue|queue_hops|2:start_queue|224:23
A3_RETAINED|Effect4.Machine.Scheduling.withFiber_queue|queue_hops|2:start_queue|224:23
A3_RETAINED|Effect4.Machine.Scheduling.withFiber_queue|queue_hops|2:start_queue|224:23
A3_RETAINED|Effect4.Machine.Scheduling.withFiber_queue|queue_hops|5:link_queue|224:23
A3_RETAINED|Effect4.Machine.Scheduling.withFiber_queue|queue_hops|5:link_queue|224:23
A3_RETAINED|Effect4.Machine.Scheduling.withFiber_queue|queue_hops|5:link_queue|224:23
A3_RETAINED|Effect4.Machine.Scheduling.withFiber_queue|queue_hops|4:countdown_queue|224:23
A3_RETAINED|Effect4.Machine.Scheduling.withFiber_queue|queue_hops|4:countdown_queue|224:23
A3_RETAINED|Effect4.Machine.Scheduling.withFiber_queue|queue_hops|4:countdown_queue|224:23
A3_RETAINED|Effect4.Machine.Scheduling.withFiber_queue|queue_hops|4:countdown_queue|224:23
A3_RETAINED|Effect4.Machine.Scheduling.withFiber_queue|queue_hops|4:countdown_queue|224:23
A3_RETAINED|Effect4.Machine.Scheduling.withFiber_queue|queue_hops|4:countdown_queue|224:23
A3_RETAINED|Effect4.Machine.Scheduling.withFiber_queue|queue_hops|4:countdown_queue|224:23
A3_RETAINED|Effect4.Machine.Scheduling.withFiber_queue|queue_hops|4:countdown_queue|224:23
A3_RETAINED|Effect4.Machine.Scheduling.withFiber_queue|queue_hops|4:countdown_queue|224:23
A3_RETAINED|Effect4.Machine.Scheduling.withFiber_queue|queue_hops|6:forkFinalizers_queue|224:23
A3_RETAINED|Effect4.Machine.Scheduling.evaluate_queue|queue_hops|4:countdown_queue|245:23
A3_RETAINED|Effect4.Machine.Scheduling.evaluate_queue|queue_hops|4:countdown_queue|245:23
A3_RETAINED|Effect4.Machine.Scheduling.driveStep_queue|queue_hops|5:link_queue|299:56
A3_PROOF|_private._stdin.0.Effect4.Machine.evaluatePrim.match_7.eq_4|186321973|3646617552
A3_PROOF|_private._stdin.0.Effect4.Machine.fireObserver.match_1.eq_1|4173281450|434126113
A3_PROOF|Effect4.Machine.Scheduling.drive_queue|2901209008|2699622669
A3_PROOF|Effect4.Machine.Scheduling.withFiber_queue|4007373208|1087375459
A3_PROOF|_private._stdin.0.Effect4.Machine.Scheduling.FlushReady.match_1.eq_1|960821811|2270243681
A3_PROOF|_private._stdin.0.Effect4.Machine.evaluatePrim.withFiber.match_26.eq_15|1967135701|505502344
A3_PROOF|_private._stdin.0.Effect4.Machine.fireObserver.match_11.eq_4|2601796729|2792151977
A3_PROOF|_private._stdin.0.Effect4.Machine.evaluatePrim.interruptAs.match_3.eq_2|4124389554|3177754331
A3_PROOF|Effect4.Machine.Scheduling.fireStep_queue|421694492|431961974
A3_PROOF|_private._stdin.0.Effect4.Machine.evaluatePrim.withFiber.match_26.eq_1|3989146283|1258555596
A3_PROOF|_private._stdin.0.Effect4.Machine.Scheduling.FlushReady.match_3.eq_1|3329838373|901943812
A3_PROOF|_private._stdin.0.Effect4.Machine.fireObserver.match_11.eq_6|3539236750|655798679
A3_PROOF|_private._stdin.0.Effect4.Machine.fireObserver.match_3.eq_1|817821437|466169858
A3_PROOF|Effect4.Machine.Scheduling.queue_trans|1770321374|2998274490
A3_PROOF|_private._stdin.0.Effect4.Machine.Scheduling.FlushReady.match_1.eq_2|3394148935|1533196259
A3_PROOF|Effect4.Machine.Scheduling.start_queue|2552050610|1328245780
A3_PROOF|_private._stdin.0.Effect4.Machine.fireObserver.match_1.eq_2|2809330771|2474863180
A3_PROOF|_private._stdin.0.Effect4.Machine.fireObserver.match_3.eq_2|1506305346|2675725683
A3_PROOF|Effect4.Machine.Scheduling.drainOwed_queue|6450205|619956835
A3_PROOF|_private._stdin.0.Effect4.Machine.evaluatePrim.withFiber.match_26.eq_2|2309573632|2061014009
A3_PROOF|Effect4.Machine.Scheduling.flush_fair|4103941360|722313225
A3_PROOF|_private._stdin.0.Effect4.Machine.Scheduling.FlushReady.match_3.eq_2|2821700418|3158573151
A3_PROOF|_private._stdin.0.Effect4.Machine.evaluatePrim.interruptAs.match_3.eq_1|1489045935|2184843714
A3_PROOF|_private._stdin.0.Effect4.Machine.forkFinalizers.match_3.eq_1|3652650155|3538747573
A3_PROOF|_private._stdin.0.Effect4.Machine.evaluatePrim.match_10.eq_5|3765237372|3253603211
A3_PROOF|_private._stdin.0.Effect4.Machine.evaluatePrim.withFiber.match_26.eq_22|4079242702|3830012275
A3_PROOF|_private._stdin.0.Effect4.Machine.driveStep.match_5.eq_1|3375090706|1139706791
A3_PROOF|Effect4.Machine.Scheduling.stepFrame_queue|1253312532|1371308864
A3_PROOF|_private._stdin.0.Effect4.Machine.settle.match_1.eq_3|4204340700|3827771030
A3_PROOF|Effect4.Machine.Scheduling.exit_queue|2039949849|2348265762
A3_PROOF|_private._stdin.0.Effect4.Machine.fireObserver.match_11.eq_2|1629251631|3111133705
A3_PROOF|_private._stdin.0.Effect4.Machine.iteration.match_1.eq_1|1728473697|1220618517
A3_PROOF|_private._stdin.0.Effect4.Machine.evaluatePrim.withFiber.match_26.eq_11|2679675047|2911661103
A3_PROOF|_private._stdin.0.Effect4.Machine.interruptEach_cons.match_1.eq_2|921200717|1957163565
A3_PROOF|_private._stdin.0.Effect4.Machine.evaluatePrim.match_7.eq_2|3486345320|4245478824
A3_PROOF|_private._stdin.0.Effect4.Machine.evaluatePrim.withFiber.match_26.eq_3|2233156339|2535923065
A3_PROOF|_private._stdin.0.Effect4.Machine.driveStep.match_7.eq_2|2754048581|2607939527
A3_PROOF|Effect4.Machine.Scheduling.iteration_queue|299928527|3287801909
A3_PROOF|_private._stdin.0.Effect4.Machine.evaluatePrim.finalizerOr.match_1.eq_2|523421948|3248592941
A3_PROOF|_private._stdin.0.Effect4.Machine.evaluatePrim.withFiber.match_26.eq_19|3069906160|3962688904
A3_PROOF|_private._stdin.0.Effect4.Machine.evaluatePrim.withFiber.match_26.eq_6|2404610766|163804936
A3_PROOF|Effect4.Machine.RunMachine.updateRace.eq_1|3474817463|2471782900
A3_PROOF|_private._stdin.0.Effect4.Machine.evaluatePrim.match_7.eq_1|3854930169|333132342
A3_PROOF|Effect4.Machine.Scheduling.firedWithin_more|3389831802|1073835479
A3_PROOF|Effect4.Machine.Scheduling.registerRace_queue|4066465328|3539410619
A3_PROOF|_private._stdin.0.Effect4.Machine.fireObserver.match_11.eq_1|1568226663|3312746133
A3_PROOF|Effect4.Machine.Scheduling.drainOwed_queue_aux|6450205|1617702457
A3_PROOF|Effect4.Machine.RunMachine.arm.eq_1|2463201538|1487506238
A3_PROOF|_private._stdin.0.Effect4.Machine.iteration.match_1.eq_2|2209676168|188199468
A3_PROOF|_private._stdin.0.Effect4.Machine.interruptEach_cons.match_1.eq_1|1760317690|4066095251
A3_PROOF|_private._stdin.0.Effect4.Machine.settle.match_1.eq_5|64444848|230097989
A3_PROOF|_private._stdin.0.Effect4.Machine.exitFiber.exitStore.match_1.eq_2|4099548073|3713888739
A3_PROOF|_private._stdin.0.Effect4.Machine.evaluatePrim.match_10.eq_3|2453109726|717126406
A3_PROOF|_private._stdin.0.Effect4.Machine.evaluatePrim.withFiber.match_1.eq_2|1153453780|1092732959
A3_PROOF|_private._stdin.0.Effect4.Machine.driveStep.match_1.eq_2|3277082717|3278596478
A3_PROOF|_private._stdin.0.Effect4.Machine.evaluatePrim.match_3.eq_1|631130785|3674814251
A3_PROOF|Effect4.Machine.Scheduling.forkFinalizers_queue|750711668|3883949729
A3_PROOF|Effect4.Machine.Scheduling.FiredWithin.eq_2|3352467088|2849088313
A3_PROOF|_private._stdin.0.Effect4.Machine.evaluatePrim.withFiber.match_26.eq_5|602685028|463418900
A3_PROOF|_private._stdin.0.Effect4.Machine.evaluatePrim.withFiber.match_26.eq_9|2978613724|1489212171
A3_PROOF|_private._stdin.0.Effect4.Machine.evaluatePrim.withFiber.match_26.eq_7|3843904735|2389128285
A3_PROOF|_private._stdin.0.Effect4.Machine.evaluatePrim.withFiber.match_24.eq_1|3323552994|2443505955
A3_PROOF|Effect4.Machine.Scheduling.flush_fair_prefix|852212154|3119413361
A3_PROOF|_private._stdin.0.Effect4.Machine.evaluatePrim.withFiber.match_17.eq_1|430406653|4057220207
A3_PROOF|_private._stdin.0.Effect4.Machine.RunMachine.originOf.match_3.eq_2|2825444499|3574189983
A3_PROOF|_private._stdin.0.Effect4.Machine.finalizerCode.match_1.eq_2|1371386459|1779575603
A3_PROOF|Effect4.Machine.Scheduling.countdown_queue|228725122|2456730482
A3_PROOF|_private._stdin.0.Effect4.Machine.settle.match_1.eq_4|3104855474|623134064
A3_PROOF|_private._stdin.0.Effect4.Machine.linkScope.match_3.eq_2|3657549109|420939633
A3_PROOF|_private._stdin.0.Effect4.Machine.evaluatePrim.withFiber.match_26.eq_16|2850139493|4102336202
A3_PROOF|_private._stdin.0.Effect4.Machine.spawn.match_1.eq_2|2571952144|2724531526
A3_PROOF|_private._stdin.0.Effect4.Machine.evaluatePrim.withFiber.match_26.eq_24|3432839155|2550484643
A3_PROOF|Effect4.Machine.Scheduling.FlushReady.congr_simp|3337557114|2766130376
A3_PROOF|_private._stdin.0.Effect4.Machine.Scheduling.FiredWithin.match_1.eq_2|2936586220|848312180
A3_PROOF|_private._stdin.0.Effect4.Machine.evaluatePrim.withFiber.match_26.eq_23|3157853843|2074768176
A3_PROOF|Effect4.Machine.Scheduling.finishFrame_queue|2081221659|3800146539
A3_PROOF|_private._stdin.0.Effect4.Machine.registerRace.match_1.eq_2|255267150|1641265190
A3_PROOF|_private._stdin.0.Effect4.Machine.fireObserver.match_7.eq_2|702784993|1861178337
A3_PROOF|_private._stdin.0.Effect4.Machine.finalizerCode.match_1.eq_1|4178307672|2641167160
A3_PROOF|Effect4.Machine.Scheduling.FiredWithin.congr_simp|2042815982|2838846278
A3_PROOF|_private._stdin.0.Effect4.Machine.evaluatePrim.withFiber.match_26.eq_13|3499595793|2564818123
A3_PROOF|Effect4.Machine.Scheduling.fire_keeps_tail|2694753614|1666819464
A3_PROOF|Effect4.Machine.Scheduling.launch_queue|2074953154|189185251
A3_PROOF|_private._stdin.0.Effect4.Machine.RunMachine.originOf.match_3.eq_1|492001888|3431760274
A3_PROOF|_private._stdin.0.Effect4.Machine.evaluatePrim.withFiber.match_17.eq_2|1362979215|2537973428
A3_PROOF|Effect4.Machine.Scheduling.settle_queue|584574880|2197201402
A3_PROOF|Effect4.Machine.Scheduling.postTask_queue|322989632|1622740160
A3_PROOF|Effect4.Machine.Scheduling.evaluate_queue|1471936396|3894527762
A3_PROOF|_private._stdin.0.Effect4.Machine.fireObserver.match_5.eq_1|2565629818|665528619
A3_PROOF|Effect4.Machine.Scheduling.interruptAs_queue|3127079663|1779913096
A3_PROOF|_private._stdin.0.Effect4.Machine.evaluatePrim.match_10.eq_4|3438556480|159019993
A3_PROOF|_private._stdin.0.Effect4.Machine.linkScope.match_3.eq_3|192867043|1992702163
A3_PROOF|_private._stdin.0.Effect4.Machine.spawn.match_1.eq_3|97257608|3743428275
A3_PROOF|Effect4.Machine.Scheduling.FiredWithin.eq_def|2455341917|477839331
A3_PROOF|Effect4.Machine.RunMachine.disarm.eq_1|2778359620|3579776964
A3_PROOF|Effect4.Machine.Scheduling.FlushReady.eq_1|883436713|1968393030
A3_PROOF|_private._stdin.0.Effect4.Machine.drainOwed.match_1.eq_1|2152000211|33136152
A3_PROOF|Effect4.Machine.Scheduling.spawn_queue|2161151345|3741506060
A3_PROOF|_private._stdin.0.Effect4.Machine.evaluatePrim.match_12.eq_1|1388553090|853957121
A3_PROOF|_private._stdin.0.Effect4.Machine.evaluatePrim.withFiber.match_26.eq_17|2149095673|33997717
A3_PROOF|Effect4.Machine.Scheduling.fireTasks_queue|50995506|1671323851
A3_PROOF|_private._stdin.0.Effect4.Machine.settle.match_1.eq_2|4254844299|2067976181
A3_PROOF|Effect4.Machine.Scheduling.FlushReady.eq_2|3671037561|770643149
A3_PROOF|Effect4.Machine.Scheduling.arm_queue|3581127745|2857320457
A3_PROOF|_private._stdin.0.Effect4.Machine.drainOwed.match_1.eq_2|2722370714|3429964765
A3_PROOF|Effect4.Machine.Scheduling.interrupts_queue|480920849|3161340853
A3_PROOF|_private._stdin.0.Effect4.Machine.evaluatePrim.match_12.eq_2|946339543|2103680648
A3_PROOF|_private._stdin.0.Effect4.Machine.settle.match_1.eq_1|1480182196|3334520932
A3_PROOF|_private._stdin.0.Effect4.Machine.fireObserver.match_11.eq_5|2582412374|1837312879
A3_PROOF|_private._stdin.0.Effect4.Machine.evaluatePrim.match_7.eq_5|2771680009|4244937356
A3_PROOF|Effect4.Machine.Scheduling.inject_queue|3728870165|3918105499
A3_PROOF|_private._stdin.0.Effect4.Machine.driveStep.match_7.eq_1|3744558726|1506201025
A3_PROOF|_private._stdin.0.Effect4.Machine.evaluatePrim.withFiber.match_26.eq_14|2337731|1263790833
A3_PROOF|_private._stdin.0.Effect4.Machine.evaluatePrim.finalizerOr.match_1.eq_1|2198684726|1189887360
A3_PROOF|_private._stdin.0.Effect4.Machine.evaluatePrim.match_5.eq_2|4248112038|1013050872
A3_PROOF|_private._stdin.0.Effect4.Machine.countdownWalk.match_1.eq_2|2717187893|301045462
A3_PROOF|_private._stdin.0.Effect4.Machine.evaluatePrim.withFiber.match_7.eq_1|2099027341|346384599
A3_PROOF|Effect4.Machine.RunMachine.update.eq_1|2362113398|1519045577
A3_PROOF|_private._stdin.0.Effect4.Machine.settle.match_1.eq_6|641466762|1674226470
A3_PROOF|_private._stdin.0.Effect4.Machine.evaluatePrim.match_10.eq_2|2829250460|1113829395
A3_PROOF|_private._stdin.0.Effect4.Machine.evaluatePrim.finalizerOr.match_3.eq_1|934010185|3303854163
A3_PROOF|_private._stdin.0.Effect4.Machine.countdownPark.match_1.eq_2|19126026|3620774578
A3_PROOF|_private._stdin.0.Effect4.Machine.evaluatePrim.withFiber.match_26.eq_12|1715725840|2274383637
A3_PROOF|_private._stdin.0.Effect4.Machine.evaluatePrim.match_12.eq_3|1192483140|3502511860
A3_PROOF|_private._stdin.0.Effect4.Machine.driveStep.match_5.eq_2|3702692374|1674533208
A3_PROOF|Effect4.Machine.RunMachine.emit.eq_1|3858790448|3788286275
A3_PROOF|_private._stdin.0.Effect4.Machine.forkFinalizers.match_3.eq_2|3124348349|643741923
A3_PROOF|Effect4.Machine.Scheduling.QueueKeeps.eq_1|3278902486|2076243410
A3_PROOF|_private._stdin.0.Effect4.Machine.evaluatePrim.withFiber.match_7.eq_2|154634985|4046002056
A3_PROOF|_private._stdin.0.Effect4.Machine.countdownWalk.match_1.eq_1|1550528198|597225267
A3_PROOF|_private._stdin.0.Effect4.Machine.evaluatePrim.match_10.eq_1|1045900514|2038509455
A3_PROOF|_private._stdin.0.Effect4.Machine.evaluatePrim.finalizerOr.match_3.eq_2|2493070219|3781952937
A3_PROOF|_private._stdin.0.Effect4.Machine.countdownPark.match_1.eq_1|3970286165|878002420
A3_PROOF|_private._stdin.0.Effect4.Machine.evaluatePrim.match_5.eq_1|3873249745|808568478
A3_PROOF|_private._stdin.0.Effect4.Machine.evaluatePrim.match_7.eq_3|3224188721|350143783
A3_PROOF|_private._stdin.0.Effect4.Machine.fireObserver.match_11.eq_3|1542019315|4110256244
A3_PROOF|_private._stdin.0.Effect4.Machine.evaluatePrim.withFiber.match_24.eq_2|1380505195|810614063
A3_PROOF|Effect4.Machine.RunMachine.halt.eq_1|3445502275|2918044966
A3_PROOF|_private._stdin.0.Effect4.Machine.exitFiber.exitStore.match_1.eq_1|3332565542|363935103
A3_PROOF|_private._stdin.0.Effect4.Machine.evaluatePrim.withFiber.match_1.eq_1|246057064|1342601603
A3_PROOF|Effect4.Machine.Scheduling.link_queue|662241859|1254508615
A3_PROOF|Effect4.Machine.Scheduling.FiredWithin.eq_1|4131214536|1834256155
A3_PROOF|Effect4.Machine.Scheduling.finalizer_queue|2868481095|149591253
A3_PROOF|Effect4.Machine.Scheduling.FlushReady.eq_def|3485220496|2232430017
A3_PROOF|_private._stdin.0.Effect4.Machine.driveStep.match_1.eq_1|1066440699|4201704306
A3_PROOF|Effect4.Machine.Scheduling.observer_queue|2555764808|4026983520
A3_PROOF|_private._stdin.0.Effect4.Machine.evaluatePrim.match_3.eq_2|2051133601|3913614067
A3_PROOF|Effect4.Machine.Scheduling.flush_fair_prefix._simp_1_5|997207568|473641260
A3_PROOF|_private._stdin.0.Effect4.Machine.evaluatePrim.withFiber.match_26.eq_20|1200403070|1271869942
A3_PROOF|_private._stdin.0.Effect4.Machine.evaluatePrim.finishFrame.match_1.eq_2|2845547750|43474286
A3_PROOF|_private._stdin.0.Effect4.Machine.linkScope.match_1.eq_2|3498329719|954152915
A3_PROOF|Effect4.Machine.Scheduling.queue_refl|4188838235|1725441011
A3_PROOF|_private._stdin.0.Effect4.Machine.evaluatePrim.withFiber.match_26.eq_18|3939066126|3739297395
A3_PROOF|_private._stdin.0.Effect4.Machine.fireObserver.match_5.eq_2|658887373|261468820
A3_PROOF|_private._stdin.0.Effect4.Machine.evaluatePrim.withFiber.match_26.eq_21|2262528670|283026455
A3_PROOF|_private._stdin.0.Effect4.Machine.evaluatePrim.withFiber.match_26.eq_10|2959570433|4115987765
A3_PROOF|Effect4.Machine.Scheduling.observers_queue|439699119|936536241
A3_PROOF|_private._stdin.0.Effect4.Machine.evaluatePrim.withFiber.match_26.eq_4|21611637|3984382497
A3_PROOF|_private._stdin.0.Effect4.Machine.linkScope.match_1.eq_1|2705138270|3024756661
A3_PROOF|_private._stdin.0.Effect4.Machine.evaluatePrim.withFiber.match_26.eq_8|3750173142|4002955556
A3_PROOF|_private._stdin.0.Effect4.Machine.evaluatePrim.finishFrame.match_1.eq_1|1811294715|166466245
A3_PROOF|_private._stdin.0.Effect4.Machine.spawn.match_1.eq_1|83941913|2749390224
A3_PROOF|_private._stdin.0.Effect4.Machine.fireObserver.match_7.eq_1|426736975|712867707
A3_PROOF|_private._stdin.0.Effect4.Machine.linkScope.match_3.eq_1|3688563998|4160243102
A3_PROOF|_private._stdin.0.Effect4.Machine.Scheduling.FiredWithin.match_1.eq_1|4202829507|335213573
A3_PROOF|Effect4.Machine.Scheduling.driveStep_queue|1608306778|1091178727
A3_PROOF|Effect4.Machine.Scheduling.modify_armed|4079547739|381105089
A3_PROOF|_private._stdin.0.Effect4.Machine.registerRace.match_1.eq_1|3833299925|570787750
A3_PROOF_COUNT|168
