Effect4.Program.Ty.sub: uses [Effect4.Program.Ty, Effect4.Program.Ty.sub._unary, PSigma.mk]
Effect4.Program.Ty.sub._unary: uses [WellFounded.Nat.fix,
 PSigma,
 Effect4.Program.Ty,
 Bool,
 PSigma.casesOn,
 Nat,
 HAdd.hAdd,
 instHAdd,
 instAddNat,
 SizeOf.sizeOf,
 Effect4.Program.Ty._sizeOf_inst,
 InvImage,
 LT.lt,
 instLTNat,
 PSigma.mk,
 dite,
 Eq,
 Effect4.Program.instDecidableEqTy,
 Bool.true,
 Not,
 Effect4.Program.Ty.sub.match_1,
 Effect4.Program.Ty.never,
 Effect4.Program.Ty.union,
 Bool.and,
 Effect4.Program.Ty.sub._unary._proof_1,
 Effect4.Program.Ty.sub._unary._proof_2,
 Bool.or,
 Effect4.Program.Ty.sub._unary._proof_3,
 Effect4.Program.Ty.sub._unary._proof_4,
 Effect4.Program.Ty.unknown,
 String,
 Effect4.Program.Ty.lit,
 Effect4.Program.Ty.string,
 Effect4.Program.Ty.option,
 Effect4.Program.Ty.sub._unary._proof_5,
 Effect4.Program.Ty.list,
 Effect4.Program.Ty.sub._unary._proof_6,
 Effect4.Program.Ty.prod,
 Effect4.Program.Ty.sub._unary._proof_7,
 Effect4.Program.Ty.sub._unary._proof_8,
 Effect4.Program.Ty.except,
 Effect4.Program.Ty.sub._unary._proof_9,
 Effect4.Program.Ty.sub._unary._proof_10,
 Effect4.Program.Ty.exitOf,
 Effect4.Program.Ty.sub._unary._proof_11,
 Effect4.Program.Ty.sub._unary._proof_12,
 Effect4.Program.Ty.causeOf,
 Effect4.Program.Ty.sub._unary._proof_13,
 Effect4.Program.Ty.fiberOf,
 Effect4.Program.Ty.sub._unary._proof_14,
 Effect4.Program.Ty.sub._unary._proof_15,
 Effect4.Program.Ty.refOf,
 Effect4.Program.Ty.sub._unary._proof_16,
 Effect4.Program.Ty.sub._unary._proof_17,
 Effect4.Program.Ty.deferredOf,
 Effect4.Program.Ty.sub._unary._proof_18,
 Effect4.Program.Ty.sub._unary._proof_19,
 Effect4.Program.Ty.sub._unary._proof_20,
 Effect4.Program.Ty.sub._unary._proof_21,
 Bool.false]
Effect4.Program.Ty.sub._mutual: absent
## exit=0 seconds=1 probe=/Users/pooks/Dev/lean4-effect4/docs/research/2026-10-01-formal-pass/organization/probes/TySubShape.lean
