#census_consistency Effect4.Program.Ty: A (counted, recursive) 20; B (counted, one-level) 2; C (missed one-level, hand modules) 12; D (missed, generated modules) 3
B: [Effect4.Program.Ty.isMember, Effect4.Program.Ty.isNever]
C: [Effect4.Program.Checker.exitOf?,
 Effect4.Program.Checker.listOf?,
 Effect4.Program.Decision.arms,
 Effect4.Program.Ty.factors,
 Effect4.Program.Ty.isFactor,
 Effect4.Program.Ty.isTagged,
 Effect4.Program.Ty.payloadOf,
 Effect4.Program.Ty.taggedColumn,
 Effect4.Program.Typed.FlatFits,
 Effect4.Program.causeInputError?,
 Effect4.Program.externalValue,
 Effect4.Program.fiberTy]
#census_consistency Effect4.Program.Eff: A (counted, recursive) 32; B (counted, one-level) 3; C (missed one-level, hand modules) 25; D (missed, generated modules) 2
B: [Effect4.Program.Sched.denoteEffBody, Effect4.Program.Sched.denoteLayerBody, Effect4.Program.actionAt]
C: [Effect4.Api.TestClock.sleepDeadlines,
 Effect4.Program.Denote.composite,
 Effect4.Program.Eff.layerRefsWF,
 Effect4.Program.Eff.suspendDecided,
 Effect4.Program.LayerTerm.isRef,
 Effect4.Program.LayerTerm.refSite,
 Effect4.Program.Provision.docsBody,
 Effect4.Program.Sched.denoteFiberAction,
 Effect4.Program.Sched.forkScoped?,
 Effect4.Program.Sched.racePoints,
 Effect4.Program.addReceiver,
 Effect4.Program.blockExit,
 Effect4.Program.constructionAt,
 Effect4.Program.contEOf,
 Effect4.Program.evaluateNative,
 Effect4.Program.findIntInProgram,
 Effect4.Program.forkScopedAt,
 Effect4.Program.innerLayerAt,
 Effect4.Program.loopAt,
 Effect4.Program.loopResultAt,
 Effect4.Program.mergeAllCount,
 Effect4.Program.provideLayerWithK,
 Effect4.Program.resolveLayer.resolveLayerTerm,
 Effect4.Program.suspendBodyAt,
 Effect4.Program.syncValueAt]
#census_consistency Effect4.Program.Term: A (counted, recursive) 12; B (counted, one-level) 1; C (missed one-level, hand modules) 3; D (missed, generated modules) 0
B: [Effect4.Program.noRow]
C: [Effect4.Program.pairArgs?, Effect4.Program.tagTest?, Effect4.Program.tupleRequestReadable]
#census_consistency Effect4.Representation: A (counted, recursive) 1; B (counted, one-level) 4; C (missed one-level, hand modules) 1; D (missed, generated modules) 0
B: [Effect4.Check.tag, Effect4.Representation.tag, Effect4.Schema.Bridge.checkId, Effect4.Schema.withChecks?]
C: [Effect4.Schema.Bridge.isDefect]
#census_consistency Effect4.Store.Val: A (counted, recursive) 15; B (counted, one-level) 2; C (missed one-level, hand modules) 62; D (missed, generated modules) 57
B: [Effect4.Store.Val.payload, Effect4.Store.Val.tag]
C: [Effect4.Machine.Env.boolOfVal,
 Effect4.Machine.Env.natOfVal,
 Effect4.Machine.Env.ofEntry,
 Effect4.Machine.Env.spine,
 Effect4.Machine.FnName.modify,
 Effect4.Machine.FnName.partialUpdate,
 Effect4.Machine.FnName.total,
 Effect4.Machine.Handle.ofStore,
 Effect4.Machine.HandleKind.ofHandle,
 Effect4.Machine.Val.asList?,
 Effect4.Machine.Val.cause?,
 Effect4.Machine.Val.fiber?,
 Effect4.Machine.Val.memoHit?,
 Effect4.Machine.Val.memoMap?,
 Effect4.Machine.Val.scope?,
 Effect4.Machine.Val.snapshot?,
 Effect4.Machine.Value.ofExit,
 Effect4.Machine.Value.ofReason,
 Effect4.Machine.contAOf,
 Effect4.Machine.ofCtx,
 Effect4.Machine.ofDefect,
 Effect4.Machine.ofErr,
 Effect4.Program.Decision.decide,
 Effect4.Program.Denote.iterateStep,
 Effect4.Program.Denote.iterateStepWith,
 Effect4.Program.NativeAtom.tagHit,
 Effect4.Program.NativeOp.awaitCellOf,
 Effect4.Program.NativeOp.sleepMillisOf,
 Effect4.Program.NativeOp.syncOpOf,
 Effect4.Program.Profile.Resource.after,
 Effect4.Program.Profile.Resource.checkRequest,
 Effect4.Program.Profile.Resource.outcome?,
 Effect4.Program.Profile.Scalar.checkRequest,
 Effect4.Program.Profile.Scalar.outcome?,
 Effect4.Program.Sched.loopNextRAt,
 Effect4.Program.Stream.chunk?,
 Effect4.Program.Typed.FlatFits,
 Effect4.Program.Typed.refAllocCont,
 Effect4.Program.Val.tagPayload?,
 Effect4.Program.Val.tuple?,
 Effect4.Program.contAOf,
 Effect4.Program.contextsOf,
 Effect4.Program.errOf,
 Effect4.Program.externalValue,
 Effect4.Program.loopNextAt,
 Effect4.Program.queryReasons?,
 Effect4.Store.Annotation.ofVal,
 Effect4.Store.Annotation.prevOfVal,
 Effect4.Store.ClockCanonical.ofVal,
 Effect4.Store.Image.ofBool,
 Effect4.Store.Image.ofCtor1,
 Effect4.Store.Image.ofCtor2,
 Effect4.Store.Image.ofCtor3,
 Effect4.Store.Image.ofList,
 Effect4.Store.Image.ofOption,
 Effect4.Store.Image.ofPair,
 Effect4.Store.Image.ofString,
 Effect4.Store.Image.ofSum,
 Effect4.Store.Image.ofTuple2,
 Effect4.Store.Image.ofUnit,
 Effect4.Store.IntCanonical.ofVal,
 Effect4.Store.Val.children]
## exit=0 seconds=12 probe=/Users/pooks/Dev/lean4-effect4/docs/research/2026-10-01-formal-pass/organization/verify-CensusConsistency.lean
