#census_deep Effect4.Program.Ty: 117 takers, 88 printed opaque or delegates by the census's rule; 17 of those hide a family case analysis or a wf fixpoint
delegates	Effect4.Codegen.Types	Effect4.Codegen.Types.ofTy	hiddenFamilyCase=true	wfFix=false	via=[_private.Effect4.Codegen.Types.0.Effect4.Codegen.Types.ofNormalized]
delegates	Effect4.Program.Compile	Effect4.Program.externalValue	hiddenFamilyCase=true	wfFix=false	via=[Effect4.Program.externalValue.match_1]
delegates	Effect4.Program.Decision	Effect4.Program.Decision.arms	hiddenFamilyCase=true	wfFix=false	via=[Effect4.Program.Decision.arms.match_4, Effect4.Program.Decision.arms.match_1]
delegates	Effect4.Program.Ty	Effect4.Program.Ty.factors	hiddenFamilyCase=true	wfFix=false	via=[Effect4.Program.Ty.factors.match_1]
delegates	Effect4.Program.Ty	Effect4.Program.Ty.taggedColumn	hiddenFamilyCase=true	wfFix=false	via=[Effect4.Program.Ty.taggedColumn.match_1]
opaque	Effect4.Laws.Program.TyView	Effect4.Program.Ty.litRule	hiddenFamilyCase=true	wfFix=false	via=[Effect4.Program.Ty.litRule.match_1]
opaque	Effect4.Laws.Program.TyView	Effect4.Program.Ty.sameHead	hiddenFamilyCase=true	wfFix=false	via=[Effect4.Program.Ty.sameHead.match_1]
opaque	Effect4.Laws.Program.TyView	Effect4.Program.Ty.topRule	hiddenFamilyCase=true	wfFix=false	via=[Effect4.Program.Ty.topRule.match_1]
opaque	Effect4.Laws.Program.Typed.Membership	Effect4.Program.Typed.FlatFits	hiddenFamilyCase=true	wfFix=false	via=[Effect4.Program.Typed.FlatFits.match_16, Effect4.Program.Typed.FlatFits.match_1, Effect4.Program.Typed.FlatFits.match_4]
opaque	Effect4.Program.Checker	Effect4.Program.Checker.exitOf?	hiddenFamilyCase=true	wfFix=false	via=[Effect4.Program.Checker.exitOf?.match_1]
opaque	Effect4.Program.Checker	Effect4.Program.Checker.listOf?	hiddenFamilyCase=true	wfFix=false	via=[Effect4.Program.Checker.listOf?.match_1]
opaque	Effect4.Program.NativeAtom	Effect4.Program.causeInputError?	hiddenFamilyCase=true	wfFix=false	via=[Effect4.Program.causeInputError?.match_1]
opaque	Effect4.Program.Ty	Effect4.Program.Ty.isFactor	hiddenFamilyCase=true	wfFix=false	via=[Effect4.Program.Ty.isFactor.match_1]
opaque	Effect4.Program.Ty	Effect4.Program.Ty.isTagged	hiddenFamilyCase=true	wfFix=false	via=[Effect4.Program.Ty.isTagged.match_1]
opaque	Effect4.Program.Ty	Effect4.Program.Ty.payloadOf	hiddenFamilyCase=true	wfFix=false	via=[Effect4.Program.Ty.isTagged.match_1]
opaque	Effect4.Program.Ty	Effect4.Program.Ty.sub	hiddenFamilyCase=true	wfFix=true	via=[Effect4.Program.Ty.sub._unary]
opaque	Effect4.Program.Typing.Rules	Effect4.Program.fiberTy	hiddenFamilyCase=true	wfFix=false	via=[Effect4.Program.fiberTy.match_1]
#census_deep Effect4.Program.Eff: 344 takers, 247 printed opaque or delegates by the census's rule; 34 of those hide a family case analysis or a wf fixpoint
delegates	Effect4.Api.TestClock	Effect4.Api.TestClock.sleepDeadlines	hiddenFamilyCase=true	wfFix=false	via=[Effect4.Api.TestClock.sleepDeadlines.match_1]
delegates	Effect4.Laws.Program.DenoteR	Effect4.Program.Sched.denoteFiberAction	hiddenFamilyCase=true	wfFix=false	via=[Effect4.Program.Sched.denoteFiberAction.match_7, Effect4.Program.Sched.denoteFiberAction.match_4, Effect4.Program.Sched.denoteFiberAction._proof_1]
delegates	Effect4.Laws.Program.DenoteR	Effect4.Program.Sched.racePoints	hiddenFamilyCase=true	wfFix=false	via=[Effect4.Program.Sched.racePoints.match_1]
delegates	Effect4.Program.Admission	Effect4.Program.findIntInProgram	hiddenFamilyCase=true	wfFix=false	via=[Effect4.Program.findIntInProgram.match_1]
delegates	Effect4.Program.Compile	Effect4.Program.blockExit	hiddenFamilyCase=true	wfFix=false	via=[Effect4.Program.blockExit.match_6, Effect4.Program.blockExit.match_4, Effect4.Program.blockExit.match_1]
delegates	Effect4.Program.Compile	Effect4.Program.contEOf	hiddenFamilyCase=true	wfFix=false	via=[Effect4.Program.contEOf.match_4, Effect4.Program.contEOf.match_1, Effect4.Program.asyncRoute.match_1]
delegates	Effect4.Program.Compile	Effect4.Program.evaluateNative	hiddenFamilyCase=true	wfFix=false	via=[Effect4.Program.evaluateNative.match_4, Effect4.Program.evaluateNative.match_1]
delegates	Effect4.Program.Compile	Effect4.Program.forkScopedAt	hiddenFamilyCase=true	wfFix=false	via=[Effect4.Program.forkScopedAt.match_1]
delegates	Effect4.Program.Compile	Effect4.Program.innerLayerAt	hiddenFamilyCase=true	wfFix=false	via=[Effect4.Program.innerLayerAt.match_1]
delegates	Effect4.Program.Compile	Effect4.Program.mergeAllCount	hiddenFamilyCase=true	wfFix=false	via=[Effect4.Program.mergeAllCount.match_1]
delegates	Effect4.Program.Compile	Effect4.Program.resolveLayer.resolveLayerTerm	hiddenFamilyCase=true	wfFix=false	via=[Effect4.Program.resolveLayer.resolveLayerTerm.match_5, Effect4.Program.compileEff.match_19, Effect4.Program.resolveLayer.resolveLayerTerm.match_1]
delegates	Effect4.Program.Compile	Effect4.Program.suspendBodyAt	hiddenFamilyCase=true	wfFix=false	via=[Effect4.Program.suspendBodyAt.match_5, Effect4.Program.compileEff.match_19, Effect4.Program.suspendBodyAt.match_3]
delegates	Effect4.Program.Fold	FoldAcceptance.operations	hiddenFamilyCase=true	wfFix=false	via=[FoldAcceptance.operations.match_1]
delegates	Effect4.Program.Fold	FoldAcceptance.serviceKeys	hiddenFamilyCase=true	wfFix=false	via=[FoldAcceptance.serviceKeys.match_1, FoldAcceptance.serviceKeys.match_4]
delegates	Effect4.Program.Refs	Effect4.Program.Eff.layerRefsWF	hiddenFamilyCase=true	wfFix=false	via=[Effect4.Program.Eff.layerRefsWF.match_3, Effect4.Program.Eff.layerRefsWF.match_1]
opaque	Effect4.Codegen.Read	Effect4.Program.addReceiver	hiddenFamilyCase=true	wfFix=false	via=[Effect4.Program.addReceiver.match_1]
opaque	Effect4.Laws.Program.DenoteB	Effect4.Program.Denote.composite	hiddenFamilyCase=true	wfFix=false	via=[Effect4.Program.Denote.composite.match_1]
opaque	Effect4.Laws.Program.DenoteR	Effect4.Program.LayerTerm.isRef	hiddenFamilyCase=true	wfFix=false	via=[Effect4.Program.LayerTerm.isRef.match_1]
opaque	Effect4.Laws.Program.InterpR	Effect4.Program.Sched.walkR	hiddenFamilyCase=true	wfFix=true	via=[Effect4.Program.Sched.walkR.yieldOf._mutual]
opaque	Effect4.Laws.Program.InterpR	Effect4.Program.Sched.walkR.yieldOf	hiddenFamilyCase=true	wfFix=true	via=[Effect4.Program.Sched.walkR.yieldOf._mutual]
opaque	Effect4.Laws.Program.Intro.AcquireRelease	Effect4.Program.Sched.forkScoped?	hiddenFamilyCase=true	wfFix=false	via=[Effect4.Program.Sched.forkScoped?.match_1]
opaque	Effect4.Program.Admit	Effect4.Program.replayCheckedFrom	hiddenFamilyCase=false	wfFix=true	via=[Effect4.Program.replayCheckedFrom._unary]
opaque	Effect4.Program.Admit	Effect4.Program.replayStepsFrom	hiddenFamilyCase=false	wfFix=true	via=[Effect4.Program.replayStepsFrom._unary]
opaque	Effect4.Program.Compile	Effect4.Program.Eff.suspendDecided	hiddenFamilyCase=true	wfFix=false	via=[Effect4.Program.Eff.suspendDecided.match_1]
opaque	Effect4.Program.Compile	Effect4.Program.constructionAt	hiddenFamilyCase=true	wfFix=false	via=[Effect4.Program.constructionAt.match_1]
opaque	Effect4.Program.Compile	Effect4.Program.loopAt	hiddenFamilyCase=true	wfFix=false	via=[Effect4.Program.loopAt.match_1]
opaque	Effect4.Program.Compile	Effect4.Program.loopExit	hiddenFamilyCase=true	wfFix=false	via=[Nat.brecOn, Effect4.Program.loopExit._f]
opaque	Effect4.Program.Compile	Effect4.Program.loopResultAt	hiddenFamilyCase=true	wfFix=false	via=[Effect4.Program.loopAt.match_1]
opaque	Effect4.Program.Compile	Effect4.Program.provideLayerWithK	hiddenFamilyCase=true	wfFix=false	via=[Effect4.Program.provideLayerWithK.match_1]
opaque	Effect4.Program.Compile	Effect4.Program.runStmts	hiddenFamilyCase=true	wfFix=true	via=[Effect4.Program.runStmts.yieldOf._mutual]
opaque	Effect4.Program.Compile	Effect4.Program.runStmts.yieldOf	hiddenFamilyCase=true	wfFix=true	via=[Effect4.Program.runStmts.yieldOf._mutual]
opaque	Effect4.Program.Compile	Effect4.Program.syncValueAt	hiddenFamilyCase=true	wfFix=false	via=[Effect4.Program.syncValueAt.match_4, Effect4.Program.syncValueAt.match_1]
opaque	Effect4.Program.Provision	Effect4.Program.Provision.docsBody	hiddenFamilyCase=true	wfFix=false	via=[Effect4.Program.Provision.docsBody.match_1, Effect4.Program.Provision.docsSem.match_1]
opaque	Effect4.Program.Refs	Effect4.Program.LayerTerm.refSite	hiddenFamilyCase=true	wfFix=false	via=[Effect4.Program.LayerTerm.refSite.match_1]
#census_deep Effect4.Program.Term: 116 takers, 95 printed opaque or delegates by the census's rule; 3 of those hide a family case analysis or a wf fixpoint
delegates	Effect4.Codegen.Read	Effect4.Program.tupleRequestReadable	hiddenFamilyCase=true	wfFix=false	via=[Effect4.Program.tupleRequestReadable.match_3, Effect4.Program.tupleRequestReadable.match_1]
opaque	Effect4.Codegen.PrintLeaf	Effect4.Program.pairArgs?	hiddenFamilyCase=true	wfFix=false	via=[Effect4.Program.pairArgs?.match_1]
opaque	Effect4.Program.Typing.Rules	Effect4.Program.tagTest?	hiddenFamilyCase=true	wfFix=false	via=[Effect4.Program.tagTest?.match_1]
#census_deep Effect4.Representation: 37 takers, 23 printed opaque or delegates by the census's rule; 4 of those hide a family case analysis or a wf fixpoint
opaque	Effect4.Schema.Accepts	Effect4.Arch.acceptsShape	hiddenFamilyCase=true	wfFix=false	via=[Nat.brecOn, Effect4.Arch.acceptsShape._f]
opaque	Effect4.Schema.Bridge	Effect4.Schema.Bridge.isDefect	hiddenFamilyCase=true	wfFix=false	via=[Effect4.Schema.Bridge.isDefect.match_1]
opaque	Effect4.Schema.Representation	Effect4.instDecidableEqCheck	hiddenFamilyCase=true	wfFix=true	via=[_private.Effect4.Schema.Representation.0.Effect4.Check.beq, _private.Effect4.Schema.Representation.0.Effect4.Check.beq_iff]
opaque	Effect4.Schema.Representation	Effect4.instDecidableEqRepresentation	hiddenFamilyCase=true	wfFix=true	via=[_private.Effect4.Schema.Representation.0.Effect4.Representation.beq, _private.Effect4.Schema.Representation.0.Effect4.Representation.beq_iff]
#census_deep Effect4.Store.Val: 243 takers, 198 printed opaque or delegates by the census's rule; 122 of those hide a family case analysis or a wf fixpoint
delegates	Effect4.Api.Derived	Effect4.Store.ApiGen.FiberIdC.ofVal	hiddenFamilyCase=true	wfFix=false	via=[Effect4.Store.ApiGen.FiberIdC.ofVal.match_4, Effect4.Store.ApiGen.FiberIdC.ofVal.match_1]
delegates	Effect4.Api.Derived	Effect4.Store.ApiGen.FrontierReasonC.ofVal	hiddenFamilyCase=true	wfFix=false	via=[Effect4.Store.ApiGen.FrontierReasonC.ofVal.match_3, Effect4.Store.ApiGen.FrontierReasonC.ofVal.match_1]
delegates	Effect4.Api.Derived	Effect4.Store.ApiGen.KeyC.ofVal	hiddenFamilyCase=true	wfFix=false	via=[Effect4.Store.ApiGen.KeyC.ofVal.match_3, Effect4.Store.ApiGen.KeyC.ofVal.match_1]
delegates	Effect4.Api.RunnerDerived	Effect4.Store.RunnerGen.AdmitRefusalC.ofVal	hiddenFamilyCase=true	wfFix=false	via=[Effect4.Store.RunnerGen.AdmitRefusalC.ofVal.match_1]
delegates	Effect4.Api.RunnerDerived	Effect4.Store.RunnerGen.CallC.ofVal	hiddenFamilyCase=true	wfFix=false	via=[Effect4.Store.RunnerGen.CallC.ofVal.match_3, Effect4.Store.RunnerGen.CallC.ofVal.match_1]
delegates	Effect4.Api.RunnerDerived	Effect4.Store.RunnerGen.CauseC.ofVal	hiddenFamilyCase=true	wfFix=false	via=[Effect4.Store.RunnerGen.RefKeyC.ofVal.match_4, Effect4.Store.RunnerGen.CauseC.ofVal.match_1]
delegates	Effect4.Api.RunnerDerived	Effect4.Store.RunnerGen.CommandC.ofVal	hiddenFamilyCase=true	wfFix=false	via=[Effect4.Store.RunnerGen.CommandC.ofVal.match_3, Effect4.Store.RunnerGen.CommandC.ofVal.match_1]
delegates	Effect4.Api.RunnerDerived	Effect4.Store.RunnerGen.CompletionC.ofVal	hiddenFamilyCase=true	wfFix=false	via=[Effect4.Store.RunnerGen.ExitC.ofVal.match_1]
delegates	Effect4.Api.RunnerDerived	Effect4.Store.RunnerGen.DefectC.ofVal	hiddenFamilyCase=true	wfFix=false	via=[Effect4.Store.RunnerGen.DefectC.ofVal.match_1]
delegates	Effect4.Api.RunnerDerived	Effect4.Store.RunnerGen.ErrC.ofVal	hiddenFamilyCase=true	wfFix=false	via=[Effect4.Store.RunnerGen.ErrC.ofVal.match_3, Effect4.Store.RunnerGen.ErrC.ofVal.match_1]
delegates	Effect4.Api.RunnerDerived	Effect4.Store.RunnerGen.ExitC.ofVal	hiddenFamilyCase=true	wfFix=false	via=[Effect4.Store.RunnerGen.ExitC.ofVal.match_1]
delegates	Effect4.Api.RunnerDerived	Effect4.Store.RunnerGen.HeaderC.ofVal	hiddenFamilyCase=true	wfFix=false	via=[Effect4.Store.RunnerGen.HeaderC.ofVal.match_3, Effect4.Store.RunnerGen.HeaderC.ofVal.match_1]
delegates	Effect4.Api.RunnerDerived	Effect4.Store.RunnerGen.OutcomeC.ofVal	hiddenFamilyCase=true	wfFix=false	via=[Effect4.Store.RunnerGen.OutcomeC.ofVal.match_1]
delegates	Effect4.Api.RunnerDerived	Effect4.Store.RunnerGen.PhaseC.ofVal	hiddenFamilyCase=true	wfFix=false	via=[Effect4.Store.RunnerGen.PhaseC.ofVal.match_1]
delegates	Effect4.Api.RunnerDerived	Effect4.Store.RunnerGen.ReasonC.ofVal	hiddenFamilyCase=true	wfFix=false	via=[Effect4.Store.RunnerGen.ReasonC.ofVal.match_7, Effect4.Store.RunnerGen.ReasonC.ofVal.match_1, Effect4.Store.RunnerGen.ReasonC.ofVal.match_3]
delegates	Effect4.Api.RunnerDerived	Effect4.Store.RunnerGen.RefKeyC.ofVal	hiddenFamilyCase=true	wfFix=false	via=[Effect4.Store.RunnerGen.RefKeyC.ofVal.match_4, Effect4.Store.RunnerGen.RefKeyC.ofVal.match_1]
delegates	Effect4.Api.RunnerDerived	Effect4.Store.RunnerGen.RefusalC.ofVal	hiddenFamilyCase=true	wfFix=false	via=[Effect4.Store.RunnerGen.RefusalC.ofVal.match_1]
delegates	Effect4.Api.RunnerDerived	Effect4.Store.RunnerGen.ReplyC.ofVal	hiddenFamilyCase=true	wfFix=false	via=[Effect4.Store.RunnerGen.ReplyC.ofVal.match_3, Effect4.Store.RunnerGen.ReplyC.ofVal.match_1]
delegates	Effect4.Api.RunnerDerived	Effect4.Store.RunnerGen.RunDecisionC.ofVal	hiddenFamilyCase=true	wfFix=false	via=[Effect4.Store.RunnerGen.RunDecisionC.ofVal.match_7, Effect4.Store.RunnerGen.RunDecisionC.ofVal.match_1, Effect4.Store.RunnerGen.RunDecisionC.ofVal.match_3]
delegates	Effect4.Api.RunnerDerived	Effect4.Store.RunnerGen.StuckC.ofVal	hiddenFamilyCase=true	wfFix=false	via=[Effect4.Store.RunnerGen.StuckC.ofVal.match_1]
delegates	Effect4.Api.RunnerDerived	Effect4.Store.RunnerGen.TableRefusalC.ofVal	hiddenFamilyCase=true	wfFix=false	via=[Effect4.Store.RunnerGen.ExitC.ofVal.match_1]
delegates	Effect4.Laws.Program.InterpR	Effect4.Program.Sched.loopNextRAt	hiddenFamilyCase=true	wfFix=false	via=[Effect4.Program.Sched.loopNextRAt.match_1, Effect4.Program.Sched.walkR.match_5]
delegates	Effect4.Machine.Alphabets	Effect4.Machine.Val.asList?	hiddenFamilyCase=true	wfFix=false	via=[Effect4.Machine.Val.asList?.match_1]
delegates	Effect4.Machine.Alphabets	Effect4.Machine.Val.cause?	hiddenFamilyCase=true	wfFix=false	via=[Effect4.Machine.Val.cause?.match_1]
delegates	Effect4.Machine.Alphabets	Effect4.Machine.Val.snapshot?	hiddenFamilyCase=true	wfFix=false	via=[Effect4.Machine.Val.snapshot?.match_1]
delegates	Effect4.Machine.Alphabets	Effect4.Machine.ofDefect	hiddenFamilyCase=true	wfFix=false	via=[Effect4.Machine.ofDefect.match_1]
delegates	Effect4.Machine.ContextMap	Effect4.Machine.Env.ofEntry	hiddenFamilyCase=true	wfFix=false	via=[Effect4.Machine.Env.ofEntry.match_1]
delegates	Effect4.Machine.Stores	Effect4.Machine.FnName.modify	hiddenFamilyCase=true	wfFix=false	via=[Effect4.Machine.FnName.modify.match_1]
delegates	Effect4.Machine.Stores	Effect4.Machine.FnName.partialUpdate	hiddenFamilyCase=true	wfFix=false	via=[Effect4.Machine.FnName.partialUpdate.match_1]
delegates	Effect4.Machine.Stores	Effect4.Machine.contAOf	hiddenFamilyCase=true	wfFix=false	via=[Effect4.Machine.contAOf.match_3, Effect4.Machine.contAOf.match_1]
delegates	Effect4.Machine.Stores	Effect4.Machine.ofCtx	hiddenFamilyCase=true	wfFix=false	via=[Effect4.Machine.ofCtx.match_1]
delegates	Effect4.Machine.Term	Effect4.Program.queryReasons?	hiddenFamilyCase=true	wfFix=false	via=[Effect4.Program.queryReasons?.match_1]
delegates	Effect4.Machine.Value	Effect4.Machine.Value.ofExit	hiddenFamilyCase=true	wfFix=false	via=[Effect4.Machine.Value.ofExit.match_1]
delegates	Effect4.Machine.Value	Effect4.Machine.Value.ofReason	hiddenFamilyCase=true	wfFix=false	via=[Effect4.Machine.Value.ofReason.match_6, Effect4.Machine.Value.ofReason.match_1, Effect4.Machine.Value.ofReason.match_4]
delegates	Effect4.Program.Compile	Effect4.Program.contAOf	hiddenFamilyCase=true	wfFix=false	via=[Effect4.Program.contAOf.match_1, Effect4.Program.updateThenK.match_1, Effect4.Program.compileEff.match_12]
delegates	Effect4.Program.Compile	Effect4.Program.externalValue	hiddenFamilyCase=true	wfFix=false	via=[Effect4.Program.externalValue.match_1]
delegates	Effect4.Program.Compile	Effect4.Program.loopNextAt	hiddenFamilyCase=true	wfFix=false	via=[Effect4.Program.loopNextAt.match_1, Effect4.Program.runStmts.match_3]
delegates	Effect4.Program.Decision	Effect4.Program.Decision.decide	hiddenFamilyCase=true	wfFix=false	via=[Effect4.Program.Decision.decide.match_3, Effect4.Program.Decision.decide.match_1]
delegates	Effect4.Program.HostBoundary	Effect4.Program.Profile.Resource.checkRequest	hiddenFamilyCase=true	wfFix=false	via=[Effect4.Program.Profile.Resource.checkRequest.match_1]
delegates	Effect4.Store.Carrier.Image	Effect4.Store.Image.ofCtor1	hiddenFamilyCase=true	wfFix=false	via=[Effect4.Store.Image.ofCtor1.match_1]
delegates	Effect4.Store.Carrier.Image	Effect4.Store.Image.ofCtor2	hiddenFamilyCase=true	wfFix=false	via=[Effect4.Store.Image.ofCtor2.match_1, Effect4.Store.Image.ofPair.match_1]
delegates	Effect4.Store.Carrier.Image	Effect4.Store.Image.ofCtor3	hiddenFamilyCase=true	wfFix=false	via=[Effect4.Store.Image.ofCtor3.match_3, Effect4.Store.Image.ofCtor3.match_1]
delegates	Effect4.Store.Carrier.Image	Effect4.Store.Image.ofOption	hiddenFamilyCase=true	wfFix=false	via=[Effect4.Store.Image.ofOption.match_1]
delegates	Effect4.Store.Carrier.Image	Effect4.Store.Image.ofPair	hiddenFamilyCase=true	wfFix=false	via=[Effect4.Store.Image.ofPair.match_4, Effect4.Store.Image.ofPair.match_1]
delegates	Effect4.Store.Carrier.Image.Containers	Effect4.Store.Image.ofSum	hiddenFamilyCase=true	wfFix=false	via=[Effect4.Store.Image.ofSum.match_1]
delegates	Effect4.Store.Carrier.Image.Containers	Effect4.Store.Image.ofTuple2	hiddenFamilyCase=true	wfFix=false	via=[Effect4.Store.Image.ofTuple2.match_4, Effect4.Store.Image.ofTuple2.match_1]
delegates	Effect4.Store.Domain.Derived.Json	Effect4.Store.JsonGen.Float64C.ofVal	hiddenFamilyCase=true	wfFix=false	via=[Effect4.Store.JsonGen.Float64C.ofVal.match_4, Effect4.Store.JsonGen.Float64C.ofVal.match_1]
delegates	Effect4.Store.Domain.Derived.Program	Effect4.Store.ProgramGen.DecisionC.ofVal	hiddenFamilyCase=true	wfFix=false	via=[Effect4.Store.ProgramGen.DecisionC.ofVal.match_1]
delegates	Effect4.Store.Domain.Derived.Program	Effect4.Store.ProgramGen.EffTyC.ofVal	hiddenFamilyCase=true	wfFix=false	via=[Effect4.Store.ProgramGen.ForkOptionsC.ofVal.match_4, Effect4.Store.ProgramGen.EffTyC.ofVal.match_1]
delegates	Effect4.Store.Domain.Derived.Program	Effect4.Store.ProgramGen.ForkOptionsC.ofVal	hiddenFamilyCase=true	wfFix=false	via=[Effect4.Store.ProgramGen.ForkOptionsC.ofVal.match_4, Effect4.Store.ProgramGen.ForkOptionsC.ofVal.match_1]
delegates	Effect4.Store.Domain.Derived.Program	Effect4.Store.ProgramGen.LitC.ofVal	hiddenFamilyCase=true	wfFix=false	via=[Effect4.Store.ProgramGen.LitC.ofVal.match_1]
delegates	Effect4.Store.Domain.Derived.Program	Effect4.Store.ProgramGen.NativeOpC.ofVal	hiddenFamilyCase=true	wfFix=false	via=[Effect4.Store.ProgramGen.NativeOpC.ofVal.match_1]
delegates	Effect4.Store.Domain.Derived.Program	Effect4.Store.ProgramGen.RowC.ofVal	hiddenFamilyCase=true	wfFix=false	via=[Effect4.Store.ProgramGen.RowC.ofVal.match_3, Effect4.Store.ProgramGen.RowC.ofVal.match_1]
delegates	Effect4.Store.Domain.Derived.Program	Effect4.Store.ProgramGen.ServiceKeyC.ofVal	hiddenFamilyCase=true	wfFix=false	via=[Effect4.Store.ProgramGen.ServiceKeyC.ofVal.match_3, Effect4.Store.ProgramGen.ServiceKeyC.ofVal.match_1]
delegates	Effect4.Store.Domain.Derived.Program	Effect4.Store.ProgramGen.ServiceNameC.ofVal	hiddenFamilyCase=true	wfFix=false	via=[Effect4.Store.ProgramGen.ServiceNameC.ofVal.match_1, Effect4.Store.ProgramGen.TermC.rawTerm.match_1]
delegates	Effect4.Store.Domain.Derived.Program	Effect4.Store.ProgramGen.ServiceTypeCodeC.ofVal	hiddenFamilyCase=true	wfFix=false	via=[Effect4.Store.ProgramGen.ServiceNameC.ofVal.match_1, Effect4.Store.ProgramGen.TermC.rawTerm.match_1]
delegates	Effect4.Store.Domain.Derived.Schema	Effect4.Store.SchemaGen.AnnotationEntryC.ofVal	hiddenFamilyCase=true	wfFix=false	via=[Effect4.Store.SchemaGen.AnnotationEntryC.ofVal.match_3, Effect4.Store.SchemaGen.AnnotationEntryC.ofVal.match_1]
delegates	Effect4.Store.Domain.Derived.Schema	Effect4.Store.SchemaGen.DocumentC.ofVal	hiddenFamilyCase=true	wfFix=false	via=[Effect4.Store.SchemaGen.AnnotationEntryC.ofVal.match_3, Effect4.Store.SchemaGen.DocumentC.ofVal.match_1]
delegates	Effect4.Store.Domain.Derived.Schema	Effect4.Store.SchemaGen.EnumEntryC.ofVal	hiddenFamilyCase=true	wfFix=false	via=[Effect4.Store.SchemaGen.AnnotationEntryC.ofVal.match_3, Effect4.Store.SchemaGen.EnumEntryC.ofVal.match_1]
delegates	Effect4.Store.Domain.Derived.Schema	Effect4.Store.SchemaGen.EnumValueC.ofVal	hiddenFamilyCase=true	wfFix=false	via=[Effect4.Store.SchemaGen.EnumValueC.ofVal.match_1]
delegates	Effect4.Store.Domain.Derived.Schema	Effect4.Store.SchemaGen.GlobalSymbolKeyC.ofVal	hiddenFamilyCase=true	wfFix=false	via=[Effect4.Store.SchemaGen.ReferenceKeyC.ofVal.match_4, Effect4.Store.SchemaGen.ReferenceKeyC.ofVal.match_1]
delegates	Effect4.Store.Domain.Derived.Schema	Effect4.Store.SchemaGen.LiteralValueC.ofVal	hiddenFamilyCase=true	wfFix=false	via=[Effect4.Store.SchemaGen.LiteralValueC.ofVal.match_1]
delegates	Effect4.Store.Domain.Derived.Schema	Effect4.Store.SchemaGen.MultiDocumentC.ofVal	hiddenFamilyCase=true	wfFix=false	via=[Effect4.Store.SchemaGen.AnnotationEntryC.ofVal.match_3, Effect4.Store.SchemaGen.MultiDocumentC.ofVal.match_1]
delegates	Effect4.Store.Domain.Derived.Schema	Effect4.Store.SchemaGen.PropertyKeyC.ofVal	hiddenFamilyCase=true	wfFix=false	via=[Effect4.Store.SchemaGen.PropertyKeyC.ofVal.match_1]
delegates	Effect4.Store.Domain.Derived.Schema	Effect4.Store.SchemaGen.ReferenceEntryC.ofVal	hiddenFamilyCase=true	wfFix=false	via=[Effect4.Store.SchemaGen.AnnotationEntryC.ofVal.match_3, Effect4.Store.SchemaGen.ReferenceEntryC.ofVal.match_1]
delegates	Effect4.Store.Domain.Derived.Schema	Effect4.Store.SchemaGen.ReferenceKeyC.ofVal	hiddenFamilyCase=true	wfFix=false	via=[Effect4.Store.SchemaGen.ReferenceKeyC.ofVal.match_4, Effect4.Store.SchemaGen.ReferenceKeyC.ofVal.match_1]
delegates	Effect4.Store.Domain.Derived.Schema	Effect4.Store.SchemaGen.RepresentationAnnotationC.ofVal	hiddenFamilyCase=true	wfFix=false	via=[Effect4.Store.SchemaGen.AnnotationEntryC.ofVal.match_3, Effect4.Store.SchemaGen.AnnotationEntryC.ofVal.match_1]
delegates	Effect4.Store.Domain.Derived.Value	Effect4.Store.ValueGen.ShapeDocC.ofVal	hiddenFamilyCase=true	wfFix=false	via=[Effect4.Store.ValueGen.ShapeDocC.ofVal.match_3, Effect4.Store.ValueGen.ShapeDocC.ofVal.match_1]
delegates	Effect4.Store.Domain.PinDerived	Effect4.Store.PinGen.PinC.ofVal	hiddenFamilyCase=true	wfFix=false	via=[Effect4.Store.PinGen.PinC.ofVal.match_4, Effect4.Store.PinGen.PinC.ofVal.match_1]
delegates	Effect4.Store.Domain.PinDerived	Effect4.Store.PinGen.TreeC.ofVal	hiddenFamilyCase=true	wfFix=false	via=[Effect4.Store.PinGen.TreeC.ofVal.match_3, Effect4.Store.PinGen.TreeC.ofVal.match_1]
delegates	Effect4.Store.Domain.Traits	Effect4.Store.Annotation.ofVal	hiddenFamilyCase=true	wfFix=false	via=[Effect4.Store.Annotation.ofVal.match_4, Effect4.Store.Annotation.ofVal.match_1]
opaque	Effect4.Api.Derived	Effect4.Store.ApiGen.ExhaustionC.ofVal	hiddenFamilyCase=true	wfFix=false	via=[Effect4.Store.ApiGen.ExhaustionC.ofVal.match_1]
opaque	Effect4.Api.RunnerDerived	Effect4.Store.RunnerGen.StateC.ofVal	hiddenFamilyCase=true	wfFix=false	via=[Effect4.Store.RunnerGen.StateC.ofVal.match_1]
opaque	Effect4.Laws.Machine.StoresValue	Effect4.Machine.Handle.ofStore	hiddenFamilyCase=true	wfFix=false	via=[Effect4.Machine.Handle.ofStore.match_1]
opaque	Effect4.Laws.Program.DenoteB	Effect4.Program.Denote.iterateStep	hiddenFamilyCase=true	wfFix=false	via=[Effect4.Program.Denote.iterateStep.match_5, Effect4.Program.Denote.iterateStep.match_3, Effect4.Program.Denote.iterateStep.match_1]
opaque	Effect4.Laws.Program.LoopSound	Effect4.Program.Denote.iterateStepWith	hiddenFamilyCase=true	wfFix=false	via=[Effect4.Program.Denote.iterateStepWith.match_5, Effect4.Program.Denote.iterateStepWith.match_3, Effect4.Program.Denote.iterateStepWith.match_1]
opaque	Effect4.Laws.Program.Typed.Membership	Effect4.Program.Typed.Fits	hiddenFamilyCase=true	wfFix=false	via=[Effect4.Program.Ty.brecOn, Effect4.Program.Typed.Fits._f]
opaque	Effect4.Laws.Program.Typed.Membership	Effect4.Program.Typed.FlatFits	hiddenFamilyCase=true	wfFix=false	via=[Effect4.Program.Typed.FlatFits.match_16, Effect4.Program.Typed.FlatFits.match_1, Effect4.Program.Typed.FlatFits.match_4]
opaque	Effect4.Laws.Program.Typed.Residual	Effect4.Program.Typed.refAllocCont	hiddenFamilyCase=true	wfFix=false	via=[Effect4.Program.Typed.refAllocCont.match_1]
opaque	Effect4.Machine.Alphabets	Effect4.Machine.Val.fiber?	hiddenFamilyCase=true	wfFix=false	via=[Effect4.Machine.Val.fiber?.match_1]
opaque	Effect4.Machine.Alphabets	Effect4.Machine.Val.memoHit?	hiddenFamilyCase=true	wfFix=false	via=[Effect4.Machine.Val.memoHit?.match_1]
opaque	Effect4.Machine.Alphabets	Effect4.Machine.Val.memoMap?	hiddenFamilyCase=true	wfFix=false	via=[Effect4.Machine.Val.memoMap?.match_1]
opaque	Effect4.Machine.Alphabets	Effect4.Machine.Val.scope?	hiddenFamilyCase=true	wfFix=false	via=[Effect4.Machine.Val.scope?.match_1]
opaque	Effect4.Machine.Alphabets	Effect4.Machine.ofErr	hiddenFamilyCase=true	wfFix=false	via=[Effect4.Machine.ofErr.match_1]
opaque	Effect4.Machine.ContextMap	Effect4.Machine.Env.boolOfVal	hiddenFamilyCase=true	wfFix=false	via=[Effect4.Machine.Env.boolOfVal.match_1]
opaque	Effect4.Machine.ContextMap	Effect4.Machine.Env.natOfVal	hiddenFamilyCase=true	wfFix=false	via=[Effect4.Machine.Env.natOfVal.match_1]
opaque	Effect4.Machine.ContextMap	Effect4.Machine.Env.spine	hiddenFamilyCase=true	wfFix=false	via=[Effect4.Machine.Env.spine.match_1]
opaque	Effect4.Machine.Stores	Effect4.Machine.FnName.total	hiddenFamilyCase=true	wfFix=false	via=[Effect4.Machine.FnName.total.match_1]
opaque	Effect4.Machine.Term	Effect4.Program.NativeAtom.tagHit	hiddenFamilyCase=true	wfFix=false	via=[Effect4.Program.NativeAtom.tagHit.match_1]
opaque	Effect4.Machine.Term	Effect4.Program.Val.tuple?	hiddenFamilyCase=true	wfFix=false	via=[Effect4.Program.Val.tuple?.match_1]
opaque	Effect4.Machine.Term	Effect4.Program.errOf	hiddenFamilyCase=true	wfFix=false	via=[Effect4.Program.errOf.match_1]
opaque	Effect4.Machine.Value	Effect4.Machine.HandleKind.ofHandle	hiddenFamilyCase=true	wfFix=false	via=[Effect4.Machine.HandleKind.ofHandle.match_1]
opaque	Effect4.Program.Compile	Effect4.Program.contextsOf	hiddenFamilyCase=true	wfFix=false	via=[Effect4.Program.contextsOf.match_1]
opaque	Effect4.Program.Decision	Effect4.Program.Val.tagPayload?	hiddenFamilyCase=true	wfFix=false	via=[Effect4.Program.Val.tagPayload?.match_1]
opaque	Effect4.Program.HostBoundary	Effect4.Program.Profile.Scalar.checkRequest	hiddenFamilyCase=true	wfFix=false	via=[Effect4.Program.Profile.Scalar.checkRequest.match_1]
opaque	Effect4.Program.Native	Effect4.Program.NativeOp.awaitCellOf	hiddenFamilyCase=true	wfFix=false	via=[Effect4.Program.NativeOp.awaitCellOf.match_1]
opaque	Effect4.Program.Native	Effect4.Program.NativeOp.sleepMillisOf	hiddenFamilyCase=true	wfFix=false	via=[Effect4.Program.NativeOp.sleepMillisOf.match_1]
opaque	Effect4.Program.Native	Effect4.Program.NativeOp.syncOpOf	hiddenFamilyCase=true	wfFix=false	via=[Effect4.Program.NativeOp.syncOpOf.match_1]
opaque	Effect4.Program.Profile	Effect4.Program.Profile.Resource.after	hiddenFamilyCase=true	wfFix=false	via=[Effect4.Program.Profile.Resource.after.match_1]
opaque	Effect4.Program.Profile	Effect4.Program.Profile.Resource.outcome?	hiddenFamilyCase=true	wfFix=false	via=[Effect4.Program.Profile.Resource.outcome?.match_1, Effect4.Program.Profile.Resource.after.match_1]
opaque	Effect4.Program.Profile	Effect4.Program.Profile.Scalar.outcome?	hiddenFamilyCase=true	wfFix=false	via=[Effect4.Program.Profile.Scalar.outcome?.match_1]
opaque	Effect4.Program.Stream	Effect4.Program.Stream.chunk?	hiddenFamilyCase=true	wfFix=false	via=[Effect4.Program.Stream.chunk?.match_1]
opaque	Effect4.Program.Typed	Effect4.Program.Val.hasTy	hiddenFamilyCase=true	wfFix=false	via=[Effect4.Program.Ty.brecOn, Effect4.Program.Val.hasTy._f]
opaque	Effect4.Schema.Codec	Effect4.Schema.Codec.encodeRaw	hiddenFamilyCase=true	wfFix=false	via=[Effect4.Program.Ty.brecOn, Effect4.Schema.Codec.encodeRaw._f]
opaque	Effect4.Store.Carrier.Image	Effect4.Store.Image.ofBool	hiddenFamilyCase=true	wfFix=false	via=[Effect4.Store.Image.ofBool.match_1]
opaque	Effect4.Store.Carrier.Image	Effect4.Store.Image.ofList	hiddenFamilyCase=true	wfFix=false	via=[Effect4.Store.Image.ofList.match_1]
opaque	Effect4.Store.Carrier.Image	Effect4.Store.Image.ofString	hiddenFamilyCase=true	wfFix=false	via=[Effect4.Store.Image.ofString.match_1]
opaque	Effect4.Store.Carrier.Image	Effect4.Store.Image.ofUnit	hiddenFamilyCase=true	wfFix=false	via=[Effect4.Store.Image.ofUnit.match_1]
opaque	Effect4.Store.Carrier.Val	Effect4.Store.Val.children	hiddenFamilyCase=true	wfFix=false	via=[Effect4.Store.Val.children.match_1]
opaque	Effect4.Store.Domain.Canonical	Effect4.Store.IntCanonical.ofVal	hiddenFamilyCase=true	wfFix=false	via=[Effect4.Store.IntCanonical.ofVal.match_1]
opaque	Effect4.Store.Domain.Clock	Effect4.Store.ClockCanonical.ofVal	hiddenFamilyCase=true	wfFix=false	via=[Effect4.Store.ClockCanonical.ofVal.match_1]
opaque	Effect4.Store.Domain.Derived.Program	Effect4.Store.ProgramGen.FinalizerStrategyC.ofVal	hiddenFamilyCase=true	wfFix=false	via=[Effect4.Store.ProgramGen.FinalizerStrategyC.ofVal.match_1]
opaque	Effect4.Store.Domain.Derived.Program	Effect4.Store.ProgramGen.FnNameC.ofVal	hiddenFamilyCase=true	wfFix=false	via=[Effect4.Store.ProgramGen.FnNameC.ofVal.match_1]
opaque	Effect4.Store.Domain.Derived.Program	Effect4.Store.ProgramGen.MaskModeC.ofVal	hiddenFamilyCase=true	wfFix=false	via=[Effect4.Store.ProgramGen.MaskModeC.ofVal.match_1]
opaque	Effect4.Store.Domain.Derived.Program	Effect4.Store.ProgramGen.ObserverModeC.ofVal	hiddenFamilyCase=true	wfFix=false	via=[Effect4.Store.ProgramGen.FinalizerStrategyC.ofVal.match_1]
opaque	Effect4.Store.Domain.Derived.Program	Effect4.Store.ProgramGen.RegistrationC.ofVal	hiddenFamilyCase=true	wfFix=false	via=[Effect4.Store.ProgramGen.FinalizerStrategyC.ofVal.match_1]
opaque	Effect4.Store.Domain.Derived.Program	Effect4.Store.ProgramGen.RowKindC.ofVal	hiddenFamilyCase=true	wfFix=false	via=[Effect4.Store.ProgramGen.MaskModeC.ofVal.match_1]
opaque	Effect4.Store.Domain.Derived.Program	Effect4.Store.ProgramGen.RowShapeC.ofVal	hiddenFamilyCase=true	wfFix=false	via=[Effect4.Store.ProgramGen.RowShapeC.ofVal.match_1]
opaque	Effect4.Store.Domain.Derived.Schema	Effect4.Store.SchemaGen.UnionModeC.ofVal	hiddenFamilyCase=true	wfFix=false	via=[Effect4.Store.SchemaGen.UnionModeC.ofVal.match_1]
opaque	Effect4.Store.Domain.Derived.Value	Effect4.Store.ValueGen.KindC.ofVal	hiddenFamilyCase=true	wfFix=false	via=[Effect4.Store.ValueGen.KindC.ofVal.match_1]
opaque	Effect4.Store.Domain.PinDerived	Effect4.Store.PinGen.PinRoleC.ofVal	hiddenFamilyCase=true	wfFix=false	via=[Effect4.Store.PinGen.PinRoleC.ofVal.match_1]
opaque	Effect4.Store.Domain.Traits	Effect4.Store.Annotation.prevOfVal	hiddenFamilyCase=true	wfFix=false	via=[Effect4.Store.Annotation.prevOfVal.match_1]
## exit=0 seconds=11 probe=/Users/pooks/Dev/lean4-effect4/docs/research/2026-10-01-formal-pass/organization/verify-CensusDeep.lean
