R2 one-level  Effect4.Program.Checker.listOf? (Effect4.Program.Checker)
R2 one-level  Effect4.Program.Checker.exitOf? (Effect4.Program.Checker)
R2 one-level  Effect4.Program.externalValue (Effect4.Program.Compile)
R2 one-level  Effect4.Program.Decision.arms (Effect4.Program.Decision)
R2 one-level  Effect4.Program.causeInputError? (Effect4.Program.NativeAtom)
R2 one-level  Effect4.Program.Ty.isNever (Effect4.Program.Ty)
R2 one-level  Effect4.Program.Ty.isMember (Effect4.Program.Ty)
R2 one-level  Effect4.Program.Ty.factors (Effect4.Program.Ty)
R2 one-level  Effect4.Program.Ty.isFactor (Effect4.Program.Ty)
R2 one-level  Effect4.Program.Ty.isTagged (Effect4.Program.Ty)
R2 one-level  Effect4.Program.Ty.taggedColumn (Effect4.Program.Ty)
R2 one-level  Effect4.Program.Ty.payloadOf (Effect4.Program.Ty)
R2 one-level  Effect4.Program.fiberTy (Effect4.Program.Typing.Rules)
R1 structural Effect4.Codegen.Types.ofNormalized (Effect4.Codegen.Types)
R1 structural Effect4.Program.Ty.varsOf (Effect4.Laws.Program.Template)
R1 structural Effect4.Program.Ty.templateAdmissible (Effect4.Laws.Program.Template)
R1 structural Effect4.Program.findInt (Effect4.Program.Admission)
R1 structural Effect4.Program.isTagTy (Effect4.Program.Eff)
R1 structural Effect4.Program.rawSupportedErrTy (Effect4.Program.Eff)
R1 structural Effect4.Program.NativeAtom.projectProduct (Effect4.Program.NativeAtom)
R1 structural Effect4.Program.Ty.renderRaw (Effect4.Program.Ty)
R1 structural Effect4.Program.Ty.members (Effect4.Program.Ty)
R1 structural Effect4.Program.Ty.key (Effect4.Program.Ty)
R1 structural Effect4.Program.Ty.closed (Effect4.Program.Ty)
R1 structural Effect4.Program.Ty.instantiate (Effect4.Program.Ty)
R1 structural Effect4.Program.Ty.infer (Effect4.Program.Ty)
R1 structural Effect4.Program.Ty.normalize (Effect4.Program.Ty)
R1 structural Effect4.Program.Val.hasTy (Effect4.Program.Typed)
R1 structural Effect4.Schema.Bridge.schema (Effect4.Schema.Bridge)
R1 structural Effect4.Schema.Codec.layout (Effect4.Schema.Codec)
R1 structural Effect4.Schema.Codec.isSupported (Effect4.Schema.Codec)
R1 structural Effect4.Schema.Codec.encodeRaw (Effect4.Schema.Codec)
R1 structural Effect4.Schema.Codec.decodeRaw (Effect4.Schema.Codec)
R1 wf         Effect4.Program.Ty.sub (Effect4.Program.Ty)
R3 catchAll true  Effect4.Program.methodArgsRow (Effect4.Codegen.PrintLeaf, Effect4.Program.methodArgsRow.match_1)
R3 catchAll false Effect4.Codegen.Types.ofNormalized (Effect4.Codegen.Types, Effect4.Codegen.Types.ofNormalized.match_1)
R3 catchAll false Effect4.Program.Ty.templateAdmissible (Effect4.Laws.Program.Template, Effect4.Program.Ty.templateAdmissible.match_1)
R3 catchAll false Effect4.Program.Ty.varsOf (Effect4.Laws.Program.Template, Effect4.Program.Ty.varsOf.match_1)
R3 catchAll false Effect4.Program.findInt (Effect4.Program.Admission, Effect4.Program.findInt.match_1)
R3 catchAll true  Effect4.Program.Authoring.ServiceDef.receiver (Effect4.Program.Authoring.Services, Effect4.Program.Authoring.ServiceDef.receiver.match_1)
R3 catchAll true  Effect4.Program.Checker.exitOf? (Effect4.Program.Checker, Effect4.Program.Checker.exitOf?.match_1)
R3 catchAll true  Effect4.Program.Checker.listOf? (Effect4.Program.Checker, Effect4.Program.Checker.listOf?.match_1)
R3 catchAll true  Effect4.Program.externalValue (Effect4.Program.Compile, Effect4.Program.externalValue.match_1)
R3 catchAll true  Effect4.Program.Decision.arms (Effect4.Program.Decision, Effect4.Program.Decision.arms.match_1)
R3 catchAll true  Effect4.Program.Decision.arms (Effect4.Program.Decision, Effect4.Program.Decision.arms.match_4)
R3 catchAll true  Effect4.Program.isTagTy (Effect4.Program.Eff, Effect4.Program.isTagTy.match_1)
R3 catchAll false Effect4.Program.rawSupportedErrTy (Effect4.Program.Eff, Effect4.Program.rawSupportedErrTy.match_1)
R3 catchAll true  Effect4.Program.NativeAtom.projectProduct (Effect4.Program.NativeAtom, Effect4.Program.NativeAtom.projectProduct.match_1)
R3 catchAll true  Effect4.Program.causeInputError? (Effect4.Program.NativeAtom, Effect4.Program.causeInputError?.match_1)
R3 catchAll false Effect4.Program.Ty.closed (Effect4.Program.Ty, Effect4.Program.Ty.closed.match_1)
R3 catchAll true  Effect4.Program.Ty.factors (Effect4.Program.Ty, Effect4.Program.Ty.factors.match_1)
R3 catchAll true  Effect4.Program.Ty.infer (Effect4.Program.Ty, Effect4.Program.Ty.infer.match_3)
R3 catchAll true  Effect4.Program.Ty.infer (Effect4.Program.Ty, Effect4.Program.Ty.infer.match_3)
R3 catchAll false Effect4.Program.Ty.instantiate (Effect4.Program.Ty, Effect4.Program.Ty.instantiate.match_1)
R3 catchAll true  Effect4.Program.Ty.isFactor (Effect4.Program.Ty, Effect4.Program.Ty.isFactor.match_1)
R3 catchAll false Effect4.Program.Ty.isMember (Effect4.Program.Ty, Effect4.Program.Ty.isMember.match_1)
R3 catchAll false Effect4.Program.Ty.isNever (Effect4.Program.Ty, Effect4.Program.Ty.key.match_1)
R3 catchAll true  Effect4.Program.Ty.isTagged (Effect4.Program.Ty, Effect4.Program.Ty.isTagged.match_1)
R3 catchAll false Effect4.Program.Ty.key (Effect4.Program.Ty, Effect4.Program.Ty.key.match_1)
R3 catchAll false Effect4.Program.Ty.members (Effect4.Program.Ty, Effect4.Program.Ty.members.match_1)
R3 catchAll false Effect4.Program.Ty.normalize (Effect4.Program.Ty, Effect4.Program.Ty.normalize.match_1)
R3 catchAll true  Effect4.Program.Ty.payloadOf (Effect4.Program.Ty, Effect4.Program.Ty.isTagged.match_1)
R3 catchAll false Effect4.Program.Ty.renderRaw (Effect4.Program.Ty, Effect4.Program.Ty.renderRaw.match_1)
R3 catchAll true  Effect4.Program.Ty.sub (Effect4.Program.Ty, Effect4.Program.Ty.sub.match_1)
R3 catchAll true  Effect4.Program.Ty.sub (Effect4.Program.Ty, Effect4.Program.Ty.sub.match_1)
R3 catchAll true  Effect4.Program.Ty.taggedColumn (Effect4.Program.Ty, Effect4.Program.Ty.taggedColumn.match_1)
R3 catchAll false Effect4.Program.Val.hasTy (Effect4.Program.Typed, Effect4.Program.Val.hasTy.match_40)
R3 catchAll true  Effect4.Program.selectRefusal (Effect4.Program.Typing.Blame, Effect4.Program.selectRefusal.match_1)
R3 catchAll true  Effect4.Program.fiberTy (Effect4.Program.Typing.Rules, Effect4.Program.fiberTy.match_1)
R3 catchAll false Effect4.Schema.Bridge.schema (Effect4.Schema.Bridge, Effect4.Schema.Bridge.schema.match_1)
R3 catchAll true  Effect4.Schema.Codec.decodeRaw (Effect4.Schema.Codec, Effect4.Schema.Codec.decodeRaw.match_3)
R3 catchAll true  Effect4.Schema.Codec.encodeRaw (Effect4.Schema.Codec, Effect4.Schema.Codec.encodeRaw.match_1)
R3 catchAll true  Effect4.Schema.Codec.isSupported (Effect4.Schema.Codec, Effect4.Schema.Codec.isSupported.match_1)
R3 catchAll true  Effect4.Schema.Codec.layout (Effect4.Schema.Codec, Effect4.Schema.Codec.layout.match_1)
R4 structural Tools.ProfileJson.tyJson (Tools.ProfileJson)
R4 structural Conform.Effect4.LcnfMl.tyT (Conform.Effect4.LcnfMl)
R4 structural Conform.Effect4.LcnfMl.tyOcaml (Conform.Effect4.LcnfMl)
R4 structural Conform.Effect4.LcnfSemantics.tyValue (Conform.Effect4.LcnfSemantics)
R4 structural OCaml5.Eff.tyO (OCaml5.Eff.Emit)
R4 structural OCaml5.Eff.tyV (OCaml5.Eff.Goldens)
80 violation(s): R1 21, R2 13, R3 40, R4 6
exit 1
