#exhaustive_gate Effect4.Program.Ty (family [Effect4.Program.Ty]) under Effect4: 63 match(es) read it, 25 with no catch-all — appending a constructor refuses exactly those
  Effect4.Program.methodArgsRow	Effect4.Codegen.PrintLeaf	Effect4.Program.methodArgsRow.match_1	discr 0	alts 2	catchAll true
  Effect4.Program.NativeAtom.projectProduct.hom	Effect4.Laws.Program.Folds.Ty	Effect4.Program.NativeAtom.projectProduct.match_1	discr 0	alts 4	catchAll true
  Effect4.Program.Ty.members.hom	Effect4.Laws.Program.Folds.Ty	Effect4.Program.Ty.members.match_1	discr 0	alts 20	catchAll false
  Effect4.Program.Val.hasTy.hom	Effect4.Laws.Program.Folds.Ty	Effect4.Program.Val.hasTy.match_40	discr 0	alts 20	catchAll false
  Effect4.Program.findInt.hom	Effect4.Laws.Program.Folds.Ty	Effect4.Program.findInt.match_1	discr 0	alts 20	catchAll false
  Effect4.Program.rawSupportedErrTy.hom	Effect4.Laws.Program.Folds.Ty	Effect4.Program.rawSupportedErrTy.match_1	discr 0	alts 20	catchAll false
  Effect4.Schema.Codec.decodeRaw.hom	Effect4.Laws.Program.Folds.Ty	Effect4.Schema.Codec.decodeRaw.match_3	discr 0	alts 13	catchAll true
  Effect4.Schema.Codec.encodeRaw.hom	Effect4.Laws.Program.Folds.Ty	Effect4.Schema.Codec.encodeRaw.match_1	discr 0	alts 16	catchAll true
  Effect4.Schema.Codec.layout.hom	Effect4.Laws.Program.Folds.Ty	Effect4.Schema.Codec.layout.match_1	discr 0	alts 8	catchAll true
  Effect4.Program.Ty.templateAdmissible	Effect4.Laws.Program.Template	Effect4.Program.Ty.templateAdmissible.match_1	discr 0	alts 20	catchAll false
  Effect4.Program.Ty.varsOf	Effect4.Laws.Program.Template	Effect4.Program.Ty.varsOf.match_1	discr 0	alts 20	catchAll false
  Effect4.Program.Ty.Variance.holds	Effect4.Laws.Program.TyView	Effect4.Program.Ty.Variance.holds.match_1	discr 1	alts 3	catchAll true
  Effect4.Program.Ty.Variance.holds	Effect4.Laws.Program.TyView	Effect4.Program.Ty.Variance.holds.match_1	discr 2	alts 3	catchAll true
  Effect4.Program.Ty.args	Effect4.Laws.Program.TyView	Effect4.Program.Ty.args.match_1	discr 0	alts 20	catchAll false
  Effect4.Program.Ty.litRule	Effect4.Laws.Program.TyView	Effect4.Program.Ty.litRule.match_1	discr 0	alts 2	catchAll true
  Effect4.Program.Ty.litRule	Effect4.Laws.Program.TyView	Effect4.Program.Ty.litRule.match_1	discr 1	alts 2	catchAll true
  Effect4.Program.Ty.sameHead	Effect4.Laws.Program.TyView	Effect4.Program.Ty.sameHead.match_1	discr 0	alts 20	catchAll true
  Effect4.Program.Ty.sameHead	Effect4.Laws.Program.TyView	Effect4.Program.Ty.sameHead.match_1	discr 1	alts 20	catchAll true
  Effect4.Program.Ty.topRule	Effect4.Laws.Program.TyView	Effect4.Program.Ty.topRule.match_1	discr 0	alts 2	catchAll true
  Effect4.Program.Ty.topRule	Effect4.Laws.Program.TyView	Effect4.Program.Ty.topRule.match_1	discr 1	alts 2	catchAll true
  Effect4.Program.Typed.HandlesFit	Effect4.Laws.Program.Typed.Admission	Effect4.Program.Typed.HandlesFit.match_10	discr 0	alts 10	catchAll true
  Effect4.Program.findInt	Effect4.Program.Admission	Effect4.Program.findInt.match_1	discr 0	alts 20	catchAll false
  Effect4.Program.Authoring.ServiceDef.receiver	Effect4.Program.Authoring.Services	Effect4.Program.Authoring.ServiceDef.receiver.match_1	discr 0	alts 2	catchAll true
  Effect4.Program.Checker.exitOf?	Effect4.Program.Checker	Effect4.Program.Checker.exitOf?.match_1	discr 0	alts 2	catchAll true
  Effect4.Program.Checker.listOf?	Effect4.Program.Checker	Effect4.Program.Checker.listOf?.match_1	discr 0	alts 2	catchAll true
  Effect4.Program.externalValue	Effect4.Program.Compile	Effect4.Program.externalValue.match_1	discr 0	alts 2	catchAll true
  Effect4.Program.Decision.arms	Effect4.Program.Decision	Effect4.Program.Decision.arms.match_1	discr 0	alts 2	catchAll true
  Effect4.Program.Decision.arms	Effect4.Program.Decision	Effect4.Program.Decision.arms.match_4	discr 1	alts 3	catchAll true
  Effect4.Program.isTagTy	Effect4.Program.Eff	Effect4.Program.isTagTy.match_1	discr 0	alts 4	catchAll true
  Effect4.Program.rawSupportedErrTy	Effect4.Program.Eff	Effect4.Program.rawSupportedErrTy.match_1	discr 0	alts 20	catchAll false
  Effect4.Program.cata_ty	Effect4.Program.Fold	Effect4.Program.cata_ty.match_1	discr 0	alts 20	catchAll false
  Effect4.Program.foldM_ty	Effect4.Program.Fold	Effect4.Program.cata_ty.match_1	discr 0	alts 20	catchAll false
  Effect4.Program.foldMapAt_ty	Effect4.Program.Fold	Effect4.Program.cata_ty.match_1	discr 0	alts 20	catchAll false
  Effect4.Program.foldMap_ty	Effect4.Program.Fold	Effect4.Program.cata_ty.match_1	discr 0	alts 20	catchAll false
  Effect4.Program.NativeAtom.projectProduct	Effect4.Program.NativeAtom	Effect4.Program.NativeAtom.projectProduct.match_1	discr 0	alts 4	catchAll true
  Effect4.Program.causeInputError?	Effect4.Program.NativeAtom	Effect4.Program.causeInputError?.match_1	discr 0	alts 3	catchAll true
  Effect4.Program.Ty.closed	Effect4.Program.Ty	Effect4.Program.Ty.closed.match_1	discr 0	alts 20	catchAll false
  Effect4.Program.Ty.factors	Effect4.Program.Ty	Effect4.Program.Ty.factors.match_1	discr 0	alts 2	catchAll true
  Effect4.Program.Ty.infer	Effect4.Program.Ty	Effect4.Program.Ty.infer.match_3	discr 0	alts 12	catchAll true
  Effect4.Program.Ty.infer	Effect4.Program.Ty	Effect4.Program.Ty.infer.match_3	discr 1	alts 12	catchAll true
  Effect4.Program.Ty.instantiate	Effect4.Program.Ty	Effect4.Program.Ty.instantiate.match_1	discr 0	alts 20	catchAll false
  Effect4.Program.Ty.isFactor	Effect4.Program.Ty	Effect4.Program.Ty.isFactor.match_1	discr 0	alts 2	catchAll true
  Effect4.Program.Ty.isMember	Effect4.Program.Ty	Effect4.Program.Ty.isMember.match_1	discr 0	alts 20	catchAll false
  Effect4.Program.Ty.isNever	Effect4.Program.Ty	Effect4.Program.Ty.key.match_1	discr 0	alts 20	catchAll false
  Effect4.Program.Ty.isTagged	Effect4.Program.Ty	Effect4.Program.Ty.isTagged.match_1	discr 0	alts 2	catchAll true
  Effect4.Program.Ty.key	Effect4.Program.Ty	Effect4.Program.Ty.key.match_1	discr 0	alts 20	catchAll false
  Effect4.Program.Ty.members	Effect4.Program.Ty	Effect4.Program.Ty.members.match_1	discr 0	alts 20	catchAll false
  Effect4.Program.Ty.normalize	Effect4.Program.Ty	Effect4.Program.Ty.normalize.match_1	discr 0	alts 20	catchAll false
  Effect4.Program.Ty.payloadOf	Effect4.Program.Ty	Effect4.Program.Ty.isTagged.match_1	discr 0	alts 2	catchAll true
  Effect4.Program.Ty.renderRaw	Effect4.Program.Ty	Effect4.Program.Ty.renderRaw.match_1	discr 0	alts 22	catchAll false
  Effect4.Program.Ty.sub	Effect4.Program.Ty	Effect4.Program.Ty.sub.match_1	discr 0	alts 15	catchAll true
  Effect4.Program.Ty.sub	Effect4.Program.Ty	Effect4.Program.Ty.sub.match_1	discr 1	alts 15	catchAll true
  Effect4.Program.Ty.taggedColumn	Effect4.Program.Ty	Effect4.Program.Ty.taggedColumn.match_1	discr 0	alts 8	catchAll true
  Effect4.Program.instReprTy.repr	Effect4.Program.Ty	Effect4.Program.instReprTy.repr.match_1	discr 0	alts 20	catchAll false
  Effect4.Program.Val.hasTy	Effect4.Program.Typed	Effect4.Program.Val.hasTy.match_40	discr 0	alts 20	catchAll false
  Effect4.Program.selectRefusal	Effect4.Program.Typing.Blame	Effect4.Program.selectRefusal.match_1	discr 1	alts 3	catchAll true
  Effect4.Program.fiberTy	Effect4.Program.Typing.Rules	Effect4.Program.fiberTy.match_1	discr 0	alts 2	catchAll true
  Effect4.Schema.Bridge.schema	Effect4.Schema.Bridge	Effect4.Schema.Bridge.schema.match_1	discr 0	alts 20	catchAll false
  Effect4.Schema.Codec.decodeRaw	Effect4.Schema.Codec	Effect4.Schema.Codec.decodeRaw.match_3	discr 0	alts 13	catchAll true
  Effect4.Schema.Codec.encodeRaw	Effect4.Schema.Codec	Effect4.Schema.Codec.encodeRaw.match_1	discr 0	alts 16	catchAll true
  Effect4.Schema.Codec.isSupported	Effect4.Schema.Codec	Effect4.Schema.Codec.isSupported.match_1	discr 0	alts 14	catchAll true
  Effect4.Schema.Codec.layout	Effect4.Schema.Codec	Effect4.Schema.Codec.layout.match_1	discr 0	alts 8	catchAll true
  Effect4.Store.ProgramGen.TyC.toValTy	Effect4.Store.Domain.Derived.Program	Effect4.Store.ProgramGen.TyC.toValTy.match_1	discr 0	alts 20	catchAll false
real 9.43
user 7.62
sys 1.06
