ledger (production roots): 358 declared, 335 proved, 23 wanted, 0 neither
proved	Effect4.Laws.Api.Supervision	Effect4.Api.M1Origin.forkScoped_none_origins
proved	Effect4.Laws.Api.Supervision	Effect4.Api.M1Origin.load_origins
proved	Effect4.Laws.Api.Supervision	Effect4.Api.M1Origin.race_launch_origins
proved	Effect4.Laws.Api.Supervision	Effect4.Api.M1Origin.source_fork
proved	Effect4.Laws.Api.Supervision	Effect4.Api.M1Origin.source_forkIn
proved	Effect4.Laws.Api.Supervision	Effect4.Api.M1Origin.source_forkIn_site
proved	Effect4.Laws.Api.Supervision	Effect4.Api.M1Origin.source_forkScoped
proved	Effect4.Laws.Api.Supervision	Effect4.Api.M1Origin.source_forkScoped_site
proved	Effect4.Laws.Api.Supervision	Effect4.Api.M1Origin.source_fork_site
proved	Effect4.Laws.Api.Supervision	Effect4.Api.M1Origin.source_race
proved	Effect4.Laws.Api.Supervision	Effect4.Api.M1Origin.source_race_site
proved	Effect4.Laws.Api.Supervision	Effect4.Api.M1Origin.source_two_race_paths
proved	Effect4.Laws.Api.Supervision	Effect4.Api.M1Origin.source_two_race_sites
proved	Effect4.Laws.Api.Supervision	Effect4.Api.M1Origin.spawn_fibers
proved	Effect4.Laws.Api.Supervision	Effect4.Api.M1Origin.spawn_origins
proved	Effect4.Laws.Api.Supervision	Effect4.Api.M1Origin.start_origins
proved	Effect4.Laws.Api.Supervision	Effect4.Api.M1Origin.status_persists
proved	Effect4.Laws.Api.Supervision	Effect4.Api.M1Origin.supervision_static
proved	Effect4.Laws.Api.Supervision	Effect4.Api.M1Trace.fiberStatuses_replace_trace
proved	Effect4.Laws.Api.Supervision	Effect4.Api.M1Trace.statusOf_replace_trace
proved	Effect4.Laws.Machine.Approximation	Effect4.Machine.M1Clock.advanceState_stable
proved	Effect4.Laws.Machine.Approximation	Effect4.Machine.M1Clock.advance_extends
proved	Effect4.Laws.Machine.Approximation	Effect4.Machine.M1Clock.advance_trace_mono
proved	Effect4.Laws.Machine.Approximation	Effect4.Machine.M1OriginApproximation.launchEntrant_grows
proved	Effect4.Laws.Machine.Approximation	Effect4.Machine.M1OriginApproximation.spawn_grows
proved	Effect4.Laws.Machine.Arena	Effect4.Machine.ArenaObligations.deferred_cellAt
proved	Effect4.Laws.Machine.Arena	Effect4.Machine.ArenaObligations.deferred_make
proved	Effect4.Laws.Machine.Arena	Effect4.Machine.ArenaObligations.deferred_setCell
proved	Effect4.Laws.Machine.Arena	Effect4.Machine.ArenaObligations.list_lawful
proved	Effect4.Laws.Machine.Arena	Effect4.Machine.ArenaObligations.peek_toList
proved	Effect4.Laws.Machine.Arena	Effect4.Machine.ArenaObligations.toList_alloc
proved	Effect4.Laws.Machine.Arena	Effect4.Machine.ArenaObligations.toList_empty
proved	Effect4.Laws.Machine.Arena	Effect4.Machine.ArenaObligations.toList_length
proved	Effect4.Laws.Machine.Arena	Effect4.Machine.ArenaObligations.toList_list
proved	Effect4.Laws.Machine.Arena	Effect4.Machine.ArenaObligations.toList_poke
proved	Effect4.Laws.Machine.Arena	Effect4.Machine.ArenaSupportWanted.lookup_filterMap
proved	Effect4.Laws.Machine.Arena	Effect4.Machine.ArenaSupportWanted.map_some_filterMap
proved	Effect4.Laws.Machine.Arena	Effect4.Machine.ArenaSupportWanted.peek_none
proved	Effect4.Laws.Machine.Behaviour	Effect4.Machine.M1Trace.obs_replace_trace
proved	Effect4.Laws.Machine.Book	Effect4.Machine.M1Clock.book_advanceState
proved	Effect4.Laws.Machine.Book	Effect4.Machine.M1OriginBook.bookMeans_forks
proved	Effect4.Laws.Machine.Book	Effect4.Machine.M1OriginBook.bookMeans_originOf
proved	Effect4.Laws.Machine.Clauses	Effect4.Machine.M1OriginClauses.drive_launch_runs
proved	Effect4.Laws.Machine.Clauses	Effect4.Machine.M1OriginClauses.launchEntrant_eq
proved	Effect4.Laws.Machine.Clauses	Effect4.Machine.M1OriginClauses.spawnChild_fields
proved	Effect4.Laws.Machine.Clauses	Effect4.Machine.M1OriginClauses.spawn_eq
proved	Effect4.Laws.Machine.Clauses	Effect4.Machine.M1OriginClauses.spawn_untracked
proved	Effect4.Laws.Machine.Clauses	Effect4.Machine.M1OriginClauses.withFiber_fork
proved	Effect4.Laws.Machine.Clauses	Effect4.Machine.M1OriginClauses.withFiber_forkIn
proved	Effect4.Laws.Machine.Clauses	Effect4.Machine.M1OriginClauses.withFiber_forkScoped_ambient
proved	Effect4.Laws.Machine.Clauses	Effect4.Machine.M1OriginClauses.withFiber_forkScoped_none
proved	Effect4.Laws.Machine.Clauses	Effect4.Machine.M1OriginClauses.withFiber_raceAll
proved	Effect4.Laws.Machine.Clock	Effect4.ClockMillis.M1.ofNat_toNat
proved	Effect4.Laws.Machine.Clock	Effect4.ClockMillis.M1.toNat_add
proved	Effect4.Laws.Machine.Clock	Effect4.ClockMillis.M1.toNat_ofNat
proved	Effect4.Laws.Machine.Clock	Effect4.ClockMillis.M1Decimal.ofDecimal_exact
proved	Effect4.Laws.Machine.Clock	Effect4.ClockMillis.M1Decimal.ofDecimal_toDecimal
proved	Effect4.Laws.Machine.Clock	Effect4.ClockMillis.M1Decimal.readBytes_digits
proved	Effect4.Laws.Machine.Clock	Effect4.ClockMillis.M1Decimal.readBytes_repr
proved	Effect4.Laws.Machine.Clock	Effect4.ClockMillis.M1Decimal.readChars_core
proved	Effect4.Laws.Machine.Clock	Effect4.Machine.TimerStore.M1Clock.cancel_pending
proved	Effect4.Laws.Machine.Clock	Effect4.Machine.TimerStore.M1Clock.cancel_wf
proved	Effect4.Laws.Machine.Clock	Effect4.Machine.TimerStore.M1Clock.clockStep_finish
proved	Effect4.Laws.Machine.Clock	Effect4.Machine.TimerStore.M1Clock.clockStep_owed
proved	Effect4.Laws.Machine.Clock	Effect4.Machine.TimerStore.M1Clock.clockStep_wf
proved	Effect4.Laws.Machine.Clock	Effect4.Machine.TimerStore.M1Clock.dueMin_first
proved	Effect4.Laws.Machine.Clock	Effect4.Machine.TimerStore.M1Clock.dueMin_le
proved	Effect4.Laws.Machine.Clock	Effect4.Machine.TimerStore.M1Clock.dueMin_mem
proved	Effect4.Laws.Machine.Clock	Effect4.Machine.TimerStore.M1Clock.dueMin_min
proved	Effect4.Laws.Machine.Clock	Effect4.Machine.TimerStore.M1Clock.dueMin_none_of_late
proved	Effect4.Laws.Machine.Clock	Effect4.Machine.TimerStore.M1Clock.empty_quiet
proved	Effect4.Laws.Machine.Clock	Effect4.Machine.TimerStore.M1Clock.empty_wf
proved	Effect4.Laws.Machine.Clock	Effect4.Machine.TimerStore.M1Clock.fireNext_none
proved	Effect4.Laws.Machine.Clock	Effect4.Machine.TimerStore.M1Clock.fireNext_now
proved	Effect4.Laws.Machine.Clock	Effect4.Machine.TimerStore.M1Clock.fireNext_owed
proved	Effect4.Laws.Machine.Clock	Effect4.Machine.TimerStore.M1Clock.fireNext_wf
proved	Effect4.Laws.Machine.Clock	Effect4.Machine.TimerStore.M1Clock.sleep_wf
proved	Effect4.Laws.Machine.Clock	Effect4.Store.ClockCanonical.M1.fits
proved	Effect4.Laws.Machine.Clock	Effect4.Store.ClockCanonical.M1.ofVal_exact
proved	Effect4.Laws.Machine.Clock	Effect4.Store.ClockCanonical.M1.ofVal_toVal
proved	Effect4.Laws.Machine.CompletionData	Effect4.Machine.M1.CompletionSupport.poll_reads_cell
proved	Effect4.Laws.Machine.CompletionData	Effect4.Machine.M1.CompletionSupport.store_lookup_lt
proved	Effect4.Laws.Machine.CompletionData	Effect4.Machine.M1.Core.deferredStore_complete_done
proved	Effect4.Laws.Machine.CompletionData	Effect4.Machine.M1.Core.deferredStore_complete_pending
proved	Effect4.Laws.Machine.CompletionData	Effect4.Machine.M1.Core.deferredStore_complete_stores_argument
proved	Effect4.Laws.Machine.CompletionData	Effect4.Machine.M1.Core.deferredStore_register_done
proved	Effect4.Laws.Machine.CompletionData	Effect4.Machine.M1.Core.deferredStore_waiter_receives_stored
proved	Effect4.Laws.Machine.CompletionData	Effect4.Machine.M1.OwedMapWanted.code
proved	Effect4.Laws.Machine.CompletionData	Effect4.Machine.M1.OwedMapWanted.comp
proved	Effect4.Laws.Machine.CompletionData	Effect4.Machine.M1.OwedMapWanted.id
proved	Effect4.Laws.Machine.CompletionData	Effect4.Machine.M1.OwedMapWanted.id_fun
proved	Effect4.Laws.Machine.Handles	Effect4.Machine.M1.DeferredWanted.memoEntry_keys
proved	Effect4.Laws.Machine.Handles	Effect4.Machine.M1.Handles.cellAt_keys_subset
proved	Effect4.Laws.Machine.Handles	Effect4.Machine.M1.Handles.complete_keys
proved	Effect4.Laws.Machine.Handles	Effect4.Machine.M1.Handles.drainDue_keys
proved	Effect4.Laws.Machine.Handles	Effect4.Machine.M1.Handles.flatMap_resumes_const
proved	Effect4.Laws.Machine.Handles	Effect4.Machine.M1.Handles.owed_flatMap_mapCode_keys_subset
proved	Effect4.Laws.Machine.Handles	Effect4.Machine.M1.Handles.owed_mapCode_keys_subset
proved	Effect4.Laws.Machine.Handles	Effect4.Machine.M1.Handles.register_keys
proved	Effect4.Laws.Machine.Handles	Effect4.Machine.M1.Handles.setCell_appendDue_keys
proved	Effect4.Laws.Machine.Handles	Effect4.Machine.M1.Handles.setCell_keys_of_subset
proved	Effect4.Laws.Machine.Handles	Effect4.Machine.M1Clock.advanceState_minted_of_evaluator
proved	Effect4.Laws.Machine.Handles	Effect4.Machine.M1Origin.fork_arm_minted
proved	Effect4.Laws.Machine.Handles	Effect4.Machine.M1Origin.launchEntrant_minted
proved	Effect4.Laws.Machine.Handles	Effect4.Machine.M1Origin.make_keys_subset
proved	Effect4.Laws.Machine.Handles	Effect4.Machine.M1Origin.spawnChild_keys_subset
proved	Effect4.Laws.Machine.Handles	Effect4.Machine.M1Origin.spawn_minted
proved	Effect4.Laws.Machine.Handles	Effect4.Machine.M1Origin.withFiber_forkIn_minted
proved	Effect4.Laws.Machine.Handles	Effect4.Machine.M1Origin.withFiber_forkScoped_minted
proved	Effect4.Laws.Machine.Handles	Effect4.Machine.M1Origin.withFiber_fork_minted
proved	Effect4.Laws.Machine.Handles	Effect4.Machine.M1Origin.withFiber_raceAll_minted
proved	Effect4.Laws.Machine.RefKernel	Effect4.Machine.ArenaObligations.refStepOfA_keeps
proved	Effect4.Laws.Machine.RefKernel	Effect4.Machine.ArenaObligations.refStepOfA_list
proved	Effect4.Laws.Machine.RefKernel	Effect4.Machine.ArenaObligations.refStepOfA_size
proved	Effect4.Laws.Machine.RefKernel	Effect4.Machine.ArenaObligations.toList_refStepOf
proved	Effect4.Laws.Machine.RefKernel	Effect4.Machine.M1.RefKernelSupport.toList_writeBackA
proved	Effect4.Laws.Machine.RefKernel	Effect4.Machine.RefKernelObligations.indexed_ref_step_preserves
proved	Effect4.Laws.Machine.RefKernel	Effect4.Machine.RefKernelObligations.refWriteBack_peek_other
proved	Effect4.Laws.Machine.Refinement	Effect4.Machine.ArenaObligations.projects
proved	Effect4.Laws.Machine.Refinement	Effect4.Machine.M1.CellMapWanted.id_fun
proved	Effect4.Laws.Machine.Refinement	Effect4.Machine.M1.DeferredImageSupportWanted.cell_image_iff
proved	Effect4.Laws.Machine.Refinement	Effect4.Machine.M1.DeferredImageSupportWanted.list_image_iff
proved	Effect4.Laws.Machine.Refinement	Effect4.Machine.M1.DeferredImageSupportWanted.owed_image_iff
proved	Effect4.Laws.Machine.Refinement	Effect4.Machine.M1.DeferredWanted.cell_map_comp
proved	Effect4.Laws.Machine.Refinement	Effect4.Machine.M1.DeferredWanted.cell_map_id
proved	Effect4.Laws.Machine.Refinement	Effect4.Machine.M1.DeferredWanted.completionPrim_injective
proved	Effect4.Laws.Machine.Refinement	Effect4.Machine.M1.DeferredWanted.deferredOk_iff_image
proved	Effect4.Laws.Machine.Refinement	Effect4.Machine.M1.DeferredWanted.factors_deferreds
proved	Effect4.Laws.Machine.Refinement	Effect4.Machine.M1.DeferredWanted.factors_respects_eq
proved	Effect4.Laws.Machine.Refinement	Effect4.Machine.M1.DeferredWanted.factors_through_deferreds
proved	Effect4.Laws.Machine.Refinement	Effect4.Machine.M1.DeferredWanted.factors_trans
proved	Effect4.Laws.Machine.Refinement	Effect4.Machine.M1.DeferredWanted.map_cancel
proved	Effect4.Laws.Machine.Refinement	Effect4.Machine.M1.DeferredWanted.map_cellAt
proved	Effect4.Laws.Machine.Refinement	Effect4.Machine.M1.DeferredWanted.map_comp
proved	Effect4.Laws.Machine.Refinement	Effect4.Machine.M1.DeferredWanted.map_complete
proved	Effect4.Laws.Machine.Refinement	Effect4.Machine.M1.DeferredWanted.map_drainDue
proved	Effect4.Laws.Machine.Refinement	Effect4.Machine.M1.DeferredWanted.map_id
proved	Effect4.Laws.Machine.Refinement	Effect4.Machine.M1.DeferredWanted.map_isDone
proved	Effect4.Laws.Machine.Refinement	Effect4.Machine.M1.DeferredWanted.map_make
proved	Effect4.Laws.Machine.Refinement	Effect4.Machine.M1.DeferredWanted.map_poll
proved	Effect4.Laws.Machine.Refinement	Effect4.Machine.M1.DeferredWanted.map_register
proved	Effect4.Laws.Machine.Refinement	Effect4.Machine.M1.DeferredWanted.map_setCell
proved	Effect4.Laws.Machine.Refinement	Effect4.Machine.M1.DeferredWanted.map_wakeBatch
proved	Effect4.Laws.Machine.Refinement	Effect4.Machine.M1.DeferredWanted.projects_cancel
proved	Effect4.Laws.Machine.Refinement	Effect4.Machine.M1.DeferredWanted.projects_cellAt
proved	Effect4.Laws.Machine.Refinement	Effect4.Machine.M1.DeferredWanted.projects_complete
proved	Effect4.Laws.Machine.Refinement	Effect4.Machine.M1.DeferredWanted.projects_drainDue
proved	Effect4.Laws.Machine.Refinement	Effect4.Machine.M1.DeferredWanted.projects_isDone
proved	Effect4.Laws.Machine.Refinement	Effect4.Machine.M1.DeferredWanted.projects_make
proved	Effect4.Laws.Machine.Refinement	Effect4.Machine.M1.DeferredWanted.projects_poll
proved	Effect4.Laws.Machine.Refinement	Effect4.Machine.M1.DeferredWanted.projects_register
proved	Effect4.Laws.Machine.Refinement	Effect4.Machine.M1.DeferredWanted.projects_setCell
proved	Effect4.Laws.Machine.Refinement	Effect4.Machine.M1.DeferredWanted.projects_wakeBatch
proved	Effect4.Laws.Machine.Refinement	Effect4.Machine.Refinement.CompositionObligations.projects_compose
proved	Effect4.Laws.Machine.Refinement	Effect4.Machine.Refinement.CompositionObligations.projects_induces_refines
proved	Effect4.Laws.Machine.StoresLaws	Effect4.Machine.M1.StoresLaws.DeferredStore.complete_cells_length
proved	Effect4.Laws.Machine.StoresLaws	Effect4.Machine.M1.StoresLaws.syncOpStep_deferredCompleteWith
proved	Effect4.Laws.Machine.StoresLaws	Effect4.Machine.M1.StoresLaws.syncOpStep_deferredInterruptWith
proved	Effect4.Laws.Machine.StoresLaws	Effect4.Machine.M1.StoresLaws.syncOpStep_memoBuild
proved	Effect4.Laws.Machine.StoresLaws	Effect4.Machine.M1.StoresLaws.syncOpStep_memoComplete_some
proved	Effect4.Laws.Machine.StoresLaws	Effect4.Machine.M1Clock.syncOpStep_clockNow
proved	Effect4.Laws.Machine.Witnesses	Effect4.Machine.Witnesses.M1Witnesses.w10_into_completes_on_failure
proved	Effect4.Laws.Program.Agreement	Effect4.Program.Agreement.M1Origin.withFiberOf_forkLayer
proved	Effect4.Laws.Program.Agreement.Machine	Effect4.Program.Agreement.M1Quiet.complete_quiet
proved	Effect4.Laws.Program.Guard.Core	Effect4.Program.Guard.M1.codeSites_dueResumes
proved	Effect4.Laws.Program.Guard.Core	Effect4.Program.Guard.M1.guardState_storeFresh
proved	Effect4.Laws.Program.Guard.Core	Effect4.Program.Guard.M1.guardState_withState
proved	Effect4.Laws.Program.Guard.Core	Effect4.Program.Guard.M1.guardState_withStoreKeys
proved	Effect4.Laws.Program.Guard.Core	Effect4.Program.Guard.M1Clock.clock_resume_not_external_key
proved	Effect4.Laws.Program.Guard.Core	Effect4.Program.Guard.M1Clock.requestOf_advance_zero
proved	Effect4.Laws.Program.Guard.Core	Effect4.Program.Guard.M1Clock.timer_clockStep_key
proved	Effect4.Laws.Program.Guard.Core	Effect4.Program.Guard.M1Clock.timer_fireNext_key
proved	Effect4.Laws.Program.Guard.Core	Effect4.Program.Guard.M1Completion.deferredKeys_complete_subset
proved	Effect4.Laws.Program.Guard.Core	Effect4.Program.Guard.M1Completion.deferredKeys_due_append
proved	Effect4.Laws.Program.Guard.Core	Effect4.Program.Guard.M1Origin.fiberGuardState_freshChild
proved	Effect4.Laws.Program.Guard.Core	Effect4.Program.Guard.M1Origin.guardQueue_launchEntrant
proved	Effect4.Laws.Program.Guard.Core	Effect4.Program.Guard.M1Origin.guardQueue_spawn
proved	Effect4.Laws.Program.Guard.Core	Effect4.Program.Guard.M1Origin.guardState_launchEntrant
proved	Effect4.Laws.Program.Guard.Core	Effect4.Program.Guard.M1Origin.guardState_spawn
proved	Effect4.Laws.Program.Guard.Core	Effect4.Program.Guard.M1Origin.interruptedAt_launchEntrant
proved	Effect4.Laws.Program.Guard.Core	Effect4.Program.Guard.M1Origin.interruptedAt_spawn
proved	Effect4.Laws.Program.Guard.Core	Effect4.Program.Guard.M1Origin.requestOf_launchEntrant
proved	Effect4.Laws.Program.Guard.Core	Effect4.Program.Guard.M1Origin.requestOf_spawn
proved	Effect4.Laws.Program.Guard.Core	Effect4.Program.Guard.M1Origin.reservedKeys_launchEntrant
proved	Effect4.Laws.Program.Guard.Core	Effect4.Program.Guard.M1Origin.reservedKeys_spawn
proved	Effect4.Laws.Program.Guard.Core	Effect4.Program.Guard.M1Origin.spawn_child_below
proved	Effect4.Laws.Program.Guard.Core	Effect4.Program.Guard.M1Origin.spawn_child_fresh
proved	Effect4.Laws.Program.Guard.Core	Effect4.Program.Guard.M1Origin.spawn_child_lookup
proved	Effect4.Laws.Program.Guard.Core	Effect4.Program.Guard.M1Origin.spawn_child_raceSites
proved	Effect4.Laws.Program.Guard.Core	Effect4.Program.Guard.M1Origin.spawn_machine
proved	Effect4.Laws.Program.Guard.Core	Effect4.Program.Guard.M1Origin.spawn_parent_unchanged
proved	Effect4.Laws.Program.Guard.FrameOwned	Effect4.Program.Guard.FrameOwned.M1.deferred_register_sites
proved	Effect4.Laws.Program.Guard.FrameOwned	Effect4.Program.Guard.FrameOwned.M1.evaluateNative_frameOwned
proved	Effect4.Laws.Program.Guard.FrameOwned	Effect4.Program.Guard.FrameOwned.M1.evaluatePrim_owned
proved	Effect4.Laws.Program.Guard.FrameOwned	Effect4.Program.Guard.FrameOwned.M1.exitScoped_owned
proved	Effect4.Laws.Program.Guard.FrameOwned	Effect4.Program.Guard.FrameOwned.M1.iteration_frameOwned
proved	Effect4.Laws.Program.Guard.FrameOwned	Effect4.Program.Guard.FrameOwned.M1.registerAsync_result_sites
proved	Effect4.Laws.Program.Guard.FrameOwned	Effect4.Program.Guard.FrameOwned.M1.registerAsync_sites
proved	Effect4.Laws.Program.Guard.FrameOwned	Effect4.Program.Guard.FrameOwned.M1Hooks.interruptAsCode_sites
proved	Effect4.Laws.Program.Guard.FrameOwned	Effect4.Program.Guard.FrameOwned.M1Hooks.interruptCode_sites
proved	Effect4.Laws.Program.Guard.FrameOwned	Effect4.Program.Guard.FrameOwned.M1Origin.beginRace_owned
proved	Effect4.Laws.Program.Guard.FrameOwned	Effect4.Program.Guard.FrameOwned.M1Results.closeScopeUnsafe_some_sites
proved	Effect4.Laws.Program.Guard.FrameOwned	Effect4.Program.Guard.FrameOwned.M1Results.countdownPark_result_owned
proved	Effect4.Laws.Program.Guard.NativeState	Effect4.Program.Guard.NativeState.M1.StateStep.store
proved	Effect4.Laws.Program.Guard.NativeState	Effect4.Program.Guard.NativeState.M1.StateStep.storeFresh
proved	Effect4.Laws.Program.Guard.NativeState	Effect4.Program.Guard.NativeState.M1.registerAsync_state
proved	Effect4.Laws.Program.Guard.NativeState	Effect4.Program.Guard.NativeState.M1.registerExternal_storeKeys
proved	Effect4.Laws.Program.Guard.NativeState	Effect4.Program.Guard.NativeState.M1.storeKeys_registerDeferred
proved	Effect4.Laws.Program.Guard.NativeState	Effect4.Program.Guard.NativeState.M1.storeKeys_sleep
proved	Effect4.Laws.Program.Guard.NativeState	Effect4.Program.Guard.NativeState.M1Origin.StateStep.beginRace
proved	Effect4.Laws.Program.Guard.NativeState	Effect4.Program.Guard.NativeState.M1Origin.StateStep.spawn
proved	Effect4.Laws.Program.Guard.NativeState	Effect4.Program.Guard.NativeState.M1Results.countdown
proved	Effect4.Laws.Program.Guard.NativeState	Effect4.Program.Guard.NativeState.M1Results.registerAsync
proved	Effect4.Laws.Program.Guard.NativeStateLinks	Effect4.Program.Guard.NativeStateLinks.M1Origin.Links.beginRace
proved	Effect4.Laws.Program.Guard.NativeStateLinks	Effect4.Program.Guard.NativeStateLinks.M1Origin.Links.spawn
proved	Effect4.Laws.Program.Guard.OuterDriver	Effect4.Program.Guard.OuterDriver.M1Clock.advanceState_preserved
proved	Effect4.Laws.Program.Guard.OuterDriver	Effect4.Program.Guard.OuterDriver.M1Clock.advanceTick_preserved
proved	Effect4.Laws.Program.Guard.OuterDriver	Effect4.Program.Guard.OuterDriver.M1Clock.clockStep_owed_facts
proved	Effect4.Laws.Program.Guard.OuterDriver	Effect4.Program.Guard.OuterDriver.M1Clock.clockStep_preserved
proved	Effect4.Laws.Program.Guard.OuterDriver	Effect4.Program.Guard.OuterDriver.M1Clock.guardState_advanceState
proved	Effect4.Laws.Program.Guard.OuterDriver	Effect4.Program.Guard.OuterDriver.M1Clock.interruptedAt_advanceState
proved	Effect4.Laws.Program.Guard.OuterDriver	Effect4.Program.Guard.OuterDriver.M1Clock.requestOrInterrupted_advanceState
proved	Effect4.Laws.Program.Guard.OuterDriver	Effect4.Program.Guard.OuterDriver.M1Clock.reservedKeys_advanceState
proved	Effect4.Laws.Program.Guard.OuterDriver	Effect4.Program.Guard.OuterDriver.M1Clock.timer_clockStep_keys
proved	Effect4.Laws.Program.Guard.RaceSites	Effect4.Program.Guard.M1Origin.raceCodeOwned_beginRace
proved	Effect4.Laws.Program.Guard.Single	Effect4.Program.Guard.SingleGuard.M1Clock.clockStep_owed_safe
proved	Effect4.Laws.Program.Guard.Single	Effect4.Program.Guard.SingleGuard.M1Clock.clockStep_storeKeys
proved	Effect4.Laws.Program.Guard.Single	Effect4.Program.Guard.SingleGuard.M1Clock.held_advanceState
proved	Effect4.Laws.Program.Guard.Single	Effect4.Program.Guard.SingleGuard.M1Clock.timer_clockStep_keys
proved	Effect4.Laws.Program.Guard.Single	Effect4.Program.Guard.SingleGuard.M1Clock.timer_fireNext_keys
proved	Effect4.Laws.Program.Intro.Weight	Effect4.Program.Sched.M1Origin.actionAt_fork
proved	Effect4.Laws.Program.Intro.Weight	Effect4.Program.Sched.M1Origin.actionAt_forkIn
proved	Effect4.Laws.Program.Intro.Weight	Effect4.Program.Sched.M1Origin.actionAt_not_forkScoped
proved	Effect4.Laws.Program.Intro.Weight	Effect4.Program.Sched.M1Origin.actionAt_raceAll
proved	Effect4.Laws.Program.Simulation.Actions	Effect4.Program.Sched.M1Actions.scopeLinkFiber_ok
proved	Effect4.Laws.Program.Simulation.Actions	Effect4.Program.Sched.M1Origin.beginRace_rel
proved	Effect4.Laws.Program.Simulation.Actions	Effect4.Program.Sched.M1Origin.forkIn_rel
proved	Effect4.Laws.Program.Simulation.Actions	Effect4.Program.Sched.M1Origin.fork_rel
proved	Effect4.Laws.Program.Simulation.Actions	Effect4.Program.Sched.M1Origin.raceAll_rel
proved	Effect4.Laws.Program.Simulation.Actions	Effect4.Program.Sched.M1Origin.spawn_rel
proved	Effect4.Laws.Program.Simulation.Deliver	Effect4.Program.Sched.M1Deliver.storesOk_closeScopeUnsafe
proved	Effect4.Laws.Program.Simulation.Drive	Effect4.Program.Sched.M1Clock.clockStep_frame
proved	Effect4.Laws.Program.Simulation.Drive	Effect4.Program.Sched.M1Clock.clockStep_rel
proved	Effect4.Laws.Program.Simulation.Drive	Effect4.Program.Sched.M1Clock.clockStep_term
proved	Effect4.Laws.Program.Simulation.Drive	Effect4.Program.Sched.M1Drive.clockStep_frame
proved	Effect4.Laws.Program.Simulation.Drive	Effect4.Program.Sched.M1Drive.clockStep_rel
proved	Effect4.Laws.Program.Simulation.Drive	Effect4.Program.Sched.M1Drive.clockStep_term
proved	Effect4.Laws.Program.Simulation.Drive	Effect4.Program.Sched.M1Drive.drain_rel
proved	Effect4.Laws.Program.Simulation.Drive	Effect4.Program.Sched.M1Drive.dropFinalizer_ok
proved	Effect4.Laws.Program.Simulation.Drive	Effect4.Program.Sched.M1Drive.dueResumes_frame
proved	Effect4.Laws.Program.Simulation.Drive	Effect4.Program.Sched.M1Drive.dueResumes_term
proved	Effect4.Laws.Program.Simulation.Evaluate	Effect4.Program.Sched.M1Clock.registerAsyncR_sleep
proved	Effect4.Laws.Program.Simulation.Evaluate	Effect4.Program.Sched.M1Clock.registerAsync_sleep
proved	Effect4.Laws.Program.Simulation.Evaluate	Effect4.Program.Sched.M1Evaluate.registerAsyncR_await
proved	Effect4.Laws.Program.Simulation.Evaluate	Effect4.Program.Sched.M1Evaluate.registerAsync_await
proved	Effect4.Laws.Program.Simulation.Fibers	Effect4.Program.Sched.M1Origin.pendingOk_make
proved	Effect4.Laws.Program.Simulation.Fibers	Effect4.Program.Sched.M1OriginFibers.BMeans_forks
proved	Effect4.Laws.Program.Simulation.Fibers	Effect4.Program.Sched.M1OriginFibers.FMeans_mk'
proved	Effect4.Laws.Program.Simulation.Fibers	Effect4.Program.Sched.M1OriginFibers.fmeans_make
proved	Effect4.Laws.Program.Simulation.Fibers	Effect4.Program.Sched.M1OriginFibers.make_pending_empty
proved	Effect4.Laws.Program.Simulation.Fibers	Effect4.Program.Sched.M1OriginFibers.raceMeans_mk'
proved	Effect4.Laws.Program.Simulation.Fibers	Effect4.Program.Sched.M1OriginFibers.raceMeans_nextSite
proved	Effect4.Laws.Program.Simulation.Hooks	Effect4.Program.Sched.M1Hooks.exit_completion_means
proved	Effect4.Laws.Program.Simulation.Hooks	Effect4.Program.Sched.M1Hooks.storesOk_empty
proved	Effect4.Laws.Program.Simulation.Hooks	Effect4.Program.Sched.M1Hooks.storesOk_syncOpStep
proved	Effect4.Laws.Program.Simulation.Hooks	Effect4.Program.Sched.M1Hooks.storesOk_wakeList
proved	Effect4.Laws.Program.Simulation.Pending	Effect4.Program.Sched.M1PendingOrigin.beginRace_pendingOk
proved	Effect4.Laws.Program.Simulation.Pending	Effect4.Program.Sched.M1PendingOrigin.forkIn_pendingOk
proved	Effect4.Laws.Program.Simulation.Pending	Effect4.Program.Sched.M1PendingOrigin.forkScoped_pendingOk
proved	Effect4.Laws.Program.Simulation.Pending	Effect4.Program.Sched.M1PendingOrigin.fork_pendingOk
proved	Effect4.Laws.Program.Typed.Assembly	Effect4.Program.Typed.M3bAssembly.capture_lookup
proved	Effect4.Laws.Program.Typed.ForkSource	Effect4.Program.Typed.M2ForkSourceWanted.source_fork_extension
proved	Effect4.Laws.Program.Typed.ForkSource	Effect4.Program.Typed.M2ForkSourceWanted.source_fork_originOf
proved	Effect4.Laws.Program.Typed.ProtocolObligations	Effect4.Laws.Effects.D12.bind
proved	Effect4.Laws.Program.Typed.ProtocolObligations	Effect4.Laws.Effects.D12.inl
proved	Effect4.Laws.Program.Typed.ProtocolObligations	Effect4.Laws.Effects.D12.inl_inv
proved	Effect4.Laws.Program.Typed.ProtocolObligations	Effect4.Laws.Effects.D12.inr_inv
proved	Effect4.Laws.Program.Typed.ProtocolObligations	Effect4.Laws.Effects.D12.mono
proved	Effect4.Laws.Program.Typed.ProtocolObligations	Effect4.Laws.Effects.D12.plain_iff
proved	Effect4.Laws.Program.Typed.ProtocolObligations	Effect4.Laws.Effects.D12.pure_inv
proved	Effect4.Laws.Program.Typed.ProtocolObligations	Effect4.Laws.Effects.D12.widen
proved	Effect4.Laws.Program.Typed.Residual	Effect4.Program.Typed.M3aAdmissionObligations.finishFinalizer_payload_inv
proved	Effect4.Laws.Program.Typed.Residual	Effect4.Program.Typed.M3aAdmissionObligations.unguard_payload_inv
proved	Effect4.Laws.Program.Typed.Residual	Effect4.Program.Typed.M3aResidualObligations.settling_fork
proved	Effect4.Laws.Program.Typed.Residual	Effect4.Program.Typed.M3aResidualObligations.settling_mask
proved	Effect4.Laws.Program.Typed.Residual	Effect4.Program.Typed.M3aResidualObligations.settling_ref_allocation
proved	Effect4.Laws.Program.Typed.Residual	Effect4.Program.Typed.M3aResidualObligations.settling_ref_preserves_nat
proved	Effect4.Laws.Program.Typed.Residual	Effect4.Program.Typed.M3bWorld.strongExit_mono
proved	Effect4.Laws.Program.Typed.Residual	Effect4.Program.Typed.M3bWorld.strongValue_mono
proved	Effect4.Laws.Program.Typed.Stack	Effect4.Program.Typed.M4Stack.deliver_active
proved	Effect4.Laws.Program.Typed.Stack	Effect4.Program.Typed.M4Stack.deliver_stale
proved	Effect4.Laws.Program.Typed.Stack	Effect4.Program.Typed.M4Stack.popR_typed
proved	Effect4.Laws.Program.Typed.Stack	Effect4.Program.Typed.M4Stack.saveAnswerR_typed
proved	Effect4.Laws.Program.Typed.Stack	Effect4.Program.Typed.M5Hooks.hookLaws_interpR
proved	Effect4.Laws.Program.Typed.Validity	Effect4.Program.Typed.M2Validity.completionOk_mono
proved	Effect4.Laws.Program.Typed.Validity	Effect4.Program.Typed.M2Validity.completion_transport
proved	Effect4.Laws.Program.Typed.Validity	Effect4.Program.Typed.M2Validity.exitFits_mono
proved	Effect4.Laws.Program.Typed.Validity	Effect4.Program.Typed.M2Validity.heapTypedAt_mono
proved	Effect4.Laws.Program.Typed.Validity	Effect4.Program.Typed.M2Validity.initial_world_valid
proved	Effect4.Laws.Program.Typed.Validity	Effect4.Program.Typed.M2Validity.leHost_base
proved	Effect4.Laws.Program.Typed.Validity	Effect4.Program.Typed.M2Validity.leHost_refl
proved	Effect4.Laws.Program.Typed.Validity	Effect4.Program.Typed.M2Validity.leHost_trans
proved	Effect4.Laws.Program.Typed.Validity	Effect4.Program.Typed.M2Validity.promiseTypedAt_mono
proved	Effect4.Laws.Program.Typed.Validity	Effect4.Program.Typed.M2Validity.ref_completion_live
proved	Effect4.Laws.Program.Typed.Validity	Effect4.Program.Typed.M2Validity.valid_deferredMake_fresh
proved	Effect4.Laws.Program.Typed.Validity	Effect4.Program.Typed.M2Validity.valid_nextToken_fresh
proved	Effect4.Laws.Program.Typed.Validity	Effect4.Program.Typed.M2Validity.valid_refMake_fresh
proved	Effect4.Laws.Program.Typed.Validity	Effect4.Program.Typed.M2Validity.valueOk_mono
proved	Effect4.Laws.Program.Typed.Validity	Effect4.Program.Typed.M2Validity.value_transport
proved	Effect4.Laws.Program.Typed.World	Effect4.Program.Typed.WorldControlWanted.heap_bad
proved	Effect4.Laws.Program.Typed.World	Effect4.Program.Typed.WorldControlWanted.heap_good
proved	Effect4.Laws.Program.Typed.World	Effect4.Program.Typed.WorldControlWanted.invalid_refl
proved	Effect4.Laws.Program.Typed.World	Effect4.Program.Typed.WorldControlWanted.stores_ordered
proved	Effect4.Laws.Program.Typed.World	Effect4.Program.Typed.WorldControlWanted.world_order_refuses
proved	Effect4.Laws.Program.Typed.World	Effect4.Program.Typed.WorldWanted.deferredMake_extension
proved	Effect4.Laws.Program.Typed.World	Effect4.Program.Typed.WorldWanted.fork_extension
proved	Effect4.Laws.Program.Typed.World	Effect4.Program.Typed.WorldWanted.heapNat_iff
proved	Effect4.Laws.Program.Typed.World	Effect4.Program.Typed.WorldWanted.heapNotMonotone
proved	Effect4.Laws.Program.Typed.World	Effect4.Program.Typed.WorldWanted.heap_coverage_iff
proved	Effect4.Laws.Program.Typed.World	Effect4.Program.Typed.WorldWanted.heap_typed_at_mono
proved	Effect4.Laws.Program.Typed.World	Effect4.Program.Typed.WorldWanted.insert_extends
proved	Effect4.Laws.Program.Typed.World	Effect4.Program.Typed.WorldWanted.insert_here
proved	Effect4.Laws.Program.Typed.World	Effect4.Program.Typed.WorldWanted.insert_other
proved	Effect4.Laws.Program.Typed.World	Effect4.Program.Typed.WorldWanted.memoBuild_extension
proved	Effect4.Laws.Program.Typed.World	Effect4.Program.Typed.WorldWanted.order_refl
proved	Effect4.Laws.Program.Typed.World	Effect4.Program.Typed.WorldWanted.order_trans
proved	Effect4.Laws.Program.Typed.World	Effect4.Program.Typed.WorldWanted.park_extension
proved	Effect4.Laws.Program.Typed.World	Effect4.Program.Typed.WorldWanted.promise_coverage_iff
proved	Effect4.Laws.Program.Typed.World	Effect4.Program.Typed.WorldWanted.promise_typed_at_mono
proved	Effect4.Laws.Program.Typed.World	Effect4.Program.Typed.WorldWanted.protocol_order
proved	Effect4.Laws.Program.Typed.World	Effect4.Program.Typed.WorldWanted.refMake_extension
proved	Effect4.Laws.Program.Typed.World	Effect4.Program.Typed.WorldWanted.ref_completion_inv
proved	Effect4.Laws.Program.Typed.World	Effect4.Program.Typed.WorldWanted.table_refl
proved	Effect4.Laws.Program.Typed.World	Effect4.Program.Typed.WorldWanted.table_trans
proved	Effect4.Laws.Run	Effect4.Run.M1Trace.observe_replace_trace
wanted	Effect4.Laws.Program.Guard.Handshake	Effect4.Program.Guard.M4Handshake.parkHandshake_reachable
wanted	Effect4.Laws.Program.Typed.Assembly	Effect4.Program.Typed.M3bAssembly.typedState_load
wanted	Effect4.Laws.Program.Typed.Assembly	Effect4.Program.Typed.M6Ledger.decision_preserves
wanted	Effect4.Laws.Program.Typed.Assembly	Effect4.Program.Typed.M6Ledger.step_afterInterrupt
wanted	Effect4.Laws.Program.Typed.Assembly	Effect4.Program.Typed.M6Ledger.step_closeParAwait
wanted	Effect4.Laws.Program.Typed.Assembly	Effect4.Program.Typed.M6Ledger.step_deliver
wanted	Effect4.Laws.Program.Typed.Assembly	Effect4.Program.Typed.M6Ledger.step_drainDue
wanted	Effect4.Laws.Program.Typed.Assembly	Effect4.Program.Typed.M6Ledger.step_enrollRace
wanted	Effect4.Laws.Program.Typed.Assembly	Effect4.Program.Typed.M6Ledger.step_evaluate
wanted	Effect4.Laws.Program.Typed.Assembly	Effect4.Program.Typed.M6Ledger.step_exitDone
wanted	Effect4.Laws.Program.Typed.Assembly	Effect4.Program.Typed.M6Ledger.step_finish
wanted	Effect4.Laws.Program.Typed.Assembly	Effect4.Program.Typed.M6Ledger.step_interruptTarget
wanted	Effect4.Laws.Program.Typed.Assembly	Effect4.Program.Typed.M6Ledger.step_launch
wanted	Effect4.Laws.Program.Typed.Assembly	Effect4.Program.Typed.M6Ledger.step_link
wanted	Effect4.Laws.Program.Typed.Assembly	Effect4.Program.Typed.M6Ledger.step_loop
wanted	Effect4.Laws.Program.Typed.Assembly	Effect4.Program.Typed.M6Ledger.step_observe
wanted	Effect4.Laws.Program.Typed.Assembly	Effect4.Program.Typed.M6Ledger.step_raceCancel
wanted	Effect4.Laws.Program.Typed.Assembly	Effect4.Program.Typed.M6Ledger.step_registrationDone
wanted	Effect4.Laws.Program.Typed.Assembly	Effect4.Program.Typed.M6Ledger.step_resume
wanted	Effect4.Laws.Program.Typed.Assembly	Effect4.Program.Typed.M6Ledger.step_trackChild
wanted	Effect4.Laws.Program.Typed.Assembly	Effect4.Program.Typed.M6Ledger.step_wake
wanted	Effect4.Laws.Program.Typed.Assembly	Effect4.Program.Typed.M6Ledger.typedState_reachable
wanted	Effect4.Laws.Program.Typed.Residual	Effect4.Program.Typed.M3bWorld.typedProg_mono
