#exhaustive_gate Effect4.Program.Term (family [Effect4.Program.Term,
 Effect4.Program.Terms]) under Effect4: 34 match(es) read it, 29 with no catch-all — appending a constructor refuses exactly those
  Effect4.Api.TestClock.dilateAlgebra	Effect4.Api.TestClock	Effect4.Api.TestClock.dilateAlgebra.match_1	discr 1	alts 2	catchAll true
  Effect4.Program.pairArgs?	Effect4.Codegen.PrintLeaf	Effect4.Program.pairArgs?.match_1	discr 0	alts 2	catchAll true
  Effect4.Program.printTerm	Effect4.Codegen.PrintLeaf	Effect4.Program.printTerm.match_1	discr 0	alts 3	catchAll false
  Effect4.Program.printTerms	Effect4.Codegen.PrintLeaf	Effect4.Program.printTerms.match_1	discr 0	alts 2	catchAll false
  Effect4.Program.Terms.names?	Effect4.Codegen.Read	Effect4.Program.Terms.names?.match_1	discr 0	alts 4	catchAll false
  Effect4.Program.noRow	Effect4.Codegen.Read	Effect4.Program.noRow.match_1	discr 0	alts 2	catchAll false
  Effect4.Program.readLiteral	Effect4.Codegen.Read	Effect4.Program.readLiteral.match_1	discr 0	alts 2	catchAll true
  Effect4.Program.tupleRequestReadable	Effect4.Codegen.Read	Effect4.Program.tupleRequestReadable.match_1	discr 0	alts 3	catchAll true
  Effect4.Program.Terms.names?.hom	Effect4.Laws.Program.Folds.Term	Effect4.Program.Terms.names?.match_1	discr 0	alts 4	catchAll false
  Effect4.Program.Terms.toList.hom	Effect4.Laws.Program.Folds.Term	Effect4.Program.Terms.toList.match_1	discr 0	alts 2	catchAll false
  Effect4.Program.argTy.hom	Effect4.Laws.Program.Folds.Term	Effect4.Program.argTy.match_1	discr 0	alts 3	catchAll false
  Effect4.Program.argTy.hom	Effect4.Laws.Program.Folds.Term	Effect4.Program.argsTy.match_1	discr 0	alts 2	catchAll false
  Effect4.Program.noRow.alg	Effect4.Laws.Program.Folds.Term	Effect4.Program.noRow.match_1	discr 0	alts 2	catchAll false
  Effect4.Program.noRow.hom	Effect4.Laws.Program.Folds.Term	Effect4.Program.noRow.match_1	discr 0	alts 2	catchAll false
  Effect4.Program.Term.scoped	Effect4.Machine.Term	Effect4.Program.Term.scoped.match_1	discr 0	alts 3	catchAll false
  Effect4.Program.Terms.scoped	Effect4.Machine.Term	Effect4.Program.Terms.toList.match_1	discr 0	alts 2	catchAll false
  Effect4.Program.Terms.toList	Effect4.Machine.Term	Effect4.Program.Terms.toList.match_1	discr 0	alts 2	catchAll false
  Effect4.Program.evalTerm	Effect4.Machine.Term	Effect4.Program.Term.scoped.match_1	discr 0	alts 3	catchAll false
  Effect4.Program.evalTerms	Effect4.Machine.Term	Effect4.Program.Terms.toList.match_1	discr 0	alts 2	catchAll false
  Effect4.Program.Term.weaken	Effect4.Program.Eff	Effect4.Program.Term.weaken.match_1	discr 0	alts 3	catchAll false
  Effect4.Program.Terms.weaken	Effect4.Program.Eff	Effect4.Program.Terms.weaken.match_1	discr 0	alts 2	catchAll false
  Effect4.Program.cata_term	Effect4.Program.Fold	Effect4.Program.cata_term.match_1	discr 0	alts 3	catchAll false
  Effect4.Program.cata_terms	Effect4.Program.Fold	Effect4.Program.cata_terms.match_1	discr 0	alts 2	catchAll false
  Effect4.Program.foldM_term	Effect4.Program.Fold	Effect4.Program.cata_term.match_1	discr 0	alts 3	catchAll false
  Effect4.Program.foldM_terms	Effect4.Program.Fold	Effect4.Program.cata_terms.match_1	discr 0	alts 2	catchAll false
  Effect4.Program.foldMapAt_term	Effect4.Program.Fold	Effect4.Program.cata_term.match_1	discr 0	alts 3	catchAll false
  Effect4.Program.foldMapAt_terms	Effect4.Program.Fold	Effect4.Program.cata_terms.match_1	discr 0	alts 2	catchAll false
  Effect4.Program.foldMap_term	Effect4.Program.Fold	Effect4.Program.cata_term.match_1	discr 0	alts 3	catchAll false
  Effect4.Program.foldMap_terms	Effect4.Program.Fold	Effect4.Program.cata_terms.match_1	discr 0	alts 2	catchAll false
  Effect4.Program.argTy	Effect4.Program.Typing.Rules	Effect4.Program.argTy.match_1	discr 0	alts 3	catchAll false
  Effect4.Program.argsTy	Effect4.Program.Typing.Rules	Effect4.Program.argsTy.match_1	discr 0	alts 2	catchAll false
  Effect4.Program.tagTest?	Effect4.Program.Typing.Rules	Effect4.Program.tagTest?.match_1	discr 0	alts 2	catchAll true
  Effect4.Store.ProgramGen.TermC.toValTerm	Effect4.Store.Domain.Derived.Program	Effect4.Store.ProgramGen.TermC.toValTerm.match_1	discr 0	alts 3	catchAll false
  Effect4.Store.ProgramGen.TermC.toValTerms	Effect4.Store.Domain.Derived.Program	Effect4.Store.ProgramGen.TermC.toValTerms.match_1	discr 0	alts 2	catchAll false
#exhaustive_gate Effect4.Program.Terms (family [Effect4.Program.Term,
 Effect4.Program.Terms]) under Effect4: 34 match(es) read it, 29 with no catch-all — appending a constructor refuses exactly those
  Effect4.Api.TestClock.dilateAlgebra	Effect4.Api.TestClock	Effect4.Api.TestClock.dilateAlgebra.match_1	discr 1	alts 2	catchAll true
  Effect4.Program.pairArgs?	Effect4.Codegen.PrintLeaf	Effect4.Program.pairArgs?.match_1	discr 0	alts 2	catchAll true
  Effect4.Program.printTerm	Effect4.Codegen.PrintLeaf	Effect4.Program.printTerm.match_1	discr 0	alts 3	catchAll false
  Effect4.Program.printTerms	Effect4.Codegen.PrintLeaf	Effect4.Program.printTerms.match_1	discr 0	alts 2	catchAll false
  Effect4.Program.Terms.names?	Effect4.Codegen.Read	Effect4.Program.Terms.names?.match_1	discr 0	alts 4	catchAll false
  Effect4.Program.noRow	Effect4.Codegen.Read	Effect4.Program.noRow.match_1	discr 0	alts 2	catchAll false
  Effect4.Program.readLiteral	Effect4.Codegen.Read	Effect4.Program.readLiteral.match_1	discr 0	alts 2	catchAll true
  Effect4.Program.tupleRequestReadable	Effect4.Codegen.Read	Effect4.Program.tupleRequestReadable.match_1	discr 0	alts 3	catchAll true
  Effect4.Program.Terms.names?.hom	Effect4.Laws.Program.Folds.Term	Effect4.Program.Terms.names?.match_1	discr 0	alts 4	catchAll false
  Effect4.Program.Terms.toList.hom	Effect4.Laws.Program.Folds.Term	Effect4.Program.Terms.toList.match_1	discr 0	alts 2	catchAll false
  Effect4.Program.argTy.hom	Effect4.Laws.Program.Folds.Term	Effect4.Program.argTy.match_1	discr 0	alts 3	catchAll false
  Effect4.Program.argTy.hom	Effect4.Laws.Program.Folds.Term	Effect4.Program.argsTy.match_1	discr 0	alts 2	catchAll false
  Effect4.Program.noRow.alg	Effect4.Laws.Program.Folds.Term	Effect4.Program.noRow.match_1	discr 0	alts 2	catchAll false
  Effect4.Program.noRow.hom	Effect4.Laws.Program.Folds.Term	Effect4.Program.noRow.match_1	discr 0	alts 2	catchAll false
  Effect4.Program.Term.scoped	Effect4.Machine.Term	Effect4.Program.Term.scoped.match_1	discr 0	alts 3	catchAll false
  Effect4.Program.Terms.scoped	Effect4.Machine.Term	Effect4.Program.Terms.toList.match_1	discr 0	alts 2	catchAll false
  Effect4.Program.Terms.toList	Effect4.Machine.Term	Effect4.Program.Terms.toList.match_1	discr 0	alts 2	catchAll false
  Effect4.Program.evalTerm	Effect4.Machine.Term	Effect4.Program.Term.scoped.match_1	discr 0	alts 3	catchAll false
  Effect4.Program.evalTerms	Effect4.Machine.Term	Effect4.Program.Terms.toList.match_1	discr 0	alts 2	catchAll false
  Effect4.Program.Term.weaken	Effect4.Program.Eff	Effect4.Program.Term.weaken.match_1	discr 0	alts 3	catchAll false
  Effect4.Program.Terms.weaken	Effect4.Program.Eff	Effect4.Program.Terms.weaken.match_1	discr 0	alts 2	catchAll false
  Effect4.Program.cata_term	Effect4.Program.Fold	Effect4.Program.cata_term.match_1	discr 0	alts 3	catchAll false
  Effect4.Program.cata_terms	Effect4.Program.Fold	Effect4.Program.cata_terms.match_1	discr 0	alts 2	catchAll false
  Effect4.Program.foldM_term	Effect4.Program.Fold	Effect4.Program.cata_term.match_1	discr 0	alts 3	catchAll false
  Effect4.Program.foldM_terms	Effect4.Program.Fold	Effect4.Program.cata_terms.match_1	discr 0	alts 2	catchAll false
  Effect4.Program.foldMapAt_term	Effect4.Program.Fold	Effect4.Program.cata_term.match_1	discr 0	alts 3	catchAll false
  Effect4.Program.foldMapAt_terms	Effect4.Program.Fold	Effect4.Program.cata_terms.match_1	discr 0	alts 2	catchAll false
  Effect4.Program.foldMap_term	Effect4.Program.Fold	Effect4.Program.cata_term.match_1	discr 0	alts 3	catchAll false
  Effect4.Program.foldMap_terms	Effect4.Program.Fold	Effect4.Program.cata_terms.match_1	discr 0	alts 2	catchAll false
  Effect4.Program.argTy	Effect4.Program.Typing.Rules	Effect4.Program.argTy.match_1	discr 0	alts 3	catchAll false
  Effect4.Program.argsTy	Effect4.Program.Typing.Rules	Effect4.Program.argsTy.match_1	discr 0	alts 2	catchAll false
  Effect4.Program.tagTest?	Effect4.Program.Typing.Rules	Effect4.Program.tagTest?.match_1	discr 0	alts 2	catchAll true
  Effect4.Store.ProgramGen.TermC.toValTerm	Effect4.Store.Domain.Derived.Program	Effect4.Store.ProgramGen.TermC.toValTerm.match_1	discr 0	alts 3	catchAll false
  Effect4.Store.ProgramGen.TermC.toValTerms	Effect4.Store.Domain.Derived.Program	Effect4.Store.ProgramGen.TermC.toValTerms.match_1	discr 0	alts 2	catchAll false
#exhaustive_gate Effect4.Program.NativeAtom (family [Effect4.Program.NativeAtom]) under Effect4: 3 match(es) read it, 3 with no catch-all — appending a constructor refuses exactly those
  Effect4.Program.NativeAtom.eval	Effect4.Machine.Term	Effect4.Program.NativeAtom.eval.match_3	discr 0	alts 68	catchAll false
  Effect4.Program.NativeAtom.row	Effect4.Machine.Term	Effect4.Program.NativeAtom.row.match_1	discr 0	alts 33	catchAll false
  Effect4.Program.NativeAtom.spec	Effect4.Program.NativeAtom	Effect4.Program.NativeAtom.spec.match_1	discr 0	alts 33	catchAll false
#exhaustive_gate Effect4.Program.NativeAtom.CustomScheme (family [Effect4.Program.NativeAtom.CustomScheme]) under Effect4: 3 match(es) read it, 3 with no catch-all — appending a constructor refuses exactly those
  Effect4.Program.NativeAtom.CustomScheme.apply	Effect4.Program.NativeAtom	Effect4.Program.NativeAtom.instReprCustomScheme.repr.match_1	discr 0	alts 3	catchAll false
  Effect4.Program.NativeAtom.CustomScheme.declaredArity	Effect4.Program.NativeAtom	Effect4.Program.NativeAtom.instReprCustomScheme.repr.match_1	discr 0	alts 3	catchAll false
  Effect4.Program.NativeAtom.instReprCustomScheme.repr	Effect4.Program.NativeAtom	Effect4.Program.NativeAtom.instReprCustomScheme.repr.match_1	discr 0	alts 3	catchAll false
#exhaustive_gate Effect4.Program.Decision (family [Effect4.Program.Decision]) under Effect4: 7 match(es) read it, 7 with no catch-all — appending a constructor refuses exactly those
  Effect4.Program.Decision.arms	Effect4.Program.Decision	Effect4.Program.Decision.arms.match_4	discr 0	alts 3	catchAll false
  Effect4.Program.Decision.binds	Effect4.Program.Decision	Effect4.Program.instReprDecision.repr.match_1	discr 0	alts 3	catchAll false
  Effect4.Program.Decision.decide	Effect4.Program.Decision	Effect4.Program.Decision.decide.match_3	discr 0	alts 6	catchAll false
  Effect4.Program.instReprDecision.repr	Effect4.Program.Decision	Effect4.Program.instReprDecision.repr.match_1	discr 0	alts 3	catchAll false
  Effect4.Program.scopedAlgebra	Effect4.Program.Scoped	Effect4.Program.scopedAlgebra.match_1	discr 0	alts 3	catchAll false
  Effect4.Program.selectRefusal	Effect4.Program.Typing.Blame	Effect4.Program.selectRefusal.match_1	discr 0	alts 3	catchAll false
  Effect4.Store.ProgramGen.DecisionC.toVal	Effect4.Store.Domain.Derived.Program	Effect4.Store.ProgramGen.DecisionC.toVal.match_1	discr 0	alts 3	catchAll false
exit=0 seconds=40
