'SeatR.Positional.canon_map' depends on axioms: [propext]
'SeatR.Positional.mem_canon' depends on axioms: [propext]
'SeatR.Positional.align' depends on axioms: [propext, Quot.sound]
'SeatR.Positional.field_sound' depends on axioms: [propext]
'SeatR.Positional.sound' depends on axioms: [propext, Quot.sound]
'SeatR.Positional.soundArgs' depends on axioms: [propext, Quot.sound]
'SeatR.Positional.termFits' depends on axioms: [propext, Quot.sound]
'SeatR.Positional.recordGet_unsound' depends on axioms: [propext]
'SeatR.Positional.recordGetAt_unsound' depends on axioms: [propext]
'SeatR.Positional.index_blind' depends on axioms: [propext]
'SeatR.Positional.NameOnly.unsound' depends on axioms: [propext]
'SeatR.Positional.union_value_ambiguous' depends on axioms: [propext]
'SeatR.Positional.positional_not_injective' depends on axioms: [propext]
'SeatR.Positional.evalTerm_fold' depends on axioms: [propext, Quot.sound]
'SeatR.Positional.fitsL_length' depends on axioms: [propext]
'SeatR.Positional.fitsL_zip' depends on axioms: [propext]
'SeatR.Positional.zip3_proj' depends on axioms: [propext]
'SeatR.Positional.fitPos_map_map' depends on axioms: [propext]
'SeatR.Positional.lit_sound' depends on axioms: [propext]
'SeatR.Positional.var_sound' depends on axioms: [propext]
'SeatR.Positional.fieldTy_inv' depends on axioms: [propext]
'SeatR.Positional.fitPos_get' depends on axioms: [propext]
'SeatR.Positional.hasTy_record_inv' depends on axioms: [propext]
'SeatR.Positional.checks_eq_map' depends on axioms: [propext]
'SeatR.Positional.canon_checks' depends on axioms: [propext]
exit=0 seconds=1
