# GENERATED by docs/research/2026-10-01-type-language-probe/R/probes/Q3PrintedTypes.lean (seat R)
# id	left	right	renderLeft	renderRight	subLR	subRL	mutantLR	mutantRL
VEC	record/perm	{ readonly a: number; readonly b: string }	{ readonly b: string; readonly a: number }	{ readonly a: number; readonly b: string }	{ readonly b: string; readonly a: number }	true	true	false	false
VEC	record/width	{ readonly a: number; readonly b: string }	{ readonly a: number }	{ readonly a: number; readonly b: string }	{ readonly a: number }	false	false	false	false
VEC	record/names	{ readonly a: number }	{ readonly b: number }	{ readonly a: number }	{ readonly b: number }	false	false	false	false
VEC	record/depth	{ readonly a: "x" }	{ readonly a: string }	{ readonly a: "x" }	{ readonly a: string }	true	false	true	false
VEC	record/factor	{ readonly a: number | string }	{ readonly a: number } | { readonly a: string }	{ readonly a: number | string }	{ readonly a: number } | { readonly a: string }	false	true	false	true
VEC	record/factor-lit	{ readonly a: "x" | "y" }	{ readonly a: "x" } | { readonly a: "y" }	{ readonly a: "x" | "y" }	{ readonly a: "x" } | { readonly a: "y" }	false	true	false	true
VEC	record/nested-perm	{ readonly u: { readonly a: number; readonly b: string }; readonly s: number }	{ readonly s: number; readonly u: { readonly b: string; readonly a: number } }	{ readonly u: { readonly a: number; readonly b: string }; readonly s: number }	{ readonly s: number; readonly u: { readonly b: string; readonly a: number } }	true	true	false	false
VEC	record/nested-width	{ readonly u: { readonly a: number; readonly b: string }; readonly s: number }	{ readonly s: number; readonly u: { readonly a: number } }	{ readonly u: { readonly a: number; readonly b: string }; readonly s: number }	{ readonly s: number; readonly u: { readonly a: number } }	false	false	false	false
VEC	record/tagged-perm	{ readonly _tag: "A"; readonly a: number } | { readonly _tag: "B"; readonly b: string }	{ readonly b: string; readonly _tag: "B" } | { readonly a: number; readonly _tag: "A" }	{ readonly _tag: "A"; readonly a: number } | { readonly _tag: "B"; readonly b: string }	{ readonly b: string; readonly _tag: "B" } | { readonly a: number; readonly _tag: "A" }	true	true	false	false
VEC	record/empty-nat	{}	number	{}	number	false	false	false	false
VEC	record/empty-rec	{}	{ readonly a: number }	{}	{ readonly a: number }	false	false	false	false
VEC	record/prod	{ readonly a: number; readonly b: string }	readonly [number, string]	{ readonly a: number; readonly b: string }	readonly [number, string]	false	false	false	false
VEC	record/unknown	{ readonly a: number; readonly b: string }	unknown	{ readonly a: number; readonly b: string }	unknown	true	false	true	false
VEC	record/never	never	{ readonly a: number; readonly b: string }	never	{ readonly a: number; readonly b: string }	true	false	true	false
VEC	record/option	Option.Option<{ readonly a: number; readonly b: string }>	Option.Option<{ readonly b: string; readonly a: number }>	Option.Option<{ readonly a: number; readonly b: string }>	Option.Option<{ readonly b: string; readonly a: number }>	true	true	false	false
VEC	record/map	Readonly<Record<string, number>>	{ readonly a: number }	Readonly<Record<string, number>>	{ readonly a: number }	false	false	false	false
VEC	control/lit-string	"a"	string	"a"	string	true	false	true	false
VEC	control/nat-string	number	string	number	string	false	false	false	false
VEC	control/union	number | string	number	number | string	number	false	true	false	true
exit=0 seconds=2
