✔ [856/1139] Built ProofGraph.Registry:c.o (977ms)
✔ [1254/1265] Built Test.Program.TypedProgBindRed (3.1s)
✔ [1255/1268] Built Effect4.Laws.Author.Explain (4.4s)
✔ [1256/1269] Built Tools.Semantics (4.6s)
✔ [1258/1270] Built Test.Dogfood.Stage (2.2s)
✔ [1259/1270] Built Test.Program.H2PartOne (3.1s)
✔ [1260/1271] Built Effect4.Laws.Author (3.1s)
✔ [1261/1272] Built Drivers.Semantics (1.1s)
✔ [1262/1272] Built Test.Dogfood.P2HandlerLayers (1.4s)
✔ [1263/1272] Built Test.Program.ProtocolPosts (2.3s)
✔ [1264/1272] Built Test.Dogfood.P1HttpCache (1.9s)
✔ [1266/1272] Built Test.Dogfood.P3WorkerQueue (1.7s)
✔ [1267/1272] Built Test.Dogfood.P4RateLimiter (1.5s)
✔ [1268/1274] Built Effect4.Laws (2.6s)
✔ [1270/1281] Built «semantics-report»:exe (2.1s)
✔ [1271/1281] Built Test.Dogfood.P5LedgerService (1.5s)
✔ [1272/1281] Built Test.Dogfood.Scenario (1.7s)
✔ [1273/1281] Built Test.Audit.ScenarioGate (1.6s)
✔ [1274/1281] Built Test.Dogfood.Scenario.Routing (2.2s)
✔ [1275/1281] Built Test.Dogfood.Scenario.Workers (2.6s)
✔ [1276/1281] Built Test.Program.QueueScenarios (7.9s)
✔ [1277/1281] Built Test.Dogfood.Scenario.Timeout (2.3s)
✔ [1278/1281] Built Test.Dogfood.Scenario.Atomic (3.0s)
✔ [1279/1281] Built Test.Program.QueueTraces (6.1s)
✔ [1280/1281] Built Test.Dogfood.Scenario.QueueWorkers (33s)
✔ [1281/1281] Built Test.Dogfood.Scenario.Tape (2.3s)
Build completed successfully (1281 jobs).
