'Research.Pass.FiberSlice.Proofs.admitD_of_admit' depends on axioms: [propext, Quot.sound]
'Research.Pass.FiberSlice.Proofs.admit_of_admitD' depends on axioms: [propext, Quot.sound]
'Research.Pass.FiberSlice.Proofs.envelope_of_envelopeD' depends on axioms: [propext, Quot.sound]
'Research.Pass.FiberSlice.Proofs.acceptReply_of_acceptReplyD' depends on axioms: [propext, Quot.sound]
'Research.Pass.FiberSlice.Proofs.envelopeD_of_acceptReplyD' depends on axioms: [propext, Quot.sound]
'Research.Pass.FiberSlice.Proofs.acceptReplyD_none_of_acceptReply' depends on axioms: [propext, Quot.sound]
'Research.Pass.FiberSlice.Proofs.preflightD_envelope' depends on axioms: [propext, Quot.sound]
'Research.Pass.FiberSlice.Proofs.submitD_receipt' depends on axioms: [propext, Quot.sound]
'Research.Pass.FiberSlice.Proofs.submitD_machine' depends on axioms: [propext, Quot.sound]
'Research.Pass.FiberSlice.Proofs.applyReplyD_applied' depends on axioms: [propext, Quot.sound]
'Research.Pass.FiberSlice.Proofs.firstRefusal_none' depends on axioms: [propext]
'Research.Pass.FiberSlice.Proofs.fitsAt_hasTy' depends on axioms: [propext, Quot.sound]
'Research.Pass.FiberSlice.Proofs.fits_hasTy' depends on axioms: [propext, Quot.sound]
'Research.Pass.FiberSlice.Proofs.fitsAt_fiberOf' depends on axioms: [propext, Quot.sound]
'Research.Pass.FiberSlice.Proofs.noFiber_some' depends on axioms: [propext]
'Research.Pass.FiberSlice.Proofs.noFiber_of_mem_list' depends on axioms: [propext, Quot.sound]
'Research.Pass.FiberSlice.Proofs.noFiber_of_mem_ctor' depends on axioms: [propext, Quot.sound]
'Research.Pass.FiberSlice.Proofs.noFiber_fiber' depends on axioms: [propext]
'Research.Pass.FiberSlice.Proofs.snapshot_nil_of_noFiber' depends on axioms: [propext, Quot.sound]
'Research.Pass.FiberSlice.Proofs.firstRefusal_of_all_none' does not depend on any axioms
'Research.Pass.FiberSlice.Proofs.fitsAt_none_of_hasTy' depends on axioms: [propext, Quot.sound]
'Research.Pass.FiberSlice.Proofs.admitD_of_admit_none' depends on axioms: [propext, Quot.sound]
'Research.Pass.FiberSlice.Proofs.externalValue_result' depends on axioms: [propext]
'Research.Pass.FiberSlice.Proofs.noFiber_prepared' depends on axioms: [propext]
'Research.Pass.FiberSlice.Proofs.admitD_eq_of_fiberFree' depends on axioms: [propext, Quot.sound]
'Research.Pass.FiberSlice.Proofs.envelopeD_fits' depends on axioms: [propext, Quot.sound]
'Research.Pass.FiberSlice.Proofs.declFits_narrower' depends on axioms: [propext, Quot.sound]
'Research.Pass.FiberSlice.Proofs.fitsAt_narrower' depends on axioms: [propext, Quot.sound]
'Research.Pass.FiberSlice.Proofs.fits_narrower' depends on axioms: [propext, Quot.sound]
'Research.Pass.FiberSlice.Proofs.envelopeD_fits_table' depends on axioms: [propext, Quot.sound]
'Research.Pass.FiberSlice.Proofs.fiberDecl_congr' depends on axioms: [propext, Quot.sound]
exit 0
