/Users/pooks/Dev/lean4-effect4/docs/research/2026-09-30-model-probe/TREE/R1Probe.lean:131:39: error: Variable name `i` is not explicitly referenced.

Hint: The binding can be removed (if unused) or named `_` (if used implicitly). Alternatively, prefix the name with `_` to silence this warning:
  [apply] _i

Note: This linter can be disabled with `set_option linter.unusedVariables false`
/Users/pooks/Dev/lean4-effect4/docs/research/2026-09-30-model-probe/TREE/R1Probe.lean:242:0: error: Expression
  match Api.check greetProgram with
  | Except.error r => r == { path := [0], reason := TypeReason.serviceUnknown greetKey }
  | Except.ok a => false
did not evaluate to `true`
/Users/pooks/Dev/lean4-effect4/docs/research/2026-09-30-model-probe/TREE/R1Probe.lean:261:61: error: Type mismatch
  rfl
has type
  ?m.5 = ?m.5
but is expected to have type
  termTy src.sig env t = termTy nativeSignature env t
/Users/pooks/Dev/lean4-effect4/docs/research/2026-09-30-model-probe/TREE/R1Probe.lean:264:63: error: Type mismatch
  rfl
has type
  ?m.5 = ?m.5
but is expected to have type
  causeTy src.sig env c = causeTy nativeSignature env c
'Effect4.Program.Typed.TreeProbeR1.Source.sig_ofProgramSource' depends on axioms: [propext, Quot.sound]
'Effect4.Program.Typed.TreeProbeR1.Source.sig_rowOf' depends on axioms: [propext, Quot.sound]
'Effect4.Program.Typed.TreeProbeR1.servicesOkB_native' depends on axioms: [propext]
'Effect4.Program.Typed.TreeProbeR1.handlesFitB_native' depends on axioms: [propext, Quot.sound]
'Effect4.Program.Typed.TreeProbeR1.strongValueB_native' depends on axioms: [propext, Quot.sound]
'Effect4.Program.Typed.TreeProbeR1.envTypedB_native' depends on axioms: [propext, Quot.sound]
'Effect4.Program.Typed.TreeProbeR1.pointTypedB_ofProgramSource' depends on axioms: [propext, Quot.sound]
'Effect4.Program.Typed.TreeProbeR1.typedState_load_premise_shape' depends on axioms: [propext, Quot.sound]
'Effect4.Program.Typed.TreeProbeR1.typeOf_premise_ofProgramSource' depends on axioms: [propext, Quot.sound]
'Effect4.Program.Typed.TreeProbeR1.AdmittedProgramB.toTree_ofTree' depends on axioms: [propext, Quot.sound]
'Effect4.Program.Typed.TreeProbeR1.termTy_sig' depends on axioms: [propext, sorryAx, Quot.sound]
'Effect4.Program.Typed.TreeProbeR1.causeTy_sig' depends on axioms: [propext, sorryAx, Quot.sound]
