Effect4.Program.foldMapAt_layer.eq_5: []
_private.Effect4.Laws.Program.Address.0.Effect4.Program.cata_eff.match_1.eq_23: []
Effect4.Program.foldMapAt_stmts.eq_2: []
_private.Effect4.Laws.Program.Address.0.Effect4.Program.cata_eff.match_1.eq_14: []
Effect4.Laws.Auto.ExceptMap.map_bind: []
Effect4.Program.foldMapAt_eff.eq_2: []
Effect4.Program.Node.at_append: [propext]
Effect4.Program.Checker.expect_rebase: []
Effect4.Program.foldMapAt_eff.eq_1: []
Effect4.Laws.Auto.ExceptMap.mapError_map_bind: []
Effect4.Program.foldMapAt_action.eq_15: []
Effect4.Program.foldMapAt_layers.eq_def: []
Effect4.Program.foldMapAt_action.eq_1: []
_private.Effect4.Laws.Program.Address.0.Effect4.Program.cata_eff.match_1.eq_11: []
Effect4.Program.Checker.checkStmts_some_rebase: [propext, Quot.sound]
Effect4.Program.foldMapAt_action.eq_7: []
Effect4.Program.foldMapAt_action_base: [propext]
Effect4.Program.foldMapAt_eff.eq_19: []
_private.Effect4.Laws.Program.Typing.Rebase.0.Effect4.Program.Checker.rowCheck.match_1.eq_1: []
_private.Effect4.Laws.Program.Address.0.Effect4.Program.cata_action.match_1.eq_10: []
Effect4.Program.foldMapAt_action.eq_6: []
_private.Effect4.Laws.Program.Address.0.Effect4.Program.cata_action.match_1.eq_17: []
_private.Effect4.Laws.Program.Address.0.Effect4.Program.cata_layer.match_1.eq_8: []
Effect4.Program.foldMapAt_stmt_hom: [propext]
_private.Effect4.Laws.Program.Typing.Rebase.0.Effect4.Program.Checker.rowCheck.match_1.eq_3: []
Effect4.Program.foldMapAt_action.eq_14: []
Effect4.Program.foldMapAt_eff.eq_20: []
_private.Effect4.Laws.Program.Typing.Rebase.0.Effect4.Program.Checker.rowCheck.match_1.eq_2: []
Effect4.Program.foldMapAt_layer.eq_2: []
_private.Effect4.Laws.Program.Address.0.Effect4.Program.cata_action.match_1.eq_14: []
_private.Effect4.Laws.Program.Address.0.Effect4.Program.cata_layer.match_1.eq_6: []
Effect4.Program.foldMapAt_eff.eq_13: []
Effect4.Program.foldMapAt_layer.eq_1: []
Effect4.Program.foldMapAt_eff.eq_11: []
_private.Effect4.Laws.Program.Address.0.Effect4.Program.cata_layer.match_1.eq_2: []
Effect4.Program.foldMapAt_eff.eq_14: []
Effect4.Program.foldMapAt_action.eq_12: []
Effect4.Program.foldMapAt_stmts_hom: [propext]
Effect4.Program.foldMapAt_eff.eq_17: []
_private.Effect4.Laws.Program.Typing.Rebase.0.Effect4.Program.Checker.term?.match_3.eq_1: []
Effect4.Program.foldMapAt_effs_hom: [propext]
_private.Effect4.Laws.Program.Address.0.Effect4.Program.cata_eff.match_1.eq_22: []
Effect4.Program.Node.envAt.eq_def: [propext, Quot.sound]
_private.Effect4.Laws.Program.Address.0.Effect4.Program.cata_eff.match_1.eq_27: []
_private.Effect4.Laws.Program.Address.0.Effect4.Program.cata_eff.match_1.eq_2: []
_private.Effect4.Laws.Program.Typing.Rebase.0.Effect4.Program.tableEntryAt.match_1.eq_1: [propext]
Effect4.Program.Checker.cause?_rebase: [propext, Quot.sound]
Effect4.Program.foldMapAt_stmt.eq_2: []
Effect4.Program.foldMapAt_stmt_base: [propext]
Effect4.Program.foldMapAt_eff.eq_27: []
_private.Effect4.Laws.Program.Address.0.Effect4.Program.cata_effs.match_1.eq_1: []
Effect4.Program.foldMapAt_layers_hom: [propext]
Effect4.Program.foldMapAt_eff_hom: [propext]
_private.Effect4.Laws.Program.Address.0.Effect4.Program.cata_eff.match_1.eq_18: []
_private.Effect4.Laws.Program.Address.0.Effect4.Program.cata_layer.match_1.eq_9: []
Effect4.Laws.Auto.ExceptMap.map_ite: []
Effect4.Program.Checker.StmtTy.rebase_ret: [propext]
Effect4.Program.Checker.check_rebase: [propext, Quot.sound]
_private.Effect4.Laws.Program.Address.0.Effect4.Program.cata_layers.match_1.eq_2: []
_private.Effect4.Laws.Program.Address.0.Effect4.Program.cata_eff.match_1.eq_21: []
Effect4.Program.foldMapAt_eff.eq_26: []
Effect4.Program.foldMapAt_action.eq_9: []
_private.Effect4.Laws.Program.Address.0.Effect4.Program.cata_action.match_1.eq_1: []
Effect4.Program.foldMapAt_action.eq_4: []
_private.Effect4.Laws.Program.Address.0.Effect4.Program.cata_eff.match_1.eq_16: []
Effect4.Laws.Auto.ExceptMap.mapError_pure: []
Effect4.Program.Checker.checkEffs_rebase: [propext, Quot.sound]
Effect4.Program.foldMapAt_action.eq_10: []
Effect4.Program.Checker.checkLayers_rebase: [propext, Quot.sound]
_private.Effect4.Laws.Program.Address.0.Effect4.Program.cata_eff.match_1.eq_13: []
_private.Effect4.Laws.Program.Address.0.Effect4.Program.cata_eff.match_1.eq_17: []
Effect4.Program.foldMapAt_action.eq_16: []
Effect4.Program.foldMapAt_eff.eq_12: []
Effect4.Program.Checker.StmtTy.rebase_step: [propext]
_private.Effect4.Laws.Program.Address.0.Effect4.Program.cata_layer.match_1.eq_7: []
Effect4.Program.foldMapAt_eff.eq_16: []
_private.Effect4.Laws.Program.Address.0.Effect4.Program.cata_action.match_1.eq_2: []
Effect4.Program.Node.envAt_child: [propext, Quot.sound]
_private.Effect4.Laws.Program.Address.0.Effect4.Program.cata_eff.match_1.eq_12: []
Effect4.Program.foldMapAt_eff.eq_6: []
Effect4.Program.foldMapAt_eff.eq_9: []
_private.Effect4.Laws.Program.Address.0.Effect4.Program.cata_stmt.match_1.eq_5: []
_private.Effect4.Laws.Program.Address.0.Effect4.Program.cata_stmt.match_1.eq_2: []
Effect4.Program.Node.at_child: [propext]
Effect4.Program.Checker.checkStmt_rebase: [propext, Quot.sound]
_private.Effect4.Laws.Program.Address.0.Effect4.Program.cata_action.match_1.eq_15: []
Effect4.Program.foldMapAt_eff.eq_4: []
Effect4.Program.foldMapAt_layers.eq_1: []
_private.Effect4.Laws.Program.Address.0.Effect4.Program.cata_layers.match_1.eq_1: []
Effect4.Program.foldMapAt_effs.eq_1: []
Effect4.Program.foldMapAt_stmt.eq_3: []
Effect4.Program.foldMapAt_eff.eq_def: []
_private.Effect4.Laws.Program.Address.0.Effect4.Program.cata_eff.match_1.eq_4: []
Effect4.Program.foldMapAt_eff_base: [propext]
Effect4.Program.foldMapAt_stmts.eq_1: []
Effect4.Program.foldMapAt_stmts_base: [propext]
Effect4.Program.foldMapAt_effs.eq_2: []
_private.Effect4.Laws.Program.Typing.Rebase.0.Effect4.Program.Checker.term?.match_3.eq_2: []
_private.Effect4.Laws.Program.Address.0.Effect4.Program.cata_eff.match_1.eq_5: []
Effect4.Laws.Auto.ExceptMap.map_throw: []
Effect4.Program.Checker.rowCheck_rebase: [propext, Quot.sound]
_private.Effect4.Laws.Program.Address.0.Effect4.Program.cata_stmts.match_1.eq_2: []
Effect4.Program.foldMapAt_effs.eq_def: []
Effect4.Program.Node.replaceAt_append: [propext, Quot.sound]
Effect4.Program.foldMapAt_eff.eq_25: []
Effect4.Program.foldMapAt_action.eq_2: []
Effect4.Program.Checker.bind_fold_rebase: [propext]
Effect4.Program.foldMapAt_layer.eq_3: []
_private.Effect4.Laws.Program.Address.0.Effect4.Program.cata_stmt.match_1.eq_3: []
Effect4.Program.Checker.checkLayer_rebase: [propext, Quot.sound]
Effect4.Program.foldMapAt_stmt.eq_6: []
Effect4.Program.foldMapAt_eff.eq_21: []
_private.Effect4.Laws.Program.Address.0.Effect4.Program.cata_eff.match_1.eq_10: []
_private.Effect4.Laws.Program.Address.0.Effect4.Program.cata_action.match_1.eq_8: []
Effect4.Program.foldMapAt_action.eq_11: []
Effect4.Program.Node.envAt.eq_2: [propext, Quot.sound]
_private.Effect4.Laws.Program.Address.0.Effect4.Program.cata_action.match_1.eq_4: []
Effect4.Program.foldMapAt_action.eq_17: []
Effect4.Program.foldMapAt_eff.eq_3: []
Effect4.Program.foldMapAt_layer.eq_9: []
_private.Effect4.Laws.Program.Address.0.Effect4.Program.cata_action.match_1.eq_3: []
_private.Effect4.Laws.Program.Address.0.Effect4.Program.cata_effs.match_1.eq_2: []
_private.Effect4.Laws.Program.Address.0.Effect4.Program.cata_action.match_1.eq_6: []
_private.Effect4.Laws.Program.Address.0.Effect4.Program.cata_action.match_1.eq_9: []
Effect4.Program.foldMapAt_eff.eq_7: []
_private.Effect4.Laws.Program.Address.0.Effect4.Program.cata_eff.match_1.eq_24: []
Effect4.Program.foldMapAt_stmt.eq_def: []
_private.Effect4.Laws.Program.Address.0.Effect4.Program.cata_eff.match_1.eq_20: []
_private.Effect4.Laws.Program.Address.0.Effect4.Program.cata_layer.match_1.eq_10: []
_private.Effect4.Laws.Program.Address.0.Effect4.Program.cata_eff.match_1.eq_25: []
_private.Effect4.Laws.Program.Address.0.Effect4.Program.cata_eff.match_1.eq_15: []
_private.Effect4.Laws.Program.Address.0.Effect4.Program.cata_layer.match_1.eq_4: []
_private.Effect4.Laws.Program.Address.0.Effect4.Program.cata_stmts.match_1.eq_1: []
Effect4.Program.foldMapAt_eff.eq_24: []
Effect4.Laws.Auto.ExceptMap.mapError_throw: []
Effect4.Program.Checker.rebase_mk: []
_private.Effect4.Laws.Program.Address.0.Effect4.Program.cata_eff.match_1.eq_19: []
_private.Effect4.Laws.Program.Address.0.Effect4.Program.cata_action.match_1.eq_7: []
Effect4.Program.foldMapAt_stmts.eq_def: []
Effect4.Program.Checker.checkStmts_rebase: [propext, Quot.sound]
_private.Effect4.Laws.Program.Address.0.Effect4.Program.cata_eff.match_1.eq_8: []
_private.Effect4.Laws.Program.Address.0.Effect4.Program.cata_eff.match_1.eq_6: []
_private.Effect4.Laws.Program.Address.0.Effect4.Program.Node.envAt.match_1.eq_2: []
Effect4.Program.foldMapAt_action.eq_8: []
_private.Effect4.Laws.Program.Address.0.Effect4.Program.cata_stmt.match_1.eq_1: []
Effect4.Program.Checker.checkAction_rebase: [propext, Quot.sound]
Effect4.Laws.Auto.ExceptMap.mapError_ite: []
Effect4.Program.Node.envAt.eq_1: [propext, Quot.sound]
_private.Effect4.Laws.Program.Address.0.Effect4.Program.Node.envAt.match_1.eq_1: []
_private.Effect4.Laws.Program.Address.0.Effect4.Program.cata_layer.match_1.eq_3: []
_private.Effect4.Laws.Program.Typing.Rebase.0.Effect4.Program.Checker.rowCheck.match_1.eq_4: []
_private.Effect4.Laws.Program.Address.0.Effect4.Program.cata_eff.match_1.eq_9: []
Effect4.Program.foldMapAt_stmt.eq_4: []
_private.Effect4.Laws.Program.Typing.Rebase.0.Effect4.Program.tableEntryAt.match_1.eq_2: [propext]
Effect4.Program.foldMapAt_effs_base: [propext]
Effect4.Program.foldMapAt_layer.eq_6: []
Effect4.Program.Checker.term?_rebase: [propext, Quot.sound]
Effect4.Program.foldMapAt_stmt.eq_5: []
Effect4.Program.foldMapAt_eff.eq_23: []
Effect4.Laws.Auto.ExceptMap.map_pure: []
Effect4.Program.foldMapAt_action.eq_def: []
Effect4.Program.foldMapAt_action.eq_5: []
_private.Effect4.Laws.Program.Address.0.Effect4.Program.cata_action.match_1.eq_13: []
_private.Effect4.Laws.Program.Address.0.Effect4.Program.cata_stmt.match_1.eq_4: []
Effect4.Program.Node.at_replaceAt_below: [propext]
Effect4.Program.foldMapAt_eff.eq_8: []
_private.Effect4.Laws.Program.Address.0.Effect4.Program.cata_eff.match_1.eq_26: []
Effect4.Program.foldMapAt_action.eq_3: []
_private.Effect4.Laws.Program.Address.0.Effect4.Program.cata_eff.match_1.eq_7: []
_private.Effect4.Laws.Program.Address.0.Effect4.Program.cata_action.match_1.eq_12: []
Effect4.Program.foldMapAt_layer.eq_8: []
Effect4.Program.foldMapAt_layer_hom: [propext]
Effect4.Program.foldMapAt_layer.eq_10: []
Effect4.Program.foldMapAt_eff.eq_18: []
Effect4.Program.foldMapAt_eff.eq_15: []
Effect4.Program.foldMapAt_layers_base: [propext]
Effect4.Program.Table.Entry.rebase.eq_1: []
_private.Effect4.Laws.Program.Address.0.Effect4.Program.cata_stmt.match_1.eq_6: []
_private.Effect4.Laws.Program.Address.0.Effect4.Program.cata_layer.match_1.eq_1: []
Effect4.Program.foldMapAt_stmt.eq_1: []
Effect4.Program.Node.envAt_append: [propext, Quot.sound]
Effect4.Program.tableAt_rebase: [propext, Quot.sound]
Effect4.Program.foldMapAt_layer.eq_7: []
Effect4.Program.foldMapAt_action_hom: [propext]
Effect4.Program.foldMapAt_layer.eq_4: []
Effect4.Laws.Auto.ExceptMap.mapError_bind: []
_private.Effect4.Laws.Program.Address.0.Effect4.Program.cata_layer.match_1.eq_5: []
_private.Effect4.Laws.Program.Address.0.Effect4.Program.cata_eff.match_1.eq_1: []
Effect4.Program.foldMapAt_layers.eq_2: []
Effect4.Program.foldMapAt_eff.eq_5: []
_private.Effect4.Laws.Program.Address.0.Effect4.Program.cata_action.match_1.eq_5: []
Effect4.Program.foldMapAt_eff.eq_22: []
Effect4.Program.foldMapAt_layer.eq_def: []
_private.Effect4.Laws.Program.Address.0.Effect4.Program.cata_eff.match_1.eq_3: []
_private.Effect4.Laws.Program.Address.0.Effect4.Program.cata_action.match_1.eq_11: []
Effect4.Program.foldMapAt_eff.eq_10: []
_private.Effect4.Laws.Program.Typing.Rebase.0.Effect4.Program.Checker.rowCheck.match_1.eq_5: []
Effect4.Program.foldMapAt_layer_base: [propext]
Effect4.Program.foldMapAt_action.eq_13: []
_private.Effect4.Laws.Program.Address.0.Effect4.Program.cata_action.match_1.eq_16: []
PASS: 200 theorem declarations in the three audited modules stay within [propext, Quot.sound]; Author imports no Laws module. Queue body and main tables rebase; changed contexts and the module root remain separate controls.
