'Effect4.Program.Typed.owner_free' depends on axioms: [propext, Quot.sound]
'Effect4.Program.Typed.configTyped_cons_plain' depends on axioms: [propext, Quot.sound]
'Effect4.Program.Typed.interruptTarget_preserves' depends on axioms: [propext, Quot.sound]
'Effect4.Program.Typed.fiberListColumns_sub' depends on axioms: [propext, Quot.sound]
'Effect4.Program.Typed.configTyped_cons_afterAwaitAll' depends on axioms: [propext, Quot.sound]
'Effect4.Program.Typed.raceCancel_preserves' depends on axioms: [propext, Quot.sound]
'Effect4.Program.Typed.rmodify_race?' depends on axioms: [propext]
'Effect4.Program.Typed.enrollRace_preserves' depends on axioms: [propext, Quot.sound]
'Effect4.Program.Typed.commandAuthority_flags' depends on axioms: [propext, Quot.sound]
'Effect4.Program.Typed.configTyped_cons_loop' depends on axioms: [propext, Quot.sound]
'Effect4.Program.Typed.seq_typed_sameError' depends on axioms: [propext, Quot.sound]
'Effect4.Program.Typed.afterInterruptCode_typed' depends on axioms: [propext, Quot.sound]
'Effect4.Program.Typed.commandOwner_update' depends on axioms: [propext, Quot.sound]
'Effect4.Program.Typed.afterInterrupt_preserves' depends on axioms: [propext, Quot.sound]
'Effect4.Program.Typed.commandDelivery_owner' depends on axioms: [propext, Quot.sound]
'Effect4.Program.Typed.configTyped_rupdate_owner' depends on axioms: [propext, Quot.sound]
'Effect4.Program.Typed.sub_union_self_left' depends on axioms: [propext, Quot.sound]
'Effect4.Program.Typed.sub_union_self_right' depends on axioms: [propext, Quot.sound]
'Effect4.Program.Typed.sub_declaredUnion' depends on axioms: [propext, Quot.sound]
'Effect4.Program.Typed.subN_declaredUnion' depends on axioms: [propext, Quot.sound]
'Effect4.Program.Typed.subN_list_exitOf' depends on axioms: [propext, Quot.sound]
'Effect4.Program.Typed.awaitAllPark_typed' depends on axioms: [propext, Quot.sound]
'Effect4.Program.Typed.closeParAwait_preserves' depends on axioms: [propext, Quot.sound]
'Effect4.Program.Typed.M6Ledger.step_interruptTarget.checked' depends on axioms: [propext, Quot.sound]
'Effect4.Program.Typed.M6Ledger.step_raceCancel.checked' depends on axioms: [propext, Quot.sound]
'Effect4.Program.Typed.M6Ledger.step_enrollRace.checked' depends on axioms: [propext, Quot.sound]
'Effect4.Program.Typed.M6Ledger.step_afterInterrupt.checked' depends on axioms: [propext, Quot.sound]
'Effect4.Program.Typed.M6Ledger.step_closeParAwait.checked' depends on axioms: [propext, Quot.sound]
exit 0
