'Effect4.Program.Typed.ExceptView.obs_trans' depends on axioms: [propext]
'Effect4.Program.Typed.countdownAt_except' depends on axioms: [propext, Quot.sound]
'Effect4.Program.Typed.storedObserverOk_except' depends on axioms: [propext, Quot.sound]
'Effect4.Program.Typed.observerCommandOk_except' depends on axioms: [propext, Quot.sound]
'Effect4.Program.Typed.enrollRaceOk_except' depends on axioms: [propext, Quot.sound]
'Effect4.Program.Typed.fiberTyped_except' depends on axioms: [propext, Quot.sound]
'Effect4.Program.Typed.exceptView_rupdate' depends on axioms: [propext, Quot.sound]
'Effect4.Program.Typed.commandDelivery_idle' depends on axioms: [propext, Quot.sound]
'Effect4.Program.Typed.configTyped_replace' depends on axioms: [propext, Quot.sound]
'Effect4.Program.Typed.KeptFields.refl' depends on axioms: [propext]
'Effect4.Program.Typed.KeptFields.trans' depends on axioms: [propext]
'Effect4.Program.Typed.interruptRecord_fields' depends on axioms: [propext, Quot.sound]
'Effect4.Program.Typed.InterruptView.refl' depends on axioms: [propext]
'Effect4.Program.Typed.InterruptView.trans' depends on axioms: [propext]
'Effect4.Program.Typed.InterruptView.emit' depends on axioms: [propext]
'Effect4.Program.Typed.interruptView_rupdate' depends on axioms: [propext, Quot.sound]
'Effect4.Program.Typed.obsView_of_pending' depends on axioms: [propext, Quot.sound]
'Effect4.Program.Typed.configTyped_interruptEach' depends on axioms: [propext, Quot.sound]
'Effect4.Program.Typed.InterruptView.requests' depends on axioms: [propext]
'Effect4.Program.Typed.countdownWalk_view' depends on axioms: [propext]
'Effect4.Program.Typed.countdownWalk_spec' depends on axioms: [propext]
'Effect4.Program.Typed.countdownAt_found' depends on axioms: [propext, Quot.sound]
'Effect4.Program.Typed.countdownAt_of_found' depends on axioms: [propext, Quot.sound]
'Effect4.Program.Typed.countdownPayload_advance' depends on axioms: [propext, Quot.sound]
'Effect4.Program.Typed.countdownPayload_unknown' depends on axioms: [propext, Quot.sound]
'Effect4.Program.Typed.countdownPayload_pinned' depends on axioms: [propext, Quot.sound]
'Effect4.Program.Typed.countdownAt_advance' depends on axioms: [propext, Quot.sound]
'Effect4.Program.Typed.resumePrim_typed' depends on axioms: [propext, Quot.sound]
'Effect4.Program.Typed.configTyped_evaluates' depends on axioms: [propext, Quot.sound]
'Effect4.Program.Typed.fiberTyped_repend' depends on axioms: [propext, Quot.sound]
'Effect4.Program.Typed.rfiber?_emit' depends on axioms: [propext]
'Effect4.Program.Typed.countdown_parked' depends on axioms: [propext, Quot.sound]
'Effect4.Program.Typed.lookupBack_update' depends on axioms: [propext, Quot.sound]
'Effect4.Program.Typed.countdown_of_not_offKey' does not depend on any axioms
'Effect4.Program.Typed.observe_countdown' depends on axioms: [propext, Quot.sound]
'Effect4.Program.Typed.observe_preserves' depends on axioms: [propext, Quot.sound]
'Effect4.Program.Typed.M6Ledger.step_observe.checked' depends on axioms: [propext, Quot.sound]
exit 0
