'Effect4.Program.Typed.configTyped_nil' depends on axioms: [propext, Quot.sound]
'Effect4.Program.Typed.configTyped_drainDue' depends on axioms: [propext, Quot.sound]
'Effect4.Program.Typed.quiet_yield' depends on axioms: [propext]
'Effect4.Program.Typed.edit_yield' depends on axioms: [propext, Quot.sound]
'Effect4.Program.Typed.edit_interrupt' depends on axioms: [propext, Quot.sound]
'Effect4.Program.Typed.prepareAsyncAnswer_running' depends on axioms: [propext, Quot.sound]
'Effect4.Program.Typed.edit_answer' depends on axioms: [propext, Quot.sound]
'Effect4.Program.Typed.requestOfR_update_flags' depends on axioms: [propext, Quot.sound]
'Effect4.Program.Typed.registrationQueue_of_tails' depends on axioms: [propext]
'Effect4.Program.Typed.mem_drain' depends on axioms: [propext, Quot.sound]
'Effect4.Program.Typed.snapshotTyped_drain' depends on axioms: [propext, Quot.sound]
'Effect4.Program.Typed.edit_drain' depends on axioms: [propext, Quot.sound]
'Effect4.Program.Typed.wf_retime' depends on axioms: [propext, Quot.sound]
'Effect4.Program.Typed.edit_clockNone' depends on axioms: [propext, Quot.sound]
'Effect4.Program.Typed.decisionEdits_of_clockSome' depends on axioms: [propext, Quot.sound]
'Effect4.Program.Typed.decisionKeeps_of_steps' depends on axioms: [propext, Quot.sound]
'Effect4.Program.Typed.typedState_reachable_of_steps' depends on axioms: [propext, Quot.sound]
'Effect4.Program.Typed.validIn_of_ok' depends on axioms: [propext, Quot.sound]
'Effect4.Program.Typed.answersValid_of_noHostAnswer' depends on axioms: [propext, Quot.sound]
'Effect4.Program.Typed.exitHandles_valid_of_registered' depends on axioms: [propext, Quot.sound]
'Effect4.Program.Typed.M6Edits.drain.checked' depends on axioms: [propext, Quot.sound]
'Effect4.Program.Typed.M6Edits.yield.checked' depends on axioms: [propext, Quot.sound]
'Effect4.Program.Typed.M6Edits.interrupt.checked' depends on axioms: [propext, Quot.sound]
'Effect4.Program.Typed.M6Edits.clockNone.checked' depends on axioms: [propext, Quot.sound]
'Effect4.Program.Typed.M6Edits.answer.checked' depends on axioms: [propext, Quot.sound]
exit 0
