'Effect4.Program.Typed.rfiber?_id' depends on axioms: [propext]
'Effect4.Program.Typed.rfiber?_mem' depends on axioms: [propext]
'Effect4.Program.Typed.rfiber?_of_mem' depends on axioms: [propext, Quot.sound]
'Effect4.Program.Typed.rfiber?_update' depends on axioms: [propext, Quot.sound]
'Effect4.Program.Typed.rfiber?_update_self' depends on axioms: [propext, Quot.sound]
'Effect4.Program.Typed.rfiber?_update_other' depends on axioms: [propext, Quot.sound]
'Effect4.Program.Typed.mem_rupdate' depends on axioms: [propext, Quot.sound]
'Effect4.Program.Typed.mem_rupdate_of_ne' depends on axioms: [propext, Quot.sound]
'Effect4.Program.Typed.mem_rupdate_self' depends on axioms: [propext, Quot.sound]
'Effect4.Program.Typed.rupdate_ids' depends on axioms: [propext, Quot.sound]
'Effect4.Program.Typed.internalKeys_fibers' depends on axioms: [propext]
'Effect4.Program.Typed.fiberKeys_internal' depends on axioms: [propext, Quot.sound]
'Effect4.Program.Typed.internalKeys_rupdate' depends on axioms: [propext, Quot.sound]
'Effect4.Program.Typed.internalKeys_rupdate_old' depends on axioms: [propext, Quot.sound]
'Effect4.Program.Typed.MachineTyped.wide' depends on axioms: [propext, Quot.sound]
'Effect4.Program.Typed.MachineTyped.fiber' depends on axioms: [propext, Quot.sound]
'Effect4.Program.Typed.machineTyped_of' depends on axioms: [propext, Quot.sound]
'Effect4.Program.Typed.PendingWeaker.refl' does not depend on any axioms
'Effect4.Program.Typed.ObsView.refl' depends on axioms: [propext]
'Effect4.Program.Typed.ObsView.trans' depends on axioms: [propext]
'Effect4.Program.Typed.ObsView.ofLookup' depends on axioms: [propext]
'Effect4.Program.Typed.countdownAt_view' depends on axioms: [propext, Quot.sound]
'Effect4.Program.Typed.storedObserverOk_view' depends on axioms: [propext, Quot.sound]
'Effect4.Program.Typed.observerCommandOk_view' depends on axioms: [propext, Quot.sound]
'Effect4.Program.Typed.enrollRaceOk_view' depends on axioms: [propext, Quot.sound]
'Effect4.Program.Typed.queueOk_transport' depends on axioms: [propext, Quot.sound]
'Effect4.Program.Typed.configTyped_tail' depends on axioms: [propext, Quot.sound]
'Effect4.Program.Typed.ctlView_lookup' depends on axioms: [propext]
'Effect4.Program.Typed.ctlView_lookup_back' depends on axioms: [propext]
'Effect4.Program.Typed.activeAt_view' depends on axioms: [propext]
'Effect4.Program.Typed.commandAuthority_view' depends on axioms: [propext]
'Effect4.Program.Typed.stackReply_congr' depends on axioms: [propext, Quot.sound]
'Effect4.Program.Typed.commandDelivery_view' depends on axioms: [propext, Quot.sound]
'Effect4.Program.Typed.authView_lookup' depends on axioms: [propext]
'Effect4.Program.Typed.commandAuthority_auth' depends on axioms: [propext]
'Effect4.Program.Typed.stackReply_view' depends on axioms: [propext, Quot.sound]
'Effect4.Program.Typed.commandDelivery_stack' depends on axioms: [propext, Quot.sound]
'Effect4.Program.Typed.requestOfR_congr' depends on axioms: [propext]
'Effect4.Program.Typed.requestOfR_of_parked' depends on axioms: [propext]
'Effect4.Program.Typed.requestOfR_of_not_parked' depends on axioms: [propext]
'Effect4.Program.Typed.fiberTyped_transport' depends on axioms: [propext, Quot.sound]
'Effect4.Program.Typed.rfiber?_same' depends on axioms: [propext]
'Effect4.Program.Typed.obsView_rupdate' depends on axioms: [propext, Quot.sound]
'Effect4.Program.Typed.ctlView_rupdate' depends on axioms: [propext, Quot.sound]
'Effect4.Program.Typed.machineWide_rupdate' depends on axioms: [propext, Quot.sound]
'Effect4.Program.Typed.runFiberOk_congr' depends on axioms: [propext]
'Effect4.Program.Typed.QuietEdit.keys' depends on axioms: [propext, Quot.sound]
'Effect4.Program.Typed.configTyped_modify_quiet' depends on axioms: [propext, Quot.sound]
'Effect4.Program.Typed.servicesFit_mono' depends on axioms: [propext, Quot.sound]
'Effect4.Program.Typed.fiberColumnsBelow_world' depends on axioms: [propext, Quot.sound]
'Effect4.Program.Typed.racePayload_world' depends on axioms: [propext, Quot.sound]
'Effect4.Program.Typed.countdownAt_world' depends on axioms: [propext, Quot.sound]
'Effect4.Program.Typed.storedObserverOk_world' depends on axioms: [propext, Quot.sound]
'Effect4.Program.Typed.observerCommandOk_world' depends on axioms: [propext, Quot.sound]
'Effect4.Program.Typed.enrollRaceOk_world' depends on axioms: [propext, Quot.sound]
'Effect4.Program.Typed.stackReply_world' depends on axioms: [propext, Quot.sound]
'Effect4.Program.Typed.commandDelivery_world' depends on axioms: [propext, Quot.sound]
'Effect4.Program.Typed.resumeOk_world' depends on axioms: [propext, Quot.sound]
'Effect4.Program.Typed.rcmdOk_world' depends on axioms: [propext, Quot.sound]
'Effect4.Program.Typed.queueOk_world' depends on axioms: [propext, Quot.sound]
'Effect4.Program.Typed.readCode_world' depends on axioms: [propext, Quot.sound]
'Effect4.Program.Typed.runFiberOk_world' depends on axioms: [propext, Quot.sound]
'Effect4.Program.Typed.fiberTyped_world' depends on axioms: [propext, Quot.sound]
'Effect4.Program.Typed.quiet_children' depends on axioms: [propext]
'Effect4.Program.Typed.quiet_observe' depends on axioms: [propext]
'Effect4.Program.Typed.mem_append_observer' depends on axioms: [propext]
'Effect4.Program.Typed.trackChild_preserves' depends on axioms: [propext, Quot.sound]
'Effect4.Program.Typed.queueOk_cons' depends on axioms: [propext, Quot.sound]
'Effect4.Program.Typed.readCode_cons' depends on axioms: [propext, Quot.sound]
'Effect4.Program.Typed.configTyped_cons_resume' depends on axioms: [propext, Quot.sound]
'Effect4.Program.Typed.configTyped_congr' depends on axioms: [propext, Quot.sound]
'Effect4.Program.Typed.authView_rupdate' depends on axioms: [propext, Quot.sound]
'Effect4.Program.Typed.stackView_rupdate' depends on axioms: [propext, Quot.sound]
'Effect4.Program.Typed.configTyped_emit' depends on axioms: [propext, Quot.sound]
'Effect4.Program.Typed.configTyped_rupdate_gen' depends on axioms: [propext, Quot.sound]
'Effect4.Program.Typed.configTyped_rupdate' depends on axioms: [propext, Quot.sound]
'Effect4.Program.Typed.leHost_restate' depends on axioms: [propext, Quot.sound]
'Effect4.Program.Typed.completionStrong_mono' depends on axioms: [propext, Quot.sound]
'Effect4.Program.Typed.captureTyped_mono' depends on axioms: [propext, Quot.sound]
'Effect4.Program.Typed.finNameOk_world' depends on axioms: [propext, Quot.sound]
'Effect4.Program.Typed.scopeStateOk_world' depends on axioms: [propext, Quot.sound]
'Effect4.Program.Typed.storesOk_world' depends on axioms: [propext, Quot.sound]
'Effect4.Program.Typed.wf_restate' depends on axioms: [propext, Quot.sound]
'Effect4.Program.Typed.machineWide_restate' depends on axioms: [propext, Quot.sound]
'Effect4.Program.Typed.configTyped_restate' depends on axioms: [propext, Quot.sound]
'Effect4.Program.Typed.mem_insert_tasks' depends on axioms: [propext]
'Effect4.Program.Typed.bucketKeys_insert' depends on axioms: [propext, Quot.sound]
'Effect4.Program.Typed.configTyped_postTask' depends on axioms: [propext, Quot.sound]
'Effect4.Program.Typed.postTask_request' depends on axioms: [propext, Quot.sound]
'Effect4.Program.Typed.postTask_isSome' depends on axioms: [propext, Quot.sound]
'Effect4.Program.Typed.owedOk_postTask' depends on axioms: [propext, Quot.sound]
'Effect4.Program.Typed.drainOwed_request' depends on axioms: [propext, Quot.sound]
'Effect4.Program.Typed.configTyped_drainOwed' depends on axioms: [propext, Quot.sound]
'Effect4.Program.Typed.denoteCompletion_typed' depends on axioms: [propext, Quot.sound]
'Effect4.Program.Typed.internalKeys_dueless' depends on axioms: [propext]
'Effect4.Program.Typed.drainDue_preserves' depends on axioms: [propext, Quot.sound]
'Effect4.Program.Typed.FiberTyped.position' depends on axioms: [propext, Quot.sound]
'Effect4.Program.Typed.MachineWide.declared' depends on axioms: [propext, Quot.sound]
'Effect4.Program.Typed.interruptCause_interrupts' depends on axioms: [propext, Quot.sound]
'Effect4.Program.Typed.exitOk_interrupts' depends on axioms: [propext, Quot.sound]
'Effect4.Program.Typed.interruptRecord_shape' depends on axioms: [propext, Quot.sound]
'Effect4.Program.Typed.rfiber?_update_keep' depends on axioms: [propext, Quot.sound]
'Effect4.Program.Typed.commandAuthority_idle' depends on axioms: [propext, Quot.sound]
'Effect4.Program.Typed.fiberTyped_reframe' depends on axioms: [propext, Quot.sound]
'Effect4.Program.Typed.headOk_evaluate' depends on axioms: [propext, Quot.sound]
'Effect4.Program.Typed.configTyped_cons_evaluate' depends on axioms: [propext, Quot.sound]
'Effect4.Program.Typed.configTyped_interruptRecord' depends on axioms: [propext, Quot.sound]
'Effect4.Program.Typed.scopeStateOk_of' depends on axioms: [propext, Quot.sound]
'Effect4.Program.Typed.scopeStateOk_entries' depends on axioms: [propext, Quot.sound]
'Effect4.Program.Typed.scopeStateOk_closed' depends on axioms: [propext, Quot.sound]
'Effect4.Program.Typed.mem_tableInsert' depends on axioms: [propext, Quot.sound]
'Effect4.Program.Typed.entries_addUnsafe' depends on axioms: [propext, Quot.sound]
'Effect4.Program.Typed.scopeStoreOk_setEntry' depends on axioms: [propext, Quot.sound]
'Effect4.Program.Typed.scopeStoreOk_addUnsafe' depends on axioms: [propext, Quot.sound]
'Effect4.Program.Typed.scopeStoreOk_removeFinalizer' depends on axioms: [propext, Quot.sound]
'Effect4.Program.Typed.internalKeys_scopes' depends on axioms: [propext]
'Effect4.Program.Typed.internalKeys_scopes'' depends on axioms: [propext]
'Effect4.Program.Typed.addFinalizer_open_eq' depends on axioms: [propext]
'Effect4.Program.Typed.rmodify_state' depends on axioms: [propext]
'Effect4.Program.Typed.scopeLinkFiber_open' depends on axioms: [propext, Quot.sound]
'Effect4.Program.Typed.link_preserves' depends on axioms: [propext, Quot.sound]
'Effect4.Program.Typed.quiet_untrack' depends on axioms: [propext]
'Effect4.Program.Typed.dropFinalizer_live' depends on axioms: [propext, Quot.sound]
'Effect4.Program.Typed.subN_unknown' depends on axioms: [propext, Quot.sound]
'Effect4.Program.Typed.exitOk_subN' depends on axioms: [propext, Quot.sound]
'Effect4.Program.Typed.failureFits_cause' depends on axioms: [propext, Quot.sound]
'Effect4.Program.Typed.failureFits_of_cause' depends on axioms: [propext, Quot.sound]
'Effect4.Program.Typed.exitOk_failure_append' depends on axioms: [propext, Quot.sound]
'Effect4.Program.Typed.exitOk_causeReasons' depends on axioms: [propext, Quot.sound]
'Effect4.Program.Typed.rrace?_id' depends on axioms: [propext]
'Effect4.Program.Typed.rrace?_updateRace' depends on axioms: [propext, Quot.sound]
'Effect4.Program.Typed.racePayload_complete' depends on axioms: [propext, Quot.sound]
'Effect4.Program.Typed.racePayload_unique' depends on axioms: [propext, Quot.sound]
'Effect4.Program.Typed.rrace?_updateRace_cases' depends on axioms: [propext, Quot.sound]
'Effect4.Program.Typed.rrace?_of_mem' depends on axioms: [propext, Quot.sound]
'Effect4.Program.Typed.internalKeys_updateRace' depends on axioms: [propext, Quot.sound]
'Effect4.Program.Typed.sameFibers_updateRace' depends on axioms: [propext]
'Effect4.Program.Typed.storedObserverOk_updateRace' depends on axioms: [propext, Quot.sound]
'Effect4.Program.Typed.observerCommandOk_updateRace' depends on axioms: [propext, Quot.sound]
'Effect4.Program.Typed.enrollRaceOk_updateRace' depends on axioms: [propext, Quot.sound]
'Effect4.Program.Typed.configTyped_updateRace' depends on axioms: [propext, Quot.sound]
'Effect4.Program.Typed.seq_typed_clean' depends on axioms: [propext, Quot.sound]
'Effect4.Program.Typed.raceSettle_typed' depends on axioms: [propext, Quot.sound]
'Effect4.Program.Typed.raceKey_internal' depends on axioms: [propext, Quot.sound]
'Effect4.Program.Typed.racePayload_settled' depends on axioms: [propext, Quot.sound]
'Effect4.Program.Typed.raceComplete_live' depends on axioms: [propext]
'Effect4.Program.Typed.observe_raceCallback' depends on axioms: [propext, Quot.sound]
'Effect4.Program.Typed.M6Ledger.step_trackChild.checked' depends on axioms: [propext, Quot.sound]
'Effect4.Program.Typed.M6Ledger.step_drainDue.checked' depends on axioms: [propext, Quot.sound]
'Effect4.Program.Typed.M6Ledger.step_link.checked' depends on axioms: [propext, Quot.sound]
exit 0
