✔ [1266/1274] Built Test.Program.TypedProgBindRed (2.6s)
✔ [1267/1274] Built Test.Program.H2PartOne (2.6s)
✔ [1268/1277] Built Effect4.Laws (3.2s)
✔ [1269/1279] Built Test.Dogfood.Stage (1.3s)
✔ [1270/1280] Built Test.Program.ProtocolPosts (2.2s)
✔ [1271/1280] Built Test.Dogfood.Scenario (1.7s)
✔ [1272/1280] Built Test.Dogfood.P5LedgerService (1.3s)
✔ [1273/1280] Built Test.Dogfood.P4RateLimiter (1.6s)
✔ [1274/1281] Built Test.Dogfood.P3WorkerQueue (1.6s)
✔ [1276/1286] Built Test.Dogfood.P2HandlerLayers (1.4s)
✔ [1278/1286] Built Test.Audit.ScenarioGate (1.6s)
✔ [1279/1286] Built Test.Dogfood.P1HttpCache (1.7s)
✔ [1280/1286] Built Test.Dogfood.Scenario.Routing (2.0s)
✔ [1281/1286] Built Test.Dogfood.Scenario.Atomic (2.9s)
✔ [1282/1286] Built Test.Dogfood.Scenario.Workers (2.6s)
✔ [1283/1286] Built Test.Program.QueueTraces (6.3s)
✔ [1284/1286] Built Test.Dogfood.Scenario.Timeout (2.3s)
✔ [1285/1286] Built Test.Dogfood.Scenario.QueueWorkers (33s)
✔ [1286/1286] Built Test.Dogfood.Scenario.Tape (2.9s)
Build completed successfully (1286 jobs).
