# probe: docs/research/2026-10-01-type-language-probe/S/probes/K2Copy.lean
# date: 2026-10-01T19:08:04Z
# command: LEAN_NUM_THREADS=1 lake env lean -M6144 -DwarningAsError=true docs/research/2026-10-01-type-language-probe/S/probes/K2Copy.lean
# toolchain: leanprover/lean4:v4.33.1
# sha256: 1e9d25bbc2c5054bb2d192920af6623a92521d4fd79d7b703c24198e9cf47460
'SeatS.K2.PTy.ind'' does not depend on any axioms
'SeatS.K2.canonF_of_sorted' depends on axioms: [propext, Quot.sound]
'SeatS.K2.canonF_map' depends on axioms: [propext]
'SeatS.K2.ofSchemaL_schema' depends on axioms: [propext, Quot.sound]
'SeatS.K2.ofSchemaExact_exact' depends on axioms: [propext, Quot.sound]
'SeatS.K2.ofSchemaExact_le' depends on axioms: [propext, Quot.sound]
'SeatS.K2.ofSchemaExact_schema' depends on axioms: [propext, Quot.sound]
'SeatS.K2.encodeP_eq_some' depends on axioms: [propext, Quot.sound]
'SeatS.K2.decodeP_of_encodeP' depends on axioms: [propext, Quot.sound]
'SeatS.K2.hasTy_decodeP' depends on axioms: [propext, Quot.sound]
'SeatS.K2.encodeP_injective' depends on axioms: [propext, Quot.sound]
'SeatS.K2.encodeP_sub_of_member' depends on axioms: [propext, Quot.sound]
'SeatS.K2.encodeP_sub' depends on axioms: [propext, Quot.sound]
'SeatS.K2.decodeExactP_exact' depends on axioms: [propext, Quot.sound]
'SeatS.K2.decodeExactP_retract' depends on axioms: [propext, Quot.sound]
'SeatS.K2.decodeExactP_le' depends on axioms: [propext, Quot.sound]
'SeatS.K2.prepared_agrees' depends on axioms: [propext, Quot.sound]
# exit=0 seconds=6
