# probe: docs/research/2026-10-01-type-language-probe/S/probes/K2Copy.lean
# date: 2026-10-01T19:17:13Z
# command: LEAN_NUM_THREADS=1 lake env lean -M6144 -DwarningAsError=true docs/research/2026-10-01-type-language-probe/S/probes/K2Copy.lean
# toolchain: leanprover/lean4:v4.33.1
# sha256: 1e23914ca4759913e7eb3d9aeb0bdaf12dd8c1054cc6bb940e8fa2e215798e44
/Users/pooks/Dev/lean4-effect4-probe-S/docs/research/2026-10-01-type-language-probe/S/probes/K2Copy.lean:951:0: error: Expression
  refusedAt
    (Representation.objects none [] [prop "user" (Representation.objects none [] [prop "age" Schema.number] [])] [])
    ["user", "age"]
did not evaluate to `true`
/Users/pooks/Dev/lean4-effect4-probe-S/docs/research/2026-10-01-type-language-probe/S/probes/K2Copy.lean:963:0: error: Expression
  refusedAt
    (Representation.objects none []
      [prop "a" (Representation.union none [] [rcInt, Schema.undefined] UnionMode.anyOf) true] [])
    ["a", "types[1]"]
did not evaluate to `true`
/Users/pooks/Dev/lean4-effect4-probe-S/docs/research/2026-10-01-type-language-probe/S/probes/K2Copy.lean:988:0: error: Expression
  refusedAt (Representation.number none []) []
did not evaluate to `true`
/Users/pooks/Dev/lean4-effect4-probe-S/docs/research/2026-10-01-type-language-probe/S/probes/K2Copy.lean:1062:2: error: Missing cases:
(PTy.tuple _)
(PTy.app (String.ofByteArray (ByteArray.mk (Array.mk _)) (ByteArray.IsValidUTF8.intro _ _)) _)
PTy.null
PTy.undefined
PTy.number
(further cases omitted, increase `set_option match.maxCounterExamples 5` to see more)
'SeatS.K2.PTy.ind'' does not depend on any axioms
'SeatS.K2.nameLt_irrefl' depends on axioms: [propext, Quot.sound]
'SeatS.K2.nameLt_trans' depends on axioms: [propext, Quot.sound]
'SeatS.K2.nameLt_total' depends on axioms: [propext, Quot.sound]
'SeatS.K2.insF_last' depends on axioms: [propext, Quot.sound]
'SeatS.K2.foldl_insF_of_sorted' depends on axioms: [propext, Quot.sound]
'SeatS.K2.canonF_of_sorted' depends on axioms: [propext, Quot.sound]
'SeatS.K2.insF_map' depends on axioms: [propext]
'SeatS.K2.canonF_map' depends on axioms: [propext]
'SeatS.K2.readProps_cons_plain' depends on axioms: [propext, Quot.sound]
'SeatS.K2.readProps_cons_opt' depends on axioms: [propext, Quot.sound]
'SeatS.K2.readProps_schemaProps' depends on axioms: [propext, Quot.sound]
'SeatS.K2.retract' depends on axioms: [propext, Quot.sound]
'SeatS.K2.ofSchemaL_schema' depends on axioms: [propext, Quot.sound]
'SeatS.K2.ofSchemaExact_exact' depends on axioms: [propext, Quot.sound]
'SeatS.K2.ofSchemaExact_le' depends on axioms: [propext, Quot.sound]
'SeatS.K2.ofSchemaExact_schema' depends on axioms: [propext, Quot.sound]
'SeatS.K2.encodeP_eq_some' depends on axioms: [propext, sorryAx, Quot.sound]
'SeatS.K2.decodeP_of_encodeP' depends on axioms: [propext, sorryAx, Quot.sound]
'SeatS.K2.hasTy_decodeP' depends on axioms: [propext, sorryAx, Quot.sound]
'SeatS.K2.encodeP_injective' depends on axioms: [propext, sorryAx, Quot.sound]
'SeatS.K2.encodeP_sub_of_member' depends on axioms: [propext, sorryAx, Quot.sound]
'SeatS.K2.encodeP_sub' depends on axioms: [propext, sorryAx, Quot.sound]
'SeatS.K2.decodeExactP_exact' depends on axioms: [propext, sorryAx, Quot.sound]
'SeatS.K2.decodeExactP_retract' depends on axioms: [propext, sorryAx, Quot.sound]
'SeatS.K2.decodeExactP_le' depends on axioms: [propext, sorryAx, Quot.sound]
'SeatS.K2.sortedF_iff_names' depends on axioms: [propext, Quot.sound]
'SeatS.K2.sortedF_transfer' depends on axioms: [propext, Quot.sound]
'SeatS.K2.fieldEncoders_names' depends on axioms: [propext, sorryAx, Quot.sound]
'SeatS.K2.fieldDecoders_names' depends on axioms: [propext, sorryAx, Quot.sound]
'SeatS.K2.fieldCheckers_names' depends on axioms: [propext, sorryAx]
'SeatS.K2.prepared_agrees' depends on axioms: [propext, sorryAx, Quot.sound]
# exit=1 seconds=6
