# probe: docs/research/2026-10-01-type-language-probe/S/probes/K2Copy.lean
# date: 2026-10-01T20:00:49Z
# command: LEAN_NUM_THREADS=1 lake env lean -M6144 -DwarningAsError=true docs/research/2026-10-01-type-language-probe/S/probes/K2Copy.lean
# toolchain: leanprover/lean4:v4.33.1
# sha256: 7aa4ec3631ec7efa2062e793998300901e267f53587481e464c901c96f0005d3
'SeatS.K2.PTy.ind'' does not depend on any axioms
'SeatS.K2.nameLt_irrefl' depends on axioms: [propext, Quot.sound]
'SeatS.K2.nameLt_trans' depends on axioms: [propext, Quot.sound]
'SeatS.K2.nameLt_total' depends on axioms: [propext, Quot.sound]
'SeatS.K2.insF_last' depends on axioms: [propext, Quot.sound]
'SeatS.K2.foldl_insF_of_sorted' depends on axioms: [propext, Quot.sound]
'SeatS.K2.canonF_of_sorted' depends on axioms: [propext, Quot.sound]
'SeatS.K2.insF_map' depends on axioms: [propext]
'SeatS.K2.canonF_map' depends on axioms: [propext]
'SeatS.K2.readProps_cons_plain' depends on axioms: [propext, Quot.sound]
'SeatS.K2.readProps_cons_opt' depends on axioms: [propext, Quot.sound]
'SeatS.K2.readProps_schemaProps' depends on axioms: [propext, Quot.sound]
'SeatS.K2.rOption' does not depend on any axioms
'SeatS.K2.rRef' does not depend on any axioms
'SeatS.K2.rResult' does not depend on any axioms
'SeatS.K2.rFiber' does not depend on any axioms
'SeatS.K2.rDeferred' does not depend on any axioms
'SeatS.K2.rCause' does not depend on any axioms
'SeatS.K2.rExit' does not depend on any axioms
'SeatS.K2.rUint8' does not depend on any axioms
'SeatS.K2.readElems_schemaElems' depends on axioms: [propext, Quot.sound]
'SeatS.K2.readArgs_schemaList' depends on axioms: [propext, Quot.sound]
'SeatS.K2.retract' depends on axioms: [propext, Quot.sound]
'SeatS.K2.ofSchemaL_schema' depends on axioms: [propext, Quot.sound]
'SeatS.K2.ofSchemaExact_exact' depends on axioms: [propext, Quot.sound]
'SeatS.K2.ofSchemaExact_le' depends on axioms: [propext, Quot.sound]
'SeatS.K2.ofSchemaExact_schema' depends on axioms: [propext, Quot.sound]
'SeatS.K2.encodeP_eq_some' depends on axioms: [propext, Quot.sound]
'SeatS.K2.decodeP_of_encodeP' depends on axioms: [propext, Quot.sound]
'SeatS.K2.hasTy_decodeP' depends on axioms: [propext, Quot.sound]
'SeatS.K2.adapt_memberP' depends on axioms: [propext, Quot.sound]
'SeatS.K2.encodeP_injective' depends on axioms: [propext, Quot.sound]
'SeatS.K2.encodeP_sub_of_member' depends on axioms: [propext, Quot.sound]
'SeatS.K2.encodeP_sub' depends on axioms: [propext, Quot.sound]
'SeatS.K2.decodeExactP_exact' depends on axioms: [propext, Quot.sound]
'SeatS.K2.decodeExactP_retract' depends on axioms: [propext, Quot.sound]
'SeatS.K2.decodeExactP_le' depends on axioms: [propext, Quot.sound]
'SeatS.K2.sortedF_iff_names' depends on axioms: [propext, Quot.sound]
'SeatS.K2.sortedF_transfer' depends on axioms: [propext, Quot.sound]
'SeatS.K2.fieldEncoders_names' depends on axioms: [propext, Quot.sound]
'SeatS.K2.fieldDecoders_names' depends on axioms: [propext, Quot.sound]
'SeatS.K2.fieldCheckers_names' depends on axioms: [propext]
'SeatS.K2.prepared_agrees' depends on axioms: [propext, Quot.sound]
# exit=0 seconds=9
