# probe: docs/research/2026-10-01-type-language-probe/S/probes/K2Copy.lean
# date: 2026-10-01T19:16:26Z
# command: LEAN_NUM_THREADS=1 lake env lean -M6144 -DwarningAsError=true docs/research/2026-10-01-type-language-probe/S/probes/K2Copy.lean
# toolchain: leanprover/lean4:v4.33.1
# sha256: 3f967b32cb9fcf7fc96d484b1ba1b3b62dc18f682ebf8ced4042c482ed4b54a1
/Users/pooks/Dev/lean4-effect4-probe-S/docs/research/2026-10-01-type-language-probe/S/probes/K2Copy.lean:658:6: error: Type mismatch
  hw
has type
  (!decide (s = "effect/schema/TypeParameter") && !decide (s = "effect/schema/Uint8Array")) = true
but is expected to have type
  ¬s = "effect/schema/TypeParameter"
/Users/pooks/Dev/lean4-effect4-probe-S/docs/research/2026-10-01-type-language-probe/S/probes/K2Copy.lean:660:4: error: Tactic `rfl` failed: The left-hand side
  do
    Except.ok ()
    if reservedId s = true then readReserved s [] else Except.ok (PTy.handle s)
is not definitionally equal to the right-hand side
  Except.ok (PTy.handle s)

case handle
s : String
x✝ : (PTy.handle s).closed = true
hw : (PTy.handle s).wf = true
hs : ¬s = "effect/schema/TypeParameter"
⊢ (do
      Except.ok ()
      if reservedId s = true then readReserved s [] else Except.ok (PTy.handle s)) =
    Except.ok (PTy.handle s)
/Users/pooks/Dev/lean4-effect4-probe-S/docs/research/2026-10-01-type-language-probe/S/probes/K2Copy.lean:664:4: error: Tactic `rfl` failed: The left-hand side
  do
    Except.ok ()
    if reservedId "effect/schema/Option" = true then readReserved "effect/schema/Option" [schema t]
      else Except.map (PTy.app "effect/schema/Option") (readArgs 0 [schema t])
is not definitionally equal to the right-hand side
  Except.ok t.option

case option
t : PTy
ih : RetractMotive t
hc : t.option.closed = true
hw : t.option.wf = true
⊢ (do
      Except.ok ()
      if reservedId "effect/schema/Option" = true then readReserved "effect/schema/Option" [schema t]
        else Except.map (PTy.app "effect/schema/Option") (readArgs 0 [schema t])) =
    Except.ok t.option
/Users/pooks/Dev/lean4-effect4-probe-S/docs/research/2026-10-01-type-language-probe/S/probes/K2Copy.lean:672:4: error: Tactic `rfl` failed: The left-hand side
  do
    Except.ok ()
    if reservedId "effect/schema/Ref" = true then readReserved "effect/schema/Ref" [schema t]
      else Except.map (PTy.app "effect/schema/Ref") (readArgs 0 [schema t])
is not definitionally equal to the right-hand side
  Except.ok t.refOf

case refOf
t : PTy
ih : RetractMotive t
hc : t.refOf.closed = true
hw : t.refOf.wf = true
⊢ (do
      Except.ok ()
      if reservedId "effect/schema/Ref" = true then readReserved "effect/schema/Ref" [schema t]
        else Except.map (PTy.app "effect/schema/Ref") (readArgs 0 [schema t])) =
    Except.ok t.refOf
/Users/pooks/Dev/lean4-effect4-probe-S/docs/research/2026-10-01-type-language-probe/S/probes/K2Copy.lean:676:4: error: Tactic `rfl` failed: The left-hand side
  do
    Except.ok ()
    if reservedId "effect/schema/Cause" = true then
        readReserved "effect/schema/Cause" [schema t, Schema.Bridge.defectRep]
      else Except.map (PTy.app "effect/schema/Cause") (readArgs 0 [schema t, Schema.Bridge.defectRep])
is not definitionally equal to the right-hand side
  Except.ok t.causeOf

case causeOf
t : PTy
ih : RetractMotive t
hc : t.causeOf.closed = true
hw : t.causeOf.wf = true
⊢ (do
      Except.ok ()
      if reservedId "effect/schema/Cause" = true then
          readReserved "effect/schema/Cause" [schema t, Schema.Bridge.defectRep]
        else Except.map (PTy.app "effect/schema/Cause") (readArgs 0 [schema t, Schema.Bridge.defectRep])) =
    Except.ok t.causeOf
/Users/pooks/Dev/lean4-effect4-probe-S/docs/research/2026-10-01-type-language-probe/S/probes/K2Copy.lean:689:4: error: Tactic `rfl` failed: The left-hand side
  do
    Except.ok ()
    if reservedId "effect/schema/Result" = true then readReserved "effect/schema/Result" [schema a, schema e]
      else Except.map (PTy.app "effect/schema/Result") (readArgs 0 [schema a, schema e])
is not definitionally equal to the right-hand side
  Except.ok (e.except a)

case except
e a : PTy
ihe : RetractMotive e
iha : RetractMotive a
hc : e.closed = true ∧ a.closed = true
hw : e.wf = true ∧ a.wf = true
⊢ (do
      Except.ok ()
      if reservedId "effect/schema/Result" = true then readReserved "effect/schema/Result" [schema a, schema e]
        else Except.map (PTy.app "effect/schema/Result") (readArgs 0 [schema a, schema e])) =
    Except.ok (e.except a)
/Users/pooks/Dev/lean4-effect4-probe-S/docs/research/2026-10-01-type-language-probe/S/probes/K2Copy.lean:695:4: error: Tactic `rfl` failed: The left-hand side
  do
    Except.ok ()
    if reservedId "effect/schema/Exit" = true then
        readReserved "effect/schema/Exit" [schema a, schema e, Schema.Bridge.defectRep]
      else Except.map (PTy.app "effect/schema/Exit") (readArgs 0 [schema a, schema e, Schema.Bridge.defectRep])
is not definitionally equal to the right-hand side
  Except.ok (a.exitOf e)

case exitOf
a e : PTy
iha : RetractMotive a
ihe : RetractMotive e
hc : a.closed = true ∧ e.closed = true
hw : a.wf = true ∧ e.wf = true
⊢ (do
      Except.ok ()
      if reservedId "effect/schema/Exit" = true then
          readReserved "effect/schema/Exit" [schema a, schema e, Schema.Bridge.defectRep]
        else Except.map (PTy.app "effect/schema/Exit") (readArgs 0 [schema a, schema e, Schema.Bridge.defectRep])) =
    Except.ok (a.exitOf e)
/Users/pooks/Dev/lean4-effect4-probe-S/docs/research/2026-10-01-type-language-probe/S/probes/K2Copy.lean:701:4: error: Tactic `rfl` failed: The left-hand side
  do
    Except.ok ()
    if reservedId "effect/schema/Fiber" = true then readReserved "effect/schema/Fiber" [schema a, schema e]
      else Except.map (PTy.app "effect/schema/Fiber") (readArgs 0 [schema a, schema e])
is not definitionally equal to the right-hand side
  Except.ok (a.fiberOf e)

case fiberOf
a e : PTy
iha : RetractMotive a
ihe : RetractMotive e
hc : a.closed = true ∧ e.closed = true
hw : a.wf = true ∧ e.wf = true
⊢ (do
      Except.ok ()
      if reservedId "effect/schema/Fiber" = true then readReserved "effect/schema/Fiber" [schema a, schema e]
        else Except.map (PTy.app "effect/schema/Fiber") (readArgs 0 [schema a, schema e])) =
    Except.ok (a.fiberOf e)
/Users/pooks/Dev/lean4-effect4-probe-S/docs/research/2026-10-01-type-language-probe/S/probes/K2Copy.lean:707:4: error: Tactic `rfl` failed: The left-hand side
  do
    Except.ok ()
    if reservedId "effect/schema/Deferred" = true then readReserved "effect/schema/Deferred" [schema a, schema e]
      else Except.map (PTy.app "effect/schema/Deferred") (readArgs 0 [schema a, schema e])
is not definitionally equal to the right-hand side
  Except.ok (a.deferredOf e)

case deferredOf
a e : PTy
iha : RetractMotive a
ihe : RetractMotive e
hc : a.closed = true ∧ e.closed = true
hw : a.wf = true ∧ e.wf = true
⊢ (do
      Except.ok ()
      if reservedId "effect/schema/Deferred" = true then readReserved "effect/schema/Deferred" [schema a, schema e]
        else Except.map (PTy.app "effect/schema/Deferred") (readArgs 0 [schema a, schema e])) =
    Except.ok (a.deferredOf e)
/Users/pooks/Dev/lean4-effect4-probe-S/docs/research/2026-10-01-type-language-probe/S/probes/K2Copy.lean:644:2: error: Alternative `tuple` has not been provided
/Users/pooks/Dev/lean4-effect4-probe-S/docs/research/2026-10-01-type-language-probe/S/probes/K2Copy.lean:644:2: error: Alternative `app` has not been provided
/Users/pooks/Dev/lean4-effect4-probe-S/docs/research/2026-10-01-type-language-probe/S/probes/K2Copy.lean:644:2: error: Alternative `null` has not been provided
/Users/pooks/Dev/lean4-effect4-probe-S/docs/research/2026-10-01-type-language-probe/S/probes/K2Copy.lean:644:2: error: Alternative `undefined` has not been provided
/Users/pooks/Dev/lean4-effect4-probe-S/docs/research/2026-10-01-type-language-probe/S/probes/K2Copy.lean:644:2: error: Alternative `number` has not been provided
/Users/pooks/Dev/lean4-effect4-probe-S/docs/research/2026-10-01-type-language-probe/S/probes/K2Copy.lean:644:2: error: Alternative `bytes` has not been provided
/Users/pooks/Dev/lean4-effect4-probe-S/docs/research/2026-10-01-type-language-probe/S/probes/K2Copy.lean:657:25: error: This simp argument is unused:
  Bool.not_eq_eq_eq_not

Hint: Omit it from the simp argument list.
  [apply] simp only [PTy.wf, Bool.not_true, decide_eq_false_iff_not] at hw

Note: This linter can be disabled with `set_option linter.unusedSimpArgs false`
/Users/pooks/Dev/lean4-effect4-probe-S/docs/research/2026-10-01-type-language-probe/S/probes/K2Copy.lean:657:48: error: This simp argument is unused:
  Bool.not_true

Hint: Omit it from the simp argument list.
  [apply] simp only [PTy.wf, Bool.not_eq_eq_eq_not, decide_eq_false_iff_not] at hw

Note: This linter can be disabled with `set_option linter.unusedSimpArgs false`
/Users/pooks/Dev/lean4-effect4-probe-S/docs/research/2026-10-01-type-language-probe/S/probes/K2Copy.lean:657:63: error: This simp argument is unused:
  decide_eq_false_iff_not

Hint: Omit it from the simp argument list.
  [apply] simp only [PTy.wf, Bool.not_eq_eq_eq_not, Bool.not_true] at hw

Note: This linter can be disabled with `set_option linter.unusedSimpArgs false`
/Users/pooks/Dev/lean4-effect4-probe-S/docs/research/2026-10-01-type-language-probe/S/probes/K2Copy.lean:659:44: error: This simp argument is unused:
  hs

Hint: Omit it from the simp argument list.
  [apply] simp only [schema, ofSchemaL, checkAnn, ↓reduceIte]

Note: This linter can be disabled with `set_option linter.unusedSimpArgs false`
/Users/pooks/Dev/lean4-effect4-probe-S/docs/research/2026-10-01-type-language-probe/S/probes/K2Copy.lean:659:48: error: This simp argument is unused:
  ↓reduceIte

Hint: Omit it from the simp argument list.
  [apply] simp only [schema, ofSchemaL, checkAnn, hs]

Note: This linter can be disabled with `set_option linter.unusedSimpArgs false`
/Users/pooks/Dev/lean4-effect4-probe-S/docs/research/2026-10-01-type-language-probe/S/probes/K2Copy.lean:663:44: error: This simp argument is unused:
  (ih hc).1 hw

Hint: Omit it from the simp argument list.
  [apply] simp only [schema, ofSchemaL, checkAnn]

Note: This linter can be disabled with `set_option linter.unusedSimpArgs false`
/Users/pooks/Dev/lean4-effect4-probe-S/docs/research/2026-10-01-type-language-probe/S/probes/K2Copy.lean:671:44: error: This simp argument is unused:
  (ih hc).1 hw

Hint: Omit it from the simp argument list.
  [apply] simp only [schema, ofSchemaL, checkAnn]

Note: This linter can be disabled with `set_option linter.unusedSimpArgs false`
/Users/pooks/Dev/lean4-effect4-probe-S/docs/research/2026-10-01-type-language-probe/S/probes/K2Copy.lean:675:44: error: This simp argument is unused:
  (ih hc).1 hw

Hint: Omit it from the simp argument list.
  [apply] simp only [schema, ofSchemaL, checkAnn]

Note: This linter can be disabled with `set_option linter.unusedSimpArgs false`
/Users/pooks/Dev/lean4-effect4-probe-S/docs/research/2026-10-01-type-language-probe/S/probes/K2Copy.lean:688:44: error: This simp argument is unused:
  (ihe hc.1).1 hw.1

Hint: Omit it from the simp argument list.
  [apply] simp only [schema, ofSchemaL, checkAnn, (iha hc.2).1 hw.2]

Note: This linter can be disabled with `set_option linter.unusedSimpArgs false`
/Users/pooks/Dev/lean4-effect4-probe-S/docs/research/2026-10-01-type-language-probe/S/probes/K2Copy.lean:688:63: error: This simp argument is unused:
  (iha hc.2).1 hw.2

Hint: Omit it from the simp argument list.
  [apply] simp only [schema, ofSchemaL, checkAnn, (ihe hc.1).1 hw.1]

Note: This linter can be disabled with `set_option linter.unusedSimpArgs false`
/Users/pooks/Dev/lean4-effect4-probe-S/docs/research/2026-10-01-type-language-probe/S/probes/K2Copy.lean:694:44: error: This simp argument is unused:
  (iha hc.1).1 hw.1

Hint: Omit it from the simp argument list.
  [apply] simp only [schema, ofSchemaL, checkAnn, (ihe hc.2).1 hw.2]

Note: This linter can be disabled with `set_option linter.unusedSimpArgs false`
/Users/pooks/Dev/lean4-effect4-probe-S/docs/research/2026-10-01-type-language-probe/S/probes/K2Copy.lean:694:63: error: This simp argument is unused:
  (ihe hc.2).1 hw.2

Hint: Omit it from the simp argument list.
  [apply] simp only [schema, ofSchemaL, checkAnn, (iha hc.1).1 hw.1]

Note: This linter can be disabled with `set_option linter.unusedSimpArgs false`
/Users/pooks/Dev/lean4-effect4-probe-S/docs/research/2026-10-01-type-language-probe/S/probes/K2Copy.lean:700:44: error: This simp argument is unused:
  (iha hc.1).1 hw.1

Hint: Omit it from the simp argument list.
  [apply] simp only [schema, ofSchemaL, checkAnn, (ihe hc.2).1 hw.2]

Note: This linter can be disabled with `set_option linter.unusedSimpArgs false`
/Users/pooks/Dev/lean4-effect4-probe-S/docs/research/2026-10-01-type-language-probe/S/probes/K2Copy.lean:700:63: error: This simp argument is unused:
  (ihe hc.2).1 hw.2

Hint: Omit it from the simp argument list.
  [apply] simp only [schema, ofSchemaL, checkAnn, (iha hc.1).1 hw.1]

Note: This linter can be disabled with `set_option linter.unusedSimpArgs false`
/Users/pooks/Dev/lean4-effect4-probe-S/docs/research/2026-10-01-type-language-probe/S/probes/K2Copy.lean:706:44: error: This simp argument is unused:
  (iha hc.1).1 hw.1

Hint: Omit it from the simp argument list.
  [apply] simp only [schema, ofSchemaL, checkAnn, (ihe hc.2).1 hw.2]

Note: This linter can be disabled with `set_option linter.unusedSimpArgs false`
/Users/pooks/Dev/lean4-effect4-probe-S/docs/research/2026-10-01-type-language-probe/S/probes/K2Copy.lean:706:63: error: This simp argument is unused:
  (ihe hc.2).1 hw.2

Hint: Omit it from the simp argument list.
  [apply] simp only [schema, ofSchemaL, checkAnn, (iha hc.1).1 hw.1]

Note: This linter can be disabled with `set_option linter.unusedSimpArgs false`
/Users/pooks/Dev/lean4-effect4-probe-S/docs/research/2026-10-01-type-language-probe/S/probes/K2Copy.lean:881:0: error: Expression
  refusedAt
    (Representation.objects none [] [prop "user" (Representation.objects none [] [prop "age" Schema.number] [])] [])
    ["user", "age"]
did not evaluate to `true`
/Users/pooks/Dev/lean4-effect4-probe-S/docs/research/2026-10-01-type-language-probe/S/probes/K2Copy.lean:893:0: error: Expression
  refusedAt
    (Representation.objects none []
      [prop "a" (Representation.union none [] [rcInt, Schema.undefined] UnionMode.anyOf) true] [])
    ["a", "types[1]"]
did not evaluate to `true`
/Users/pooks/Dev/lean4-effect4-probe-S/docs/research/2026-10-01-type-language-probe/S/probes/K2Copy.lean:918:0: error: Expression
  refusedAt (Representation.number none []) []
did not evaluate to `true`
/Users/pooks/Dev/lean4-effect4-probe-S/docs/research/2026-10-01-type-language-probe/S/probes/K2Copy.lean:992:2: error: Missing cases:
(PTy.tuple _)
(PTy.app (String.ofByteArray (ByteArray.mk (Array.mk _)) (ByteArray.IsValidUTF8.intro _ _)) _)
PTy.null
PTy.undefined
PTy.number
(further cases omitted, increase `set_option match.maxCounterExamples 5` to see more)
'SeatS.K2.PTy.ind'' does not depend on any axioms
'SeatS.K2.nameLt_irrefl' depends on axioms: [propext, Quot.sound]
'SeatS.K2.nameLt_trans' depends on axioms: [propext, Quot.sound]
'SeatS.K2.nameLt_total' depends on axioms: [propext, Quot.sound]
'SeatS.K2.insF_last' depends on axioms: [propext, Quot.sound]
'SeatS.K2.foldl_insF_of_sorted' depends on axioms: [propext, Quot.sound]
'SeatS.K2.canonF_of_sorted' depends on axioms: [propext, Quot.sound]
'SeatS.K2.insF_map' depends on axioms: [propext]
'SeatS.K2.canonF_map' depends on axioms: [propext]
'SeatS.K2.readProps_cons_plain' depends on axioms: [propext, Quot.sound]
'SeatS.K2.readProps_cons_opt' depends on axioms: [propext, Quot.sound]
'SeatS.K2.readProps_schemaProps' depends on axioms: [propext, Quot.sound]
'SeatS.K2.retract' depends on axioms: [propext, sorryAx, Quot.sound]
'SeatS.K2.ofSchemaL_schema' depends on axioms: [propext, sorryAx, Quot.sound]
'SeatS.K2.ofSchemaExact_exact' depends on axioms: [propext, Quot.sound]
'SeatS.K2.ofSchemaExact_le' depends on axioms: [propext, Quot.sound]
'SeatS.K2.ofSchemaExact_schema' depends on axioms: [propext, sorryAx, Quot.sound]
'SeatS.K2.encodeP_eq_some' depends on axioms: [propext, sorryAx, Quot.sound]
'SeatS.K2.decodeP_of_encodeP' depends on axioms: [propext, sorryAx, Quot.sound]
'SeatS.K2.hasTy_decodeP' depends on axioms: [propext, sorryAx, Quot.sound]
'SeatS.K2.encodeP_injective' depends on axioms: [propext, sorryAx, Quot.sound]
'SeatS.K2.encodeP_sub_of_member' depends on axioms: [propext, sorryAx, Quot.sound]
'SeatS.K2.encodeP_sub' depends on axioms: [propext, sorryAx, Quot.sound]
'SeatS.K2.decodeExactP_exact' depends on axioms: [propext, sorryAx, Quot.sound]
'SeatS.K2.decodeExactP_retract' depends on axioms: [propext, sorryAx, Quot.sound]
'SeatS.K2.decodeExactP_le' depends on axioms: [propext, sorryAx, Quot.sound]
'SeatS.K2.sortedF_iff_names' depends on axioms: [propext, Quot.sound]
'SeatS.K2.sortedF_transfer' depends on axioms: [propext, Quot.sound]
'SeatS.K2.fieldEncoders_names' depends on axioms: [propext, sorryAx, Quot.sound]
'SeatS.K2.fieldDecoders_names' depends on axioms: [propext, sorryAx, Quot.sound]
'SeatS.K2.fieldCheckers_names' depends on axioms: [propext, sorryAx]
'SeatS.K2.prepared_agrees' depends on axioms: [propext, sorryAx, Quot.sound]
# exit=1 seconds=6
