# probe: docs/research/2026-10-01-type-language-probe/S/probes/K2Copy.lean
# date: 2026-10-01T19:00:10Z
# command: LEAN_NUM_THREADS=1 lake env lean -M6144 -DwarningAsError=true docs/research/2026-10-01-type-language-probe/S/probes/K2Copy.lean
# toolchain: leanprover/lean4:v4.33.1
# sha256: d26b10a8700a07349efaf98b59039c1d5316503f155da5ee10d1bcb62f3ccfb1
/Users/pooks/Dev/lean4-effect4-probe-S/docs/research/2026-10-01-type-language-probe/S/probes/K2Copy.lean:1027:12: error(lean.unknownIdentifier): Unknown identifier `Codec.nat?`
/Users/pooks/Dev/lean4-effect4-probe-S/docs/research/2026-10-01-type-language-probe/S/probes/K2Copy.lean:1025:36: error(lean.unknownIdentifier): Unknown identifier `Codec.nat?`
/Users/pooks/Dev/lean4-effect4-probe-S/docs/research/2026-10-01-type-language-probe/S/probes/K2Copy.lean:1028:50: error(lean.invalidDottedIdent): Invalid dotted identifier notation: The expected type of `.number` could not be determined

Hint: Using one of these would be unambiguous:
  [apply] `EnumValue.number`
  [apply] `EnumValueKind.number`
  [apply] `Json.number`
  [apply] `LiteralKind.number`
  [apply] `LiteralValue.number`
  [apply] `PropertyKey.number`
  [apply] `PropertyKeyKind.number`
  [apply] `Representation.number`
  [apply] `RepresentationTag.number`
  [apply] `Schema.number`
  [apply] `Lean.Lsp.SemanticTokenType.number`
  [apply] `Lean.Lsp.SymbolKind.number`
/Users/pooks/Dev/lean4-effect4-probe-S/docs/research/2026-10-01-type-language-probe/S/probes/K2Copy.lean:1052:48: error(lean.unknownIdentifier): Unknown identifier `Codec.tagged`
/Users/pooks/Dev/lean4-effect4-probe-S/docs/research/2026-10-01-type-language-probe/S/probes/K2Copy.lean:1058:54: error(lean.unknownIdentifier): Unknown identifier `Codec.tagged`
/Users/pooks/Dev/lean4-effect4-probe-S/docs/research/2026-10-01-type-language-probe/S/probes/K2Copy.lean:1059:54: error(lean.unknownIdentifier): Unknown identifier `Codec.tagged`
/Users/pooks/Dev/lean4-effect4-probe-S/docs/research/2026-10-01-type-language-probe/S/probes/K2Copy.lean:1060:54: error(lean.unknownIdentifier): Unknown identifier `Codec.tagged`
/Users/pooks/Dev/lean4-effect4-probe-S/docs/research/2026-10-01-type-language-probe/S/probes/K2Copy.lean:1066:4: error(lean.unknownIdentifier): Unknown identifier `Codec.encodeCause`
/Users/pooks/Dev/lean4-effect4-probe-S/docs/research/2026-10-01-type-language-probe/S/probes/K2Copy.lean:1063:5: error(lean.unknownIdentifier): Unknown identifier `Codec.encodeCause`
/Users/pooks/Dev/lean4-effect4-probe-S/docs/research/2026-10-01-type-language-probe/S/probes/K2Copy.lean:1080:8: error(lean.invalidDottedIdent): Invalid dotted identifier notation: The expected type of `.list` could not be determined

Hint: Using one of these would be unambiguous:
  [apply] `AdmitsExtend.list`
  [apply] `AdmitsNormalize.list`
  [apply] `AdmitsSub.list`
  [apply] `Ty.list`
  [apply] `Store.Image.list`
  [apply] `Store.Tag.list`
  [apply] `Val.list`
  [apply] `PTy.list`
  [apply] `Ty.Normal.list`
  [apply] `Store.Tag.Code.list`
  [apply] `Std.Iterators.Types.ListIterator.list`
  [apply] `Std.Slice.Internal.ListSliceData.list`
  [apply] `Ty.Normal.below.list`
/Users/pooks/Dev/lean4-effect4-probe-S/docs/research/2026-10-01-type-language-probe/S/probes/K2Copy.lean:1126:7: error(lean.unknownIdentifier): Unknown identifier `Codec.fields?`
/Users/pooks/Dev/lean4-effect4-probe-S/docs/research/2026-10-01-type-language-probe/S/probes/K2Copy.lean:1128:20: error(lean.unknownIdentifier): Unknown identifier `Codec.payload?`
/Users/pooks/Dev/lean4-effect4-probe-S/docs/research/2026-10-01-type-language-probe/S/probes/K2Copy.lean:1136:21: error(lean.unknownIdentifier): Unknown identifier `Codec.payload?`
/Users/pooks/Dev/lean4-effect4-probe-S/docs/research/2026-10-01-type-language-probe/S/probes/K2Copy.lean:1142:21: error(lean.unknownIdentifier): Unknown identifier `Codec.payload?`
/Users/pooks/Dev/lean4-effect4-probe-S/docs/research/2026-10-01-type-language-probe/S/probes/K2Copy.lean:1123:16: error(lean.unknownIdentifier): Unknown identifier `Codec.nat?`
/Users/pooks/Dev/lean4-effect4-probe-S/docs/research/2026-10-01-type-language-probe/S/probes/K2Copy.lean:1126:40: error(lean.invalidDottedIdent): Invalid dotted identifier notation: The expected type of `.str` could not be determined

Hint: Using one of these would be unambiguous:
  [apply] `Json.str`
  [apply] `Lean.DataValue.str`
  [apply] `Lean.Json.str`
  [apply] `Lean.Name.str`
  [apply] `Lean.NamePart.str`
  [apply] `String.Slice.str`
  [apply] `Substring.Raw.str`
  [apply] `Lit.str`
  [apply] `Val.str`
  [apply] `Lean.Doc.DocArg.str`
  [apply] `Lean.IR.LitVal.str`
  [apply] `Lean.Json.Parser.str`
  [apply] `Lean.JsonRpc.RequestID.str`
  [apply] `Lean.Parser.Term.str`
  [apply] `String.Slice.Pos.str`
  [apply] `Lean.Compiler.LCNF.LitValue.str`
/Users/pooks/Dev/lean4-effect4-probe-S/docs/research/2026-10-01-type-language-probe/S/probes/K2Copy.lean:1139:14: error(lean.unknownIdentifier): Unknown identifier `Codec.payload?`
/Users/pooks/Dev/lean4-effect4-probe-S/docs/research/2026-10-01-type-language-probe/S/probes/K2Copy.lean:1145:14: error(lean.unknownIdentifier): Unknown identifier `Codec.payload?`
/Users/pooks/Dev/lean4-effect4-probe-S/docs/research/2026-10-01-type-language-probe/S/probes/K2Copy.lean:1146:7: error(lean.unknownIdentifier): Unknown identifier `Codec.decodeCause`
/Users/pooks/Dev/lean4-effect4-probe-S/docs/research/2026-10-01-type-language-probe/S/probes/K2Copy.lean:1147:22: error(lean.unknownIdentifier): Unknown identifier `Codec.decodeCause`
/Users/pooks/Dev/lean4-effect4-probe-S/docs/research/2026-10-01-type-language-probe/S/probes/K2Copy.lean:1202:11: error: unsolved goals
case pos.none
t : PTy
v : Val
j : Json
ht : hasTyP v t [] = true
he : encodeRawP (layoutP t) v = none
⊢ False ↔ hasTyP v t [] = true ∧ False ∧ decodeRawP (layoutP t) j = some v
/Users/pooks/Dev/lean4-effect4-probe-S/docs/research/2026-10-01-type-language-probe/S/probes/K2Copy.lean:1205:12: error: Tactic `rewrite` failed: Did not find an occurrence of the pattern
  if decodeRawP (layoutP t) k = some v then ?m.79 else ?m.80
in the target expression
  (match some k with
      | none => none
      | some j => if decodeRawP (layoutP t) j = some v then some j else none) =
      some j ↔
    hasTyP v t [] = true ∧ some k = some j ∧ decodeRawP (layoutP t) j = some v

case pos
t : PTy
v : Val
j : Json
ht : hasTyP v t [] = true
k : Json
he : encodeRawP (layoutP t) v = some k
hd : decodeRawP (layoutP t) k = some v
⊢ (match some k with
      | none => none
      | some j => if decodeRawP (layoutP t) j = some v then some j else none) =
      some j ↔
    hasTyP v t [] = true ∧ some k = some j ∧ decodeRawP (layoutP t) j = some v
/Users/pooks/Dev/lean4-effect4-probe-S/docs/research/2026-10-01-type-language-probe/S/probes/K2Copy.lean:1214:12: error: Tactic `rewrite` failed: Did not find an occurrence of the pattern
  if decodeRawP (layoutP t) k = some v then ?m.84 else ?m.85
in the target expression
  (match some k with
      | none => none
      | some j => if decodeRawP (layoutP t) j = some v then some j else none) =
      some j ↔
    hasTyP v t [] = true ∧ some k = some j ∧ decodeRawP (layoutP t) j = some v

case neg
t : PTy
v : Val
j : Json
ht : hasTyP v t [] = true
k : Json
he : encodeRawP (layoutP t) v = some k
hd : ¬decodeRawP (layoutP t) k = some v
⊢ (match some k with
      | none => none
      | some j => if decodeRawP (layoutP t) j = some v then some j else none) =
      some j ↔
    hasTyP v t [] = true ∧ some k = some j ∧ decodeRawP (layoutP t) j = some v
/Users/pooks/Dev/lean4-effect4-probe-S/docs/research/2026-10-01-type-language-probe/S/probes/K2Copy.lean:1202:39: error: This simp argument is unused:
  and_false

Hint: Omit it from the simp argument list.
  [apply] simp only [reduceCtorEq]

Note: This linter can be disabled with `set_option linter.unusedSimpArgs false`
'SeatS.K2.PTy.ind'' does not depend on any axioms
'SeatS.K2.canonF_of_sorted' depends on axioms: [propext, Quot.sound]
'SeatS.K2.canonF_map' depends on axioms: [propext]
'SeatS.K2.ofSchemaL_schema' depends on axioms: [propext, Quot.sound]
'SeatS.K2.ofSchemaExact_exact' depends on axioms: [propext, Quot.sound]
'SeatS.K2.ofSchemaExact_le' depends on axioms: [propext, Quot.sound]
'SeatS.K2.ofSchemaExact_schema' depends on axioms: [propext, Quot.sound]
'SeatS.K2.encodeP_eq_some' depends on axioms: [propext, sorryAx, Quot.sound]
'SeatS.K2.decodeP_of_encodeP' depends on axioms: [propext, sorryAx, Quot.sound]
'SeatS.K2.hasTy_decodeP' depends on axioms: [propext, sorryAx]
'SeatS.K2.encodeP_injective' depends on axioms: [propext, sorryAx, Quot.sound]
'SeatS.K2.encodeP_sub_of_member' depends on axioms: [propext, sorryAx, Quot.sound]
'SeatS.K2.encodeP_sub' depends on axioms: [propext, sorryAx, Quot.sound]
'SeatS.K2.decodeExactP_exact' depends on axioms: [propext, sorryAx, Quot.sound]
'SeatS.K2.decodeExactP_retract' depends on axioms: [propext, sorryAx, Quot.sound]
'SeatS.K2.decodeExactP_le' depends on axioms: [propext, sorryAx, Quot.sound]
# exit=1 seconds=5
