'ProbeP.Ty.ind' does not depend on any axioms
'ProbeP.Ty.key_injective' depends on axioms: [propext]
'ProbeP.Ty.lt_trichotomy' depends on axioms: [propext, Quot.sound]
'ProbeP.Ty.members_isMember' depends on axioms: [propext]
'ProbeP.Ty.members_atom' does not depend on any axioms
'ProbeP.Ty.members_ofMembers' depends on axioms: [propext]
'ProbeP.Ty.factors_isFactor' depends on axioms: [propext]
'ProbeP.Ty.factors_singleton' depends on axioms: [propext]
'ProbeP.Ty.mem_normalizeRow' depends on axioms: [propext, Quot.sound]
'ProbeP.Ty.normalizeFields_eq_map' depends on axioms: [propext, Quot.sound]
'ProbeP.Ty.Normal.members' depends on axioms: [propext, Quot.sound]
'ProbeP.Ty.normal_normalize' depends on axioms: [propext, Quot.sound]
'ProbeP.Ty.normalizeFields_fixed' depends on axioms: [propext, Quot.sound]
'ProbeP.Ty.Normal.fixed' depends on axioms: [propext, Quot.sound]
'ProbeP.Ty.normalize_idem' depends on axioms: [propext, Quot.sound]
'ProbeP.Ty.sub_refl' depends on axioms: [propext, Quot.sound]
'ProbeP.Ty.sub_union_right' depends on axioms: [propext, Quot.sound]
'ProbeP.Ty.sub_union_left' depends on axioms: [propext, Quot.sound]
'ProbeP.Ty.sub_lit_string' depends on axioms: [propext, Quot.sound]
'ProbeP.Ty.sub_unknown' depends on axioms: [propext, Quot.sound]
exit=0 seconds=3
