'ProbeP.hasTy_record' depends on axioms: [propext]
'ProbeP.hasTy_tuple_pair' depends on axioms: [propext]
'ProbeP.hasTy_leafEdge' depends on axioms: [propext]
'ProbeP.hasTy_leafRule' depends on axioms: [propext, Quot.sound]
'ProbeP.namedHasTy_mono' depends on axioms: [propext]
'ProbeP.itemsHasTy_mono' depends on axioms: [propext]
'ProbeP.hasTy_sub' depends on axioms: [propext, Quot.sound]
'ProbeP.hasTy_members' depends on axioms: [propext]
'ProbeP.hasTy_normalizeRow' depends on axioms: [propext, Quot.sound]
'ProbeP.hasTy_productMembers' depends on axioms: [propext, Quot.sound]
'ProbeP.hasTy_normalize_record' depends on axioms: [propext, Quot.sound]
'ProbeP.hasTy_normalize_tuple' depends on axioms: [propext, Quot.sound]
'ProbeP.hasTy_normalize_app' depends on axioms: [propext, Quot.sound]
'ProbeP.hasTy_normalize' depends on axioms: [propext, Quot.sound]
'ProbeP.hasTy_join_left' depends on axioms: [propext, Quot.sound]
'ProbeP.hasTy_join_right' depends on axioms: [propext, Quot.sound]
'ProbeP.namedHasTy_names' depends on axioms: [propext]
'ProbeP.record_width_refused' depends on axioms: [propext, Quot.sound]
'ProbeP.namedHasTy_absent' depends on axioms: [propext]
'ProbeP.record_required_below_optional' depends on axioms: [propext]
'ProbeP.record_sub_not_complete' depends on axioms: [propext, Quot.sound]
'ProbeP.generated_int_image_breaks_tower' depends on axioms: [propext]
exit=0 seconds=3
