'ProbeP.subN_trans' depends on axioms: [propext, Quot.sound]
'ProbeP.sub_le_subN' depends on axioms: [propext, Quot.sound]
'ProbeP.fits_record' depends on axioms: [propext, Quot.sound]
'ProbeP.fits_record_inv' depends on axioms: [propext, Quot.sound]
'ProbeP.namedFit_hasTy' depends on axioms: [propext]
'ProbeP.fits_hasTy' depends on axioms: [propext, Quot.sound]
'ProbeP.namedFit_live' depends on axioms: [propext]
'ProbeP.fits_live' depends on axioms: [propext, Quot.sound]
'ProbeP.namedFit_mono' depends on axioms: [propext]
'ProbeP.fits_map' depends on axioms: [propext, Quot.sound]
'ProbeP.fits_leafEdge' depends on axioms: [propext, Quot.sound]
'ProbeP.fits_leafRule' depends on axioms: [propext, Quot.sound]
'ProbeP.fits_sub' depends on axioms: [propext, Quot.sound]
'ProbeP.fits_members' depends on axioms: [propext, Quot.sound]
'ProbeP.fits_normalizeRow' depends on axioms: [propext, Quot.sound]
'ProbeP.fits_productMembers' depends on axioms: [propext, Quot.sound]
'ProbeP.fits_normalize_record' depends on axioms: [propext, Quot.sound]
'ProbeP.fits_normalize_tuple' depends on axioms: [propext, Quot.sound]
'ProbeP.fits_normalize' depends on axioms: [propext, Quot.sound]
'ProbeP.fits_subN' depends on axioms: [propext, Quot.sound]
'ProbeP.fits_join_left' depends on axioms: [propext, Quot.sound]
'ProbeP.fits_join_right' depends on axioms: [propext, Quot.sound]
'ProbeP.canonBy_mapName' does not depend on any axioms
'ProbeP.namedFit_lookup' depends on axioms: [propext]
'ProbeP.namedFit_required' depends on axioms: [propext]
'ProbeP.namedFit_of_forall' depends on axioms: [propext, Quot.sound]
'ProbeP.fits_project' depends on axioms: [propext, Quot.sound]
'ProbeP.named_width_refused' depends on axioms: [propext, Quot.sound]
'ProbeP.written_order_not_invariant' depends on axioms: [propext, Quot.sound]
exit=0 seconds=25
