'ProbeP.inhabited_record' depends on axioms: [propext]
'ProbeP.inhabited_of_fits' depends on axioms: [propext, Quot.sound]
'ProbeP.Grows.refl' depends on axioms: [propext]
'ProbeP.Grows.trans' depends on axioms: [propext]
'ProbeP.FreshFrom.addRef' depends on axioms: [propext]
'ProbeP.FreshFrom.addPromise' depends on axioms: [propext]
'ProbeP.FreshFrom.allocExternal' depends on axioms: [propext]
'ProbeP.FreshFrom.allocScope' depends on axioms: [propext]
'ProbeP.fits_handle_fresh' depends on axioms: [propext, Quot.sound]
'ProbeP.fieldsFit_fresh' depends on axioms: [propext, Quot.sound]
'ProbeP.fits_of_inhabited_fresh' depends on axioms: [propext, Quot.sound]
'ProbeP.inhabited_iff_fits' depends on axioms: [propext, Quot.sound]
'ProbeP.inhabited_normalize' depends on axioms: [propext, Quot.sound]
'ProbeP.neverField_empty' depends on axioms: [propext, Quot.sound]
'ProbeP.admitColumn_neverField' depends on axioms: [propext, Quot.sound]
'ProbeP.emptyRecord_fits' depends on axioms: [propext, Quot.sound]
'ProbeP.optionalNever_fits' depends on axioms: [propext, Quot.sound]
'ProbeP.emptyMap_fits' depends on axioms: [propext, Quot.sound]
'ProbeP.raw_fold_disagrees' depends on axioms: [propext, Quot.sound]
exit=0 seconds=1
