'ProbeP.Codec.sortE_perm' depends on axioms: [propext]
'ProbeP.Codec.fields?_normJ' depends on axioms: [propext, Quot.sound]
'ProbeP.Codec.payload?_normJ' depends on axioms: [propext, Quot.sound]
'ProbeP.Codec.decodeErr_normJ' depends on axioms: [propext]
'ProbeP.Codec.decodeDefect_normJ' depends on axioms: [propext]
'ProbeP.Codec.decodeReason_normJ' depends on axioms: [propext, Quot.sound]
'ProbeP.Codec.decodeCause_normJ' depends on axioms: [propext, Quot.sound]
'ProbeP.Codec.decodeRawC_normJ' depends on axioms: [propext, Quot.sound]
'ProbeP.Codec.nat?_exact' depends on axioms: [propext]
'ProbeP.Codec.fields?_two' depends on axioms: [propext, Quot.sound]
'ProbeP.Codec.payload?_exact' depends on axioms: [propext, Quot.sound]
'ProbeP.Codec.normJ_tagged_of_payload' depends on axioms: [propext, Quot.sound]
'ProbeP.Codec.decodeErr_exact' depends on axioms: [propext, Quot.sound]
'ProbeP.Codec.decodeDefect_exact' depends on axioms: [propext, Quot.sound]
'ProbeP.Codec.decodeReason_exact' depends on axioms: [propext, Quot.sound]
'ProbeP.Codec.decodeCause_exact' depends on axioms: [propext, Quot.sound]
'ProbeP.Codec.decodeRawC_exact' depends on axioms: [propext, Quot.sound]
'ProbeP.Codec.encodeC_of_decodeC' depends on axioms: [propext, Quot.sound]
'ProbeP.Codec.decodeC_of_encodeC' depends on axioms: [propext, Quot.sound]
'ProbeP.Codec.decodeC_iff' depends on axioms: [propext, Quot.sound]
'ProbeP.Codec.codec_not_exact' depends on axioms: [propext, Quot.sound]
'ProbeP.Codec.repaired_refuses' depends on axioms: [propext, Quot.sound]
exit=0 seconds=7
