"serviceCarrier: signature none"
"serviceCarrier: signature none"
"serviceCarrier: signature none"
"built"
"serviceCarrier: signature disagrees"
some (Effect4.Program.Ty.union
   (Effect4.Program.Ty.prod
     (Effect4.Program.Ty.nat)
     (Effect4.Program.Ty.prod (Effect4.Program.Ty.string) (Effect4.Program.Ty.lit "admin")))
   (Effect4.Program.Ty.prod
     (Effect4.Program.Ty.nat)
     (Effect4.Program.Ty.prod (Effect4.Program.Ty.string) (Effect4.Program.Ty.lit "member"))),
 Effect4.Program.Ty.prod (Effect4.Program.Ty.string) (Effect4.Program.Ty.string))
some (Effect4.Program.Ty.prod (Effect4.Program.Ty.nat) (Effect4.Program.Ty.string),
 Effect4.Program.Ty.prod (Effect4.Program.Ty.string) (Effect4.Program.Ty.string))
"built"
some (Effect4.Program.Ty.union
   (Effect4.Program.Ty.prod
     (Effect4.Program.Ty.nat)
     (Effect4.Program.Ty.prod (Effect4.Program.Ty.string) (Effect4.Program.Ty.lit "admin")))
   (Effect4.Program.Ty.prod
     (Effect4.Program.Ty.nat)
     (Effect4.Program.Ty.prod (Effect4.Program.Ty.string) (Effect4.Program.Ty.lit "member"))),
 Effect4.Program.Ty.union
   (Effect4.Program.Ty.prod (Effect4.Program.Ty.lit "NotFound") (Effect4.Program.Ty.lit "1"))
   (Effect4.Program.Ty.union
     (Effect4.Program.Ty.prod (Effect4.Program.Ty.lit "NotFound") (Effect4.Program.Ty.lit "2"))
     (Effect4.Program.Ty.union
       (Effect4.Program.Ty.prod (Effect4.Program.Ty.lit "SqlError") (Effect4.Program.Ty.string))
       (Effect4.Program.Ty.union
         (Effect4.Program.Ty.prod (Effect4.Program.Ty.lit "Unauthorized") (Effect4.Program.Ty.lit "bad token"))
         (Effect4.Program.Ty.prod (Effect4.Program.Ty.lit "Unauthorized") (Effect4.Program.Ty.lit "not yours"))))))
some (Effect4.Program.Ty.prod (Effect4.Program.Ty.nat) (Effect4.Program.Ty.string),
 Effect4.Program.Ty.union
   (Effect4.Program.Ty.prod (Effect4.Program.Ty.lit "NotFound") (Effect4.Program.Ty.lit "1"))
   (Effect4.Program.Ty.union
     (Effect4.Program.Ty.prod (Effect4.Program.Ty.lit "NotFound") (Effect4.Program.Ty.lit "2"))
     (Effect4.Program.Ty.union
       (Effect4.Program.Ty.prod (Effect4.Program.Ty.lit "SqlError") (Effect4.Program.Ty.string))
       (Effect4.Program.Ty.union
         (Effect4.Program.Ty.prod (Effect4.Program.Ty.lit "Unauthorized") (Effect4.Program.Ty.lit "bad token"))
         (Effect4.Program.Ty.prod (Effect4.Program.Ty.lit "Unauthorized") (Effect4.Program.Ty.lit "not yours"))))))
some (Val.some (Val.nat 2))
some (Val.some (Val.nat 2))
none
none
/Users/pooks/Dev/lean4-effect4/docs/research/2026-10-01-data-probe/programs/verify-Refute.lean:106:6: error(lean.synthInstanceFailed): failed to synthesize instance of type class
  Repr (Option Json)

Hint: Type class instance resolution failures can be inspected with the `set_option trace.Meta.synthInstance true` command.
none
none
/Users/pooks/Dev/lean4-effect4/docs/research/2026-10-01-data-probe/programs/verify-Refute.lean:117:6: error(lean.synthInstanceFailed): failed to synthesize instance of type class
  Repr Json

Hint: Adding the command `deriving instance Repr for Effect4.Json` may allow Lean to derive the missing instance.
/Users/pooks/Dev/lean4-effect4/docs/research/2026-10-01-data-probe/programs/verify-Refute.lean:118:6: error(lean.synthInstanceFailed): failed to synthesize instance of type class
  Repr Json

Hint: Adding the command `deriving instance Repr for Effect4.Json` may allow Lean to derive the missing instance.
/Users/pooks/Dev/lean4-effect4/docs/research/2026-10-01-data-probe/programs/verify-Refute.lean:119:6: error(lean.synthInstanceFailed): failed to synthesize instance of type class
  Repr Json

Hint: Adding the command `deriving instance Repr for Effect4.Json` may allow Lean to derive the missing instance.
exit=1
