theorems over Ty: 34 by Ty's recursor (induction or structural recursion); 28 more by case analysis only
Effect4.Laws.Program.Admit	Effect4.Program.hasTy_isTagTy_allocation	rec	-
Effect4.Laws.Program.Admit	Effect4.Program.hasTy_rawSupported_allocation (private)	rec	-
Effect4.Laws.Program.Admit	Effect4.Program.isTagTy_string	rec	-
Effect4.Laws.Program.Admit	Effect4.Program.valOfErr_errOf_rawSupported (private)	rec	-
Effect4.Laws.Program.Decision	Effect4.Program.Ty.payload_hasTy	-	cases
Effect4.Laws.Program.Residual	Effect4.Program.Ty.hasTy_of_not_tagged	-	cases
Effect4.Laws.Program.Template	Effect4.Program.Ty.cata_admits_instantiate	rec	-
Effect4.Laws.Program.Template	Effect4.Program.Ty.closed_factors	-	cases
Effect4.Laws.Program.Template	Effect4.Program.Ty.closed_members	rec	-
Effect4.Laws.Program.Template	Effect4.Program.Ty.closed_normalize	rec	-
Effect4.Laws.Program.Template	Effect4.Program.Ty.infer_closed	rec	cases
Effect4.Laws.Program.Template	Effect4.Program.Ty.instantiate_closed	rec	-
Effect4.Laws.Program.Template	Effect4.Program.Ty.templateAdmissible_of_closed	rec	-
Effect4.Laws.Program.Template	Effect4.Program.Ty.varsOf_eq_nil_of_closed	rec	-
Effect4.Laws.Program.TyView	Effect4.Program.Ty.argsBelow_refl	-	cases
Effect4.Laws.Program.TyView	Effect4.Program.Ty.args_congr	-	cases
Effect4.Laws.Program.TyView	Effect4.Program.Ty.litRule_eq_false	-	cases
Effect4.Laws.Program.TyView	Effect4.Program.Ty.litRule_eq_true	-	cases
Effect4.Laws.Program.TyView	Effect4.Program.Ty.sameHead_refl	-	cases
Effect4.Laws.Program.TyView	Effect4.Program.Ty.sameHead_symm	-	cases
Effect4.Laws.Program.TyView	Effect4.Program.Ty.sameHead_trans	-	cases
Effect4.Laws.Program.TyView	Effect4.Program.Ty.sizeOf_args	-	cases
Effect4.Laws.Program.TyView	Effect4.Program.Ty.topRule_eq_false	-	cases
Effect4.Laws.Program.TypeAlgebra	Effect4.Program.Ty.OrderProof.factors_coverage	-	cases
Effect4.Laws.Program.TypeAlgebra	Effect4.Program.Ty.OrderProof.member_sub_self	rec	-
Effect4.Laws.Program.TypeAlgebra	Effect4.Program.Ty.OrderProof.members_subset_factors	-	cases
Effect4.Laws.Program.TypeAlgebra	Effect4.Program.Ty.OrderProof.normal_args	-	cases
Effect4.Laws.Program.TypeAlgebra	Effect4.Program.Ty.OrderProof.sizeOf_member_le	rec	-
Effect4.Laws.Program.TypeAlgebra	Effect4.Program.Ty.OrderProof.sizeOf_member_lt	-	cases
Effect4.Laws.Program.TypeAlgebra	Effect4.Program.Ty.OrderProof.sub_iff_members	rec	-
Effect4.Laws.Program.TypeAlgebra	Effect4.Program.Ty.OrderProof.sub_member_right_iff	rec	cases
Effect4.Laws.Program.TypeAlgebra	Effect4.Program.Ty.isMember_eq_false	-	cases
Effect4.Laws.Program.TypeAlgebra	Effect4.Program.Ty.sub_never_right	-	cases
Effect4.Laws.Program.TypeAlgebra	Effect4.Program.hasTy_factors	-	cases
Effect4.Laws.Program.TypeAlgebra	Effect4.Program.hasTy_members	rec	-
Effect4.Laws.Program.TypeAlgebra	Effect4.Program.hasTy_normalize	rec	-
Effect4.Laws.Program.Typed	Effect4.Program.NativeAtom.projectProduct_typed	rec	-
Effect4.Laws.Program.Typed.Membership	Effect4.Program.Typed.fits_hasTy	rec	-
Effect4.Laws.Program.Typed.Membership	Effect4.Program.Typed.fits_live	rec	-
Effect4.Laws.Program.Typed.Membership	Effect4.Program.Typed.fits_map	rec	-
Effect4.Laws.Program.Typed.Membership	Effect4.Program.Typed.flatFits_fits	-	cases
Effect4.Laws.Program.Typed.Membership	Effect4.Program.Typed.flatFits_map	-	cases
Effect4.Laws.Program.Typing.CheckInversion	Effect4.Program.Checker.exitOf?_eq_some	-	cases
Effect4.Laws.Program.Typing.CheckInversion	Effect4.Program.Checker.listOf?_eq_some	-	cases
Effect4.Program.Eff	Effect4.Program.rawSupportedErrTy_iff_members	rec	-
Effect4.Program.Fold	Effect4.Program.cata_id_ty	rec	-
Effect4.Program.Fold	Effect4.Program.foldM_eq_cata_ty	rec	-
Effect4.Program.Fold	Effect4.Program.foldM_natural_ty	rec	-
Effect4.Program.Fold	Effect4.Program.hom_eq_cata_ty	rec	-
Effect4.Program.Ty	Effect4.Program.Ty.Normal.factors	-	cases
Effect4.Program.Ty	Effect4.Program.Ty.brecOn.eq	rec	cases
Effect4.Program.Ty	Effect4.Program.Ty.factors_isFactor	-	cases
Effect4.Program.Ty	Effect4.Program.Ty.factors_singleton	-	cases
Effect4.Program.Ty	Effect4.Program.Ty.key_injective	rec	cases
Effect4.Program.Ty	Effect4.Program.Ty.members_atom	-	cases
Effect4.Program.Ty	Effect4.Program.Ty.members_isMember	rec	-
Effect4.Program.Ty	Effect4.Program.Ty.normal_normalize	rec	-
Effect4.Program.Ty	Effect4.Program.Ty.sub_union_right	-	cases
Effect4.Program.Ty	Effect4.Program.Ty.sub_unknown	rec	-
Effect4.Schema.Bridge	Effect4.Schema.Bridge.ofSchema_schema	rec	-
Effect4.Store.Domain.Derived.Program	Effect4.Store.ProgramGen.TyC.fitsTy	rec	-
Effect4.Store.Domain.Derived.Program	Effect4.Store.ProgramGen.TyC.rawTy_toValTy	rec	-
exit=0
