docs/research/2026-10-09-host-calls-review/Probe.lean:47:11: error(lean.synthInstanceFailed): failed to synthesize instance of type class
  Repr (Option ExitV)

Hint: Type class instance resolution failures can be inspected with the `set_option trace.Meta.synthInstance true` command.
docs/research/2026-10-09-host-calls-review/Probe.lean:47:11: error(lean.synthInstanceFailed): failed to synthesize instance of type class
  Repr (Option ExitV)

Hint: Type class instance resolution failures can be inspected with the `set_option trace.Meta.synthInstance true` command.
docs/research/2026-10-09-host-calls-review/Probe.lean:53:83: error: unexpected identifier; expected '}'
docs/research/2026-10-09-host-calls-review/Probe.lean:58:0: error: Aborting evaluation since the expression depends on the 'sorry' axiom, which can lead to runtime instability and crashes.

To attempt to evaluate anyway despite the risks, use the '#eval!' command.
docs/research/2026-10-09-host-calls-review/Probe.lean:59:0: error: Aborting evaluation since the expression depends on the 'sorry' axiom, which can lead to runtime instability and crashes.

To attempt to evaluate anyway despite the risks, use the '#eval!' command.
docs/research/2026-10-09-host-calls-review/Probe.lean:60:0: error: cannot evaluate code because 'HostCallReview.driver' uses 'sorry' and/or contains errors
docs/research/2026-10-09-host-calls-review/Probe.lean:61:0: error: cannot evaluate code because 'HostCallReview.driver' uses 'sorry' and/or contains errors
docs/research/2026-10-09-host-calls-review/Probe.lean:77:83: error: unexpected identifier; expected '}'
docs/research/2026-10-09-host-calls-review/Probe.lean:82:0: error: Aborting evaluation since the expression depends on the 'sorry' axiom, which can lead to runtime instability and crashes.

To attempt to evaluate anyway despite the risks, use the '#eval!' command.
docs/research/2026-10-09-host-calls-review/Probe.lean:83:0: error: cannot evaluate code because 'HostCallReview.genericReport' uses 'sorry' and/or contains errors
docs/research/2026-10-09-host-calls-review/Probe.lean:92:0: error: Could not synthesize a `ToExpr`, `Repr`, or `ToString` instance for type
  Option (Option ExitV × Nat × Bool × Bool)
some { waitingBeforeBind := 1,
  activeBeforeBind := 0,
  nextBeforeBind := 0,
  activeAfter := 0,
  pendingAfter := 0,
  consumedAfter := [0],
  originAfterAbsent := true,
  retiredPayloadKept := true,
  secondApply := Effect4.Api.HostSession.Phase.refused (Effect4.Api.HostSession.Refusal.noCall),
  replaySnapshotApply := Effect4.Api.HostSession.Phase.applied }
(true, false, 3, 6)
