✔ [975/1038] Built Effect4.Laws.Program.Agreement.Machine (14s)
✔ [976/1038] Built Effect4.Laws.Program.LoopAgreement (1.5s)
✔ [977/1038] Built Effect4.Laws.Program.RuntimeR (2.3s)
✔ [978/1038] Built Effect4.Laws.Program.MeaningEq (1.4s)
✔ [979/1038] Built Test.Program.AgreementContract (3.5s)
✔ [980/1038] Built Effect4.Laws.Program.Agreement.Calls (2.5s)
✔ [981/1038] Built Effect4.Laws.Program.ReasonsR (1.6s)
✔ [982/1038] Built Effect4.Laws.Program.Agreement.Loop (2.9s)
✔ [983/1038] Built Effect4.Laws.Program.Typed.Validity (1.8s)
✔ [984/1038] Built Effect4.Laws.Program.Agreement.Hosted (2.2s)
✔ [985/1038] Built Effect4.Laws.Program.Typed.Contracts (1.5s)
✔ [986/1038] Built Effect4.Laws.Program.Typed.Membership (4.0s)
✔ [987/1038] Built Effect4.Laws.Program.Typed.ExitConnector (1.4s)
✔ [988/1038] Built Effect4.Laws.Program.Typed.RecordOperations (1.5s)
✔ [989/1038] Built Effect4.Laws.Program.Typed.Admission (1.5s)
✔ [990/1038] Built Effect4.Laws.Api.HostSession (2.3s)
✔ [991/1038] Built Effect4.Laws.Program.Typed.Residual (2.4s)
✔ [992/1038] Built Effect4.Laws.Program.Typed.Seq (1.4s)
✔ [993/1038] Built Effect4.Laws.Run (3.4s)
✔ [994/1038] Built Effect4.Laws.Program.Typed.Adequacy (2.3s)
✔ [995/1038] Built Effect4.Laws.Run.Rows (2.1s)
✔ [996/1038] Built Effect4.Laws.Program.Typed.Stack (2.1s)
✔ [997/1038] Built Effect4.Laws.Program.Typed.Denotation (5.1s)
✔ [998/1038] Built Effect4.Laws.Run.Tape (1.6s)
✔ [999/1038] Built Effect4.Laws.Program.Typed.Scheduler (1.0s)
✔ [1000/1038] Built Effect4.Laws.Program.Typed.ListFold (1.7s)
✔ [1001/1038] Built Effect4.Laws.Program.Progress (2.1s)
✔ [1002/1038] Built Effect4.Laws.Api.SessionMeaning (1.6s)
✔ [1003/1038] Built Effect4.Laws.Program.Typed.Assembly (2.2s)
✔ [1004/1038] Built Effect4.Laws.Step.Reading (2.4s)
✔ [1005/1038] Built Effect4.Laws.Program.MeaningSound (3.4s)
✔ [1006/1038] Built Effect4.Laws.Library.Queue.Reading (2.3s)
✔ [1007/1038] Built Effect4.Laws.Program.Typed.Commands.Bookkeeping (3.8s)
✔ [1008/1038] Built Effect4.Laws.Step.Store (1.7s)
✔ [1009/1038] Built Effect4.Laws.Step.Annotations (1.6s)
✔ [1010/1038] Built Effect4.Laws.Schema.Identity (1.5s)
✔ [1011/1038] Built Effect4.Laws.Step.Checking (1.7s)
✔ [1012/1038] Built Effect4.Laws.Program.Typed.Commands.Finish (2.0s)
✔ [1013/1038] Built Effect4.Laws.Library.Queue.Passes (1.0s)
✔ [1014/1038] Built Effect4.Laws.Step.Tuples (1.6s)
✔ [1015/1038] Built Effect4.Laws.Step.Option (1.6s)
✔ [1016/1038] Built Effect4.Laws.Step.ErasedCompiler (4.3s)
✔ [1017/1038] Built Effect4.Laws.Step.Cons (1.6s)
✔ [1018/1038] Built Effect4.Laws.Step.Ascribe (1.5s)
✔ [1019/1038] Built Effect4.Laws.Program.Typed.LayerArm (2.3s)
✔ [1020/1038] Built Effect4.Laws.Step.Construction (1.7s)
✔ [1021/1038] Built Effect4.Laws.Program.Typed.Mask (1.8s)
✔ [1022/1038] Built Effect4.Laws.Step.Requirements (3.9s)
✔ [1023/1038] Built Effect4.Laws.Codegen.Mask (2.6s)
✔ [1024/1038] Built Effect4.Laws.Step.Waiting (2.4s)
✔ [1025/1038] Built Effect4.Laws.Step (8.2s)
✔ [1026/1038] Built Effect4.Laws.Step.Callback (1.5s)
✔ [1027/1038] Built Effect4.Laws.Author (1.9s)
✔ [1028/1038] Built Test.Dogfood.Scenario (1.7s)
✔ [1029/1038] Built Test.Dogfood.Scenario.Todo (1.7s)
✔ [1030/1038] Built Test.Audit.ScenarioGate (1.8s)
✔ [1031/1038] Built Test.Dogfood.Scenario.Routing (2.0s)
✔ [1032/1038] Built Test.Program.DenoteRowsContract (1.7s)
✔ [1033/1038] Built Test.Api.SessionMeaning (2.6s)
✔ [1034/1038] Built Effect4.Laws.Library.Queue.Data (16s)
✔ [1035/1038] Built Effect4.Laws.Library.Queue.OfferData (5.6s)
✔ [1036/1038] Built Effect4.Laws.Library.Queue.Steps (1.6s)
✔ [1037/1038] Built Test.Program.QueueRelation (1.6s)
✔ [1038/1038] Built Test.Program.QueueWorkload (1.6s)
Build completed successfully (1038 jobs).
