✔ [244/622] Built Effect4.Program.Fragment:c.o (441ms)
✔ [595/622] Built Effect4.Laws.Program.Denote (2.6s)
✔ [600/622] Built Effect4.Laws.Program.Folds.Straight (3.2s)
✔ [609/622] Built Effect4.Author (2.7s)
✔ [611/622] Built Effect4.Api.RunnerBytes (1.3s)
✔ [613/622] Built Effect4.Laws.Program.DenoteRows (2.8s)
✔ [614/622] Built Effect4.Laws.Program.DenoteB (2.7s)
✔ [615/622] Built Effect4.Emit (1.2s)
✔ [617/622] Built Effect4.Laws.Program.Folds.DenoteRows (2.2s)
✔ [618/622] Built Effect4.Laws.Program.Folds.Looped (1.9s)
✔ [619/623] Built Effect4 (1.0s)
✔ [807/828] Built Test.Program.FragmentCensusContract (1.0s)
✔ [828/918] Built Effect4.Laws.Program.Sched (3.8s)
✔ [854/930] Built Effect4.Laws.Program.DenoteRowsAppend (5.5s)
✔ [861/939] Built Effect4.Laws.Api.Runner (6.2s)
✔ [862/984] Built Effect4.Laws.Api.Frontier (5.1s)
✔ [883/984] Built Effect4.Laws.Program.Agreement (21s)
✔ [884/985] Built Effect4.Laws.Program.TyView (21s)
✔ [885/986] Built Effect4.Laws.Program.Agreement.LoopSteps (5.0s)
✔ [886/986] Built Effect4.Laws.Program.DenoteR (12s)
✔ [887/987] Built Effect4.Laws.Program.Guard.Interruption (12s)
✔ [888/987] Built Effect4.Laws.Program.Admits (6.2s)
✔ [889/988] Built Effect4.Laws.Program.Guard.DeferredCause (13s)
✔ [890/988] Built Effect4.Laws.Program.InterpR (10s)
✔ [891/988] Built Effect4.Laws.Program.Agreement.Machine (28s)
✔ [892/991] Built Effect4.Laws.Program.DenoteRowsR (4.8s)
✔ [893/994] Built Effect4.Laws.Schema.Codec (6.9s)
✔ [894/994] Built Effect4.Laws.Program.EvaluateR (3.9s)
✔ [895/994] Built Effect4.Laws.Program.TypeAlgebra (12s)
✔ [896/994] Built Effect4.Laws.Program.Guard.RaceSites (61s)
✔ [897/994] Built Effect4.Laws.Program.LoopAgreement (2.6s)
✔ [898/994] Built Effect4.Laws.Program.MeaningEq (2.6s)
✔ [899/994] Built Test.Program.AgreementContract (6.5s)
✔ [900/994] Built Effect4.Laws.Program.Means (5.1s)
✔ [901/994] Built Effect4.Laws.Program.Agreement.Calls (6.7s)
✔ [902/994] Built Effect4.Laws.Program.Typed.State (5.1s)
✔ [903/998] Built Effect4.Laws.Program.Template (11s)
✔ [904/998] Built Effect4.Laws.Program.Intro.Prepare (4.3s)
✔ [905/999] Built Effect4.Laws.Program.Guard.Core (16s)
✔ [906/999] Built Effect4.Laws.Program.Bounds (9.6s)
✔ [907/999] Built Effect4.Laws.Program.Signature (14s)
✔ [908/999] Built Effect4.Laws.Program.UnionRule (4.5s)
✔ [909/1005] Built Effect4.Laws.Program.Intro.Equations (3.2s)
✔ [910/1005] Built Effect4.Laws.Program.Guard.Finish (3.3s)
✔ [911/1005] Built Effect4.Laws.Program.ExpandFix (5.3s)
✔ [912/1006] Built Effect4.Laws.Program.Guard.FrameOwned (42s)
✔ [913/1006] Built Effect4.Laws.Program.Definitions (6.8s)
✔ [914/1006] Built Effect4.Laws.Program.Typing.Replace (11s)
✔ [915/1006] Built Effect4.Laws.Program.Typing.TermIntro (4.1s)
✔ [916/1006] Built Effect4.Laws.Program.Eliminators (3.6s)
✔ [917/1008] Built Effect4.Laws.Program.Intro.Identity (3.3s)
✔ [918/1008] Built Effect4.Laws.Program.CheckedTyping (2.7s)
✔ [919/1008] Built Effect4.Laws.Program.Typing.Focus (5.1s)
✔ [920/1008] Built Effect4.Laws.Schema.FieldRef (6.8s)
✔ [921/1008] Built Effect4.Laws.Program.TyNormal (5.1s)
✔ [923/1008] Built Effect4.Laws.Program.ErrorQueries (4.7s)
✔ [924/1008] Built Effect4.Laws.Program.Intro.Weight (5.2s)
✔ [925/1008] Built Effect4.Laws.Program.Guard.ReturnFields (18s)
✔ [926/1009] Built Effect4.Laws.Program.Author (4.0s)
✔ [928/1009] Built Effect4.Laws.Program.Typing.Table (3.3s)
✔ [929/1009] Built Effect4.Laws.Program.Typing.Call (2.5s)
✔ [930/1009] Built Effect4.Laws.Program.Intro.AcquireRelease (3.7s)
✔ [931/1009] Built Effect4.Laws.Program.Guard.Settle (3.4s)
✔ [932/1012] Built Effect4.Laws.Program.Authoring.Mask (4.1s)
✔ [933/1014] Built Effect4.Laws.Program.Authoring.Folds (4.2s)
✔ [934/1014] Built Effect4.Laws.Program.Intro.Region (7.1s)
✔ [935/1017] Built Effect4.Laws.Program.Typed (20s)
✔ [937/1017] Built Effect4.Laws.Program.Guard.RegistrationQueue (4.6s)
✔ [938/1017] Built Effect4.Laws.Program.Intro.Memo (2.9s)
✔ [939/1017] Built Effect4.Laws.Step.Scope (3.8s)
✔ [940/1017] Built Effect4.Laws.Program.RecordTag (2.9s)
✔ [941/1017] Built Effect4.Laws.Program.Admit (5.1s)
✔ [942/1017] Built Effect4.Laws.Program.Residual (3.5s)
✔ [943/1020] Built Effect4.Laws.Program.Typed.World (3.6s)
✔ [945/1020] Built Effect4.Laws.Program.Intro.Merge (3.3s)
✔ [946/1020] Built Effect4.Laws.Program.Typing.Parts (27s)
✔ [947/1020] Built Effect4.Laws.Program.Decision (3.5s)
✔ [948/1020] Built Effect4.Laws.Program.Handles.Alphabet (5.2s)
✔ [949/1020] Built Effect4.Laws.Program.Intro.Layer (3.7s)
✔ [950/1024] Built Effect4.Laws.Program.Sketch (3.7s)
✔ [951/1024] Built Test.Dogfood.Stage (3.6s)
✔ [952/1025] Built Effect4.Laws.Program.Intro.Elementary (3.2s)
✔ [954/1025] Built Test.Dogfood.P2HandlerLayers (3.1s)
✔ [955/1025] Built Effect4.Laws.Program.Handles.Term (8.8s)
✔ [956/1025] Built Effect4.Laws.Program.Agreement.Loop (7.6s)
✔ [957/1027] Built Effect4.Laws.Program.Intro.Sequential (10s)
✔ [958/1029] Built Effect4.Laws.Program.Handles.Compile (3.6s)
✔ [960/1030] Built Effect4.Laws.Program.Intro.Errors (2.9s)
✔ [962/1032] Built Effect4.Laws.Program.Intro.Fibers (3.1s)
✔ [964/1037] Built Effect4.Laws.Program.Handles.Layer (5.1s)
✔ [966/1037] Built Effect4.Laws.Program.Typing.Splice (39s)
✔ [967/1037] Built Effect4.Laws.Program.Intro.Scope (1.8s)
✔ [968/1037] Built Effect4.Laws.Program.Intro (2.0s)
✔ [969/1037] Built Effect4.Laws.Program.Simulation.Hooks (3.3s)
✔ [970/1037] Built Effect4.Laws.Program.Simulation.Walk (3.8s)
✔ [971/1037] Built Effect4.Laws.Program.Typing.PartsTable (11s)
✔ [972/1037] Built Effect4.Laws.Program.Simulation.Fibers (1.9s)
✔ [973/1037] Built Effect4.Laws.Program.Table.Hooks (3.1s)
✔ [974/1037] Built Effect4.Laws.Program.Simulation.Deliver (3.7s)
✔ [975/1037] Built Effect4.Laws.Program.Simulation.Actions (2.3s)
✔ [976/1037] Built Effect4.Laws.Program.Typing.Restrict (9.4s)
✔ [977/1037] Built Effect4.Laws.Program.Simulation.Pending (4.3s)
✔ [978/1037] Built Effect4.Laws.Program.Edit (2.7s)
✔ [979/1037] Built Effect4.Laws.Program.Simulation.Evaluate (5.6s)
✔ [980/1037] Built Effect4.Laws.Program.Simulation.Drive (2.5s)
✔ [981/1037] Built Effect4.Laws.Program.RuntimeR (1.7s)
✔ [982/1037] Built Effect4.Laws.Program.Typed.Validity (1.5s)
✔ [983/1037] Built Effect4.Laws.Program.ReasonsR (1.6s)
✔ [984/1037] Built Effect4.Laws.Program.Typed.Contracts (2.2s)
✔ [985/1037] Built Effect4.Laws.Program.Typed.Membership (6.6s)
✔ [986/1037] Built Effect4.Laws.Program.Typed.ExitConnector (1.7s)
✔ [987/1037] Built Effect4.Laws.Program.Typed.RecordOperations (1.0s)
✔ [988/1037] Built Effect4.Laws.Program.Typed.Admission (1.8s)
✔ [989/1037] Built Effect4.Laws.Api.HostSession (2.9s)
✔ [990/1037] Built Effect4.Laws.Program.Typed.Residual (3.3s)
✔ [991/1037] Built Effect4.Laws.Program.Typed.Seq (1.8s)
✔ [992/1037] Built Effect4.Laws.Run (5.1s)
✔ [993/1037] Built Effect4.Laws.Program.Typed.Adequacy (4.0s)
✔ [994/1037] Built Effect4.Laws.Run.Rows (3.9s)
✔ [995/1037] Built Effect4.Laws.Program.Typed.Stack (3.6s)
✔ [996/1037] Built Effect4.Laws.Program.Typed.Denotation (8.5s)
✔ [997/1037] Built Effect4.Laws.Run.Tape (2.4s)
✔ [998/1037] Built Effect4.Laws.Program.Typed.Scheduler (2.6s)
✔ [999/1037] Built Effect4.Laws.Program.Typed.ListFold (2.2s)
✔ [1000/1037] Built Effect4.Laws.Program.Progress (2.9s)
✔ [1001/1037] Built Effect4.Laws.Api.SessionMeaning (2.1s)
✔ [1002/1037] Built Effect4.Laws.Program.Typed.Assembly (3.2s)
✔ [1003/1037] Built Effect4.Laws.Step.Reading (3.7s)
✔ [1004/1037] Built Effect4.Laws.Program.MeaningSound (5.7s)
✔ [1005/1037] Built Effect4.Laws.Library.Queue.Reading (3.5s)
✔ [1006/1037] Built Effect4.Laws.Program.Typed.Commands.Bookkeeping (5.7s)
✔ [1007/1037] Built Effect4.Laws.Step.Checking (2.6s)
✔ [1008/1037] Built Effect4.Laws.Step.Store (1.9s)
✔ [1009/1037] Built Effect4.Laws.Step.Annotations (2.0s)
✔ [1010/1037] Built Effect4.Laws.Schema.Identity (1.8s)
✔ [1011/1037] Built Effect4.Laws.Step.Tuples (2.4s)
✔ [1012/1037] Built Effect4.Laws.Program.Typed.Commands.Finish (2.8s)
✔ [1013/1037] Built Effect4.Laws.Step.Option (2.4s)
✔ [1014/1037] Built Effect4.Laws.Step.Ascribe (2.1s)
✔ [1015/1037] Built Effect4.Laws.Step.Cons (2.1s)
✔ [1016/1037] Built Effect4.Laws.Library.Queue.Passes (3.1s)
✔ [1017/1037] Built Effect4.Laws.Step.ErasedCompiler (6.1s)
✔ [1018/1037] Built Effect4.Laws.Step.Requirements (6.3s)
✔ [1019/1037] Built Effect4.Laws.Program.Typed.LayerArm (3.5s)
✔ [1020/1037] Built Effect4.Laws.Step.Construction (2.4s)
✔ [1021/1037] Built Effect4.Laws.Program.Typed.Mask (2.1s)
✔ [1022/1037] Built Effect4.Laws.Codegen.Mask (3.1s)
✔ [1023/1037] Built Effect4.Laws.Step.Waiting (2.8s)
✔ [1024/1037] Built Effect4.Laws.Step (9.7s)
✔ [1025/1037] Built Effect4.Laws.Step.Callback (1.8s)
✔ [1026/1037] Built Effect4.Laws.Author (2.8s)
✔ [1027/1037] Built Test.Dogfood.Scenario (2.3s)
✔ [1028/1037] Built Test.Dogfood.Scenario.Todo (2.4s)
✔ [1029/1037] Built Test.Audit.ScenarioGate (2.6s)
✔ [1030/1037] Built Test.Dogfood.Scenario.Routing (3.1s)
✔ [1031/1037] Built Test.Program.DenoteRowsContract (2.8s)
✔ [1032/1037] Built Test.Api.SessionMeaning (4.4s)
✔ [1033/1037] Built Effect4.Laws.Library.Queue.Data (22s)
✔ [1034/1037] Built Effect4.Laws.Library.Queue.OfferData (7.0s)
✔ [1035/1037] Built Effect4.Laws.Library.Queue.Steps (2.3s)
✔ [1036/1037] Built Test.Program.QueueRelation (2.3s)
✔ [1037/1037] Built Test.Program.QueueWorkload (1.6s)
Build completed successfully (1037 jobs).
