== printed: oxc after 1b vs oxc at the base
files 408; identical 408; different 0
  of the different: 0 are loop programs, 0 are not
== printed: ck after 1b vs ck after 1a
files 408; identical 363; different 45
  of the different: 45 are loop programs, 0 are not
  x45
    left  {"oracle": false}
    right {"oracle": true}
== inclusion: oxc after 1b vs oxc at the base
files 408; identical 365; different 43
  of the different: 43 are loop programs, 0 are not
  x34
    left  {"class": "refused E-LOOP", "parsed": true, "verdicts": ["refusal:E-LOOP:loop shape: whileLoop"]}
    right {"class": "included", "parsed": true, "verdicts": ["lifted"]}
  x8
    left  {"class": "refused E-LOOP", "parsed": true, "verdicts": ["refusal:E-LOOP:loop shape: whileLoop"]}
    right {"class": "refused E-FAIL-NOT-DOCUMENTED", "parsed": true, "verdicts": ["refusal:E-FAIL-NOT-DOCUMENTED:failure payload: literal required"]}
  x1
    left  {"class": "refused E-LOOP", "parsed": true, "verdicts": ["refusal:E-LOOP:loop shape: whileLoop"]}
    right {"class": "refused E-ARG-DYNAMIC", "parsed": true, "verdicts": ["refusal:E-ARG-DYNAMIC:dynamic argument: literal"]}
== inclusion: ck after 1b vs ck after 1a
files 408; identical 374; different 34
  of the different: 34 are loop programs, 0 are not
  x34
    left  {"class": "mismatch", "parsed": true, "verdicts": ["lifted"]}
    right {"class": "included", "parsed": true, "verdicts": ["lifted"]}
== meta-printed: oxc after 1b vs oxc at the base
files 408; identical 408; different 0
  of the different: 0 are loop programs, 0 are not
== meta-printed: ck after 1b vs ck after 1a
files 408; identical 408; different 0
  of the different: 0 are loop programs, 0 are not
== foreign: oxc after 1b vs oxc at the base
files 22986; identical 22041; different 945
  of the different: 945 are loop programs, 0 are not
  x810
    left  {"oracle": false, "parsed": true, "verdicts": ["refusal:E-LOOP:loop shape: whileLoop"]}
    right {"oracle": true, "parsed": true, "verdicts": ["lifted"]}
  x135
    left  {"oracle": false, "parsed": true, "verdicts": ["refusal:E-SPINE-ESCAPE:spine escape: CallExpression"]}
    right {"oracle": true, "parsed": true, "verdicts": ["lifted"]}
== foreign: ck after 1b vs ck after 1a
files 22986; identical 22041; different 945
  of the different: 945 are loop programs, 0 are not
  x765
    left  {"oracle": false, "parsed": true, "verdicts": ["lifted"]}
    right {"oracle": true, "parsed": true, "verdicts": ["lifted"]}
  x135
    left  {"oracle": false, "parsed": true, "verdicts": ["refusal:E-NODE:fragment node: arity"]}
    right {"oracle": true, "parsed": true, "verdicts": ["lifted"]}
  x45
    left  {"oracle": false, "parsed": true, "verdicts": ["refusal:E-NODE:fragment node: loop map head"]}
    right {"oracle": true, "parsed": true, "verdicts": ["lifted"]}
== fixtures-refusals: oxc after 1b vs oxc at the base
files 22; identical 22; different 0
  of the different: 0 are loop programs, 0 are not
== fixtures-refusals: ck after 1b vs ck after 1a
files 22; identical 22; different 0
  of the different: 0 are loop programs, 0 are not
== fixtures-witnesses: oxc after 1b vs oxc at the base
files 2; identical 2; different 0
  of the different: 0 are loop programs, 0 are not
== fixtures-witnesses: ck after 1b vs ck after 1a
files 2; identical 2; different 0
  of the different: 0 are loop programs, 0 are not
== meta-refusals: oxc after 1b vs oxc at the base
files 22; identical 22; different 0
  of the different: 0 are loop programs, 0 are not
== meta-refusals: ck after 1b vs ck after 1a
files 22; identical 22; different 0
  of the different: 0 are loop programs, 0 are not
== meta-witnesses: oxc after 1b vs oxc at the base
files 2; identical 2; different 0
  of the different: 0 are loop programs, 0 are not
== meta-witnesses: ck after 1b vs ck after 1a
files 2; identical 2; different 0
  of the different: 0 are loop programs, 0 are not
