# summary of step1b-check-ingest-3.log (12561 lines)
## commands
lake build
lake build Drivers.Corpus
## errors and warnings
(none)
## gates
info: Test/All.lean:170:0: Effect4 library-root gate: 135 API/utility modules, 221 Laws-only modules; every library source is reachable; Effect4 never reaches Laws
info: Test/All.lean:170:0: Effect4 module and axiom gate: checked 526 modules and 72741 declarations; semantic/test axioms are [propext,
 Quot.sound]; exact implementation boundary (15 module(s), 23 declaration(s)) additionally allows Classical.choice
## built (not replayed)
(none)
## tail
PASS fidelity: four original/reprinted programs agree; requirement, foreign import and v3 exclusions hold; poisoned rerun reuses no old observations
PASS ingest: original JSON/wire/key oracles, printed-in-foreign inclusion up to key renumbering, source-edit invariance, refusal reachability, pinned runtime reproducibility, OCaml exact decoding and original/reprinted fidelity probes
exit=0 (620s)
PASS oracle coverage: 25 Eff, 6 statements, 11 actions, 10 layers, 55 native rows; 19 forms at four depths
PASS printed: 408 exact JSON/wire comparisons on each parser with shared form lowering; batch bound 500
PASS foreign: 22986 exact JSON/wire comparisons on each parser with shared form lowering, exact key tables and complete verdict agreement; batch bound 500
PASS inclusion: 408 printed modules, 323 lifted by both engines to the printed oracle up to service-key renumbering; foreign key base 5, foreign key base 4, foreign key base 6; 85 refused by the foreign contract: refused ck=E-ARG-DYNAMIC oxc=E-ARG-DYNAMIC x21, refused ck=E-FAIL-NOT-DOCUMENTED oxc=E-FAIL-NOT-DOCUMENTED x61, refused ck=E-REF-UNBOUND oxc=E-REF-UNBOUND x3
PASS source edits: printed, 408 fixtures × 6 transformations × 2 engines; source locations alone excluded; workers limited to 350 source variants per engine
PASS source edits: foreign, 22986 fixtures × 6 transformations × 2 engines; source locations alone excluded; workers limited to 350 source variants per engine
PASS source edits: negative, 22 fixtures × 6 transformations × 2 engines; source locations alone excluded; workers limited to 350 source variants per engine
PASS source edits: negative, 2 fixtures × 6 transformations × 2 engines; source locations alone excluded; workers limited to 350 source variants per engine
PASS ingest README: generated tables match
PASS OCaml exact decoder and JSON oracle: 23394 programs
PASS fidelity: four original/reprinted programs agree; requirement, foreign import and v3 exclusions hold; poisoned rerun reuses no old observations
PASS ingest: original JSON/wire/key oracles, printed-in-foreign inclusion up to key renumbering, source-edit invariance, refusal reachability, pinned runtime reproducibility, OCaml exact decoding and original/reprinted fidelity probes
exit=0 (620s)
