# summary of the first derived producer run (full log kept in the seat's scratch): command lines, errors, verdict lines
3:+ lake env lean -DwarningAsError=true -M4096 --run tools/Effect4Gen/Driver.lean --commands
4:+ lake build Tools.GeneratedStamp
6:+ lake build Effect4.Store.Domain.Canonical
8:+ lake env lean -DwarningAsError=true -M 4096 --run tools/Effect4Gen/Main.lean --group Json --imports Effect4.Store.Domain.Canonical --out /var/folders/_2/d22zd5lj2_v9xrps05xl2sr80000gn/T/effect4-generate-67w0pa_2/src/Effect4/Store/Domain/Derived/Json.lean --append tools/Effect4Gen/guards/json.lean Effect4.Float64 Effect4.Json --header-out src/Effect4/Store/Domain/Derived/Json.lean
9:+ lake build Effect4.Store.Domain.Derived.Json
21:+ lake build Tools.GeneratedStamp
23:+ lake build Effect4.Store.Domain.Derived.Json
35:+ lake env lean -DwarningAsError=true -M 4096 --run tools/Effect4Gen/Main.lean --group Schema --imports Effect4.Store.Domain.Derived.Json --out /var/folders/_2/d22zd5lj2_v9xrps05xl2sr80000gn/T/effect4-generate-67w0pa_2/src/Effect4/Store/Domain/Derived/Schema.lean --append tools/Effect4Gen/guards/schema.lean Effect4.ReferenceKey Effect4.GlobalSymbolKey Effect4.AnnotationEntry Effect4.LiteralValu
36:+ lake build Effect4.Store.Domain.Derived.Schema
137:+ lake build Tools.GeneratedStamp
139:+ lake build Effect4.Program.Native
208:+ lake build Effect4.Store.Domain.Canonical
210:+ lake build Effect4.Store.Domain.RowCanonical
212:+ lake env lean -DwarningAsError=true -M 4096 --run tools/Effect4Gen/Main.lean --group Program --imports Effect4.Program.Native,Effect4.Store.Domain.Canonical,Effect4.Store.Domain.RowCanonical --out /var/folders/_2/d22zd5lj2_v9xrps05xl2sr80000gn/T/effect4-generate-67w0pa_2/src/Effect4/Store/Domain/Derived/Program.lean --append tools/Effect4Gen/guards/program.lean Effect4.Program.Lit Effect4.Ma
213:+ lake build Effect4.Store.Domain.Derived.Program
407:+ lake build Tools.GeneratedStamp
409:+ lake build Effect4.Store.Domain.Pin
411:+ lake build Effect4.Store.Domain.Node
413:+ lake env lean -DwarningAsError=true -M 4096 --run tools/Effect4Gen/Main.lean --group Pin --imports Effect4.Store.Domain.Pin,Effect4.Store.Domain.Node --out /var/folders/_2/d22zd5lj2_v9xrps05xl2sr80000gn/T/effect4-generate-67w0pa_2/src/Effect4/Store/Domain/PinDerived.lean --append tools/Effect4Gen/guards/pin.lean --kind Effect4.Store.Pin=source --kind Effect4.Store.Tree=tree Effect4.Store.Pin
414:+ lake build Effect4.Store.Domain.PinDerived
434:+ lake build Tools.GeneratedStamp
436:+ lake build Effect4.Api.Frontier
505:+ lake build Effect4.Store.Domain.Canonical
507:+ lake build Effect4.Store.Domain.Clock
509:+ lake env lean -DwarningAsError=true -M 4096 --run tools/Effect4Gen/Main.lean --group Api --imports Effect4.Api.Frontier,Effect4.Store.Domain.Canonical,Effect4.Store.Domain.Clock --out /var/folders/_2/d22zd5lj2_v9xrps05xl2sr80000gn/T/effect4-generate-67w0pa_2/src/Effect4/Api/Derived.lean --append tools/Effect4Gen/guards/api.lean Effect4.FiberId Effect4.Api.HostProtocol.Key Effect4.Machine.Exh
510:+ lake build Effect4.Api.Derived
600:+ lake build Tools.GeneratedStamp
602:+ lake build Effect4.Store.Domain.Canonical
604:+ lake env lean -DwarningAsError=true -M 4096 --run tools/Effect4Gen/Main.lean --group Value --imports Effect4.Store.Domain.Canonical --out /var/folders/_2/d22zd5lj2_v9xrps05xl2sr80000gn/T/effect4-generate-67w0pa_2/src/Effect4/Store/Domain/Derived/Value.lean --append tools/Effect4Gen/guards/value.lean Effect4.Store.Val Effect4.Store.Kind Effect4.Store.Shape Effect4.Store.ShapeDoc --header-out 
605:+ lake build Effect4.Store.Domain.Derived.Value
626:+ lake build Tools.GeneratedStamp
628:+ lake build Effect4.Api
913:+ lake build Effect4.Api.HostSession
1198:+ lake build Effect4.Store.Domain.Derived.Program
1392:+ lake build Effect4.Api.Author
1751:+ lake env lean -DwarningAsError=true -M 4096 --run tools/Effect4Gen/Main.lean --group Refusals --imports Effect4.Api,Effect4.Api.HostSession,Effect4.Store.Domain.Derived.Program,Effect4.Api.Author --out /var/folders/_2/d22zd5lj2_v9xrps05xl2sr80000gn/T/effect4-generate-67w0pa_2/src/Effect4/Api/RefusalsDerived.lean --append tools/Effect4Gen/guards/refusals.lean Effect4.Program.TableRefusal Eff
1752:+ lake build Effect4.Api.RefusalsDerived
2112:error: src/Effect4/Api/RefusalsDerived.lean:1120:0: Expression
2113:  builds.all fun x => decide (Canonical.decode (Canonical.encode x) = none)
2114:did not evaluate to `true`
2165:error: Lean exited with code 1
2168:error: build failed
2169:FAIL generate: Command '['timeout', '5400', 'lake', 'build', 'Effect4.Api.RefusalsDerived']' returned non-zero exit status 1.
2170:exit=1 (200s)
