# summary of the second derived producer run: LEAN_NUM_THREADS=1 python3 scripts/generate.py --only derived (after the build-versus-author guard was corrected); command lines with Main.lean groups, errors, verdict, then the generated paths it changed
8:+ lake env lean -DwarningAsError=true -M 4096 --run tools/Effect4Gen/Main.lean --group Json --imports Effect4.Store.Domain.Canonical --out <scratch>/src/Effect4/Store/Domain/Derived/Json.lean --append tools/Effect4Gen/guards/json.lean Effect4.Float64 Effect4
35:+ lake env lean -DwarningAsError=true -M 4096 --run tools/Effect4Gen/Main.lean --group Schema --imports Effect4.Store.Domain.Derived.Json --out <scratch>/src/Effect4/Store/Domain/Derived/Schema.lean --append tools/Effect4Gen/guards/schema.lean Effect4.Refer
212:+ lake env lean -DwarningAsError=true -M 4096 --run tools/Effect4Gen/Main.lean --group Program --imports Effect4.Program.Native,Effect4.Store.Domain.Canonical,Effect4.Store.Domain.RowCanonical --out <scratch>/src/Effect4/Store/Domain/Derived/Program.lean -
413:+ lake env lean -DwarningAsError=true -M 4096 --run tools/Effect4Gen/Main.lean --group Pin --imports Effect4.Store.Domain.Pin,Effect4.Store.Domain.Node --out <scratch>/src/Effect4/Store/Domain/PinDerived.lean --append tools/Effect4Gen/guards/pin.lean --kin
509:+ lake env lean -DwarningAsError=true -M 4096 --run tools/Effect4Gen/Main.lean --group Api --imports Effect4.Api.Frontier,Effect4.Store.Domain.Canonical,Effect4.Store.Domain.Clock --out <scratch>/src/Effect4/Api/Derived.lean --append tools/Effect4Gen/guard
604:+ lake env lean -DwarningAsError=true -M 4096 --run tools/Effect4Gen/Main.lean --group Value --imports Effect4.Store.Domain.Canonical --out <scratch>/src/Effect4/Store/Domain/Derived/Value.lean --append tools/Effect4Gen/guards/value.lean Effect4.Store.Val 
1751:+ lake env lean -DwarningAsError=true -M 4096 --run tools/Effect4Gen/Main.lean --group Refusals --imports Effect4.Api,Effect4.Api.HostSession,Effect4.Store.Domain.Derived.Program,Effect4.Api.Author --out <scratch>/src/Effect4/Api/RefusalsDerived.lean --ap
3453:+ lake env lean -DwarningAsError=true -M 4096 --run tools/Effect4Gen/Main.lean --group Runner --imports Effect4.Api.Runner,Effect4.Store.Domain.Derived.Value,Effect4.Store.Domain.AnnotationsCanonical,Effect4.Store.Domain.Clock,Effect4.Store.Domain.Derived
3990:+ lake env lean -DwarningAsError=true -M 4096 --run tools/Effect4Gen/Fold.lean --group Fold --imports Effect4.Program.Eff,Effect4.Program.Ty --out <scratch>/src/Effect4/Program/Fold.lean --append tools/Effect4Gen/guards/fold.lean Effect4.Program.Ty Effect
4174:+ lake env lean -DwarningAsError=true -M 4096 --run tools/Effect4Gen/View.lean --group TyView --imports Effect4.Laws.Program.Folds.Ty,Effect4.Laws.Auto.RuleSets --out <scratch>/src/Effect4/Laws/Program/TyView.lean --append tools/Effect4Gen/guards/tyview.l
4295:+ lake env lean -DwarningAsError=true -M 4096 --run tools/Effect4Gen/Fold.lean --group ValFold --imports Effect4.Store.Carrier.Val --out <scratch>/src/Effect4/Store/Carrier/Fold.lean Effect4.Store.Val --header-out src/Effect4/Store/Carrier/Fold.lean
4320:+ lake env lean -DwarningAsError=true -M 4096 --run tools/Effect4Gen/Fold.lean --group SchemaFold --imports Effect4.Schema.Representation --out <scratch>/src/Effect4/Schema/Fold.lean --append tools/Effect4Gen/guards/schemafold.lean Effect4.Representation 
4458:+ lake env lean -DwarningAsError=true -M 4096 --run tools/Effect4Gen/LayerView.lean --group LayerView --imports Effect4.Program.Fold --out <scratch>/src/Effect4/Program/LayerView.lean --append tools/Effect4Gen/guards/layerview.lean Effect4.Program.Eff --h
4526:+ lake env lean -DwarningAsError=true -M 4096 --run tools/Effect4Gen/Authoring.lean --group NodeLenses --imports Effect4.Program.Node --out <scratch>/src/Effect4/Program/NodeLenses.lean --append tools/Effect4Gen/guards/nodelenses.lean Effect4.Program.Eff 
4600:+ lake env lean -DwarningAsError=true -M 4096 --run tools/Effect4Gen/Authoring.lean --group Binders --imports Effect4.Program.Refs --out <scratch>/src/Effect4/Program/Binders.lean --append tools/Effect4Gen/guards/binders.lean Effect4.Program.Eff --header-
4802:+ lake env lean -DwarningAsError=true -M 4096 --run tools/Effect4Gen/Authoring.lean --group Scoped --imports Effect4.Program.Fold,Effect4.Program.Refs --out <scratch>/src/Effect4/Program/Scoped.lean --append tools/Effect4Gen/guards/scoped.lean Effect4.Pro
4944:+ lake env lean -DwarningAsError=true -M 4096 --run tools/Effect4Gen/Authoring.lean --group Authoring --imports Effect4.Program.Authoring --out <scratch>/src/Effect4/Program/Authoring/Lifts.lean --append tools/Effect4Gen/guards/authoring.lean Effect4.Prog
5187:+ lake env lean -DwarningAsError=true -M 4096 --run tools/Effect4Gen/Rows.lean --group Rows --imports Effect4.Program.Authoring.Lifts --out <scratch>/src/Effect4/Program/Authoring/Rows.lean --append tools/Effect4Gen/guards/rows.lean --header-out src/Effec
5335:+ lake env lean -DwarningAsError=true -M 4096 --run tools/Effect4Gen/Atoms.lean --group AtomInventory --imports Effect4.Machine.Term --out <scratch>/src/Effect4/Program/AtomInventory.lean --append tools/Effect4Gen/guards/atominventory.lean --header-out sr
5348:+ lake env lean -DwarningAsError=true -M 4096 --run tools/Effect4Gen/PreludeAtoms.lean --group PreludeAtoms --imports Effect4.Program.NativeAtom --out <scratch>/harness/truth/prelude-atoms.gen.ts --header-out harness/truth/prelude-atoms.gen.ts
5683:+ lake env lean -DwarningAsError=true -M 4096 --run tools/Effect4Gen/Forms.lean --group Forms --imports Effect4.Program.Authoring.Lifts,Effect4.Program.Authoring.Sugar,Effect4.Codegen.Forms --out <scratch>/src/Effect4/Codegen/Authoring/Forms.lean --header
6046:+ lake env lean -DwarningAsError=true -M 4096 --run tools/Effect4Gen/Authoring.lean --group ScopedLaws --imports Effect4.Laws.Program.Authoring,Effect4.Program.Authoring.Lifts --out <scratch>/src/Effect4/Laws/Program/Authoring/Lifts.lean --append tools/Ef
6550:+ lake env lean -DwarningAsError=true -M 4096 --run tools/Effect4Gen/Rows.lean --group RowsLaws --imports Effect4.Laws.Program.Authoring.Lifts,Effect4.Program.Authoring.Rows --out <scratch>/src/Effect4/Laws/Program/Authoring/Rows.lean --append tools/Effec
7414:+ lake env lean -DwarningAsError=true -M 4096 --run tools/Effect4Gen/Forms.lean --group FormsLaws --imports Effect4.Laws.Program.Authoring.Lifts,Effect4.Laws.Program.Authoring.Sugar,Effect4.Codegen.Authoring.Forms,Effect4.Codegen.Forms --out <scratch>/src
7680:PASS generate: requested producers ran in dependency order
7681:exit=0 (342s)
# git status of the derived outputs after the run:
 M src/Effect4/Api/RefusalsDerived.lean
 M src/Effect4/Api/RunnerDerived.lean
 M src/Effect4/Program/Authoring.lean
 M src/Effect4/Program/Authoring/Services.lean
 M src/Effect4/Program/Authoring/Sugar.lean
 src/Effect4/Api/RefusalsDerived.lean | 185 ++++++++++++++++++++++++++++++++++-
 src/Effect4/Api/RunnerDerived.lean   |  37 +++++++
 2 files changed, 219 insertions(+), 3 deletions(-)
