# summary of step3-full-build.log (12375 lines)
## commands
## errors and warnings
(none)
## gates
info: Test/All.lean:171:0: Effect4 library-root gate: 135 API/utility modules, 221 Laws-only modules; every library source is reachable; Effect4 never reaches Laws
info: Test/All.lean:171:0: Effect4 module and axiom gate: checked 527 modules and 72748 declarations; semantic/test axioms are [propext,
 Quot.sound]; exact implementation boundary (15 module(s), 23 declaration(s)) additionally allows Classical.choice
## built (not replayed)
✔ [92/155] Built Effect4.Store.Domain.AnnotationsCanonical (645ms)
ℹ [93/155] Built Effect4.Store.Domain.PinDerived (1.0s)
ℹ [131/155] Built Effect4.Store.Domain.Derived.Json (1.4s)
✔ [133/155] Built Effect4.Program.Authoring.Loops (615ms)
✔ [135/155] Built Effect4.Store.Domain.Word (1.1s)
ℹ [137/155] Built Effect4.Codegen.Authoring.Forms (645ms)
✔ [139/155] Built Effect4.Api.Supervision (805ms)
✔ [140/155] Built Effect4.Api.HostProtocol (735ms)
✔ [141/155] Built Effect4.Api.TestClock (668ms)
✔ [143/158] Built Effect4.Store.Domain.Traits (1.1s)
✔ [247/279] Built Effect4.Api.HostSession (907ms)
ℹ [266/285] Built Effect4.Store.Domain.Derived.Value (4.6s)
✔ [336/556] Built Effect4.Laws.Api.Frontier (619ms)
✔ [339/556] Built Effect4.Laws.Api.HostSession (2.2s)
✔ [342/556] Built Effect4.Laws.Program.Guard.Interruption (6.5s)
✔ [348/556] Built Effect4.Api.Runner (10s)
ℹ [349/556] Built Effect4.Api.RefusalsDerived (10s)
✔ [357/556] Built Effect4.Laws.Program.Guard.DeferredCause (7.7s)
✔ [371/556] Built Effect4.Laws.Store.CanonicalSpec (689ms)
ℹ [373/556] Built Effect4.Laws.Machine.Clock (3.1s)
ℹ [374/556] Built Effect4.Laws.Store.Folds.Val (2.0s)
✔ [375/556] Built Effect4.Laws.Api.Runner (1.6s)
✔ [376/556] Built Effect4.Run (807ms)
ℹ [382/556] Built Effect4.Store.Domain.Derived.Schema (19s)
✔ [389/556] Built Effect4.Laws.Api.Fuel (1.0s)
✔ [394/556] Built Effect4.Laws.Program.Authoring (5.5s)
✔ [396/556] Built Effect4.Store.Domain.Genesis (523ms)
ℹ [422/556] Built Effect4.Laws.Program.Authoring.Lifts (1.7s)
ℹ [438/556] Built Effect4.Laws.Api.Supervision (12s)
ℹ [445/556] Built Effect4.Laws.Program.Authoring.Rows (1.5s)
ℹ [446/556] Built Effect4.Api.RunnerDerived (5.8s)
✔ [447/556] Built Effect4.Laws.Api.Codegen (1.3s)
✔ [450/556] Built Effect4.Laws.Program.Handles.Alphabet (5.2s)
✔ [451/556] Built Effect4.Laws.Program.Authoring.Sugar (1.8s)
ℹ [452/556] Built Effect4.Laws.Run (7.4s)
✔ [453/556] Built Effect4.Api.RunnerBytes (796ms)
✔ [455/556] Built Effect4.Laws.Api.ModuleReadable (1.6s)
✔ [456/556] Built Effect4.Laws.Program.Means (4.1s)
✔ [457/556] Built Effect4.Laws.Program.Handles.Term (7.3s)
ℹ [458/556] Built Effect4.Laws.Program.Authoring.Forms (2.7s)
✔ [459/556] Built Effect4.Laws.Program.Authoring.Loops (2.7s)
✔ [460/556] Built Effect4.Laws.Program.Author (3.0s)
✔ [461/556] Built Effect4.Laws.Api.RunnerBytes (948ms)
✔ [464/556] Built Effect4 (2.4s)
ℹ [466/556] Built Effect4.Laws.Program.Agreement.Machine (23s)
✔ [468/556] Built Effect4.Laws.Program.Intro.Prepare (2.8s)
✔ [469/556] Built Effect4.Laws.Program.LoopAgreement (2.9s)
✔ [470/556] Built Effect4.Laws.Program.Handles.Compile (5.5s)
ℹ [471/556] Built Effect4.Laws.Program.Guard.RaceSites (41s)
✔ [472/556] Built Effect4.Laws.Program.ScopeMarkers (3.1s)
✔ [473/556] Built Effect4.Laws.Program.MeaningSound (7.6s)
✔ [474/556] Built Effect4.Laws.Program.Intro.Equations (3.2s)
✔ [475/556] Built Effect4.Laws.Program.LoopSound (10s)
✔ [476/556] Built Effect4.Laws.Program.Handles.Layer (15s)
✔ [477/556] Built Effect4.Laws.Program.Intro.Identity (4.9s)
✔ [478/556] Built Effect4.Laws.Program.Intro.Weight (7.8s)
ℹ [479/556] Built Effect4.Laws.Program.Guard.Core (25s)
✔ [480/556] Built Effect4.Laws.Program.Intro.AcquireRelease (7.4s)
✔ [481/556] Built Effect4.Laws.Program.Agreement.Loop (11s)
ℹ [482/556] Built Effect4.Laws.Program.Guard.Handshake (5.3s)
✔ [483/556] Built Effect4.Laws.Program.Guard.ForkLedger (13s)
ℹ [484/556] Built Effect4.Laws.Program.Guard.Single (6.1s)
✔ [485/556] Built Effect4.Laws.Program.Guard.Finish (4.8s)
✔ [486/556] Built Effect4.Laws.Program.Guard.MemoIds (11s)
✔ [487/556] Built Effect4.Laws.Program.Guard.ReturnTasks (10s)
✔ [488/556] Built Effect4.Laws.Program.Intro.Region (4.1s)
ℹ [489/556] Built Effect4.Laws.Program.Guard.FrameOwned (63s)
✔ [490/556] Built Effect4.Laws.Program.TypedRun (4.2s)
ℹ [491/556] Built Effect4.Laws.Program.Folds.Denote (4.5s)
✔ [492/556] Built Effect4.Laws.Program.Intro.Memo (3.6s)
✔ [493/556] Built Effect4.Laws.Program.Intro.Merge (4.7s)
✔ [494/556] Built Effect4.Laws.Program.Intro.Layer (5.1s)
✔ [495/556] Built Effect4.Laws.Program.Intro.Elementary (3.3s)
ℹ [496/556] Built Effect4.Laws.Program.Guard.NativeState (16s)
✔ [497/556] Built Effect4.Laws.Program.Guard.ReturnFields (19s)
ℹ [498/556] Built Effect4.Laws.Program.Guard.NativeStateLinks (7.1s)
✔ [499/556] Built Effect4.Laws.Program.Intro.Sequential (12s)
✔ [500/556] Built Effect4.Laws.Program.Guard.NativeStateMotion (9.6s)
✔ [501/556] Built Effect4.Laws.Program.Guard.Settle (4.3s)
✔ [502/556] Built Effect4.Laws.Program.Intro.Errors (4.6s)
✔ [503/556] Built Effect4.Laws.Program.Guard.RegistrationQueue (5.2s)
✔ [504/556] Built Effect4.Laws.Program.Intro.Fibers (5.8s)
✔ [505/556] Built Effect4.Laws.Program.Guard.NativeStateExternal (19s)
✔ [506/556] Built Effect4.Laws.Program.Guard.ControlRemainder (3.6s)
✔ [507/556] Built Effect4.Laws.Program.Guard.Observer (6.4s)
✔ [508/556] Built Effect4.Laws.Program.Guard.Contract (3.4s)
✔ [509/556] Built Effect4.Laws.Program.Guard.ReturnCommands (16s)
✔ [510/556] Built Effect4.Laws.Program.Guard.FinishQueue (3.6s)
✔ [511/556] Built Effect4.Laws.Program.Intro.Scope (3.4s)
✔ [512/556] Built Effect4.Laws.Program.Guard.RegistrationNested (6.9s)
✔ [513/556] Built Effect4.Laws.Program.Guard.Continuation (4.3s)
✔ [514/556] Built Effect4.Laws.Program.Guard.Race (4.9s)
✔ [515/556] Built Effect4.Laws.Program.Guard.AnswerDecision (3.2s)
ℹ [516/556] Built Effect4.Laws.Program.Guard.OuterDriver (5.1s)
✔ [517/556] Built Effect4.Laws.Program.Guard.SettleQueue (3.1s)
✔ [518/556] Built Effect4.Laws.Program.Intro (3.1s)
✔ [519/556] Built Effect4.Laws.Program.Guard.RegistrationDone (4.2s)
✔ [520/556] Built Effect4.Laws.Program.Guard.LocalDecision (3.0s)
✔ [521/556] Built Effect4.Laws.Program.Handles.Hooks (120s)
✔ [522/580] Built Effect4.Laws.Program.Guard.NativeAssembly (3.9s)
✔ [528/604] Built Effect4.Laws.Program.Guard.NativeQueueTail (3.1s)
ℹ [529/604] Built Effect4.Laws.Program.Simulation.Hooks (5.5s)
✔ [530/604] Built Test.Api.AcquireHandleContract (3.9s)
✔ [536/604] Built Effect4.Laws.Program.Guard.NativeQueueAssembly (3.6s)
✔ [538/604] Built Test.Counterexamples.Machine.Runtime.HostHandleForgery (1.8s)
✔ [539/604] Built Test.Program.Gen (2.7s)
ℹ [540/604] Built Test.Api.RunnerFinality (1.1s)
ℹ [541/604] Built Test.Api.HostSessionContract (6.5s)
✔ [542/604] Built Test.Api.PackagesContract (2.3s)
ℹ [543/604] Built Test.Api.TestClockContract (1.8s)
ℹ [545/605] Built Test.Api.KeyedHostContract (7.0s)
ℹ [546/605] Built Test.Api.ExternalContract (6.8s)
✔ [547/605] Built Effect4.Laws.Program.Guard.Command (8.2s)
✔ [548/605] Built Effect4.Laws.Program.Simulation.Walk (16s)
✔ [549/607] Built Test.Codegen.TemplatesContract (4.1s)
✔ [551/607] Built Test.Api.RunnerContract (7.3s)
ℹ [552/608] Built Test.Api.ApiContract (11s)
✔ [553/608] Built Effect4.Laws.Program.Guard.CommandObservations (9.3s)
ℹ [554/609] Built Test.Counterexamples.Machine.Semantics.LayerValue (6.5s)
ℹ [556/609] Built Effect4.Laws.Program.Simulation.Fibers (20s)
ℹ [558/610] Built Test.Run.RunContract (21s)
✔ [561/613] Built Effect4.Laws.Program.Guard.Driver (9.5s)
✔ [563/614] Built Effect4.Laws.Program.Guard.Decision (10s)
ℹ [566/631] Built Effect4.Laws.Program.Simulation.Deliver (22s)
✔ [569/632] Built Effect4.Laws.Program.Guard (11s)
✔ [572/632] Built Test.Audit.AxiomGate (10s)
✔ [573/632] Built Test.Audit.ExhaustiveFixture (8.2s)
ℹ [574/633] Built Effect4.Laws.Program.Simulation.Actions (24s)
✔ [583/634] Built Test.Audit.TraversalFixture (8.2s)
✔ [585/634] Built Effect4.Laws.Api.Guard (9.6s)
ℹ [586/634] Built Test.Counterexamples.Machine.Semantics.ActionAtRaceAllPremise (8.4s)
ℹ [587/635] Built Test.Api.TraceOrigin (137s)
✔ [592/641] Built Test.Api.SupervisionContract (8.1s)
ℹ [598/643] Built Effect4.Laws.Program.Simulation.Evaluate (23s)
ℹ [604/665] Built Test.Codegen.SchemaGenerationContract (16s)
✔ [605/665] Built Test.Program.GuardFoldLift (10s)
✔ [618/680] Built Test.Machine.Runtime.ApproximationContract (13s)
✔ [619/680] Built Test.Program.TypedCorpus (14s)
✔ [620/681] Built Test.Machine.Runtime.CompletionContract (4.3s)
ℹ [621/682] Built Effect4.Laws.Program.Simulation.Pending (54s)
✔ [622/682] Built Test.Machine.Runtime.BehaviourContract (5.1s)
ℹ [625/685] Built Test.Machine.Runtime.TapeAction (5.7s)
✔ [626/687] Built TestSupport.CasEntry (2.8s)
ℹ [627/688] Built Test.Store.Templates (3.0s)
ℹ [628/688] Built Test.Store.WordContract (3.7s)
✔ [629/689] Built Effect4.Laws.Program.Handles.Evaluation (204s)
ℹ [630/689] Built Effect4.Laws.Program.Simulation.Drive (16s)
ℹ [631/689] Built Test.Store.StoreContract (2.0s)
ℹ [632/689] Built Test.Store.TraitContract (2.6s)
✔ [633/693] Built Effect4.Laws.Program.Handles (6.4s)
✔ [635/695] Built Effect4.Laws.Program.RuntimeR (8.4s)
✔ [638/695] Built Test.Machine.Runtime.HandlesContract (8.9s)
ℹ [639/695] Built Test.Counterexamples.Machine.Runtime.LayerEnvironment (8.8s)
ℹ [640/695] Built Test.Counterexamples.Machine.Semantics.InterruptEscape (6.5s)
✔ [641/695] Built Effect4.Laws.Program.ReasonsR (7.7s)
ℹ [642/696] Built Test.Store.NodeContract (37s)
ℹ [643/696] Built Effect4.Laws.Program.Typed.Validity (21s)
ℹ [644/696] Built Test.Codegen.ReadContract (12s)
ℹ [645/697] Built Test.Codegen.SourceBindingsContract (3.0s)
ℹ [646/697] Built Test.Api.FrontierContract (5.0s)
ℹ [647/698] Built Test.Audit.RuntimeCoverage (7.0s)
ℹ [649/698] Built Test.Store.ProbeContract (1.7s)
ℹ [650/698] Built Test.Program.TypedWorldValidity (4.1s)
✔ [651/699] Built Effect4.Laws.Program.Typed.Contracts (5.6s)
ℹ [654/699] Built Effect4.Laws.Program.Typed.Membership (9.7s)
ℹ [655/699] Built Test.Counterexamples.Machine.Semantics.InterruptCarrier (4.1s)
ℹ [656/699] Built Test.Audit.TypedStateDecl (5.2s)
ℹ [657/701] Built Test.Program.ExitTypeLane (85s)
ℹ [659/701] Built Test.Counterexamples.Machine.Semantics.StrongExitDefect (3.5s)
ℹ [660/701] Built Test.Counterexamples.Machine.Semantics.InterruptDelivery (3.5s)
ℹ [661/702] Built Test.Program.AdmissionColumns (4.2s)
✔ [662/703] Built Effect4.Laws.Program.Typed.ExitConnector (3.9s)
✔ [663/704] Built Effect4.Laws.Program.Typed.Admission (4.0s)
✔ [664/704] Built Test.Program.AuthoringScope (1.2s)
ℹ [665/704] Built Test.Program.ExitConnector (3.9s)
ℹ [666/704] Built Test.Store.DerivedCheck (43s)
ℹ [667/705] Built Test.Program.SignatureControls (4.9s)
ℹ [668/707] Built Test.Program.TermFits (4.3s)
ℹ [670/708] Built Test.Program.LoopSugarContract (3.8s)
✔ [671/711] Built Test.Program.DenoteContract (4.6s)
ℹ [674/713] Built Effect4.Laws.Program.Typed.Residual (9.8s)
✔ [675/713] Built Test.Program.DenoteBContract (4.7s)
✔ [676/714] Built Test.Program.MeaningSoundContract (4.7s)
ℹ [677/714] Built Test.Program.TypedResidual (5.1s)
ℹ [678/714] Built Test.Program.TypedProgRows (4.8s)
ℹ [679/714] Built Test.Counterexamples.Machine.Semantics.AsyncHookContract (4.5s)
✔ [680/715] Built Effect4.Laws.Program.Typed.Seq (3.7s)
✔ [681/716] Built Test.Program.LoopSoundContract (4.3s)
ℹ [683/716] Built Test.Program.TypedProgBindRed (8.5s)
ℹ [684/717] Built Effect4.Laws.Program.Typed.Adequacy (17s)
✔ [685/717] Built Test.Program.InvocationContract (2.2s)
✔ [686/718] Built Test.Program.HostSpecContract (2.1s)
✔ [688/720] Built Test.Program.LoopAgreementContract (4.7s)
ℹ [691/723] Built Test.Program.ScopeMarkers (5.0s)
ℹ [692/724] Built Effect4.Laws.Program.Typed.Stack (9.1s)
✔ [693/725] Built Test.Program.RuntimeRReference (6.4s)
✔ [694/726] Built Test.Program.RuntimeRShapesContract (5.8s)
✔ [695/726] Built Test.Program.AgreementContract (35s)
ℹ [698/735] Built Test.Program.ConfigContract (2.8s)
✔ [705/736] Built Effect4.Laws.Program.Typed.Scheduler (5.7s)
ℹ [706/736] Built Test.Program.ErrorQueriesContract (2.6s)
ℹ [707/737] Built Test.Machine.StepInvRulesRed (6.8s)
ℹ [708/744] Built Test.Program.CatchIfContract (8.9s)
ℹ [715/745] Built Test.Program.RuntimeRContract (25s)
ℹ [716/745] Built Test.Program.BlameContract (2.5s)
✔ [718/749] Built Test.Program.LinkedRowsContract (8.2s)
ℹ [721/749] Built Effect4.Laws.Program.Typed.Assembly (22s)
✔ [722/749] Built Test.Program.SimulationContract (9.3s)
ℹ [723/749] Built Test.Program.FramesNotKripke (8.7s)
ℹ [724/749] Built Test.Program.TypedSplit (5.1s)
ℹ [725/749] Built Effect4.Laws (16s)
ℹ [727/749] Built Test.Counterexamples.Machine.Semantics.ValueMembership (8.5s)
ℹ [728/749] Built Test.Counterexamples.Machine.Semantics.ScopePresence (6.5s)
ℹ [729/749] Built Test.Counterexamples.Machine.Semantics.H1Shapes (6.2s)
ℹ [730/749] Built Test.Program.H2PartOne (6.8s)
ℹ [731/749] Built Test.Program.LayerRefs (6.6s)
ℹ [732/749] Built Test.Counterexamples.Machine.Semantics.StaleCode (15s)
ℹ [733/749] Built Test.Counterexamples.Machine.Semantics.M6Capstone (19s)
ℹ [734/749] Built Test.Counterexamples.Machine.Semantics.FitsOrder (9.8s)
ℹ [735/749] Built Test.Program.ProtocolPosts (10s)
ℹ [736/749] Built Test.Program.TypedControl (6.0s)
ℹ [737/749] Built Test.Counterexamples.Machine.Semantics.TrivialPosts (6.7s)
ℹ [738/749] Built Test.Counterexamples.Machine.Semantics.RawOrderLoad (6.1s)
ℹ [739/749] Built Test.Counterexamples.Machine.Semantics.AwaitLoad (6.1s)
ℹ [740/749] Built Test.Program.TypedStack (5.1s)
ℹ [741/749] Built Test.Program.AdmissionCensus (5.6s)
ℹ [742/749] Built Test.Program.LoadedAdmission (5.4s)
ℹ [743/749] Built Test.Audit.TraversalCensus (230s)
ℹ [744/749] Built Test.Program.LayerSharingContract (414s)
ℹ [745/749] Built Test.Program.AuthoringContract (5.5s)
ℹ [746/749] Built Test.Program.AuthorContract (5.0s)
ℹ [747/749] Built Test.All (156s)
✔ [748/749] Built Test (7.5s)
## tail
✔ [748/749] Built Test (7.5s)
Build completed successfully (749 jobs).
exit=0 (1054s)
