["K:enter",
 "H:attach-then p0",
 "H:handler-returns p0",
 "S:settling",
 "S:sync-tail",
 "JS:first-then v0",
 "JS:then-entered(ok)",
 "H:resume-in-microtask v0",
 "K:resumed-1 v0",
 "H:attach-then p1",
 "H:handler-returns p1",
 "JS:then-returned",
 "JS:third-then v0",
 "JS:then-entered(ok)",
 "H:resume-in-microtask v0!",
 "K:resumed-2 v0!",
 "H:attach-then p2",
 "H:handler-returns p2",
 "JS:then-returned",
 "JS:then-entered(err)",
 "H:discontinue-in-microtask boom",
 "K:discontinued boom",
 "K:done",
 "K:handler-retc",
 "JS:then-returned"]
