{
 "effect": "4.0.1",
 "heads": {
  "Effect.succeed": "function/1",
  "Effect.fail": "function/1",
  "Effect.failCause": "function/1",
  "Effect.sync": "function/1",
  "Effect.suspend": "function/1",
  "Effect.flatMap": "function/2",
  "Effect.gen": "function/0",
  "Effect.catchCause": "function/2",
  "Effect.matchCauseEffect": "function/2",
  "Effect.onExit": "function/2",
  "Effect.exit": "function/1",
  "Effect.uninterruptible": "function/1",
  "Effect.interruptible": "function/1",
  "Effect.whileLoop": "function/1",
  "Effect.yieldNowWith": "function/1",
  "Fiber.join": "function/1",
  "Fiber.await": "function/1",
  "Effect.forkChild": "function/0",
  "Effect.forkDetach": "function/0",
  "Effect.forkIn": "function/0",
  "Effect.forkScoped": "function/0",
  "Fiber.runIn": "function/2",
  "Fiber.interrupt": "function/1",
  "Fiber.interruptAll": "function/1",
  "Fiber.interruptAllAs": "function/2",
  "Fiber.awaitAll": "function/1",
  "Effect.raceAll": "function/2",
  "Effect.context": "function/0",
  "Effect.fiberId": "object",
  "Scope.close": "function/2",
  "Effect.scoped": "function/1",
  "Effect.acquireRelease": "function/3",
  "Cause.fail": "function/1",
  "Cause.die": "function/1",
  "Cause.interrupt": "function/1",
  "Cause.combine": "function/2",
  "undefined": "no module undefined",
  "Effect.withFiber": "function/1",
  "Context.Service": "function/0",
  "Scope.Scope": "function/0",
  "Effect.provide": "function/0",
  "Effect.service": "function/1",
  "Effect.provideService": "function/0",
  "Layer.succeed": "function/0",
  "Layer.effect": "function/0",
  "Layer.effectDiscard": "function/1",
  "Layer.provide": "function/2",
  "Layer.provideMerge": "function/2",
  "Layer.merge": "function/2",
  "Layer.fresh": "function/1",
  "Layer.orDie": "function/1",
  "Layer.mergeAll": "function/0",
  "Effect.catch": "function/2",
  "Effect.catchIf": "function/0",
  "optionCase": "no module optionCase",
  "caseTag": "no module caseTag",
  "caseTagR": "no module caseTagR",
  "Effect.map": "function/2"
 },
 "entries": {
  "unstable/sql": "absent",
  "unstable/persistence": "absent",
  "sql": "present",
  "persistence": "present",
  "unstable/sql/SqlClient": "absent",
  "sql/SqlClient": "present",
  "unstable/persistence/KeyValueStore": "absent",
  "persistence/KeyValueStore": "present",
  "testing/TestClock": "present",
  "Queue": "present",
  "TxRef": "present"
 }
}
