2026-09-05 01:06:21  L1  acquire  (waited 0 s)  lake build Effect4.Store.Traits Effect4.Store.Pin Effect4.Data.JsonNumber
2026-09-05 01:06:56  L1  release  exit 0 after 34 s
2026-09-05 01:17:14  L1  acquire  (waited 0 s)  lake build Effect4.Store.Derived.Json
2026-09-05 01:17:17  L1  release  exit 0 after 2 s
2026-09-05 01:18:28  L1  acquire  (waited 0 s)  lake build Effect4.Store.Genesis Effect4.Store.PinDerived Effect4.Program.Wire Effect4Gen OCaml5.Eff.Goldens
2026-09-05 01:18:53  L1  release  exit 0 after 24 s
2026-09-05 10:56:32  U  acquire  (waited 0 s)  lake build Effect4.Surface.Site Effect4.Surface.Observability Effect4.Surface.Deploy Effect4.Surface.Api Effect4.Surface.Agent Effect4.Codegen.JsonSchema Effect4.Ingest.JsonSchema Effect4.Codegen.App
2026-09-05 10:56:52  U  release  exit 0 after 20 s
2026-09-05 10:58:36  U  acquire  (waited 0 s)  lake build Effect4.Surface.Site Effect4.Surface.Observability Effect4.Surface.Deploy Effect4.Surface.Api Effect4.Surface.Agent Effect4.Codegen.JsonSchema Effect4.Ingest.JsonSchema Effect4.Codegen.App
2026-09-05 10:58:56  U  release  exit 0 after 20 s
2026-09-05 11:02:52  X  acquire  (waited 0 s)  lake build Effect4.Evidence.Char.Conformance.GSet Effect4.Evidence.Char.Conformance.Vector
2026-09-05 11:02:54  X  release  exit 0 after 2 s
2026-09-05 11:09:30  C  acquire  (waited 0 s)  lake build Effect4.Evidence.StdLib.Entry
2026-09-05 11:09:31  C  release  exit 0 after 1 s
2026-09-05 11:11:50  X  acquire  (waited 0 s)  lake build Effect4.Evidence.Char.Manifest Effect4.Evidence.Char.Conformance.Consume
2026-09-05 11:11:56  X  release  exit 1 after 6 s
2026-09-05 11:12:21  C  acquire  (waited 30 s)  lake build Effect4.Evidence.StdLib.Derived
2026-09-05 11:12:23  C  release  exit 0 after 1 s
2026-09-05 11:12:26  X  acquire  (waited 0 s)  lake build Effect4.Evidence.Char.Manifest Effect4.Evidence.Char.Conformance.Consume
2026-09-05 11:12:30  X  release  exit 0 after 4 s
2026-09-05 11:13:31  X  acquire  (waited 0 s)  lake build Effect4.Evidence.Char.Conformance.Surface
2026-09-05 11:13:33  X  release  exit 1 after 2 s
2026-09-05 11:13:49  X  acquire  (waited 0 s)  lake build Effect4.Evidence.Char.Conformance.Surface
2026-09-05 11:13:53  X  release  exit 0 after 4 s
2026-09-05 11:14:49  C  acquire  (waited 0 s)  lake build Effect4.Evidence.StdLib.Rc112
2026-09-05 11:14:53  C  release  exit 0 after 5 s
2026-09-05 11:16:56  X  acquire  (waited 0 s)  lake build Effect4.Evidence.Char.Conformance.Surface
2026-09-05 11:17:00  X  release  exit 1 after 4 s
2026-09-05 11:17:04  C  acquire  (waited 0 s)  lake build Effect4.Evidence.StdLib.Links
2026-09-05 11:17:20  C  release  exit 0 after 16 s
2026-09-05 11:18:04  C  acquire  (waited 0 s)  lake build Effect4.Evidence.StdLib.Links Effect4.Evidence.StdLib.Derived Effect4.Evidence.SurfaceViews Effect4.Evidence.Views
2026-09-05 11:18:05  C  release  exit 0 after 1 s
2026-09-05 11:19:14  C  acquire  (waited 0 s)  lake build Effect4.Evidence.StdLib.Links Effect4.Evidence.StdLib.Derived Effect4.Evidence.SurfaceViews Effect4.Evidence.Views
2026-09-05 11:19:29  C  release  exit 0 after 16 s
2026-09-05 11:19:47  X  acquire  (waited 30 s)  lake build Effect4.Evidence.Char.Conformance.Surface
2026-09-05 11:19:54  X  release  exit 0 after 6 s
2026-09-05 11:21:49  X  acquire  (waited 0 s)  lake build Effect4.Evidence.Char.Conformance.Cell
2026-09-05 11:22:01  X  release  exit 0 after 12 s
2026-09-05 11:22:30  X  acquire  (waited 0 s)  lake build Effect4.Evidence.Char.Conformance Effect4.Evidence.Char.Queue.Mutants Effect4.Evidence.Char.Queue.Grade Effect4.Evidence.Char.Derived
2026-09-05 11:22:32  X  release  exit 0 after 2 s
2026-09-05 11:23:52  X  acquire  (waited 0 s)  lake build Effect4.Evidence.Char.Conformance Effect4.Evidence.Char.Queue.Mutants Effect4.Evidence.Char.Queue.Grade Effect4.Evidence.Char.Derived
2026-09-05 11:24:14  X  release  exit 0 after 22 s
