TRACE _uniq.36
dep Effect4.Machine.replayEval._at_.Effect4.Program.replayCheckedFrom.spec_0 _uniq.36 <- _uniq.35
call Effect4.Machine.replayEval._at_.Effect4.Program.replayCheckedFrom.spec_0 result _uniq.35 <- Effect4.Machine.stepDecisionState._at_.Effect4.Program.replayCheckedFrom.spec_1
dep Effect4.Machine.stepDecisionState._at_.Effect4.Program.replayCheckedFrom.spec_1 _uniq.87 <- _uniq.86
dep Effect4.Machine.stepDecisionState._at_.Effect4.Program.replayCheckedFrom.spec_1 _uniq.86 <- _uniq.79
dep Effect4.Machine.stepDecisionState._at_.Effect4.Program.replayCheckedFrom.spec_1 _uniq.79 <- _uniq.75
dep Effect4.Machine.stepDecisionState._at_.Effect4.Program.replayCheckedFrom.spec_1 _uniq.75 <- _uniq.74
call Effect4.Machine.stepDecisionState._at_.Effect4.Program.replayCheckedFrom.spec_1 result _uniq.74 <- Effect4.Machine.interruptRecord._at_.Effect4.Machine.stepDecisionState._at_.Effect4.Program.replayCheckedFrom.spec_1.spec_5._redArg
dep Effect4.Machine.interruptRecord._at_.Effect4.Machine.stepDecisionState._at_.Effect4.Program.replayCheckedFrom.spec_1.spec_5._redArg _uniq.83 <- _uniq.82
dep Effect4.Machine.interruptRecord._at_.Effect4.Machine.stepDecisionState._at_.Effect4.Program.replayCheckedFrom.spec_1.spec_5._redArg _uniq.82 <- _uniq.81
dep Effect4.Machine.interruptRecord._at_.Effect4.Machine.stepDecisionState._at_.Effect4.Program.replayCheckedFrom.spec_1.spec_5._redArg _uniq.81 <- _uniq.71
dep Effect4.Machine.interruptRecord._at_.Effect4.Machine.stepDecisionState._at_.Effect4.Program.replayCheckedFrom.spec_1.spec_5._redArg _uniq.71 <- _uniq.70
dep Effect4.Machine.interruptRecord._at_.Effect4.Machine.stepDecisionState._at_.Effect4.Program.replayCheckedFrom.spec_1.spec_5._redArg _uniq.70 <- _uniq.87
dep Effect4.Machine.interruptRecord._at_.Effect4.Machine.stepDecisionState._at_.Effect4.Program.replayCheckedFrom.spec_1.spec_5._redArg _uniq.87 <- _uniq.86
call Effect4.Machine.interruptRecord._at_.Effect4.Machine.stepDecisionState._at_.Effect4.Program.replayCheckedFrom.spec_1.spec_5._redArg result _uniq.86 <- Effect4.Supervision.interruptCause._redArg
dep Effect4.Supervision.interruptCause._redArg _uniq.7 <- _uniq.5
dep Effect4.Supervision.interruptCause._redArg _uniq.5 <- _uniq.4
dep Effect4.Supervision.interruptCause._redArg _uniq.4 <- _uniq.12
dep Effect4.Supervision.interruptCause._redArg _uniq.12 <- _uniq.11
unknown Effect4.Supervision.interruptCause._redArg result _uniq.11 callback _uniq.1
