$ cd /Users/pooks/Dev/lean4-effect4-probe-Q
$ docs/research/2026-10-01-type-language-probe/Q/bin/olean.sh docs/research/2026-10-01-type-language-probe/Q/generated docs/research/2026-10-01-type-language-probe/Q/generated/ProbeQMap/TyView-ns.lean
# started 2026-10-01T19:04:21Z (LEAN_NUM_THREADS=1)
/Users/pooks/Dev/lean4-effect4-probe-Q/docs/research/2026-10-01-type-language-probe/Q/generated/ProbeQMap/TyView-ns.lean:301:17: error: Tactic `rfl` failed: The left-hand side
  k1✝.sub k2✝ && k2✝.sub k1✝ && v1✝.sub v2✝
is not definitionally equal to the right-hand side
  false

k1✝ v1✝ k2✝ v2✝ : Ty
h✝ : ¬k1✝.map v1✝ = k2✝.map v2✝
ha : (k1✝.map v1✝).isMember = true
hb : (k2✝.map v2✝).isMember = true
hlit : (k1✝.map v1✝).litRule (k2✝.map v2✝) = false
htop : (k1✝.map v1✝).topRule (k2✝.map v2✝) = false
hh : (k1✝.map v1✝).sameHead (k2✝.map v2✝) = false
⊢ (k1✝.sub k2✝ && k2✝.sub k1✝ && v1✝.sub v2✝) = false
/Users/pooks/Dev/lean4-effect4-probe-Q/docs/research/2026-10-01-type-language-probe/Q/generated/ProbeQMap/TyView-ns.lean:293:53: error: unsolved goals
case case17
a b : Ty
ha : a.isMember = true
hb : b.isMember = true
hlit : a.litRule b = false
htop : a.topRule b = false
hh :
  (match a, b with
    | never, never => true
    | unit, unit => true
    | nat, nat => true
    | int, int => true
    | string, string => true
    | bool, bool => true
    | handle target1, handle target2 => decide (target1 = target2)
    | inner.option, inner_1.option => true
    | inner.list, inner_1.list => true
    | left.prod right, left_1.prod right_1 => true
    | left.except right, left_1.except right_1 => true
    | left.exitOf right, left_1.exitOf right_1 => true
    | inner.causeOf, inner_1.causeOf => true
    | left.fiberOf right, left_1.fiberOf right_1 => true
    | lit target1, lit target2 => decide (target1 = target2)
    | inner.refOf, inner_1.refOf => true
    | left.deferredOf right, left_1.deferredOf right_1 => true
    | var index1, var index2 => decide (index1 = index2)
    | unknown, unknown => true
    | left.map right, left_1.map right_1 => true
    | x, x_1 => false) =
    false
x✝¹⁴ : a = never → False
x✝¹³ : ∀ (a1 a2 : Ty), a = a1.union a2 → False
x✝¹² : ∀ (b1 b2 : Ty), b = b1.union b2 → False
x✝¹¹ : b = unknown → False
h✝ : ¬a = b
x✝¹⁰ : ∀ (value : String), a = lit value → b = string → False
x✝⁹ : ∀ (a_1 b_1 : Ty), a = a_1.option → b = b_1.option → False
x✝⁸ : ∀ (a_1 b_1 : Ty), a = a_1.list → b = b_1.list → False
x✝⁷ : ∀ (a1 a2 b1 b2 : Ty), a = a1.prod a2 → b = b1.prod b2 → False
x✝⁶ : ∀ (e1 a1 e2 a2 : Ty), a = e1.except a1 → b = e2.except a2 → False
x✝⁵ : ∀ (a1 e1 a2 e2 : Ty), a = a1.exitOf e1 → b = a2.exitOf e2 → False
x✝⁴ : ∀ (e1 e2 : Ty), a = e1.causeOf → b = e2.causeOf → False
x✝³ : ∀ (a1 e1 a2 e2 : Ty), a = a1.fiberOf e1 → b = a2.fiberOf e2 → False
x✝² : ∀ (a1 a2 : Ty), a = a1.refOf → b = a2.refOf → False
x✝¹ : ∀ (a1 e1 a2 e2 : Ty), a = a1.deferredOf e1 → b = a2.deferredOf e2 → False
x✝ : ∀ (k1 v1 k2 v2 : Ty), a = k1.map v1 → b = k2.map v2 → False
⊢ false = false
# exit=1 seconds=10
